<?xml version="1.0" encoding="UTF-8"?>
<testsuites>
  <testsuite name="C:\XAMPP\htdocs\ictserve-031125\phpunit.xml" tests="596" assertions="1493" errors="143" failures="40" skipped="6" time="1713.923943">
    <testsuite name="Unit" tests="115" assertions="241" errors="19" failures="1" skipped="0" time="276.932056">
      <testsuite name="Tests\Unit\EmailNotificationTest" file="C:\XAMPP\htdocs\ictserve-031125\tests\Unit\EmailNotificationTest.php" tests="3" assertions="7" errors="0" failures="0" skipped="0" time="25.326528">
        <testcase name="test_dispatcher_queues_email_and_logs_entry" file="C:\XAMPP\htdocs\ictserve-031125\tests\Unit\EmailNotificationTest.php" line="29" class="Tests\Unit\EmailNotificationTest" classname="Tests.Unit.EmailNotificationTest" assertions="2" time="15.297017"/>
        <testcase name="test_email_log_marked_sent_when_message_sent_event_fires" file="C:\XAMPP\htdocs\ictserve-031125\tests\Unit\EmailNotificationTest.php" line="57" class="Tests\Unit\EmailNotificationTest" classname="Tests.Unit.EmailNotificationTest" assertions="3" time="5.767189"/>
        <testcase name="test_email_log_marked_failed_when_mail_job_fails" file="C:\XAMPP\htdocs\ictserve-031125\tests\Unit\EmailNotificationTest.php" line="90" class="Tests\Unit\EmailNotificationTest" classname="Tests.Unit.EmailNotificationTest" assertions="2" time="4.262322"/>
      </testsuite>
      <testsuite name="Tests\Unit\ExampleTest" file="C:\XAMPP\htdocs\ictserve-031125\tests\Unit\ExampleTest.php" tests="1" assertions="1" errors="0" failures="0" skipped="0" time="0.015423">
        <testcase name="test_that_true_is_true" file="C:\XAMPP\htdocs\ictserve-031125\tests\Unit\ExampleTest.php" line="12" class="Tests\Unit\ExampleTest" classname="Tests.Unit.ExampleTest" assertions="1" time="0.015423"/>
      </testsuite>
      <testsuite name="Tests\Unit\Factories\LoanModuleFactoriesTest" file="C:\XAMPP\htdocs\ictserve-031125\tests\Unit\Factories\LoanModuleFactoriesTest.php" tests="11" assertions="52" errors="0" failures="0" skipped="0" time="42.703716">
        <testcase name="it_creates_loan_application_with_default_state" file="C:\XAMPP\htdocs\ictserve-031125\tests\Unit\Factories\LoanModuleFactoriesTest.php" line="34" class="Tests\Unit\Factories\LoanModuleFactoriesTest" classname="Tests.Unit.Factories.LoanModuleFactoriesTest" assertions="7" time="4.199030"/>
        <testcase name="it_creates_authenticated_loan_application" file="C:\XAMPP\htdocs\ictserve-031125\tests\Unit\Factories\LoanModuleFactoriesTest.php" line="48" class="Tests\Unit\Factories\LoanModuleFactoriesTest" classname="Tests.Unit.Factories.LoanModuleFactoriesTest" assertions="2" time="3.769521"/>
        <testcase name="it_creates_loan_application_with_various_statuses" file="C:\XAMPP\htdocs\ictserve-031125\tests\Unit\Factories\LoanModuleFactoriesTest.php" line="57" class="Tests\Unit\Factories\LoanModuleFactoriesTest" classname="Tests.Unit.Factories.LoanModuleFactoriesTest" assertions="7" time="3.666429"/>
        <testcase name="it_creates_asset_with_default_state" file="C:\XAMPP\htdocs\ictserve-031125\tests\Unit\Factories\LoanModuleFactoriesTest.php" line="74" class="Tests\Unit\Factories\LoanModuleFactoriesTest" classname="Tests.Unit.Factories.LoanModuleFactoriesTest" assertions="7" time="4.502031"/>
        <testcase name="it_creates_asset_with_various_statuses" file="C:\XAMPP\htdocs\ictserve-031125\tests\Unit\Factories\LoanModuleFactoriesTest.php" line="88" class="Tests\Unit\Factories\LoanModuleFactoriesTest" classname="Tests.Unit.Factories.LoanModuleFactoriesTest" assertions="5" time="4.202366"/>
        <testcase name="it_creates_asset_category_with_specification_template" file="C:\XAMPP\htdocs\ictserve-031125\tests\Unit\Factories\LoanModuleFactoriesTest.php" line="103" class="Tests\Unit\Factories\LoanModuleFactoriesTest" classname="Tests.Unit.Factories.LoanModuleFactoriesTest" assertions="5" time="3.830701"/>
        <testcase name="it_creates_loan_item_with_condition_tracking" file="C:\XAMPP\htdocs\ictserve-031125\tests\Unit\Factories\LoanModuleFactoriesTest.php" line="115" class="Tests\Unit\Factories\LoanModuleFactoriesTest" classname="Tests.Unit.Factories.LoanModuleFactoriesTest" assertions="3" time="3.957765"/>
        <testcase name="it_creates_loan_item_with_damage" file="C:\XAMPP\htdocs\ictserve-031125\tests\Unit\Factories\LoanModuleFactoriesTest.php" line="125" class="Tests\Unit\Factories\LoanModuleFactoriesTest" classname="Tests.Unit.Factories.LoanModuleFactoriesTest" assertions="4" time="3.794335"/>
        <testcase name="it_creates_loan_transaction_with_various_types" file="C:\XAMPP\htdocs\ictserve-031125\tests\Unit\Factories\LoanModuleFactoriesTest.php" line="136" class="Tests\Unit\Factories\LoanModuleFactoriesTest" classname="Tests.Unit.Factories.LoanModuleFactoriesTest" assertions="3" time="4.036529"/>
        <testcase name="it_creates_division_with_bilingual_names" file="C:\XAMPP\htdocs\ictserve-031125\tests\Unit\Factories\LoanModuleFactoriesTest.php" line="148" class="Tests\Unit\Factories\LoanModuleFactoriesTest" classname="Tests.Unit.Factories.LoanModuleFactoriesTest" assertions="4" time="3.286092"/>
        <testcase name="it_creates_complete_loan_workflow" file="C:\XAMPP\htdocs\ictserve-031125\tests\Unit\Factories\LoanModuleFactoriesTest.php" line="159" class="Tests\Unit\Factories\LoanModuleFactoriesTest" classname="Tests.Unit.Factories.LoanModuleFactoriesTest" assertions="5" time="3.458916"/>
      </testsuite>
      <testsuite name="Tests\Unit\Middleware\SetLocaleMiddlewareTest" file="C:\XAMPP\htdocs\ictserve-031125\tests\Unit\Middleware\SetLocaleMiddlewareTest.php" tests="7" assertions="9" errors="0" failures="0" skipped="0" time="15.131014">
        <testcase name="test_session_locale_has_highest_priority" file="C:\XAMPP\htdocs\ictserve-031125\tests\Unit\Middleware\SetLocaleMiddlewareTest.php" line="50" class="Tests\Unit\Middleware\SetLocaleMiddlewareTest" classname="Tests.Unit.Middleware.SetLocaleMiddlewareTest" assertions="1" time="3.323808"/>
        <testcase name="test_cookie_locale_takes_priority_over_accept_language" file="C:\XAMPP\htdocs\ictserve-031125\tests\Unit\Middleware\SetLocaleMiddlewareTest.php" line="72" class="Tests\Unit\Middleware\SetLocaleMiddlewareTest" classname="Tests.Unit.Middleware.SetLocaleMiddlewareTest" assertions="1" time="2.207256"/>
        <testcase name="test_accept_language_header_parsed_correctly" file="C:\XAMPP\htdocs\ictserve-031125\tests\Unit\Middleware\SetLocaleMiddlewareTest.php" line="93" class="Tests\Unit\Middleware\SetLocaleMiddlewareTest" classname="Tests.Unit.Middleware.SetLocaleMiddlewareTest" assertions="2" time="2.216655"/>
        <testcase name="test_fallback_to_config_default" file="C:\XAMPP\htdocs\ictserve-031125\tests\Unit\Middleware\SetLocaleMiddlewareTest.php" line="126" class="Tests\Unit\Middleware\SetLocaleMiddlewareTest" classname="Tests.Unit.Middleware.SetLocaleMiddlewareTest" assertions="1" time="1.748880"/>
        <testcase name="test_invalid_locale_rejected" file="C:\XAMPP\htdocs\ictserve-031125\tests\Unit\Middleware\SetLocaleMiddlewareTest.php" line="147" class="Tests\Unit\Middleware\SetLocaleMiddlewareTest" classname="Tests.Unit.Middleware.SetLocaleMiddlewareTest" assertions="1" time="1.771306"/>
        <testcase name="test_locale_applied_to_app_facade" file="C:\XAMPP\htdocs\ictserve-031125\tests\Unit\Middleware\SetLocaleMiddlewareTest.php" line="169" class="Tests\Unit\Middleware\SetLocaleMiddlewareTest" classname="Tests.Unit.Middleware.SetLocaleMiddlewareTest" assertions="2" time="1.830299"/>
        <testcase name="test_supported_locales_configuration_respected" file="C:\XAMPP\htdocs\ictserve-031125\tests\Unit\Middleware\SetLocaleMiddlewareTest.php" line="190" class="Tests\Unit\Middleware\SetLocaleMiddlewareTest" classname="Tests.Unit.Middleware.SetLocaleMiddlewareTest" assertions="1" time="2.032810"/>
      </testsuite>
      <testsuite name="Tests\Unit\Models\CrossModuleIntegrationTest" file="C:\XAMPP\htdocs\ictserve-031125\tests\Unit\Models\CrossModuleIntegrationTest.php" tests="16" assertions="37" errors="0" failures="0" skipped="0" time="33.964745">
        <testcase name="test_is_processed_returns_false_for_unprocessed_integration" file="C:\XAMPP\htdocs\ictserve-031125\tests\Unit\Models\CrossModuleIntegrationTest.php" line="28" class="Tests\Unit\Models\CrossModuleIntegrationTest" classname="Tests.Unit.Models.CrossModuleIntegrationTest" assertions="1" time="2.901692"/>
        <testcase name="test_is_processed_returns_true_for_processed_integration" file="C:\XAMPP\htdocs\ictserve-031125\tests\Unit\Models\CrossModuleIntegrationTest.php" line="40" class="Tests\Unit\Models\CrossModuleIntegrationTest" classname="Tests.Unit.Models.CrossModuleIntegrationTest" assertions="1" time="2.581888"/>
        <testcase name="test_mark_as_processed_sets_timestamp" file="C:\XAMPP\htdocs\ictserve-031125\tests\Unit\Models\CrossModuleIntegrationTest.php" line="52" class="Tests\Unit\Models\CrossModuleIntegrationTest" classname="Tests.Unit.Models.CrossModuleIntegrationTest" assertions="3" time="1.933241"/>
        <testcase name="test_get_integration_type_label_returns_correct_label_for_asset_damage" file="C:\XAMPP\htdocs\ictserve-031125\tests\Unit\Models\CrossModuleIntegrationTest.php" line="68" class="Tests\Unit\Models\CrossModuleIntegrationTest" classname="Tests.Unit.Models.CrossModuleIntegrationTest" assertions="2" time="2.030689"/>
        <testcase name="test_get_integration_type_label_returns_correct_label_for_maintenance" file="C:\XAMPP\htdocs\ictserve-031125\tests\Unit\Models\CrossModuleIntegrationTest.php" line="83" class="Tests\Unit\Models\CrossModuleIntegrationTest" classname="Tests.Unit.Models.CrossModuleIntegrationTest" assertions="2" time="2.206824"/>
        <testcase name="test_get_integration_type_label_returns_correct_label_for_asset_ticket_link" file="C:\XAMPP\htdocs\ictserve-031125\tests\Unit\Models\CrossModuleIntegrationTest.php" line="98" class="Tests\Unit\Models\CrossModuleIntegrationTest" classname="Tests.Unit.Models.CrossModuleIntegrationTest" assertions="2" time="1.774562"/>
        <testcase name="test_get_trigger_event_label_returns_correct_label_for_asset_returned_damaged" file="C:\XAMPP\htdocs\ictserve-031125\tests\Unit\Models\CrossModuleIntegrationTest.php" line="113" class="Tests\Unit\Models\CrossModuleIntegrationTest" classname="Tests.Unit.Models.CrossModuleIntegrationTest" assertions="2" time="1.579930"/>
        <testcase name="test_get_trigger_event_label_returns_correct_label_for_ticket_asset_selected" file="C:\XAMPP\htdocs\ictserve-031125\tests\Unit\Models\CrossModuleIntegrationTest.php" line="128" class="Tests\Unit\Models\CrossModuleIntegrationTest" classname="Tests.Unit.Models.CrossModuleIntegrationTest" assertions="2" time="2.172291"/>
        <testcase name="test_get_integration_types_returns_all_valid_types" file="C:\XAMPP\htdocs\ictserve-031125\tests\Unit\Models\CrossModuleIntegrationTest.php" line="143" class="Tests\Unit\Models\CrossModuleIntegrationTest" classname="Tests.Unit.Models.CrossModuleIntegrationTest" assertions="5" time="1.918222"/>
        <testcase name="test_get_trigger_events_returns_all_valid_events" file="C:\XAMPP\htdocs\ictserve-031125\tests\Unit\Models\CrossModuleIntegrationTest.php" line="157" class="Tests\Unit\Models\CrossModuleIntegrationTest" classname="Tests.Unit.Models.CrossModuleIntegrationTest" assertions="5" time="2.094024"/>
        <testcase name="test_of_type_scope_filters_by_integration_type" file="C:\XAMPP\htdocs\ictserve-031125\tests\Unit\Models\CrossModuleIntegrationTest.php" line="171" class="Tests\Unit\Models\CrossModuleIntegrationTest" classname="Tests.Unit.Models.CrossModuleIntegrationTest" assertions="2" time="2.191112"/>
        <testcase name="test_triggered_by_scope_filters_by_trigger_event" file="C:\XAMPP\htdocs\ictserve-031125\tests\Unit\Models\CrossModuleIntegrationTest.php" line="189" class="Tests\Unit\Models\CrossModuleIntegrationTest" classname="Tests.Unit.Models.CrossModuleIntegrationTest" assertions="2" time="2.226826"/>
        <testcase name="test_processed_scope_filters_processed_integrations" file="C:\XAMPP\htdocs\ictserve-031125\tests\Unit\Models\CrossModuleIntegrationTest.php" line="207" class="Tests\Unit\Models\CrossModuleIntegrationTest" classname="Tests.Unit.Models.CrossModuleIntegrationTest" assertions="2" time="1.649029"/>
        <testcase name="test_unprocessed_scope_filters_unprocessed_integrations" file="C:\XAMPP\htdocs\ictserve-031125\tests\Unit\Models\CrossModuleIntegrationTest.php" line="221" class="Tests\Unit\Models\CrossModuleIntegrationTest" classname="Tests.Unit.Models.CrossModuleIntegrationTest" assertions="2" time="2.145620"/>
        <testcase name="test_helpdesk_ticket_relationship" file="C:\XAMPP\htdocs\ictserve-031125\tests\Unit\Models\CrossModuleIntegrationTest.php" line="235" class="Tests\Unit\Models\CrossModuleIntegrationTest" classname="Tests.Unit.Models.CrossModuleIntegrationTest" assertions="2" time="2.350970"/>
        <testcase name="test_asset_loan_relationship" file="C:\XAMPP\htdocs\ictserve-031125\tests\Unit\Models\CrossModuleIntegrationTest.php" line="249" class="Tests\Unit\Models\CrossModuleIntegrationTest" classname="Tests.Unit.Models.CrossModuleIntegrationTest" assertions="2" time="2.207825"/>
      </testsuite>
      <testsuite name="Tests\Unit\Models\HelpdeskTicketHybridTest" file="C:\XAMPP\htdocs\ictserve-031125\tests\Unit\Models\HelpdeskTicketHybridTest.php" tests="15" assertions="15" errors="0" failures="0" skipped="0" time="35.797102">
        <testcase name="test_is_guest_submission_returns_true_for_guest_tickets" file="C:\XAMPP\htdocs\ictserve-031125\tests\Unit\Models\HelpdeskTicketHybridTest.php" line="27" class="Tests\Unit\Models\HelpdeskTicketHybridTest" classname="Tests.Unit.Models.HelpdeskTicketHybridTest" assertions="1" time="2.197574"/>
        <testcase name="test_is_guest_submission_returns_false_for_authenticated_tickets" file="C:\XAMPP\htdocs\ictserve-031125\tests\Unit\Models\HelpdeskTicketHybridTest.php" line="41" class="Tests\Unit\Models\HelpdeskTicketHybridTest" classname="Tests.Unit.Models.HelpdeskTicketHybridTest" assertions="1" time="1.985184"/>
        <testcase name="test_is_authenticated_submission_returns_true_for_authenticated_tickets" file="C:\XAMPP\htdocs\ictserve-031125\tests\Unit\Models\HelpdeskTicketHybridTest.php" line="56" class="Tests\Unit\Models\HelpdeskTicketHybridTest" classname="Tests.Unit.Models.HelpdeskTicketHybridTest" assertions="1" time="2.165517"/>
        <testcase name="test_is_authenticated_submission_returns_false_for_guest_tickets" file="C:\XAMPP\htdocs\ictserve-031125\tests\Unit\Models\HelpdeskTicketHybridTest.php" line="69" class="Tests\Unit\Models\HelpdeskTicketHybridTest" classname="Tests.Unit.Models.HelpdeskTicketHybridTest" assertions="1" time="2.244875"/>
        <testcase name="test_get_submitter_name_returns_guest_name_for_guest_tickets" file="C:\XAMPP\htdocs\ictserve-031125\tests\Unit\Models\HelpdeskTicketHybridTest.php" line="83" class="Tests\Unit\Models\HelpdeskTicketHybridTest" classname="Tests.Unit.Models.HelpdeskTicketHybridTest" assertions="1" time="1.999291"/>
        <testcase name="test_get_submitter_name_returns_user_name_for_authenticated_tickets" file="C:\XAMPP\htdocs\ictserve-031125\tests\Unit\Models\HelpdeskTicketHybridTest.php" line="97" class="Tests\Unit\Models\HelpdeskTicketHybridTest" classname="Tests.Unit.Models.HelpdeskTicketHybridTest" assertions="1" time="2.251428"/>
        <testcase name="test_get_submitter_email_returns_guest_email_for_guest_tickets" file="C:\XAMPP\htdocs\ictserve-031125\tests\Unit\Models\HelpdeskTicketHybridTest.php" line="110" class="Tests\Unit\Models\HelpdeskTicketHybridTest" classname="Tests.Unit.Models.HelpdeskTicketHybridTest" assertions="1" time="2.168305"/>
        <testcase name="test_get_submitter_email_returns_user_email_for_authenticated_tickets" file="C:\XAMPP\htdocs\ictserve-031125\tests\Unit\Models\HelpdeskTicketHybridTest.php" line="124" class="Tests\Unit\Models\HelpdeskTicketHybridTest" classname="Tests.Unit.Models.HelpdeskTicketHybridTest" assertions="1" time="2.762417"/>
        <testcase name="test_can_be_claimed_by_returns_true_when_email_matches" file="C:\XAMPP\htdocs\ictserve-031125\tests\Unit\Models\HelpdeskTicketHybridTest.php" line="137" class="Tests\Unit\Models\HelpdeskTicketHybridTest" classname="Tests.Unit.Models.HelpdeskTicketHybridTest" assertions="1" time="2.290930"/>
        <testcase name="test_can_be_claimed_by_returns_false_when_email_does_not_match" file="C:\XAMPP\htdocs\ictserve-031125\tests\Unit\Models\HelpdeskTicketHybridTest.php" line="151" class="Tests\Unit\Models\HelpdeskTicketHybridTest" classname="Tests.Unit.Models.HelpdeskTicketHybridTest" assertions="1" time="2.412084"/>
        <testcase name="test_can_be_claimed_by_returns_false_for_authenticated_tickets" file="C:\XAMPP\htdocs\ictserve-031125\tests\Unit\Models\HelpdeskTicketHybridTest.php" line="165" class="Tests\Unit\Models\HelpdeskTicketHybridTest" classname="Tests.Unit.Models.HelpdeskTicketHybridTest" assertions="1" time="2.542772"/>
        <testcase name="test_get_submitter_identifier_returns_correct_format_for_guest" file="C:\XAMPP\htdocs\ictserve-031125\tests\Unit\Models\HelpdeskTicketHybridTest.php" line="178" class="Tests\Unit\Models\HelpdeskTicketHybridTest" classname="Tests.Unit.Models.HelpdeskTicketHybridTest" assertions="1" time="2.249024"/>
        <testcase name="test_get_submitter_identifier_returns_correct_format_for_authenticated_user" file="C:\XAMPP\htdocs\ictserve-031125\tests\Unit\Models\HelpdeskTicketHybridTest.php" line="191" class="Tests\Unit\Models\HelpdeskTicketHybridTest" classname="Tests.Unit.Models.HelpdeskTicketHybridTest" assertions="1" time="3.090911"/>
        <testcase name="test_get_submitter_grade_returns_guest_grade_for_guest_tickets" file="C:\XAMPP\htdocs\ictserve-031125\tests\Unit\Models\HelpdeskTicketHybridTest.php" line="204" class="Tests\Unit\Models\HelpdeskTicketHybridTest" classname="Tests.Unit.Models.HelpdeskTicketHybridTest" assertions="1" time="2.913810"/>
        <testcase name="test_get_submitter_division_returns_guest_division_for_guest_tickets" file="C:\XAMPP\htdocs\ictserve-031125\tests\Unit\Models\HelpdeskTicketHybridTest.php" line="217" class="Tests\Unit\Models\HelpdeskTicketHybridTest" classname="Tests.Unit.Models.HelpdeskTicketHybridTest" assertions="1" time="2.522981"/>
      </testsuite>
      <testsuite name="Tests\Unit\Models\UserRoleTest" file="C:\XAMPP\htdocs\ictserve-031125\tests\Unit\Models\UserRoleTest.php" tests="16" assertions="31" errors="0" failures="0" skipped="0" time="34.237799">
        <testcase name="test_is_staff_returns_true_for_staff_role" file="C:\XAMPP\htdocs\ictserve-031125\tests\Unit\Models\UserRoleTest.php" line="26" class="Tests\Unit\Models\UserRoleTest" classname="Tests.Unit.Models.UserRoleTest" assertions="1" time="2.326348"/>
        <testcase name="test_is_staff_returns_false_for_non_staff_roles" file="C:\XAMPP\htdocs\ictserve-031125\tests\Unit\Models\UserRoleTest.php" line="36" class="Tests\Unit\Models\UserRoleTest" classname="Tests.Unit.Models.UserRoleTest" assertions="3" time="2.256817"/>
        <testcase name="test_is_approver_returns_true_for_approver_role" file="C:\XAMPP\htdocs\ictserve-031125\tests\Unit\Models\UserRoleTest.php" line="50" class="Tests\Unit\Models\UserRoleTest" classname="Tests.Unit.Models.UserRoleTest" assertions="1" time="2.609989"/>
        <testcase name="test_is_approver_returns_false_for_non_approver_roles" file="C:\XAMPP\htdocs\ictserve-031125\tests\Unit\Models\UserRoleTest.php" line="60" class="Tests\Unit\Models\UserRoleTest" classname="Tests.Unit.Models.UserRoleTest" assertions="3" time="2.171006"/>
        <testcase name="test_is_admin_returns_true_for_admin_role" file="C:\XAMPP\htdocs\ictserve-031125\tests\Unit\Models\UserRoleTest.php" line="74" class="Tests\Unit\Models\UserRoleTest" classname="Tests.Unit.Models.UserRoleTest" assertions="1" time="2.256705"/>
        <testcase name="test_is_admin_returns_false_for_non_admin_roles" file="C:\XAMPP\htdocs\ictserve-031125\tests\Unit\Models\UserRoleTest.php" line="84" class="Tests\Unit\Models\UserRoleTest" classname="Tests.Unit.Models.UserRoleTest" assertions="3" time="2.048774"/>
        <testcase name="test_is_superuser_returns_true_for_superuser_role" file="C:\XAMPP\htdocs\ictserve-031125\tests\Unit\Models\UserRoleTest.php" line="98" class="Tests\Unit\Models\UserRoleTest" classname="Tests.Unit.Models.UserRoleTest" assertions="1" time="2.265097"/>
        <testcase name="test_is_superuser_returns_false_for_non_superuser_roles" file="C:\XAMPP\htdocs\ictserve-031125\tests\Unit\Models\UserRoleTest.php" line="108" class="Tests\Unit\Models\UserRoleTest" classname="Tests.Unit.Models.UserRoleTest" assertions="3" time="1.932353"/>
        <testcase name="test_can_approve_returns_true_for_elevated_roles" file="C:\XAMPP\htdocs\ictserve-031125\tests\Unit\Models\UserRoleTest.php" line="122" class="Tests\Unit\Models\UserRoleTest" classname="Tests.Unit.Models.UserRoleTest" assertions="3" time="2.123687"/>
        <testcase name="test_can_approve_returns_false_for_staff" file="C:\XAMPP\htdocs\ictserve-031125\tests\Unit\Models\UserRoleTest.php" line="136" class="Tests\Unit\Models\UserRoleTest" classname="Tests.Unit.Models.UserRoleTest" assertions="1" time="1.965132"/>
        <testcase name="test_has_admin_access_returns_true_for_admin_roles" file="C:\XAMPP\htdocs\ictserve-031125\tests\Unit\Models\UserRoleTest.php" line="146" class="Tests\Unit\Models\UserRoleTest" classname="Tests.Unit.Models.UserRoleTest" assertions="2" time="1.967720"/>
        <testcase name="test_has_admin_access_returns_false_for_non_admin_roles" file="C:\XAMPP\htdocs\ictserve-031125\tests\Unit\Models\UserRoleTest.php" line="158" class="Tests\Unit\Models\UserRoleTest" classname="Tests.Unit.Models.UserRoleTest" assertions="2" time="1.878114"/>
        <testcase name="test_wants_email_notifications_returns_default_true" file="C:\XAMPP\htdocs\ictserve-031125\tests\Unit\Models\UserRoleTest.php" line="170" class="Tests\Unit\Models\UserRoleTest" classname="Tests.Unit.Models.UserRoleTest" assertions="1" time="1.751213"/>
        <testcase name="test_wants_email_notifications_respects_user_preferences" file="C:\XAMPP\htdocs\ictserve-031125\tests\Unit\Models\UserRoleTest.php" line="180" class="Tests\Unit\Models\UserRoleTest" classname="Tests.Unit.Models.UserRoleTest" assertions="2" time="2.413703"/>
        <testcase name="test_update_notification_preference_updates_specific_preference" file="C:\XAMPP\htdocs\ictserve-031125\tests\Unit\Models\UserRoleTest.php" line="196" class="Tests\Unit\Models\UserRoleTest" classname="Tests.Unit.Models.UserRoleTest" assertions="1" time="2.154688"/>
        <testcase name="test_get_notification_preferences_returns_all_preferences" file="C:\XAMPP\htdocs\ictserve-031125\tests\Unit\Models\UserRoleTest.php" line="208" class="Tests\Unit\Models\UserRoleTest" classname="Tests.Unit.Models.UserRoleTest" assertions="3" time="2.116453"/>
      </testsuite>
      <testsuite name="Tests\Unit\Services\ApprovalMatrixServiceTest" file="C:\XAMPP\htdocs\ictserve-031125\tests\Unit\Services\ApprovalMatrixServiceTest.php" tests="19" assertions="2" errors="18" failures="0" skipped="0" time="38.465721">
        <testcase name="it_determines_grade_44_approver_for_grade_41_low_value" file="C:\XAMPP\htdocs\ictserve-031125\tests\Unit\Services\ApprovalMatrixServiceTest.php" line="34" class="Tests\Unit\Services\ApprovalMatrixServiceTest" classname="Tests.Unit.Services.ApprovalMatrixServiceTest" assertions="0" time="2.280476">
          <error type="Illuminate\Database\QueryException">Tests\Unit\Services\ApprovalMatrixServiceTest::it_determines_grade_44_approver_for_grade_41_low_value&#13;
Illuminate\Database\QueryException: SQLSTATE[HY000]: General error: 1 table users has no column named grade (Connection: sqlite, SQL: insert into "users" ("name", "email", "email_verified_at", "password", "remember_token", "role", "is_active", "grade", "updated_at", "created_at") values (Dr. Armani Kihn, approver44@example.com, 2025-11-05 00:23:14, $2y$04$ZGLLkg5psGtJPYCqndhaqesPk2aYnnszGkKmW6S8U3odr5c80meFe, ShU0tkVmNn, approver, 1, 44, 2025-11-05 00:23:14, 2025-11-05 00:23:14))
&#13;
C:\XAMPP\htdocs\ictserve-031125\vendor\laravel\framework\src\Illuminate\Database\Connection.php:824
C:\XAMPP\htdocs\ictserve-031125\vendor\laravel\framework\src\Illuminate\Database\Connection.php:778
C:\XAMPP\htdocs\ictserve-031125\vendor\laravel\framework\src\Illuminate\Database\Connection.php:559
C:\XAMPP\htdocs\ictserve-031125\vendor\laravel\framework\src\Illuminate\Database\Connection.php:523
C:\XAMPP\htdocs\ictserve-031125\vendor\laravel\framework\src\Illuminate\Database\Query\Processors\Processor.php:32
C:\XAMPP\htdocs\ictserve-031125\vendor\laravel\framework\src\Illuminate\Database\Query\Builder.php:3853
C:\XAMPP\htdocs\ictserve-031125\vendor\laravel\framework\src\Illuminate\Database\Eloquent\Builder.php:2235
C:\XAMPP\htdocs\ictserve-031125\vendor\laravel\framework\src\Illuminate\Database\Eloquent\Model.php:1436
C:\XAMPP\htdocs\ictserve-031125\vendor\laravel\framework\src\Illuminate\Database\Eloquent\Model.php:1401
C:\XAMPP\htdocs\ictserve-031125\vendor\laravel\framework\src\Illuminate\Database\Eloquent\Model.php:1240
C:\XAMPP\htdocs\ictserve-031125\vendor\laravel\framework\src\Illuminate\Database\Eloquent\Factories\Factory.php:370
C:\XAMPP\htdocs\ictserve-031125\vendor\laravel\framework\src\Illuminate\Collections\Traits\EnumeratesValues.php:271
C:\XAMPP\htdocs\ictserve-031125\vendor\laravel\framework\src\Illuminate\Database\Eloquent\Factories\Factory.php:365
C:\XAMPP\htdocs\ictserve-031125\vendor\laravel\framework\src\Illuminate\Database\Eloquent\Factories\Factory.php:321
C:\XAMPP\htdocs\ictserve-031125\vendor\laravel\framework\src\Illuminate\Database\Eloquent\Factories\Factory.php:315
C:\XAMPP\htdocs\ictserve-031125\tests\Unit\Services\ApprovalMatrixServiceTest.php:37</error>
        </testcase>
        <testcase name="it_determines_grade_48_approver_for_grade_41_medium_value" file="C:\XAMPP\htdocs\ictserve-031125\tests\Unit\Services\ApprovalMatrixServiceTest.php" line="52" class="Tests\Unit\Services\ApprovalMatrixServiceTest" classname="Tests.Unit.Services.ApprovalMatrixServiceTest" assertions="0" time="2.045098">
          <error type="Illuminate\Database\QueryException">Tests\Unit\Services\ApprovalMatrixServiceTest::it_determines_grade_48_approver_for_grade_41_medium_value&#13;
Illuminate\Database\QueryException: SQLSTATE[HY000]: General error: 1 table users has no column named grade (Connection: sqlite, SQL: insert into "users" ("name", "email", "email_verified_at", "password", "remember_token", "role", "is_active", "grade", "updated_at", "created_at") values (Eloy Hauck, approver48@example.com, 2025-11-05 00:23:17, $2y$04$ZGLLkg5psGtJPYCqndhaqesPk2aYnnszGkKmW6S8U3odr5c80meFe, 1lEhkRHizM, approver, 1, 48, 2025-11-05 00:23:17, 2025-11-05 00:23:17))
&#13;
C:\XAMPP\htdocs\ictserve-031125\vendor\laravel\framework\src\Illuminate\Database\Connection.php:824
C:\XAMPP\htdocs\ictserve-031125\vendor\laravel\framework\src\Illuminate\Database\Connection.php:778
C:\XAMPP\htdocs\ictserve-031125\vendor\laravel\framework\src\Illuminate\Database\Connection.php:559
C:\XAMPP\htdocs\ictserve-031125\vendor\laravel\framework\src\Illuminate\Database\Connection.php:523
C:\XAMPP\htdocs\ictserve-031125\vendor\laravel\framework\src\Illuminate\Database\Query\Processors\Processor.php:32
C:\XAMPP\htdocs\ictserve-031125\vendor\laravel\framework\src\Illuminate\Database\Query\Builder.php:3853
C:\XAMPP\htdocs\ictserve-031125\vendor\laravel\framework\src\Illuminate\Database\Eloquent\Builder.php:2235
C:\XAMPP\htdocs\ictserve-031125\vendor\laravel\framework\src\Illuminate\Database\Eloquent\Model.php:1436
C:\XAMPP\htdocs\ictserve-031125\vendor\laravel\framework\src\Illuminate\Database\Eloquent\Model.php:1401
C:\XAMPP\htdocs\ictserve-031125\vendor\laravel\framework\src\Illuminate\Database\Eloquent\Model.php:1240
C:\XAMPP\htdocs\ictserve-031125\vendor\laravel\framework\src\Illuminate\Database\Eloquent\Factories\Factory.php:370
C:\XAMPP\htdocs\ictserve-031125\vendor\laravel\framework\src\Illuminate\Collections\Traits\EnumeratesValues.php:271
C:\XAMPP\htdocs\ictserve-031125\vendor\laravel\framework\src\Illuminate\Database\Eloquent\Factories\Factory.php:365
C:\XAMPP\htdocs\ictserve-031125\vendor\laravel\framework\src\Illuminate\Database\Eloquent\Factories\Factory.php:321
C:\XAMPP\htdocs\ictserve-031125\vendor\laravel\framework\src\Illuminate\Database\Eloquent\Factories\Factory.php:315
C:\XAMPP\htdocs\ictserve-031125\tests\Unit\Services\ApprovalMatrixServiceTest.php:55</error>
        </testcase>
        <testcase name="it_determines_grade_52_approver_for_grade_41_high_value" file="C:\XAMPP\htdocs\ictserve-031125\tests\Unit\Services\ApprovalMatrixServiceTest.php" line="70" class="Tests\Unit\Services\ApprovalMatrixServiceTest" classname="Tests.Unit.Services.ApprovalMatrixServiceTest" assertions="0" time="1.934719">
          <error type="Illuminate\Database\QueryException">Tests\Unit\Services\ApprovalMatrixServiceTest::it_determines_grade_52_approver_for_grade_41_high_value&#13;
Illuminate\Database\QueryException: SQLSTATE[HY000]: General error: 1 table users has no column named grade (Connection: sqlite, SQL: insert into "users" ("name", "email", "email_verified_at", "password", "remember_token", "role", "is_active", "grade", "updated_at", "created_at") values (May O'Reilly, approver52@example.com, 2025-11-05 00:23:18, $2y$04$ZGLLkg5psGtJPYCqndhaqesPk2aYnnszGkKmW6S8U3odr5c80meFe, D4xkk40eaz, approver, 1, 52, 2025-11-05 00:23:18, 2025-11-05 00:23:18))
&#13;
C:\XAMPP\htdocs\ictserve-031125\vendor\laravel\framework\src\Illuminate\Database\Connection.php:824
C:\XAMPP\htdocs\ictserve-031125\vendor\laravel\framework\src\Illuminate\Database\Connection.php:778
C:\XAMPP\htdocs\ictserve-031125\vendor\laravel\framework\src\Illuminate\Database\Connection.php:559
C:\XAMPP\htdocs\ictserve-031125\vendor\laravel\framework\src\Illuminate\Database\Connection.php:523
C:\XAMPP\htdocs\ictserve-031125\vendor\laravel\framework\src\Illuminate\Database\Query\Processors\Processor.php:32
C:\XAMPP\htdocs\ictserve-031125\vendor\laravel\framework\src\Illuminate\Database\Query\Builder.php:3853
C:\XAMPP\htdocs\ictserve-031125\vendor\laravel\framework\src\Illuminate\Database\Eloquent\Builder.php:2235
C:\XAMPP\htdocs\ictserve-031125\vendor\laravel\framework\src\Illuminate\Database\Eloquent\Model.php:1436
C:\XAMPP\htdocs\ictserve-031125\vendor\laravel\framework\src\Illuminate\Database\Eloquent\Model.php:1401
C:\XAMPP\htdocs\ictserve-031125\vendor\laravel\framework\src\Illuminate\Database\Eloquent\Model.php:1240
C:\XAMPP\htdocs\ictserve-031125\vendor\laravel\framework\src\Illuminate\Database\Eloquent\Factories\Factory.php:370
C:\XAMPP\htdocs\ictserve-031125\vendor\laravel\framework\src\Illuminate\Collections\Traits\EnumeratesValues.php:271
C:\XAMPP\htdocs\ictserve-031125\vendor\laravel\framework\src\Illuminate\Database\Eloquent\Factories\Factory.php:365
C:\XAMPP\htdocs\ictserve-031125\vendor\laravel\framework\src\Illuminate\Database\Eloquent\Factories\Factory.php:321
C:\XAMPP\htdocs\ictserve-031125\vendor\laravel\framework\src\Illuminate\Database\Eloquent\Factories\Factory.php:315
C:\XAMPP\htdocs\ictserve-031125\tests\Unit\Services\ApprovalMatrixServiceTest.php:73</error>
        </testcase>
        <testcase name="it_determines_grade_48_approver_for_grade_44_low_value" file="C:\XAMPP\htdocs\ictserve-031125\tests\Unit\Services\ApprovalMatrixServiceTest.php" line="88" class="Tests\Unit\Services\ApprovalMatrixServiceTest" classname="Tests.Unit.Services.ApprovalMatrixServiceTest" assertions="0" time="1.788736">
          <error type="Illuminate\Database\QueryException">Tests\Unit\Services\ApprovalMatrixServiceTest::it_determines_grade_48_approver_for_grade_44_low_value&#13;
Illuminate\Database\QueryException: SQLSTATE[HY000]: General error: 1 table users has no column named grade (Connection: sqlite, SQL: insert into "users" ("name", "email", "email_verified_at", "password", "remember_token", "role", "is_active", "grade", "updated_at", "created_at") values (Tamia Lind, approver48@example.com, 2025-11-05 00:23:20, $2y$04$ZGLLkg5psGtJPYCqndhaqesPk2aYnnszGkKmW6S8U3odr5c80meFe, KGp57W11ye, approver, 1, 48, 2025-11-05 00:23:20, 2025-11-05 00:23:20))
&#13;
C:\XAMPP\htdocs\ictserve-031125\vendor\laravel\framework\src\Illuminate\Database\Connection.php:824
C:\XAMPP\htdocs\ictserve-031125\vendor\laravel\framework\src\Illuminate\Database\Connection.php:778
C:\XAMPP\htdocs\ictserve-031125\vendor\laravel\framework\src\Illuminate\Database\Connection.php:559
C:\XAMPP\htdocs\ictserve-031125\vendor\laravel\framework\src\Illuminate\Database\Connection.php:523
C:\XAMPP\htdocs\ictserve-031125\vendor\laravel\framework\src\Illuminate\Database\Query\Processors\Processor.php:32
C:\XAMPP\htdocs\ictserve-031125\vendor\laravel\framework\src\Illuminate\Database\Query\Builder.php:3853
C:\XAMPP\htdocs\ictserve-031125\vendor\laravel\framework\src\Illuminate\Database\Eloquent\Builder.php:2235
C:\XAMPP\htdocs\ictserve-031125\vendor\laravel\framework\src\Illuminate\Database\Eloquent\Model.php:1436
C:\XAMPP\htdocs\ictserve-031125\vendor\laravel\framework\src\Illuminate\Database\Eloquent\Model.php:1401
C:\XAMPP\htdocs\ictserve-031125\vendor\laravel\framework\src\Illuminate\Database\Eloquent\Model.php:1240
C:\XAMPP\htdocs\ictserve-031125\vendor\laravel\framework\src\Illuminate\Database\Eloquent\Factories\Factory.php:370
C:\XAMPP\htdocs\ictserve-031125\vendor\laravel\framework\src\Illuminate\Collections\Traits\EnumeratesValues.php:271
C:\XAMPP\htdocs\ictserve-031125\vendor\laravel\framework\src\Illuminate\Database\Eloquent\Factories\Factory.php:365
C:\XAMPP\htdocs\ictserve-031125\vendor\laravel\framework\src\Illuminate\Database\Eloquent\Factories\Factory.php:321
C:\XAMPP\htdocs\ictserve-031125\vendor\laravel\framework\src\Illuminate\Database\Eloquent\Factories\Factory.php:315
C:\XAMPP\htdocs\ictserve-031125\tests\Unit\Services\ApprovalMatrixServiceTest.php:91</error>
        </testcase>
        <testcase name="it_determines_grade_52_approver_for_grade_44_medium_value" file="C:\XAMPP\htdocs\ictserve-031125\tests\Unit\Services\ApprovalMatrixServiceTest.php" line="106" class="Tests\Unit\Services\ApprovalMatrixServiceTest" classname="Tests.Unit.Services.ApprovalMatrixServiceTest" assertions="0" time="1.856399">
          <error type="Illuminate\Database\QueryException">Tests\Unit\Services\ApprovalMatrixServiceTest::it_determines_grade_52_approver_for_grade_44_medium_value&#13;
Illuminate\Database\QueryException: SQLSTATE[HY000]: General error: 1 table users has no column named grade (Connection: sqlite, SQL: insert into "users" ("name", "email", "email_verified_at", "password", "remember_token", "role", "is_active", "grade", "updated_at", "created_at") values (Macie Beahan, approver52@example.com, 2025-11-05 00:23:22, $2y$04$ZGLLkg5psGtJPYCqndhaqesPk2aYnnszGkKmW6S8U3odr5c80meFe, p4epUNiSnD, approver, 1, 52, 2025-11-05 00:23:22, 2025-11-05 00:23:22))
&#13;
C:\XAMPP\htdocs\ictserve-031125\vendor\laravel\framework\src\Illuminate\Database\Connection.php:824
C:\XAMPP\htdocs\ictserve-031125\vendor\laravel\framework\src\Illuminate\Database\Connection.php:778
C:\XAMPP\htdocs\ictserve-031125\vendor\laravel\framework\src\Illuminate\Database\Connection.php:559
C:\XAMPP\htdocs\ictserve-031125\vendor\laravel\framework\src\Illuminate\Database\Connection.php:523
C:\XAMPP\htdocs\ictserve-031125\vendor\laravel\framework\src\Illuminate\Database\Query\Processors\Processor.php:32
C:\XAMPP\htdocs\ictserve-031125\vendor\laravel\framework\src\Illuminate\Database\Query\Builder.php:3853
C:\XAMPP\htdocs\ictserve-031125\vendor\laravel\framework\src\Illuminate\Database\Eloquent\Builder.php:2235
C:\XAMPP\htdocs\ictserve-031125\vendor\laravel\framework\src\Illuminate\Database\Eloquent\Model.php:1436
C:\XAMPP\htdocs\ictserve-031125\vendor\laravel\framework\src\Illuminate\Database\Eloquent\Model.php:1401
C:\XAMPP\htdocs\ictserve-031125\vendor\laravel\framework\src\Illuminate\Database\Eloquent\Model.php:1240
C:\XAMPP\htdocs\ictserve-031125\vendor\laravel\framework\src\Illuminate\Database\Eloquent\Factories\Factory.php:370
C:\XAMPP\htdocs\ictserve-031125\vendor\laravel\framework\src\Illuminate\Collections\Traits\EnumeratesValues.php:271
C:\XAMPP\htdocs\ictserve-031125\vendor\laravel\framework\src\Illuminate\Database\Eloquent\Factories\Factory.php:365
C:\XAMPP\htdocs\ictserve-031125\vendor\laravel\framework\src\Illuminate\Database\Eloquent\Factories\Factory.php:321
C:\XAMPP\htdocs\ictserve-031125\vendor\laravel\framework\src\Illuminate\Database\Eloquent\Factories\Factory.php:315
C:\XAMPP\htdocs\ictserve-031125\tests\Unit\Services\ApprovalMatrixServiceTest.php:109</error>
        </testcase>
        <testcase name="it_determines_grade_54_approver_for_grade_44_high_value" file="C:\XAMPP\htdocs\ictserve-031125\tests\Unit\Services\ApprovalMatrixServiceTest.php" line="124" class="Tests\Unit\Services\ApprovalMatrixServiceTest" classname="Tests.Unit.Services.ApprovalMatrixServiceTest" assertions="0" time="1.791112">
          <error type="Illuminate\Database\QueryException">Tests\Unit\Services\ApprovalMatrixServiceTest::it_determines_grade_54_approver_for_grade_44_high_value&#13;
Illuminate\Database\QueryException: SQLSTATE[HY000]: General error: 1 table users has no column named grade (Connection: sqlite, SQL: insert into "users" ("name", "email", "email_verified_at", "password", "remember_token", "role", "is_active", "grade", "updated_at", "created_at") values (Christian Farrell, approver54@example.com, 2025-11-05 00:23:24, $2y$04$ZGLLkg5psGtJPYCqndhaqesPk2aYnnszGkKmW6S8U3odr5c80meFe, 5TKiLtjxtq, approver, 1, 54, 2025-11-05 00:23:24, 2025-11-05 00:23:24))
&#13;
C:\XAMPP\htdocs\ictserve-031125\vendor\laravel\framework\src\Illuminate\Database\Connection.php:824
C:\XAMPP\htdocs\ictserve-031125\vendor\laravel\framework\src\Illuminate\Database\Connection.php:778
C:\XAMPP\htdocs\ictserve-031125\vendor\laravel\framework\src\Illuminate\Database\Connection.php:559
C:\XAMPP\htdocs\ictserve-031125\vendor\laravel\framework\src\Illuminate\Database\Connection.php:523
C:\XAMPP\htdocs\ictserve-031125\vendor\laravel\framework\src\Illuminate\Database\Query\Processors\Processor.php:32
C:\XAMPP\htdocs\ictserve-031125\vendor\laravel\framework\src\Illuminate\Database\Query\Builder.php:3853
C:\XAMPP\htdocs\ictserve-031125\vendor\laravel\framework\src\Illuminate\Database\Eloquent\Builder.php:2235
C:\XAMPP\htdocs\ictserve-031125\vendor\laravel\framework\src\Illuminate\Database\Eloquent\Model.php:1436
C:\XAMPP\htdocs\ictserve-031125\vendor\laravel\framework\src\Illuminate\Database\Eloquent\Model.php:1401
C:\XAMPP\htdocs\ictserve-031125\vendor\laravel\framework\src\Illuminate\Database\Eloquent\Model.php:1240
C:\XAMPP\htdocs\ictserve-031125\vendor\laravel\framework\src\Illuminate\Database\Eloquent\Factories\Factory.php:370
C:\XAMPP\htdocs\ictserve-031125\vendor\laravel\framework\src\Illuminate\Collections\Traits\EnumeratesValues.php:271
C:\XAMPP\htdocs\ictserve-031125\vendor\laravel\framework\src\Illuminate\Database\Eloquent\Factories\Factory.php:365
C:\XAMPP\htdocs\ictserve-031125\vendor\laravel\framework\src\Illuminate\Database\Eloquent\Factories\Factory.php:321
C:\XAMPP\htdocs\ictserve-031125\vendor\laravel\framework\src\Illuminate\Database\Eloquent\Factories\Factory.php:315
C:\XAMPP\htdocs\ictserve-031125\tests\Unit\Services\ApprovalMatrixServiceTest.php:127</error>
        </testcase>
        <testcase name="it_accepts_admin_users_as_approvers" file="C:\XAMPP\htdocs\ictserve-031125\tests\Unit\Services\ApprovalMatrixServiceTest.php" line="142" class="Tests\Unit\Services\ApprovalMatrixServiceTest" classname="Tests.Unit.Services.ApprovalMatrixServiceTest" assertions="0" time="1.830898">
          <error type="Illuminate\Database\QueryException">Tests\Unit\Services\ApprovalMatrixServiceTest::it_accepts_admin_users_as_approvers&#13;
Illuminate\Database\QueryException: SQLSTATE[HY000]: General error: 1 table users has no column named grade (Connection: sqlite, SQL: insert into "users" ("name", "email", "email_verified_at", "password", "remember_token", "role", "is_active", "grade", "updated_at", "created_at") values (Ms. Ocie D'Amore V, admin@example.com, 2025-11-05 00:23:26, $2y$04$ZGLLkg5psGtJPYCqndhaqesPk2aYnnszGkKmW6S8U3odr5c80meFe, bQpLIzcp6s, admin, 1, 48, 2025-11-05 00:23:26, 2025-11-05 00:23:26))
&#13;
C:\XAMPP\htdocs\ictserve-031125\vendor\laravel\framework\src\Illuminate\Database\Connection.php:824
C:\XAMPP\htdocs\ictserve-031125\vendor\laravel\framework\src\Illuminate\Database\Connection.php:778
C:\XAMPP\htdocs\ictserve-031125\vendor\laravel\framework\src\Illuminate\Database\Connection.php:559
C:\XAMPP\htdocs\ictserve-031125\vendor\laravel\framework\src\Illuminate\Database\Connection.php:523
C:\XAMPP\htdocs\ictserve-031125\vendor\laravel\framework\src\Illuminate\Database\Query\Processors\Processor.php:32
C:\XAMPP\htdocs\ictserve-031125\vendor\laravel\framework\src\Illuminate\Database\Query\Builder.php:3853
C:\XAMPP\htdocs\ictserve-031125\vendor\laravel\framework\src\Illuminate\Database\Eloquent\Builder.php:2235
C:\XAMPP\htdocs\ictserve-031125\vendor\laravel\framework\src\Illuminate\Database\Eloquent\Model.php:1436
C:\XAMPP\htdocs\ictserve-031125\vendor\laravel\framework\src\Illuminate\Database\Eloquent\Model.php:1401
C:\XAMPP\htdocs\ictserve-031125\vendor\laravel\framework\src\Illuminate\Database\Eloquent\Model.php:1240
C:\XAMPP\htdocs\ictserve-031125\vendor\laravel\framework\src\Illuminate\Database\Eloquent\Factories\Factory.php:370
C:\XAMPP\htdocs\ictserve-031125\vendor\laravel\framework\src\Illuminate\Collections\Traits\EnumeratesValues.php:271
C:\XAMPP\htdocs\ictserve-031125\vendor\laravel\framework\src\Illuminate\Database\Eloquent\Factories\Factory.php:365
C:\XAMPP\htdocs\ictserve-031125\vendor\laravel\framework\src\Illuminate\Database\Eloquent\Factories\Factory.php:321
C:\XAMPP\htdocs\ictserve-031125\vendor\laravel\framework\src\Illuminate\Database\Eloquent\Factories\Factory.php:315
C:\XAMPP\htdocs\ictserve-031125\tests\Unit\Services\ApprovalMatrixServiceTest.php:145</error>
        </testcase>
        <testcase name="it_accepts_superuser_as_approver" file="C:\XAMPP\htdocs\ictserve-031125\tests\Unit\Services\ApprovalMatrixServiceTest.php" line="160" class="Tests\Unit\Services\ApprovalMatrixServiceTest" classname="Tests.Unit.Services.ApprovalMatrixServiceTest" assertions="0" time="1.895716">
          <error type="Illuminate\Database\QueryException">Tests\Unit\Services\ApprovalMatrixServiceTest::it_accepts_superuser_as_approver&#13;
Illuminate\Database\QueryException: SQLSTATE[HY000]: General error: 1 table users has no column named grade (Connection: sqlite, SQL: insert into "users" ("name", "email", "email_verified_at", "password", "remember_token", "role", "is_active", "grade", "updated_at", "created_at") values (Dr. Viva Zboncak, superuser@example.com, 2025-11-05 00:23:28, $2y$04$ZGLLkg5psGtJPYCqndhaqesPk2aYnnszGkKmW6S8U3odr5c80meFe, NtSIfVIMrY, superuser, 1, 52, 2025-11-05 00:23:28, 2025-11-05 00:23:28))
&#13;
C:\XAMPP\htdocs\ictserve-031125\vendor\laravel\framework\src\Illuminate\Database\Connection.php:824
C:\XAMPP\htdocs\ictserve-031125\vendor\laravel\framework\src\Illuminate\Database\Connection.php:778
C:\XAMPP\htdocs\ictserve-031125\vendor\laravel\framework\src\Illuminate\Database\Connection.php:559
C:\XAMPP\htdocs\ictserve-031125\vendor\laravel\framework\src\Illuminate\Database\Connection.php:523
C:\XAMPP\htdocs\ictserve-031125\vendor\laravel\framework\src\Illuminate\Database\Query\Processors\Processor.php:32
C:\XAMPP\htdocs\ictserve-031125\vendor\laravel\framework\src\Illuminate\Database\Query\Builder.php:3853
C:\XAMPP\htdocs\ictserve-031125\vendor\laravel\framework\src\Illuminate\Database\Eloquent\Builder.php:2235
C:\XAMPP\htdocs\ictserve-031125\vendor\laravel\framework\src\Illuminate\Database\Eloquent\Model.php:1436
C:\XAMPP\htdocs\ictserve-031125\vendor\laravel\framework\src\Illuminate\Database\Eloquent\Model.php:1401
C:\XAMPP\htdocs\ictserve-031125\vendor\laravel\framework\src\Illuminate\Database\Eloquent\Model.php:1240
C:\XAMPP\htdocs\ictserve-031125\vendor\laravel\framework\src\Illuminate\Database\Eloquent\Factories\Factory.php:370
C:\XAMPP\htdocs\ictserve-031125\vendor\laravel\framework\src\Illuminate\Collections\Traits\EnumeratesValues.php:271
C:\XAMPP\htdocs\ictserve-031125\vendor\laravel\framework\src\Illuminate\Database\Eloquent\Factories\Factory.php:365
C:\XAMPP\htdocs\ictserve-031125\vendor\laravel\framework\src\Illuminate\Database\Eloquent\Factories\Factory.php:321
C:\XAMPP\htdocs\ictserve-031125\vendor\laravel\framework\src\Illuminate\Database\Eloquent\Factories\Factory.php:315
C:\XAMPP\htdocs\ictserve-031125\tests\Unit\Services\ApprovalMatrixServiceTest.php:163</error>
        </testcase>
        <testcase name="it_falls_back_to_grade_54_when_specific_grade_not_found" file="C:\XAMPP\htdocs\ictserve-031125\tests\Unit\Services\ApprovalMatrixServiceTest.php" line="178" class="Tests\Unit\Services\ApprovalMatrixServiceTest" classname="Tests.Unit.Services.ApprovalMatrixServiceTest" assertions="0" time="1.775461">
          <error type="Illuminate\Database\QueryException">Tests\Unit\Services\ApprovalMatrixServiceTest::it_falls_back_to_grade_54_when_specific_grade_not_found&#13;
Illuminate\Database\QueryException: SQLSTATE[HY000]: General error: 1 table users has no column named grade (Connection: sqlite, SQL: insert into "users" ("name", "email", "email_verified_at", "password", "remember_token", "role", "is_active", "grade", "updated_at", "created_at") values (Mrs. Alyce Johns, fallback@example.com, 2025-11-05 00:23:29, $2y$04$ZGLLkg5psGtJPYCqndhaqesPk2aYnnszGkKmW6S8U3odr5c80meFe, ZTU1Tj8XFy, approver, 1, 54, 2025-11-05 00:23:29, 2025-11-05 00:23:29))
&#13;
C:\XAMPP\htdocs\ictserve-031125\vendor\laravel\framework\src\Illuminate\Database\Connection.php:824
C:\XAMPP\htdocs\ictserve-031125\vendor\laravel\framework\src\Illuminate\Database\Connection.php:778
C:\XAMPP\htdocs\ictserve-031125\vendor\laravel\framework\src\Illuminate\Database\Connection.php:559
C:\XAMPP\htdocs\ictserve-031125\vendor\laravel\framework\src\Illuminate\Database\Connection.php:523
C:\XAMPP\htdocs\ictserve-031125\vendor\laravel\framework\src\Illuminate\Database\Query\Processors\Processor.php:32
C:\XAMPP\htdocs\ictserve-031125\vendor\laravel\framework\src\Illuminate\Database\Query\Builder.php:3853
C:\XAMPP\htdocs\ictserve-031125\vendor\laravel\framework\src\Illuminate\Database\Eloquent\Builder.php:2235
C:\XAMPP\htdocs\ictserve-031125\vendor\laravel\framework\src\Illuminate\Database\Eloquent\Model.php:1436
C:\XAMPP\htdocs\ictserve-031125\vendor\laravel\framework\src\Illuminate\Database\Eloquent\Model.php:1401
C:\XAMPP\htdocs\ictserve-031125\vendor\laravel\framework\src\Illuminate\Database\Eloquent\Model.php:1240
C:\XAMPP\htdocs\ictserve-031125\vendor\laravel\framework\src\Illuminate\Database\Eloquent\Factories\Factory.php:370
C:\XAMPP\htdocs\ictserve-031125\vendor\laravel\framework\src\Illuminate\Collections\Traits\EnumeratesValues.php:271
C:\XAMPP\htdocs\ictserve-031125\vendor\laravel\framework\src\Illuminate\Database\Eloquent\Factories\Factory.php:365
C:\XAMPP\htdocs\ictserve-031125\vendor\laravel\framework\src\Illuminate\Database\Eloquent\Factories\Factory.php:321
C:\XAMPP\htdocs\ictserve-031125\vendor\laravel\framework\src\Illuminate\Database\Eloquent\Factories\Factory.php:315
C:\XAMPP\htdocs\ictserve-031125\tests\Unit\Services\ApprovalMatrixServiceTest.php:181</error>
        </testcase>
        <testcase name="it_falls_back_to_any_superuser_when_no_grade_match" file="C:\XAMPP\htdocs\ictserve-031125\tests\Unit\Services\ApprovalMatrixServiceTest.php" line="196" class="Tests\Unit\Services\ApprovalMatrixServiceTest" classname="Tests.Unit.Services.ApprovalMatrixServiceTest" assertions="0" time="2.043833">
          <error type="Illuminate\Database\QueryException">Tests\Unit\Services\ApprovalMatrixServiceTest::it_falls_back_to_any_superuser_when_no_grade_match&#13;
Illuminate\Database\QueryException: SQLSTATE[HY000]: General error: 1 table users has no column named grade (Connection: sqlite, SQL: insert into "users" ("name", "email", "email_verified_at", "password", "remember_token", "role", "is_active", "grade", "updated_at", "created_at") values (Jalon Schowalter, superuser@example.com, 2025-11-05 00:23:31, $2y$04$ZGLLkg5psGtJPYCqndhaqesPk2aYnnszGkKmW6S8U3odr5c80meFe, wCotDnJJPb, superuser, 1, 50, 2025-11-05 00:23:31, 2025-11-05 00:23:31))
&#13;
C:\XAMPP\htdocs\ictserve-031125\vendor\laravel\framework\src\Illuminate\Database\Connection.php:824
C:\XAMPP\htdocs\ictserve-031125\vendor\laravel\framework\src\Illuminate\Database\Connection.php:778
C:\XAMPP\htdocs\ictserve-031125\vendor\laravel\framework\src\Illuminate\Database\Connection.php:559
C:\XAMPP\htdocs\ictserve-031125\vendor\laravel\framework\src\Illuminate\Database\Connection.php:523
C:\XAMPP\htdocs\ictserve-031125\vendor\laravel\framework\src\Illuminate\Database\Query\Processors\Processor.php:32
C:\XAMPP\htdocs\ictserve-031125\vendor\laravel\framework\src\Illuminate\Database\Query\Builder.php:3853
C:\XAMPP\htdocs\ictserve-031125\vendor\laravel\framework\src\Illuminate\Database\Eloquent\Builder.php:2235
C:\XAMPP\htdocs\ictserve-031125\vendor\laravel\framework\src\Illuminate\Database\Eloquent\Model.php:1436
C:\XAMPP\htdocs\ictserve-031125\vendor\laravel\framework\src\Illuminate\Database\Eloquent\Model.php:1401
C:\XAMPP\htdocs\ictserve-031125\vendor\laravel\framework\src\Illuminate\Database\Eloquent\Model.php:1240
C:\XAMPP\htdocs\ictserve-031125\vendor\laravel\framework\src\Illuminate\Database\Eloquent\Factories\Factory.php:370
C:\XAMPP\htdocs\ictserve-031125\vendor\laravel\framework\src\Illuminate\Collections\Traits\EnumeratesValues.php:271
C:\XAMPP\htdocs\ictserve-031125\vendor\laravel\framework\src\Illuminate\Database\Eloquent\Factories\Factory.php:365
C:\XAMPP\htdocs\ictserve-031125\vendor\laravel\framework\src\Illuminate\Database\Eloquent\Factories\Factory.php:321
C:\XAMPP\htdocs\ictserve-031125\vendor\laravel\framework\src\Illuminate\Database\Eloquent\Factories\Factory.php:315
C:\XAMPP\htdocs\ictserve-031125\tests\Unit\Services\ApprovalMatrixServiceTest.php:199</error>
        </testcase>
        <testcase name="it_throws_exception_when_no_approver_found" file="C:\XAMPP\htdocs\ictserve-031125\tests\Unit\Services\ApprovalMatrixServiceTest.php" line="214" class="Tests\Unit\Services\ApprovalMatrixServiceTest" classname="Tests.Unit.Services.ApprovalMatrixServiceTest" assertions="2" time="2.205689"/>
        <testcase name="it_defaults_to_grade_54_for_unknown_applicant_grade" file="C:\XAMPP\htdocs\ictserve-031125\tests\Unit\Services\ApprovalMatrixServiceTest.php" line="226" class="Tests\Unit\Services\ApprovalMatrixServiceTest" classname="Tests.Unit.Services.ApprovalMatrixServiceTest" assertions="0" time="2.263105">
          <error type="Illuminate\Database\QueryException">Tests\Unit\Services\ApprovalMatrixServiceTest::it_defaults_to_grade_54_for_unknown_applicant_grade&#13;
Illuminate\Database\QueryException: SQLSTATE[HY000]: General error: 1 table users has no column named grade (Connection: sqlite, SQL: insert into "users" ("name", "email", "email_verified_at", "password", "remember_token", "role", "is_active", "grade", "updated_at", "created_at") values (Miss Lucile Raynor I, approver54@example.com, 2025-11-05 00:23:36, $2y$04$ZGLLkg5psGtJPYCqndhaqesPk2aYnnszGkKmW6S8U3odr5c80meFe, LCRi6LJUqd, approver, 1, 54, 2025-11-05 00:23:36, 2025-11-05 00:23:36))
&#13;
C:\XAMPP\htdocs\ictserve-031125\vendor\laravel\framework\src\Illuminate\Database\Connection.php:824
C:\XAMPP\htdocs\ictserve-031125\vendor\laravel\framework\src\Illuminate\Database\Connection.php:778
C:\XAMPP\htdocs\ictserve-031125\vendor\laravel\framework\src\Illuminate\Database\Connection.php:559
C:\XAMPP\htdocs\ictserve-031125\vendor\laravel\framework\src\Illuminate\Database\Connection.php:523
C:\XAMPP\htdocs\ictserve-031125\vendor\laravel\framework\src\Illuminate\Database\Query\Processors\Processor.php:32
C:\XAMPP\htdocs\ictserve-031125\vendor\laravel\framework\src\Illuminate\Database\Query\Builder.php:3853
C:\XAMPP\htdocs\ictserve-031125\vendor\laravel\framework\src\Illuminate\Database\Eloquent\Builder.php:2235
C:\XAMPP\htdocs\ictserve-031125\vendor\laravel\framework\src\Illuminate\Database\Eloquent\Model.php:1436
C:\XAMPP\htdocs\ictserve-031125\vendor\laravel\framework\src\Illuminate\Database\Eloquent\Model.php:1401
C:\XAMPP\htdocs\ictserve-031125\vendor\laravel\framework\src\Illuminate\Database\Eloquent\Model.php:1240
C:\XAMPP\htdocs\ictserve-031125\vendor\laravel\framework\src\Illuminate\Database\Eloquent\Factories\Factory.php:370
C:\XAMPP\htdocs\ictserve-031125\vendor\laravel\framework\src\Illuminate\Collections\Traits\EnumeratesValues.php:271
C:\XAMPP\htdocs\ictserve-031125\vendor\laravel\framework\src\Illuminate\Database\Eloquent\Factories\Factory.php:365
C:\XAMPP\htdocs\ictserve-031125\vendor\laravel\framework\src\Illuminate\Database\Eloquent\Factories\Factory.php:321
C:\XAMPP\htdocs\ictserve-031125\vendor\laravel\framework\src\Illuminate\Database\Eloquent\Factories\Factory.php:315
C:\XAMPP\htdocs\ictserve-031125\tests\Unit\Services\ApprovalMatrixServiceTest.php:229</error>
        </testcase>
        <testcase name="it_validates_user_can_approve_based_on_grade" file="C:\XAMPP\htdocs\ictserve-031125\tests\Unit\Services\ApprovalMatrixServiceTest.php" line="244" class="Tests\Unit\Services\ApprovalMatrixServiceTest" classname="Tests.Unit.Services.ApprovalMatrixServiceTest" assertions="0" time="1.438565">
          <error type="Illuminate\Database\QueryException">Tests\Unit\Services\ApprovalMatrixServiceTest::it_validates_user_can_approve_based_on_grade&#13;
Illuminate\Database\QueryException: SQLSTATE[HY000]: General error: 1 table users has no column named grade (Connection: sqlite, SQL: insert into "users" ("name", "email", "email_verified_at", "password", "remember_token", "role", "is_active", "grade", "updated_at", "created_at") values (Mariana Koch, lucinda.lowe@example.net, 2025-11-05 00:23:37, $2y$04$ZGLLkg5psGtJPYCqndhaqesPk2aYnnszGkKmW6S8U3odr5c80meFe, lL7EcAazdj, approver, 1, 48, 2025-11-05 00:23:37, 2025-11-05 00:23:37))
&#13;
C:\XAMPP\htdocs\ictserve-031125\vendor\laravel\framework\src\Illuminate\Database\Connection.php:824
C:\XAMPP\htdocs\ictserve-031125\vendor\laravel\framework\src\Illuminate\Database\Connection.php:778
C:\XAMPP\htdocs\ictserve-031125\vendor\laravel\framework\src\Illuminate\Database\Connection.php:559
C:\XAMPP\htdocs\ictserve-031125\vendor\laravel\framework\src\Illuminate\Database\Connection.php:523
C:\XAMPP\htdocs\ictserve-031125\vendor\laravel\framework\src\Illuminate\Database\Query\Processors\Processor.php:32
C:\XAMPP\htdocs\ictserve-031125\vendor\laravel\framework\src\Illuminate\Database\Query\Builder.php:3853
C:\XAMPP\htdocs\ictserve-031125\vendor\laravel\framework\src\Illuminate\Database\Eloquent\Builder.php:2235
C:\XAMPP\htdocs\ictserve-031125\vendor\laravel\framework\src\Illuminate\Database\Eloquent\Model.php:1436
C:\XAMPP\htdocs\ictserve-031125\vendor\laravel\framework\src\Illuminate\Database\Eloquent\Model.php:1401
C:\XAMPP\htdocs\ictserve-031125\vendor\laravel\framework\src\Illuminate\Database\Eloquent\Model.php:1240
C:\XAMPP\htdocs\ictserve-031125\vendor\laravel\framework\src\Illuminate\Database\Eloquent\Factories\Factory.php:370
C:\XAMPP\htdocs\ictserve-031125\vendor\laravel\framework\src\Illuminate\Collections\Traits\EnumeratesValues.php:271
C:\XAMPP\htdocs\ictserve-031125\vendor\laravel\framework\src\Illuminate\Database\Eloquent\Factories\Factory.php:365
C:\XAMPP\htdocs\ictserve-031125\vendor\laravel\framework\src\Illuminate\Database\Eloquent\Factories\Factory.php:321
C:\XAMPP\htdocs\ictserve-031125\vendor\laravel\framework\src\Illuminate\Database\Eloquent\Factories\Factory.php:315
C:\XAMPP\htdocs\ictserve-031125\tests\Unit\Services\ApprovalMatrixServiceTest.php:247</error>
        </testcase>
        <testcase name="it_rejects_non_approver_users" file="C:\XAMPP\htdocs\ictserve-031125\tests\Unit\Services\ApprovalMatrixServiceTest.php" line="258" class="Tests\Unit\Services\ApprovalMatrixServiceTest" classname="Tests.Unit.Services.ApprovalMatrixServiceTest" assertions="0" time="1.451144">
          <error type="Illuminate\Database\QueryException">Tests\Unit\Services\ApprovalMatrixServiceTest::it_rejects_non_approver_users&#13;
Illuminate\Database\QueryException: SQLSTATE[HY000]: General error: 1 table users has no column named grade (Connection: sqlite, SQL: insert into "users" ("name", "email", "email_verified_at", "password", "remember_token", "role", "is_active", "grade", "updated_at", "created_at") values (Dr. Shirley Bradtke, wisoky.raquel@example.net, 2025-11-05 00:23:39, $2y$04$ZGLLkg5psGtJPYCqndhaqesPk2aYnnszGkKmW6S8U3odr5c80meFe, Wp7C6kNENg, staff, 1, 48, 2025-11-05 00:23:39, 2025-11-05 00:23:39))
&#13;
C:\XAMPP\htdocs\ictserve-031125\vendor\laravel\framework\src\Illuminate\Database\Connection.php:824
C:\XAMPP\htdocs\ictserve-031125\vendor\laravel\framework\src\Illuminate\Database\Connection.php:778
C:\XAMPP\htdocs\ictserve-031125\vendor\laravel\framework\src\Illuminate\Database\Connection.php:559
C:\XAMPP\htdocs\ictserve-031125\vendor\laravel\framework\src\Illuminate\Database\Connection.php:523
C:\XAMPP\htdocs\ictserve-031125\vendor\laravel\framework\src\Illuminate\Database\Query\Processors\Processor.php:32
C:\XAMPP\htdocs\ictserve-031125\vendor\laravel\framework\src\Illuminate\Database\Query\Builder.php:3853
C:\XAMPP\htdocs\ictserve-031125\vendor\laravel\framework\src\Illuminate\Database\Eloquent\Builder.php:2235
C:\XAMPP\htdocs\ictserve-031125\vendor\laravel\framework\src\Illuminate\Database\Eloquent\Model.php:1436
C:\XAMPP\htdocs\ictserve-031125\vendor\laravel\framework\src\Illuminate\Database\Eloquent\Model.php:1401
C:\XAMPP\htdocs\ictserve-031125\vendor\laravel\framework\src\Illuminate\Database\Eloquent\Model.php:1240
C:\XAMPP\htdocs\ictserve-031125\vendor\laravel\framework\src\Illuminate\Database\Eloquent\Factories\Factory.php:370
C:\XAMPP\htdocs\ictserve-031125\vendor\laravel\framework\src\Illuminate\Collections\Traits\EnumeratesValues.php:271
C:\XAMPP\htdocs\ictserve-031125\vendor\laravel\framework\src\Illuminate\Database\Eloquent\Factories\Factory.php:365
C:\XAMPP\htdocs\ictserve-031125\vendor\laravel\framework\src\Illuminate\Database\Eloquent\Factories\Factory.php:321
C:\XAMPP\htdocs\ictserve-031125\vendor\laravel\framework\src\Illuminate\Database\Eloquent\Factories\Factory.php:315
C:\XAMPP\htdocs\ictserve-031125\tests\Unit\Services\ApprovalMatrixServiceTest.php:261</error>
        </testcase>
        <testcase name="it_handles_exact_threshold_values_correctly" file="C:\XAMPP\htdocs\ictserve-031125\tests\Unit\Services\ApprovalMatrixServiceTest.php" line="271" class="Tests\Unit\Services\ApprovalMatrixServiceTest" classname="Tests.Unit.Services.ApprovalMatrixServiceTest" assertions="0" time="1.693683">
          <error type="Illuminate\Database\QueryException">Tests\Unit\Services\ApprovalMatrixServiceTest::it_handles_exact_threshold_values_correctly&#13;
Illuminate\Database\QueryException: SQLSTATE[HY000]: General error: 1 table users has no column named grade (Connection: sqlite, SQL: insert into "users" ("name", "email", "email_verified_at", "password", "remember_token", "role", "is_active", "grade", "updated_at", "created_at") values (Gianni Luettgen, king.kacie@example.net, 2025-11-05 00:23:40, $2y$04$ZGLLkg5psGtJPYCqndhaqesPk2aYnnszGkKmW6S8U3odr5c80meFe, PiyvQp7Rtz, approver, 1, 44, 2025-11-05 00:23:40, 2025-11-05 00:23:40))
&#13;
C:\XAMPP\htdocs\ictserve-031125\vendor\laravel\framework\src\Illuminate\Database\Connection.php:824
C:\XAMPP\htdocs\ictserve-031125\vendor\laravel\framework\src\Illuminate\Database\Connection.php:778
C:\XAMPP\htdocs\ictserve-031125\vendor\laravel\framework\src\Illuminate\Database\Connection.php:559
C:\XAMPP\htdocs\ictserve-031125\vendor\laravel\framework\src\Illuminate\Database\Connection.php:523
C:\XAMPP\htdocs\ictserve-031125\vendor\laravel\framework\src\Illuminate\Database\Query\Processors\Processor.php:32
C:\XAMPP\htdocs\ictserve-031125\vendor\laravel\framework\src\Illuminate\Database\Query\Builder.php:3853
C:\XAMPP\htdocs\ictserve-031125\vendor\laravel\framework\src\Illuminate\Database\Eloquent\Builder.php:2235
C:\XAMPP\htdocs\ictserve-031125\vendor\laravel\framework\src\Illuminate\Database\Eloquent\Model.php:1436
C:\XAMPP\htdocs\ictserve-031125\vendor\laravel\framework\src\Illuminate\Database\Eloquent\Model.php:1401
C:\XAMPP\htdocs\ictserve-031125\vendor\laravel\framework\src\Illuminate\Database\Eloquent\Model.php:1240
C:\XAMPP\htdocs\ictserve-031125\vendor\laravel\framework\src\Illuminate\Database\Eloquent\Factories\Factory.php:370
C:\XAMPP\htdocs\ictserve-031125\vendor\laravel\framework\src\Illuminate\Collections\Traits\EnumeratesValues.php:271
C:\XAMPP\htdocs\ictserve-031125\vendor\laravel\framework\src\Illuminate\Database\Eloquent\Factories\Factory.php:365
C:\XAMPP\htdocs\ictserve-031125\vendor\laravel\framework\src\Illuminate\Database\Eloquent\Factories\Factory.php:321
C:\XAMPP\htdocs\ictserve-031125\vendor\laravel\framework\src\Illuminate\Database\Eloquent\Factories\Factory.php:315
C:\XAMPP\htdocs\ictserve-031125\tests\Unit\Services\ApprovalMatrixServiceTest.php:274</error>
        </testcase>
        <testcase name="it_returns_complete_approver_information" file="C:\XAMPP\htdocs\ictserve-031125\tests\Unit\Services\ApprovalMatrixServiceTest.php" line="293" class="Tests\Unit\Services\ApprovalMatrixServiceTest" classname="Tests.Unit.Services.ApprovalMatrixServiceTest" assertions="0" time="2.085239">
          <error type="Illuminate\Database\QueryException">Tests\Unit\Services\ApprovalMatrixServiceTest::it_returns_complete_approver_information&#13;
Illuminate\Database\QueryException: SQLSTATE[HY000]: General error: 1 table users has no column named grade (Connection: sqlite, SQL: insert into "users" ("name", "email", "email_verified_at", "password", "remember_token", "role", "is_active", "grade", "updated_at", "created_at") values (John Approver, john.approver@example.com, 2025-11-05 00:23:43, $2y$04$ZGLLkg5psGtJPYCqndhaqesPk2aYnnszGkKmW6S8U3odr5c80meFe, Vi1E5HcbLK, approver, 1, 48, 2025-11-05 00:23:43, 2025-11-05 00:23:43))
&#13;
C:\XAMPP\htdocs\ictserve-031125\vendor\laravel\framework\src\Illuminate\Database\Connection.php:824
C:\XAMPP\htdocs\ictserve-031125\vendor\laravel\framework\src\Illuminate\Database\Connection.php:778
C:\XAMPP\htdocs\ictserve-031125\vendor\laravel\framework\src\Illuminate\Database\Connection.php:559
C:\XAMPP\htdocs\ictserve-031125\vendor\laravel\framework\src\Illuminate\Database\Connection.php:523
C:\XAMPP\htdocs\ictserve-031125\vendor\laravel\framework\src\Illuminate\Database\Query\Processors\Processor.php:32
C:\XAMPP\htdocs\ictserve-031125\vendor\laravel\framework\src\Illuminate\Database\Query\Builder.php:3853
C:\XAMPP\htdocs\ictserve-031125\vendor\laravel\framework\src\Illuminate\Database\Eloquent\Builder.php:2235
C:\XAMPP\htdocs\ictserve-031125\vendor\laravel\framework\src\Illuminate\Database\Eloquent\Model.php:1436
C:\XAMPP\htdocs\ictserve-031125\vendor\laravel\framework\src\Illuminate\Database\Eloquent\Model.php:1401
C:\XAMPP\htdocs\ictserve-031125\vendor\laravel\framework\src\Illuminate\Database\Eloquent\Model.php:1240
C:\XAMPP\htdocs\ictserve-031125\vendor\laravel\framework\src\Illuminate\Database\Eloquent\Factories\Factory.php:370
C:\XAMPP\htdocs\ictserve-031125\vendor\laravel\framework\src\Illuminate\Collections\Traits\EnumeratesValues.php:271
C:\XAMPP\htdocs\ictserve-031125\vendor\laravel\framework\src\Illuminate\Database\Eloquent\Factories\Factory.php:365
C:\XAMPP\htdocs\ictserve-031125\vendor\laravel\framework\src\Illuminate\Database\Eloquent\Factories\Factory.php:321
C:\XAMPP\htdocs\ictserve-031125\vendor\laravel\framework\src\Illuminate\Database\Eloquent\Factories\Factory.php:315
C:\XAMPP\htdocs\ictserve-031125\tests\Unit\Services\ApprovalMatrixServiceTest.php:296</error>
        </testcase>
        <testcase name="it_handles_multiple_approvers_of_same_grade" file="C:\XAMPP\htdocs\ictserve-031125\tests\Unit\Services\ApprovalMatrixServiceTest.php" line="317" class="Tests\Unit\Services\ApprovalMatrixServiceTest" classname="Tests.Unit.Services.ApprovalMatrixServiceTest" assertions="0" time="2.057456">
          <error type="Illuminate\Database\QueryException">Tests\Unit\Services\ApprovalMatrixServiceTest::it_handles_multiple_approvers_of_same_grade&#13;
Illuminate\Database\QueryException: SQLSTATE[HY000]: General error: 1 table users has no column named grade (Connection: sqlite, SQL: insert into "users" ("name", "email", "email_verified_at", "password", "remember_token", "role", "is_active", "grade", "updated_at", "created_at") values (Jermaine Beier, approver1@example.com, 2025-11-05 00:23:45, $2y$04$ZGLLkg5psGtJPYCqndhaqesPk2aYnnszGkKmW6S8U3odr5c80meFe, igCdPvVNq4, approver, 1, 48, 2025-11-05 00:23:45, 2025-11-05 00:23:45))
&#13;
C:\XAMPP\htdocs\ictserve-031125\vendor\laravel\framework\src\Illuminate\Database\Connection.php:824
C:\XAMPP\htdocs\ictserve-031125\vendor\laravel\framework\src\Illuminate\Database\Connection.php:778
C:\XAMPP\htdocs\ictserve-031125\vendor\laravel\framework\src\Illuminate\Database\Connection.php:559
C:\XAMPP\htdocs\ictserve-031125\vendor\laravel\framework\src\Illuminate\Database\Connection.php:523
C:\XAMPP\htdocs\ictserve-031125\vendor\laravel\framework\src\Illuminate\Database\Query\Processors\Processor.php:32
C:\XAMPP\htdocs\ictserve-031125\vendor\laravel\framework\src\Illuminate\Database\Query\Builder.php:3853
C:\XAMPP\htdocs\ictserve-031125\vendor\laravel\framework\src\Illuminate\Database\Eloquent\Builder.php:2235
C:\XAMPP\htdocs\ictserve-031125\vendor\laravel\framework\src\Illuminate\Database\Eloquent\Model.php:1436
C:\XAMPP\htdocs\ictserve-031125\vendor\laravel\framework\src\Illuminate\Database\Eloquent\Model.php:1401
C:\XAMPP\htdocs\ictserve-031125\vendor\laravel\framework\src\Illuminate\Database\Eloquent\Model.php:1240
C:\XAMPP\htdocs\ictserve-031125\vendor\laravel\framework\src\Illuminate\Database\Eloquent\Factories\Factory.php:370
C:\XAMPP\htdocs\ictserve-031125\vendor\laravel\framework\src\Illuminate\Collections\Traits\EnumeratesValues.php:271
C:\XAMPP\htdocs\ictserve-031125\vendor\laravel\framework\src\Illuminate\Database\Eloquent\Factories\Factory.php:365
C:\XAMPP\htdocs\ictserve-031125\vendor\laravel\framework\src\Illuminate\Database\Eloquent\Factories\Factory.php:321
C:\XAMPP\htdocs\ictserve-031125\vendor\laravel\framework\src\Illuminate\Database\Eloquent\Factories\Factory.php:315
C:\XAMPP\htdocs\ictserve-031125\tests\Unit\Services\ApprovalMatrixServiceTest.php:320</error>
        </testcase>
        <testcase name="it_handles_grade_52_applications_correctly" file="C:\XAMPP\htdocs\ictserve-031125\tests\Unit\Services\ApprovalMatrixServiceTest.php" line="344" class="Tests\Unit\Services\ApprovalMatrixServiceTest" classname="Tests.Unit.Services.ApprovalMatrixServiceTest" assertions="0" time="3.324335">
          <error type="Illuminate\Database\QueryException">Tests\Unit\Services\ApprovalMatrixServiceTest::it_handles_grade_52_applications_correctly&#13;
Illuminate\Database\QueryException: SQLSTATE[HY000]: General error: 1 table users has no column named grade (Connection: sqlite, SQL: insert into "users" ("name", "email", "email_verified_at", "password", "remember_token", "role", "is_active", "grade", "updated_at", "created_at") values (Brendon O'Reilly, approver54@example.com, 2025-11-05 00:23:48, $2y$04$ZGLLkg5psGtJPYCqndhaqesPk2aYnnszGkKmW6S8U3odr5c80meFe, mksFhhJftI, approver, 1, 54, 2025-11-05 00:23:48, 2025-11-05 00:23:48))
&#13;
C:\XAMPP\htdocs\ictserve-031125\vendor\laravel\framework\src\Illuminate\Database\Connection.php:824
C:\XAMPP\htdocs\ictserve-031125\vendor\laravel\framework\src\Illuminate\Database\Connection.php:778
C:\XAMPP\htdocs\ictserve-031125\vendor\laravel\framework\src\Illuminate\Database\Connection.php:559
C:\XAMPP\htdocs\ictserve-031125\vendor\laravel\framework\src\Illuminate\Database\Connection.php:523
C:\XAMPP\htdocs\ictserve-031125\vendor\laravel\framework\src\Illuminate\Database\Query\Processors\Processor.php:32
C:\XAMPP\htdocs\ictserve-031125\vendor\laravel\framework\src\Illuminate\Database\Query\Builder.php:3853
C:\XAMPP\htdocs\ictserve-031125\vendor\laravel\framework\src\Illuminate\Database\Eloquent\Builder.php:2235
C:\XAMPP\htdocs\ictserve-031125\vendor\laravel\framework\src\Illuminate\Database\Eloquent\Model.php:1436
C:\XAMPP\htdocs\ictserve-031125\vendor\laravel\framework\src\Illuminate\Database\Eloquent\Model.php:1401
C:\XAMPP\htdocs\ictserve-031125\vendor\laravel\framework\src\Illuminate\Database\Eloquent\Model.php:1240
C:\XAMPP\htdocs\ictserve-031125\vendor\laravel\framework\src\Illuminate\Database\Eloquent\Factories\Factory.php:370
C:\XAMPP\htdocs\ictserve-031125\vendor\laravel\framework\src\Illuminate\Collections\Traits\EnumeratesValues.php:271
C:\XAMPP\htdocs\ictserve-031125\vendor\laravel\framework\src\Illuminate\Database\Eloquent\Factories\Factory.php:365
C:\XAMPP\htdocs\ictserve-031125\vendor\laravel\framework\src\Illuminate\Database\Eloquent\Factories\Factory.php:321
C:\XAMPP\htdocs\ictserve-031125\vendor\laravel\framework\src\Illuminate\Database\Eloquent\Factories\Factory.php:315
C:\XAMPP\htdocs\ictserve-031125\tests\Unit\Services\ApprovalMatrixServiceTest.php:347</error>
        </testcase>
        <testcase name="it_handles_very_high_value_applications" file="C:\XAMPP\htdocs\ictserve-031125\tests\Unit\Services\ApprovalMatrixServiceTest.php" line="362" class="Tests\Unit\Services\ApprovalMatrixServiceTest" classname="Tests.Unit.Services.ApprovalMatrixServiceTest" assertions="0" time="2.704057">
          <error type="Illuminate\Database\QueryException">Tests\Unit\Services\ApprovalMatrixServiceTest::it_handles_very_high_value_applications&#13;
Illuminate\Database\QueryException: SQLSTATE[HY000]: General error: 1 table users has no column named grade (Connection: sqlite, SQL: insert into "users" ("name", "email", "email_verified_at", "password", "remember_token", "role", "is_active", "grade", "updated_at", "created_at") values (Jett Rippin, approver54@example.com, 2025-11-05 00:23:51, $2y$04$ZGLLkg5psGtJPYCqndhaqesPk2aYnnszGkKmW6S8U3odr5c80meFe, GkADF4hFjq, approver, 1, 54, 2025-11-05 00:23:51, 2025-11-05 00:23:51))
&#13;
C:\XAMPP\htdocs\ictserve-031125\vendor\laravel\framework\src\Illuminate\Database\Connection.php:824
C:\XAMPP\htdocs\ictserve-031125\vendor\laravel\framework\src\Illuminate\Database\Connection.php:778
C:\XAMPP\htdocs\ictserve-031125\vendor\laravel\framework\src\Illuminate\Database\Connection.php:559
C:\XAMPP\htdocs\ictserve-031125\vendor\laravel\framework\src\Illuminate\Database\Connection.php:523
C:\XAMPP\htdocs\ictserve-031125\vendor\laravel\framework\src\Illuminate\Database\Query\Processors\Processor.php:32
C:\XAMPP\htdocs\ictserve-031125\vendor\laravel\framework\src\Illuminate\Database\Query\Builder.php:3853
C:\XAMPP\htdocs\ictserve-031125\vendor\laravel\framework\src\Illuminate\Database\Eloquent\Builder.php:2235
C:\XAMPP\htdocs\ictserve-031125\vendor\laravel\framework\src\Illuminate\Database\Eloquent\Model.php:1436
C:\XAMPP\htdocs\ictserve-031125\vendor\laravel\framework\src\Illuminate\Database\Eloquent\Model.php:1401
C:\XAMPP\htdocs\ictserve-031125\vendor\laravel\framework\src\Illuminate\Database\Eloquent\Model.php:1240
C:\XAMPP\htdocs\ictserve-031125\vendor\laravel\framework\src\Illuminate\Database\Eloquent\Factories\Factory.php:370
C:\XAMPP\htdocs\ictserve-031125\vendor\laravel\framework\src\Illuminate\Collections\Traits\EnumeratesValues.php:271
C:\XAMPP\htdocs\ictserve-031125\vendor\laravel\framework\src\Illuminate\Database\Eloquent\Factories\Factory.php:365
C:\XAMPP\htdocs\ictserve-031125\vendor\laravel\framework\src\Illuminate\Database\Eloquent\Factories\Factory.php:321
C:\XAMPP\htdocs\ictserve-031125\vendor\laravel\framework\src\Illuminate\Database\Eloquent\Factories\Factory.php:315
C:\XAMPP\htdocs\ictserve-031125\tests\Unit\Services\ApprovalMatrixServiceTest.php:365</error>
        </testcase>
      </testsuite>
      <testsuite name="Tests\Unit\Services\AssetAvailabilityServiceTest" file="C:\XAMPP\htdocs\ictserve-031125\tests\Unit\Services\AssetAvailabilityServiceTest.php" tests="14" assertions="31" errors="0" failures="1" skipped="0" time="26.900102">
        <testcase name="it_returns_available_for_unbooked_asset" file="C:\XAMPP\htdocs\ictserve-031125\tests\Unit\Services\AssetAvailabilityServiceTest.php" line="41" class="Tests\Unit\Services\AssetAvailabilityServiceTest" classname="Tests.Unit.Services.AssetAvailabilityServiceTest" assertions="1" time="2.160801"/>
        <testcase name="it_returns_unavailable_for_booked_asset" file="C:\XAMPP\htdocs\ictserve-031125\tests\Unit\Services\AssetAvailabilityServiceTest.php" line="60" class="Tests\Unit\Services\AssetAvailabilityServiceTest" classname="Tests.Unit.Services.AssetAvailabilityServiceTest" assertions="1" time="1.699973"/>
        <testcase name="it_returns_unavailable_for_maintenance_asset" file="C:\XAMPP\htdocs\ictserve-031125\tests\Unit\Services\AssetAvailabilityServiceTest.php" line="90" class="Tests\Unit\Services\AssetAvailabilityServiceTest" classname="Tests.Unit.Services.AssetAvailabilityServiceTest" assertions="1" time="2.037829"/>
        <testcase name="it_excludes_specific_application_from_availability_check" file="C:\XAMPP\htdocs\ictserve-031125\tests\Unit\Services\AssetAvailabilityServiceTest.php" line="112" class="Tests\Unit\Services\AssetAvailabilityServiceTest" classname="Tests.Unit.Services.AssetAvailabilityServiceTest" assertions="1" time="2.180867"/>
        <testcase name="it_detects_overlapping_date_ranges" file="C:\XAMPP\htdocs\ictserve-031125\tests\Unit\Services\AssetAvailabilityServiceTest.php" line="143" class="Tests\Unit\Services\AssetAvailabilityServiceTest" classname="Tests.Unit.Services.AssetAvailabilityServiceTest" assertions="6" time="1.869207"/>
        <testcase name="it_checks_multiple_assets_simultaneously" file="C:\XAMPP\htdocs\ictserve-031125\tests\Unit\Services\AssetAvailabilityServiceTest.php" line="194" class="Tests\Unit\Services\AssetAvailabilityServiceTest" classname="Tests.Unit.Services.AssetAvailabilityServiceTest" assertions="3" time="1.696569"/>
        <testcase name="it_generates_availability_calendar_with_booked_dates" file="C:\XAMPP\htdocs\ictserve-031125\tests\Unit\Services\AssetAvailabilityServiceTest.php" line="229" class="Tests\Unit\Services\AssetAvailabilityServiceTest" classname="Tests.Unit.Services.AssetAvailabilityServiceTest" assertions="4" time="1.552301">
          <failure type="PHPUnit\Framework\ExpectationFailedException">Tests\Unit\Services\AssetAvailabilityServiceTest::it_generates_availability_calendar_with_booked_dates&#13;
Failed asserting that two strings are equal.
--- Expected
+++ Actual
@@ @@
-'LA2025010001'
+'LA2025010002'
&#13;
C:\XAMPP\htdocs\ictserve-031125\tests\Unit\Services\AssetAvailabilityServiceTest.php:270</failure>
        </testcase>
        <testcase name="it_caches_availability_calendar_for_performance" file="C:\XAMPP\htdocs\ictserve-031125\tests\Unit\Services\AssetAvailabilityServiceTest.php" line="275" class="Tests\Unit\Services\AssetAvailabilityServiceTest" classname="Tests.Unit.Services.AssetAvailabilityServiceTest" assertions="3" time="1.848192"/>
        <testcase name="it_finds_alternative_available_assets_in_same_category" file="C:\XAMPP\htdocs\ictserve-031125\tests\Unit\Services\AssetAvailabilityServiceTest.php" line="304" class="Tests\Unit\Services\AssetAvailabilityServiceTest" classname="Tests.Unit.Services.AssetAvailabilityServiceTest" assertions="4" time="1.734833"/>
        <testcase name="it_limits_alternative_assets_to_specified_count" file="C:\XAMPP\htdocs\ictserve-031125\tests\Unit\Services\AssetAvailabilityServiceTest.php" line="354" class="Tests\Unit\Services\AssetAvailabilityServiceTest" classname="Tests.Unit.Services.AssetAvailabilityServiceTest" assertions="1" time="2.177788"/>
        <testcase name="it_only_considers_active_loan_statuses_for_availability" file="C:\XAMPP\htdocs\ictserve-031125\tests\Unit\Services\AssetAvailabilityServiceTest.php" line="381" class="Tests\Unit\Services\AssetAvailabilityServiceTest" classname="Tests.Unit.Services.AssetAvailabilityServiceTest" assertions="1" time="1.777103"/>
        <testcase name="it_clears_availability_cache_for_asset" file="C:\XAMPP\htdocs\ictserve-031125\tests\Unit\Services\AssetAvailabilityServiceTest.php" line="441" class="Tests\Unit\Services\AssetAvailabilityServiceTest" classname="Tests.Unit.Services.AssetAvailabilityServiceTest" assertions="2" time="1.754147"/>
        <testcase name="it_handles_non_existent_asset_gracefully" file="C:\XAMPP\htdocs\ictserve-031125\tests\Unit\Services\AssetAvailabilityServiceTest.php" line="458" class="Tests\Unit\Services\AssetAvailabilityServiceTest" classname="Tests.Unit.Services.AssetAvailabilityServiceTest" assertions="1" time="1.682693"/>
        <testcase name="it_performs_availability_check_within_performance_target" file="C:\XAMPP\htdocs\ictserve-031125\tests\Unit\Services\AssetAvailabilityServiceTest.php" line="477" class="Tests\Unit\Services\AssetAvailabilityServiceTest" classname="Tests.Unit.Services.AssetAvailabilityServiceTest" assertions="2" time="2.727798"/>
      </testsuite>
      <testsuite name="Tests\Unit\Services\AutomatedReportServiceTest" file="C:\XAMPP\htdocs\ictserve-031125\tests\Unit\Services\AutomatedReportServiceTest.php" tests="1" assertions="16" errors="0" failures="0" skipped="0" time="3.162869">
        <testcase name="test_generate_custom_report_includes_detailed_sections" file="C:\XAMPP\htdocs\ictserve-031125\tests\Unit\Services\AutomatedReportServiceTest.php" line="27" class="Tests\Unit\Services\AutomatedReportServiceTest" classname="Tests.Unit.Services.AutomatedReportServiceTest" assertions="16" time="3.162869"/>
      </testsuite>
      <testsuite name="Tests\Unit\Services\LoanApplicationServiceTest" file="C:\XAMPP\htdocs\ictserve-031125\tests\Unit\Services\LoanApplicationServiceTest.php" tests="12" assertions="40" errors="1" failures="0" skipped="0" time="21.227038">
        <testcase name="it_creates_guest_loan_application_successfully" file="C:\XAMPP\htdocs\ictserve-031125\tests\Unit\Services\LoanApplicationServiceTest.php" line="52" class="Tests\Unit\Services\LoanApplicationServiceTest" classname="Tests.Unit.Services.LoanApplicationServiceTest" assertions="9" time="2.216220"/>
        <testcase name="it_creates_authenticated_loan_application_successfully" file="C:\XAMPP\htdocs\ictserve-031125\tests\Unit\Services\LoanApplicationServiceTest.php" line="92" class="Tests\Unit\Services\LoanApplicationServiceTest" classname="Tests.Unit.Services.LoanApplicationServiceTest" assertions="0" time="1.658434">
          <error type="Illuminate\Database\QueryException">Tests\Unit\Services\LoanApplicationServiceTest::it_creates_authenticated_loan_application_successfully&#13;
Illuminate\Database\QueryException: SQLSTATE[HY000]: General error: 1 table users has no column named grade (Connection: sqlite, SQL: insert into "users" ("name", "email", "email_verified_at", "password", "remember_token", "role", "is_active", "grade", "updated_at", "created_at") values (Mellie Greenholt, user@example.com, 2025-11-05 00:24:25, $2y$04$ZGLLkg5psGtJPYCqndhaqesPk2aYnnszGkKmW6S8U3odr5c80meFe, WBoU7utlSH, staff, 1, 44, 2025-11-05 00:24:25, 2025-11-05 00:24:25))
&#13;
C:\XAMPP\htdocs\ictserve-031125\vendor\laravel\framework\src\Illuminate\Database\Connection.php:824
C:\XAMPP\htdocs\ictserve-031125\vendor\laravel\framework\src\Illuminate\Database\Connection.php:778
C:\XAMPP\htdocs\ictserve-031125\vendor\laravel\framework\src\Illuminate\Database\Connection.php:559
C:\XAMPP\htdocs\ictserve-031125\vendor\laravel\framework\src\Illuminate\Database\Connection.php:523
C:\XAMPP\htdocs\ictserve-031125\vendor\laravel\framework\src\Illuminate\Database\Query\Processors\Processor.php:32
C:\XAMPP\htdocs\ictserve-031125\vendor\laravel\framework\src\Illuminate\Database\Query\Builder.php:3853
C:\XAMPP\htdocs\ictserve-031125\vendor\laravel\framework\src\Illuminate\Database\Eloquent\Builder.php:2235
C:\XAMPP\htdocs\ictserve-031125\vendor\laravel\framework\src\Illuminate\Database\Eloquent\Model.php:1436
C:\XAMPP\htdocs\ictserve-031125\vendor\laravel\framework\src\Illuminate\Database\Eloquent\Model.php:1401
C:\XAMPP\htdocs\ictserve-031125\vendor\laravel\framework\src\Illuminate\Database\Eloquent\Model.php:1240
C:\XAMPP\htdocs\ictserve-031125\vendor\laravel\framework\src\Illuminate\Database\Eloquent\Factories\Factory.php:370
C:\XAMPP\htdocs\ictserve-031125\vendor\laravel\framework\src\Illuminate\Collections\Traits\EnumeratesValues.php:271
C:\XAMPP\htdocs\ictserve-031125\vendor\laravel\framework\src\Illuminate\Database\Eloquent\Factories\Factory.php:365
C:\XAMPP\htdocs\ictserve-031125\vendor\laravel\framework\src\Illuminate\Database\Eloquent\Factories\Factory.php:321
C:\XAMPP\htdocs\ictserve-031125\vendor\laravel\framework\src\Illuminate\Database\Eloquent\Factories\Factory.php:315
C:\XAMPP\htdocs\ictserve-031125\tests\Unit\Services\LoanApplicationServiceTest.php:95</error>
        </testcase>
        <testcase name="it_creates_loan_items_with_correct_values" file="C:\XAMPP\htdocs\ictserve-031125\tests\Unit\Services\LoanApplicationServiceTest.php" line="133" class="Tests\Unit\Services\LoanApplicationServiceTest" classname="Tests.Unit.Services.LoanApplicationServiceTest" assertions="4" time="1.359053"/>
        <testcase name="it_generates_unique_application_number" file="C:\XAMPP\htdocs\ictserve-031125\tests\Unit\Services\LoanApplicationServiceTest.php" line="172" class="Tests\Unit\Services\LoanApplicationServiceTest" classname="Tests.Unit.Services.LoanApplicationServiceTest" assertions="5" time="1.391263"/>
        <testcase name="it_rolls_back_transaction_on_failure" file="C:\XAMPP\htdocs\ictserve-031125\tests\Unit\Services\LoanApplicationServiceTest.php" line="209" class="Tests\Unit\Services\LoanApplicationServiceTest" classname="Tests.Unit.Services.LoanApplicationServiceTest" assertions="1" time="1.734500"/>
        <testcase name="it_updates_loan_status_successfully" file="C:\XAMPP\htdocs\ictserve-031125\tests\Unit\Services\LoanApplicationServiceTest.php" line="239" class="Tests\Unit\Services\LoanApplicationServiceTest" classname="Tests.Unit.Services.LoanApplicationServiceTest" assertions="4" time="1.441632"/>
        <testcase name="it_requests_loan_extension_successfully" file="C:\XAMPP\htdocs\ictserve-031125\tests\Unit\Services\LoanApplicationServiceTest.php" line="258" class="Tests\Unit\Services\LoanApplicationServiceTest" classname="Tests.Unit.Services.LoanApplicationServiceTest" assertions="4" time="1.539846"/>
        <testcase name="it_claims_guest_application_successfully" file="C:\XAMPP\htdocs\ictserve-031125\tests\Unit\Services\LoanApplicationServiceTest.php" line="283" class="Tests\Unit\Services\LoanApplicationServiceTest" classname="Tests.Unit.Services.LoanApplicationServiceTest" assertions="3" time="2.157838"/>
        <testcase name="it_throws_exception_when_claiming_non_guest_application" file="C:\XAMPP\htdocs\ictserve-031125\tests\Unit\Services\LoanApplicationServiceTest.php" line="307" class="Tests\Unit\Services\LoanApplicationServiceTest" classname="Tests.Unit.Services.LoanApplicationServiceTest" assertions="2" time="1.742827"/>
        <testcase name="it_throws_exception_when_email_mismatch_on_claim" file="C:\XAMPP\htdocs\ictserve-031125\tests\Unit\Services\LoanApplicationServiceTest.php" line="328" class="Tests\Unit\Services\LoanApplicationServiceTest" classname="Tests.Unit.Services.LoanApplicationServiceTest" assertions="2" time="2.511639"/>
        <testcase name="it_sets_default_priority_when_not_provided" file="C:\XAMPP\htdocs\ictserve-031125\tests\Unit\Services\LoanApplicationServiceTest.php" line="348" class="Tests\Unit\Services\LoanApplicationServiceTest" classname="Tests.Unit.Services.LoanApplicationServiceTest" assertions="3" time="1.622036"/>
        <testcase name="it_uses_location_as_return_location_when_not_specified" file="C:\XAMPP\htdocs\ictserve-031125\tests\Unit\Services\LoanApplicationServiceTest.php" line="383" class="Tests\Unit\Services\LoanApplicationServiceTest" classname="Tests.Unit.Services.LoanApplicationServiceTest" assertions="3" time="1.851749"/>
      </testsuite>
    </testsuite>
    <testsuite name="Feature" tests="481" assertions="1252" errors="124" failures="39" skipped="6" time="1436.991887">
      <testsuite name="Tests\Feature\Accessibility\WcagComplianceTest" file="C:\XAMPP\htdocs\ictserve-031125\tests\Feature\Accessibility\WcagComplianceTest.php" tests="4" assertions="20" errors="0" failures="4" skipped="0" time="19.230131">
        <testcase name="test_guest_loan_form_wcag_compliance" file="C:\XAMPP\htdocs\ictserve-031125\tests\Feature\Accessibility\WcagComplianceTest.php" line="62" class="Tests\Feature\Accessibility\WcagComplianceTest" classname="Tests.Feature.Accessibility.WcagComplianceTest" assertions="6" time="5.249642">
          <failure type="PHPUnit\Framework\ExpectationFailedException">Tests\Feature\Accessibility\WcagComplianceTest::test_guest_loan_form_wcag_compliance&#13;
Failed asserting that '&lt;!DOCTYPE html&gt;\n
&lt;html lang="en"&gt;\n
    &lt;head&gt;\n
        &lt;meta charset="utf-8"&gt;\n
        &lt;meta name="viewport" content="width=device-width, initial-scale=1"&gt;\n
        &lt;meta name="csrf-token" content="Y4zZ2ktWJourJTl1tznLmqU0LN6cyHlxPh3Q49wd"&gt;\n
\n
        &lt;title&gt;ICTServe&lt;/title&gt;\n
\n
        &lt;link rel="preconnect" href="https://fonts.bunny.net"&gt;\n
        &lt;link href="https://fonts.bunny.net/css?family=figtree:400,500,600&amp;display=swap" rel="stylesheet" /&gt;\n
\n
        &lt;script type="module" src="http://[::1]:5173/@vite/client" data-navigate-track="reload"&gt;&lt;/script&gt;&lt;link rel="stylesheet" href="http://[::1]:5173/resources/css/app.css" data-navigate-track="reload" /&gt;&lt;script type="module" src="http://[::1]:5173/resources/js/app.js" data-navigate-track="reload"&gt;&lt;/script&gt;    &lt;!-- Livewire Styles --&gt;&lt;style &gt;[wire\:loading][wire\:loading], [wire\:loading\.delay][wire\:loading\.delay], [wire\:loading\.inline-block][wire\:loading\.inline-block], [wire\:loading\.inline][wire\:loading\.inline], [wire\:loading\.block][wire\:loading\.block], [wire\:loading\.flex][wire\:loading\.flex], [wire\:loading\.table][wire\:loading\.table], [wire\:loading\.grid][wire\:loading\.grid], [wire\:loading\.inline-flex][wire\:loading\.inline-flex] {display: none;}[wire\:loading\.delay\.none][wire\:loading\.delay\.none], [wire\:loading\.delay\.shortest][wire\:loading\.delay\.shortest], [wire\:loading\.delay\.shorter][wire\:loading\.delay\.shorter], [wire\:loading\.delay\.short][wire\:loading\.delay\.short], [wire\:loading\.delay\.default][wire\:loading\.delay\.default], [wire\:loading\.delay\.long][wire\:loading\.delay\.long], [wire\:loading\.delay\.longer][wire\:loading\.delay\.longer], [wire\:loading\.delay\.longest][wire\:loading\.delay\.longest] {display: none;}[wire\:offline][wire\:offline] {display: none;}[wire\:dirty]:not(textarea):not(input):not(select) {display: none;}:root {--livewire-progress-bar-color: #2299dd;}[x-cloak] {display: none !important;}[wire\:cloak] {display: none !important;}&lt;/style&gt;\n
&lt;/head&gt;\n
    &lt;body class="font-sans antialiased text-gray-900 bg-slate-50"&gt;\n
        &lt;div class="min-h-screen flex flex-col"&gt;\n
            &lt;div class="sr-only focus-within:not-sr-only"&gt;\n
    &lt;a href="#main-content"\n
        class="absolute top-0 left-0 z-50 px-4 py-2 bg-blue-600 text-white font-medium rounded-br-md focus:outline-none focus:ring-2 focus:ring-blue-600 focus:ring-offset-2 min-h-[44px] inline-flex items-center"&gt;\n
        Skip to main content\n
    &lt;/a&gt;\n
&lt;/div&gt;\n
            &lt;header class="bg-white shadow-md" role="banner"&gt;\n
    &lt;div class="max-w-7xl mx-auto px-4 sm:px-6 lg:px-8"&gt;\n
        &lt;div class="flex justify-between items-center h-16"&gt;\n
            \n
            &lt;div class="flex items-center"&gt;\n
                &lt;a href="http://localhost:8000"\n
                    class="flex items-center focus:outline-none focus:ring-2 focus:ring-blue-600 focus:ring-offset-2 rounded-md p-2"\n
                    aria-label="Home"&gt;\n
                    &lt;svg viewBox="0 0 316 316" xmlns="http://www.w3.org/2000/svg" class="h-10 w-auto"&gt;\n
    &lt;path d="M305.8 81.125C305.77 80.995 305.69 80.885 305.65 80.755C305.56 80.525 305.49 80.285 305.37 80.075C305.29 79.935 305.17 79.815 305.07 79.685C304.94 79.515 304.83 79.325 304.68 79.175C304.55 79.045 304.39 78.955 304.25 78.845C304.09 78.715 303.95 78.575 303.77 78.475L251.32 48.275C249.97 47.495 248.31 47.495 246.96 48.275L194.51 78.475C194.33 78.575 194.19 78.725 194.03 78.845C193.89 78.955 193.73 79.045 193.6 79.175C193.45 79.325 193.34 79.515 193.21 79.685C193.11 79.815 192.99 79.935 192.91 80.075C192.79 80.285 192.71 80.525 192.63 80.755C192.58 80.875 192.51 80.995 192.48 81.125C192.38 81.495 192.33 81.875 192.33 82.265V139.625L148.62 164.795V52.575C148.62 52.185 148.57 51.805 148.47 51.435C148.44 51.305 148.36 51.195 148.32 51.065C148.23 50.835 148.16 50.595 148.04 50.385C147.96 50.245 147.84 50.125 147.74 49.995C147.61 49.825 147.5 49.635 147.35 49.485C147.22 49.355 147.06 49.265 146.92 49.155C146.76 49.025 146.62 48.885 146.44 48.785L93.99 18.585C92.64 17.805 90.98 17.805 89.63 18.585L37.18 48.785C37 48.885 36.86 49.035 36.7 49.155C36.56 49.265 36.4 49.355 36.27 49.485C36.12 49.635 36.01 49.825 35.88 49.995C35.78 50.125 35.66 50.245 35.58 50.385C35.46 50.595 35.38 50.835 35.3 51.065C35.25 51.185 35.18 51.305 35.15 51.435C35.05 51.805 35 52.185 35 52.575V232.235C35 233.795 35.84 235.245 37.19 236.025L142.1 296.425C142.33 296.555 142.58 296.635 142.82 296.725C142.93 296.765 143.04 296.835 143.16 296.865C143.53 296.965 143.9 297.015 144.28 297.015C144.66 297.015 145.03 296.965 145.4 296.865C145.5 296.835 145.59 296.775 145.69 296.745C145.95 296.655 146.21 296.565 146.45 296.435L251.36 236.035C252.72 235.255 253.55 233.815 253.55 232.245V174.885L303.81 145.945C305.17 145.165 306 143.725 306 142.155V82.265C305.95 81.875 305.89 81.495 305.8 81.125ZM144.2 227.205L100.57 202.515L146.39 176.135L196.66 147.195L240.33 172.335L208.29 190.625L144.2 227.205ZM244.75 114.995V164.795L226.39 154.225L201.03 139.625V89.825L219.39 100.395L244.75 114.995ZM249.12 57.105L292.81 82.265L249.12 107.425L205.43 82.265L249.12 57.105ZM114.49 184.425L96.13 194.995V85.305L121.49 70.705L139.85 60.135V169.815L114.49 184.425ZM91.76 27.425L135.45 52.585L91.76 77.745L48.07 52.585L91.76 27.425ZM43.67 60.135L62.03 70.705L87.39 85.305V202.545V202.555V202.565C87.39 202.735 87.44 202.895 87.46 203.055C87.49 203.265 87.49 203.485 87.55 203.695V203.705C87.6 203.875 87.69 204.035 87.76 204.195C87.84 204.375 87.89 204.575 87.99 204.745C87.99 204.745 87.99 204.755 88 204.755C88.09 204.905 88.22 205.035 88.33 205.175C88.45 205.335 88.55 205.495 88.69 205.635L88.7 205.645C88.82 205.765 88.98 205.855 89.12 205.965C89.28 206.085 89.42 206.225 89.59 206.325C89.6 206.325 89.6 206.325 89.61 206.335C89.62 206.335 89.62 206.345 89.63 206.345L139.87 234.775V285.065L43.67 229.705V60.135ZM244.75 229.705L148.58 285.075V234.775L219.8 194.115L244.75 179.875V229.705ZM297.2 139.625L253.49 164.795V114.995L278.85 100.395L297.21 89.825V139.625H297.2Z"/&gt;\n
&lt;/svg&gt;\n
                    &lt;span class="ml-3 text-xl font-bold text-gray-900"&gt;ICTServe&lt;/span&gt;\n
                &lt;/a&gt;\n
            &lt;/div&gt;\n
\n
            \n
            &lt;nav class="hidden md:flex space-x-8" role="navigation" aria-label="Main navigation"&gt;\n
                &lt;a href="http://localhost:8000"\n
                    class="inline-flex items-center px-3 py-2 text-sm font-medium text-gray-700 hover:text-blue-600 focus:outline-none focus:ring-2 focus:ring-blue-600 focus:ring-offset-2 rounded-md transition-colors duration-200"\n
                    aria-current="false"&gt;\n
                    Home\n
                &lt;/a&gt;\n
\n
                                    &lt;a href="http://localhost:8000/helpdesk/submit"\n
                        class="inline-flex items-center px-3 py-2 text-sm font-medium text-gray-700 hover:text-blue-600 focus:outline-none focus:ring-2 focus:ring-blue-600 focus:ring-offset-2 rounded-md transition-colors duration-200"\n
                        aria-current="false"&gt;\n
                        Helpdesk\n
                    &lt;/a&gt;\n
                \n
                                    &lt;a href="http://localhost:8000/loan/create"\n
                        class="inline-flex items-center px-3 py-2 text-sm font-medium text-gray-700 hover:text-blue-600 focus:outline-none focus:ring-2 focus:ring-blue-600 focus:ring-offset-2 rounded-md transition-colors duration-200"\n
                        aria-current="page"&gt;\n
                        Asset Loan\n
                    &lt;/a&gt;\n
                            &lt;/nav&gt;\n
\n
            \n
            &lt;div class="flex items-center space-x-3"&gt;\n
                \n
                &lt;div class="relative" x-data="{ open: false }" @click.outside="open = false" @keydown.escape.window="open = false"&gt;\n
    \n
    &lt;button type="button" @click="open = !open"\n
        class="inline-flex items-center justify-center min-h-[44px] min-w-[44px] px-4 py-2 text-sm font-medium text-gray-700 bg-white border border-gray-300 rounded-md hover:bg-gray-50 focus:outline-none focus:ring-2 focus:ring-blue-600 focus:ring-offset-2 transition-colors duration-150"\n
        aria-haspopup="menu"\n
        :aria-expanded="open.toString()"\n
        aria-controls="language-menu"\n
        aria-label="Language switcher"&gt;\n
        \n
        &lt;svg class="w-5 h-5 mr-2" fill="none" stroke="currentColor" viewBox="0 0 24 24" aria-hidden="true"&gt;\n
            &lt;path stroke-linecap="round" stroke-linejoin="round" stroke-width="2"\n
                d="M3 5h12M9 3v2m1 14h9m-9 0a7 7 0 110-14 7 7 0 010 14zm0 0c1.657 0 3-3.134 3-7s-1.343-7-3-7-3 3.134-3 7 1.343 7 3 7z" /&gt;\n
        &lt;/svg&gt;\n
\n
        \n
        &lt;span class="hidden sm:inline"&gt;\n
            English\n
        &lt;/span&gt;\n
\n
        \n
        &lt;span class="inline sm:hidden font-semibold"&gt;\n
            EN\n
        &lt;/span&gt;\n
\n
        \n
        &lt;svg class="w-4 h-4 ml-2 transition-transform duration-150" :class="{ 'rotate-180': open }" fill="none"\n
            stroke="currentColor" viewBox="0 0 24 24" aria-hidden="true"&gt;\n
            &lt;path stroke-linecap="round" stroke-linejoin="round" stroke-width="2" d="M19 9l-7 7-7-7" /&gt;\n
        &lt;/svg&gt;\n
    &lt;/button&gt;\n
\n
    \n
    &lt;div x-show="open" x-transition:enter="transition ease-out duration-100"\n
        x-transition:enter-start="transform opacity-0 scale-95"\n
        x-transition:enter-end="transform opacity-100 scale-100"\n
        x-transition:leave="transition ease-in duration-75"\n
        x-transition:leave-start="transform opacity-100 scale-100"\n
        x-transition:leave-end="transform opacity-0 scale-95"\n
        class="absolute right-0 z-50 mt-2 w-56 origin-top-right rounded-md bg-white shadow-lg ring-1 ring-black ring-opacity-5 focus:outline-none"\n
        role="menu" id="language-menu" aria-orientation="vertical" tabindex="-1"\n
        style="display: none;"&gt;\n
        &lt;div class="py-1" role="none"&gt;\n
                            &lt;a href="http://localhost:8000/change-locale/en"\n
                    class="group flex items-center min-h-[44px] px-4 py-2 text-sm text-gray-700 hover:bg-gray-100 hover:text-gray-900 focus:bg-gray-100 focus:text-gray-900 focus:outline-none focus:ring-2 focus:ring-inset focus:ring-blue-600 transition-colors duration-150 bg-blue-600 text-white hover:bg-blue-600 hover:text-white"\n
                    role="menuitem" tabindex="-1" lang="en" @click="open = false"\n
                     aria-current="page" &gt;\n
                    &lt;span class="mr-3 font-semibold" aria-hidden="true"&gt;EN&lt;/span&gt;\n
                    &lt;span class="flex-1"&gt;English&lt;/span&gt;\n
\n
                                            &lt;svg class="w-5 h-5 ml-2" fill="currentColor" viewBox="0 0 20 20" aria-hidden="true"&gt;\n
                            &lt;path fill-rule="evenodd"\n
                                d="M16.707 5.293a1 1 0 010 1.414l-8 8a1 1 0 01-1.414 0l-4-4a1 1 0 011.414-1.414L8 12.586l7.293-7.293a1 1 0 011.414 0z"\n
                                clip-rule="evenodd" /&gt;\n
                        &lt;/svg&gt;\n
                                    &lt;/a&gt;\n
                            &lt;a href="http://localhost:8000/change-locale/ms"\n
                    class="group flex items-center min-h-[44px] px-4 py-2 text-sm text-gray-700 hover:bg-gray-100 hover:text-gray-900 focus:bg-gray-100 focus:text-gray-900 focus:outline-none focus:ring-2 focus:ring-inset focus:ring-blue-600 transition-colors duration-150"\n
                    role="menuitem" tabindex="-1" lang="ms" @click="open = false"\n
                    &gt;\n
                    &lt;span class="mr-3 font-semibold" aria-hidden="true"&gt;MS&lt;/span&gt;\n
                    &lt;span class="flex-1"&gt;Bahasa Melayu&lt;/span&gt;\n
\n
                                    &lt;/a&gt;\n
                    &lt;/div&gt;\n
    &lt;/div&gt;\n
&lt;/div&gt;\n
\n
                \n
                                                            &lt;!--[if BLOCK]&gt;&lt;![endif]--&gt;    &lt;a href="http://localhost:8000/admin/login" class="inline-flex items-center justify-center px-4 py-2 rounded-md font-medium text-sm transition-colors duration-200 focus:outline-none focus:ring-2 focus:ring-offset-2 min-h-[44px] disabled:opacity-50 disabled:cursor-not-allowed bg-transparent text-blue-600 hover:bg-blue-50 focus:ring-blue-600" &gt;\n
        Admin Login\n
    &lt;/a&gt;\n
&lt;!--[if ENDBLOCK]&gt;&lt;![endif]--&gt;\n
                    \n
                    &lt;!--[if BLOCK]&gt;&lt;![endif]--&gt;    &lt;a href="http://localhost:8000/login" class="inline-flex items-center justify-center px-4 py-2 rounded-md font-medium text-sm transition-colors duration-200 focus:outline-none focus:ring-2 focus:ring-offset-2 min-h-[44px] disabled:opacity-50 disabled:cursor-not-allowed bg-blue-600 text-white hover:bg-blue-700 focus:ring-blue-600" &gt;\n
        Staff Login\n
    &lt;/a&gt;\n
&lt;!--[if ENDBLOCK]&gt;&lt;![endif]--&gt;\n
                            &lt;/div&gt;\n
\n
            \n
            &lt;div class="md:hidden" x-data="{ open: false }"&gt;\n
                &lt;button type="button"\n
                    class="inline-flex items-center justify-center p-2 rounded-md text-gray-700 hover:text-blue-600 hover:bg-gray-100 focus:outline-none focus:ring-2 focus:ring-blue-600 focus:ring-offset-2 min-h-[44px] min-w-[44px]"\n
                    @click="open = !open" :aria-expanded="open.toString()" aria-controls="mobile-menu"\n
                    aria-label="Toggle navigation menu"&gt;\n
                    &lt;svg class="h-6 w-6" fill="none" viewBox="0 0 24 24" stroke="currentColor" aria-hidden="true"&gt;\n
                        &lt;path stroke-linecap="round" stroke-linejoin="round" stroke-width="2"\n
                            d="M4 6h16M4 12h16M4 18h16" /&gt;\n
                    &lt;/svg&gt;\n
                &lt;/button&gt;\n
\n
                \n
                &lt;div class="md:hidden" id="mobile-menu" x-show="open" x-transition x-cloak&gt;\n
                    &lt;div class="px-2 pt-2 pb-3 space-y-1 sm:px-3" role="navigation"\n
                        aria-label="Mobile navigation"&gt;\n
                        &lt;a href="http://localhost:8000"\n
                            class="block px-3 py-2 rounded-md text-base font-medium text-gray-700 hover:text-blue-600 hover:bg-gray-50 focus:outline-none focus:ring-2 focus:ring-blue-600 min-h-[44px]"\n
                            aria-current="false"&gt;\n
                            Home\n
                        &lt;/a&gt;\n
\n
                                                    &lt;a href="http://localhost:8000/helpdesk/submit"\n
                                class="block px-3 py-2 rounded-md text-base font-medium text-gray-700 hover:text-blue-600 hover:bg-gray-50 focus:outline-none focus:ring-2 focus:ring-blue-600 min-h-[44px]"\n
                                aria-current="false"&gt;\n
                                Helpdesk\n
                            &lt;/a&gt;\n
                        \n
                                                    &lt;a href="http://localhost:8000/loan/create"\n
                                class="block px-3 py-2 rounded-md text-base font-medium text-gray-700 hover:text-blue-600 hover:bg-gray-50 focus:outline-none focus:ring-2 focus:ring-blue-600 min-h-[44px]"\n
                                aria-current="page"&gt;\n
                                Asset Loan\n
                            &lt;/a&gt;\n
                        \n
                                                                                    &lt;a href="http://localhost:8000/admin/login"\n
                                    class="block px-3 py-2 rounded-md text-base font-medium text-gray-700 hover:text-blue-600 hover:bg-gray-50 focus:outline-none focus:ring-2 focus:ring-blue-600 min-h-[44px]"&gt;\n
                                    Admin Login\n
                                &lt;/a&gt;\n
                            \n
                            &lt;a href="http://localhost:8000/login"\n
                                class="block px-3 py-2 rounded-md text-base font-medium text-gray-700 hover:text-blue-600 hover:bg-gray-50 focus:outline-none focus:ring-2 focus:ring-blue-600 min-h-[44px]"&gt;\n
                                Staff Login\n
                            &lt;/a&gt;\n
                                            &lt;/div&gt;\n
                &lt;/div&gt;\n
            &lt;/div&gt;\n
        &lt;/div&gt;\n
    &lt;/div&gt;\n
&lt;/header&gt;\n
\n
            &lt;main class="flex-1"&gt;\n
                                    &lt;div wire:snapshot="{&amp;quot;data&amp;quot;:{&amp;quot;currentStep&amp;quot;:1,&amp;quot;submitting&amp;quot;:false,&amp;quot;form&amp;quot;:[{&amp;quot;applicant_name&amp;quot;:&amp;quot;&amp;quot;,&amp;quot;position&amp;quot;:&amp;quot;&amp;quot;,&amp;quot;phone&amp;quot;:&amp;quot;&amp;quot;,&amp;quot;division_id&amp;quot;:null,&amp;quot;purpose&amp;quot;:&amp;quot;&amp;quot;,&amp;quot;location&amp;quot;:&amp;quot;&amp;quot;,&amp;quot;loan_start_date&amp;quot;:&amp;quot;2025-11-06&amp;quot;,&amp;quot;loan_end_date&amp;quot;:&amp;quot;2025-11-12&amp;quot;,&amp;quot;is_responsible_officer&amp;quot;:false,&amp;quot;responsible_officer_name&amp;quot;:&amp;quot;&amp;quot;,&amp;quot;responsible_officer_position&amp;quot;:&amp;quot;&amp;quot;,&amp;quot;responsible_officer_phone&amp;quot;:&amp;quot;&amp;quot;,&amp;quot;equipment_items&amp;quot;:[[[{&amp;quot;equipment_type&amp;quot;:&amp;quot;&amp;quot;,&amp;quot;quantity&amp;quot;:1,&amp;quot;notes&amp;quot;:&amp;quot;&amp;quot;},{&amp;quot;s&amp;quot;:&amp;quot;arr&amp;quot;}]],{&amp;quot;s&amp;quot;:&amp;quot;arr&amp;quot;}],&amp;quot;applicant_signature&amp;quot;:&amp;quot;&amp;quot;,&amp;quot;accept_terms&amp;quot;:false},{&amp;quot;s&amp;quot;:&amp;quot;arr&amp;quot;}]},&amp;quot;memo&amp;quot;:{&amp;quot;id&amp;quot;:&amp;quot;BT0k9iWfldz5ogkTkBzn&amp;quot;,&amp;quot;name&amp;quot;:&amp;quot;guest-loan-application&amp;quot;,&amp;quot;path&amp;quot;:&amp;quot;loan\/create&amp;quot;,&amp;quot;method&amp;quot;:&amp;quot;GET&amp;quot;,&amp;quot;children&amp;quot;:[],&amp;quot;scripts&amp;quot;:[],&amp;quot;assets&amp;quot;:[],&amp;quot;errors&amp;quot;:[],&amp;quot;locale&amp;quot;:&amp;quot;en&amp;quot;},&amp;quot;checksum&amp;quot;:&amp;quot;017dd557bc11eda8722c509de045ea030e28c962a5bdd0dbf1440a0d8b1960d5&amp;quot;}" wire:effects="{&amp;quot;partials&amp;quot;:[]}" wire:id="BT0k9iWfldz5ogkTkBzn" class="min-h-screen bg-gray-50 py-8"&gt;\n
    &lt;div class="max-w-4xl mx-auto px-4 sm:px-6 lg:px-8"&gt;\n
        \n
        &lt;div class="bg-white rounded-lg shadow-md mb-6 overflow-hidden"&gt;\n
            &lt;div class="bg-gray-700 px-6 py-4 flex items-center justify-between"&gt;\n
                &lt;div class="flex items-center space-x-4"&gt;\n
                    &lt;div class="bg-danger w-16 h-16 flex items-center justify-center rounded"&gt;\n
                        &lt;span class="text-white font-bold text-xl"&gt;BPM&lt;/span&gt;\n
                    &lt;/div&gt;\n
                    &lt;div class="text-white"&gt;\n
                        &lt;h1 class="text-xl font-bold"&gt;ICT Equipment Loan Application Form&lt;/h1&gt;\n
                        &lt;p class="text-sm text-gray-300"&gt;For Official Use of Ministry of Tourism, Arts &amp;amp; Culture&lt;/p&gt;\n
                    &lt;/div&gt;\n
                &lt;/div&gt;\n
                &lt;div class="text-white text-right"&gt;\n
                    &lt;div class="text-2xl font-bold"&gt;FORM 1&lt;/div&gt;\n
                    &lt;div class="text-sm"&gt;of 4 pages&lt;/div&gt;\n
                &lt;/div&gt;\n
            &lt;/div&gt;\n
        &lt;/div&gt;\n
\n
        \n
        &lt;div class="mb-8"&gt;\n
            &lt;div class="flex items-center justify-between"&gt;\n
                &lt;!--[if BLOCK]&gt;&lt;![endif]--&gt;                    &lt;div class="flex-1 mr-2"&gt;\n
                        &lt;div class="relative"&gt;\n
                            &lt;div class="h-2 rounded-full bg-blue-600"&gt;\n
                            &lt;/div&gt;\n
                            &lt;div class="absolute -top-8 left-1/2 transform -translate-x-1/2 text-center"&gt;\n
                                &lt;div\n
                                    class="w-8 h-8 rounded-full flex items-center justify-center text-sm font-medium\n
                                    bg-blue-600 text-white"&gt;\n
                                    1\n
                                &lt;/div&gt;\n
                                &lt;p class="text-xs mt-1 text-gray-600"&gt;Applicant Info&lt;/p&gt;\n
                            &lt;/div&gt;\n
                        &lt;/div&gt;\n
                    &lt;/div&gt;\n
                                    &lt;div class="flex-1 mr-2"&gt;\n
                        &lt;div class="relative"&gt;\n
                            &lt;div class="h-2 rounded-full bg-gray-300"&gt;\n
                            &lt;/div&gt;\n
                            &lt;div class="absolute -top-8 left-1/2 transform -translate-x-1/2 text-center"&gt;\n
                                &lt;div\n
                                    class="w-8 h-8 rounded-full flex items-center justify-center text-sm font-medium\n
                                    bg-gray-300 text-gray-600"&gt;\n
                                    2\n
                                &lt;/div&gt;\n
                                &lt;p class="text-xs mt-1 text-gray-600"&gt;Responsible Officer&lt;/p&gt;\n
                            &lt;/div&gt;\n
                        &lt;/div&gt;\n
                    &lt;/div&gt;\n
                                    &lt;div class="flex-1 mr-2"&gt;\n
                        &lt;div class="relative"&gt;\n
                            &lt;div class="h-2 rounded-full bg-gray-300"&gt;\n
                            &lt;/div&gt;\n
                            &lt;div class="absolute -top-8 left-1/2 transform -translate-x-1/2 text-center"&gt;\n
                                &lt;div\n
                                    class="w-8 h-8 rounded-full flex items-center justify-center text-sm font-medium\n
                                    bg-gray-300 text-gray-600"&gt;\n
                                    3\n
                                &lt;/div&gt;\n
                                &lt;p class="text-xs mt-1 text-gray-600"&gt;Equipment List&lt;/p&gt;\n
                            &lt;/div&gt;\n
                        &lt;/div&gt;\n
                    &lt;/div&gt;\n
                                    &lt;div class="flex-1 "&gt;\n
                        &lt;div class="relative"&gt;\n
                            &lt;div class="h-2 rounded-full bg-gray-300"&gt;\n
                            &lt;/div&gt;\n
                            &lt;div class="absolute -top-8 left-1/2 transform -translate-x-1/2 text-center"&gt;\n
                                &lt;div\n
                                    class="w-8 h-8 rounded-full flex items-center justify-center text-sm font-medium\n
                                    bg-gray-300 text-gray-600"&gt;\n
                                    4\n
                                &lt;/div&gt;\n
                                &lt;p class="text-xs mt-1 text-gray-600"&gt;Confirmation&lt;/p&gt;\n
                            &lt;/div&gt;\n
                        &lt;/div&gt;\n
                    &lt;/div&gt;\n
                &lt;!--[if ENDBLOCK]&gt;&lt;![endif]--&gt;\n
            &lt;/div&gt;\n
        &lt;/div&gt;\n
\n
        &lt;form wire:submit="submitForm"&gt;\n
            \n
            &lt;!--[if BLOCK]&gt;&lt;![endif]--&gt;                &lt;div class="bg-white rounded-lg shadow-md overflow-hidden "\n
    &gt;\n
    &lt;!--[if BLOCK]&gt;&lt;![endif]--&gt;&lt;!--[if ENDBLOCK]&gt;&lt;![endif]--&gt;\n
\n
    &lt;div class="p-6"&gt;\n
        &lt;div class="space-y-6"&gt;\n
                        \n
                        &lt;div class="bg-gray-100 -mx-6 -mt-6 px-6 py-3 mb-6"&gt;\n
                            &lt;h2 class="text-lg font-semibold text-gray-900"&gt;\n
                                SECTION 1 | APPLICANT INFORMATION\n
                            &lt;/h2&gt;\n
                            &lt;p class="text-sm text-gray-600 mt-1"&gt;Fields marked with * are REQUIRED.&lt;/p&gt;\n
                        &lt;/div&gt;\n
\n
                        \n
                        &lt;div class="mb-4"&gt;\n
    \n
    &lt;label for="form.applicant_name" class="block text-sm font-medium text-gray-700 mb-2"&gt;\n
        Full Name\n
        &lt;!--[if BLOCK]&gt;&lt;![endif]--&gt;            &lt;span class="text-danger" aria-label="required"&gt;*&lt;/span&gt;\n
        &lt;!--[if ENDBLOCK]&gt;&lt;![endif]--&gt;\n
    &lt;/label&gt;\n
\n
    \n
    &lt;!--[if BLOCK]&gt;&lt;![endif]--&gt;&lt;!--[if ENDBLOCK]&gt;&lt;![endif]--&gt;\n
\n
    \n
    &lt;input type="text" name="form.applicant_name" id="form.applicant_name" value=""\n
        class="block w-full rounded-md shadow-sm transition-colors duration-200 min-h-[44px] px-4 py-2 text-base border-gray-300 focus:border-blue-600 focus:ring-2 focus:ring-blue-600 focus:outline-none"  required aria-required="true"                   placeholder="Enter your full name"                                                         wire:model.live.debounce.300ms="form.applicant_name" /&gt;\n
\n
    \n
    &lt;!--[if BLOCK]&gt;&lt;![endif]--&gt;&lt;!--[if ENDBLOCK]&gt;&lt;![endif]--&gt;\n
&lt;/div&gt;\n
\n
                        \n
                        &lt;div class="grid grid-cols-1 md:grid-cols-2 gap-6"&gt;\n
                            &lt;div class="mb-4"&gt;\n
    \n
    &lt;label for="form.position" class="block text-sm font-medium text-gray-700 mb-2"&gt;\n
        Position &amp;amp; Grade\n
        &lt;!--[if BLOCK]&gt;&lt;![endif]--&gt;            &lt;span class="text-danger" aria-label="required"&gt;*&lt;/span&gt;\n
        &lt;!--[if ENDBLOCK]&gt;&lt;![endif]--&gt;\n
    &lt;/label&gt;\n
\n
    \n
    &lt;!--[if BLOCK]&gt;&lt;![endif]--&gt;&lt;!--[if ENDBLOCK]&gt;&lt;![endif]--&gt;\n
\n
    \n
    &lt;input type="text" name="form.position" id="form.position" value=""\n
        class="block w-full rounded-md shadow-sm transition-colors duration-200 min-h-[44px] px-4 py-2 text-base border-gray-300 focus:border-blue-600 focus:ring-2 focus:ring-blue-600 focus:outline-none"  required aria-required="true"                   placeholder="Example: Administrative Officer N41"                                                         wire:model.live.debounce.300ms="form.position" /&gt;\n
\n
    \n
    &lt;!--[if BLOCK]&gt;&lt;![endif]--&gt;&lt;!--[if ENDBLOCK]&gt;&lt;![endif]--&gt;\n
&lt;/div&gt;\n
\n
                            &lt;div class="mb-4"&gt;\n
    \n
    &lt;label for="form.phone" class="block text-sm font-medium text-gray-700 mb-2"&gt;\n
        Phone Number\n
        &lt;!--[if BLOCK]&gt;&lt;![endif]--&gt;            &lt;span class="text-danger" aria-label="required"&gt;*&lt;/span&gt;\n
        &lt;!--[if ENDBLOCK]&gt;&lt;![endif]--&gt;\n
    &lt;/label&gt;\n
\n
    \n
    &lt;!--[if BLOCK]&gt;&lt;![endif]--&gt;&lt;!--[if ENDBLOCK]&gt;&lt;![endif]--&gt;\n
\n
    \n
    &lt;input type="tel" name="form.phone" id="form.phone" value=""\n
        class="block w-full rounded-md shadow-sm transition-colors duration-200 min-h-[44px] px-4 py-2 text-base border-gray-300 focus:border-blue-600 focus:ring-2 focus:ring-blue-600 focus:outline-none"  required aria-required="true"                   placeholder="Example: 03-12345678"                                                         wire:model.live.debounce.300ms="form.phone" /&gt;\n
\n
    \n
    &lt;!--[if BLOCK]&gt;&lt;![endif]--&gt;&lt;!--[if ENDBLOCK]&gt;&lt;![endif]--&gt;\n
&lt;/div&gt;\n
                        &lt;/div&gt;\n
\n
                        \n
                        &lt;div class="mb-4"&gt;\n
    &lt;label for="form.division_id" class="block text-sm font-medium text-gray-700 mb-2"&gt;\n
        Division/Unit\n
        &lt;!--[if BLOCK]&gt;&lt;![endif]--&gt;            &lt;span class="text-danger" aria-label="required"&gt;*&lt;/span&gt;\n
        &lt;!--[if ENDBLOCK]&gt;&lt;![endif]--&gt;\n
    &lt;/label&gt;\n
\n
    &lt;!--[if BLOCK]&gt;&lt;![endif]--&gt;&lt;!--[if ENDBLOCK]&gt;&lt;![endif]--&gt;\n
\n
    &lt;select name="form.division_id" id="form.division_id" class="block w-full rounded-md shadow-sm transition-colors duration-200 min-h-[44px] px-4 py-2 text-base border-gray-300 focus:border-blue-600 focus:ring-2 focus:ring-blue-600 focus:outline-none"\n
         required aria-required="true"                                 wire:model.live="form.division_id"&gt;\n
        &lt;!--[if BLOCK]&gt;&lt;![endif]--&gt;            &lt;option value=""&gt;Select division/unit&lt;/option&gt;\n
        &lt;!--[if ENDBLOCK]&gt;&lt;![endif]--&gt;\n
\n
        &lt;!--[if BLOCK]&gt;&lt;![endif]--&gt;&lt;!--[if ENDBLOCK]&gt;&lt;![endif]--&gt;\n
    &lt;/select&gt;\n
\n
    &lt;!--[if BLOCK]&gt;&lt;![endif]--&gt;&lt;!--[if ENDBLOCK]&gt;&lt;![endif]--&gt;\n
&lt;/div&gt;\n
\n
                        \n
                        &lt;div class="mb-4" x-data="{ charCount: 0 }"&gt;\n
    &lt;label for="form.purpose" class="block text-sm font-medium text-gray-700 mb-2"&gt;\n
        Purpose of Application\n
        &lt;!--[if BLOCK]&gt;&lt;![endif]--&gt;            &lt;span class="text-danger" aria-label="required"&gt;*&lt;/span&gt;\n
        &lt;!--[if ENDBLOCK]&gt;&lt;![endif]--&gt;\n
    &lt;/label&gt;\n
\n
    &lt;!--[if BLOCK]&gt;&lt;![endif]--&gt;&lt;!--[if ENDBLOCK]&gt;&lt;![endif]--&gt;\n
\n
    &lt;textarea name="form.purpose" id="form.purpose" rows="4" class="block w-full rounded-md shadow-sm transition-colors duration-200 px-4 py-2 text-base border-gray-300 focus:border-blue-600 focus:ring-2 focus:ring-blue-600 focus:outline-none"\n
         required aria-required="true"                   placeholder="State the purpose of equipment loan"                  maxlength="500"                          x-on:input="charCount = $event.target.value.length"         wire:model.live.debounce.300ms="form.purpose"&gt;&lt;/textarea&gt;\n
\n
    &lt;!--[if BLOCK]&gt;&lt;![endif]--&gt;        &lt;p id="form.purpose-char-count" class="mt-1 text-sm text-gray-600" aria-live="polite"&gt;\n
            &lt;span x-text="charCount"&gt;&lt;/span&gt; / 500 characters\n
        &lt;/p&gt;\n
    &lt;!--[if ENDBLOCK]&gt;&lt;![endif]--&gt;\n
\n
    &lt;!--[if BLOCK]&gt;&lt;![endif]--&gt;&lt;!--[if ENDBLOCK]&gt;&lt;![endif]--&gt;\n
&lt;/div&gt;\n
\n
                        \n
                        &lt;div class="mb-4"&gt;\n
    \n
    &lt;label for="form.location" class="block text-sm font-medium text-gray-700 mb-2"&gt;\n
        Location\n
        &lt;!--[if BLOCK]&gt;&lt;![endif]--&gt;            &lt;span class="text-danger" aria-label="required"&gt;*&lt;/span&gt;\n
        &lt;!--[if ENDBLOCK]&gt;&lt;![endif]--&gt;\n
    &lt;/label&gt;\n
\n
    \n
    &lt;!--[if BLOCK]&gt;&lt;![endif]--&gt;&lt;!--[if ENDBLOCK]&gt;&lt;![endif]--&gt;\n
\n
    \n
    &lt;input type="text" name="form.location" id="form.location" value=""\n
        class="block w-full rounded-md shadow-sm transition-colors duration-200 min-h-[44px] px-4 py-2 text-base border-gray-300 focus:border-blue-600 focus:ring-2 focus:ring-blue-600 focus:outline-none"  required aria-required="true"                   placeholder="State the location of use"                                                         wire:model.live.debounce.300ms="form.location" /&gt;\n
\n
    \n
    &lt;!--[if BLOCK]&gt;&lt;![endif]--&gt;&lt;!--[if ENDBLOCK]&gt;&lt;![endif]--&gt;\n
&lt;/div&gt;\n
\n
                        \n
                        &lt;div class="grid grid-cols-1 md:grid-cols-2 gap-6"&gt;\n
                            &lt;div class="mb-4"&gt;\n
    \n
    &lt;label for="form.loan_start_date" class="block text-sm font-medium text-gray-700 mb-2"&gt;\n
        Loan Date\n
        &lt;!--[if BLOCK]&gt;&lt;![endif]--&gt;            &lt;span class="text-danger" aria-label="required"&gt;*&lt;/span&gt;\n
        &lt;!--[if ENDBLOCK]&gt;&lt;![endif]--&gt;\n
    &lt;/label&gt;\n
\n
    \n
    &lt;!--[if BLOCK]&gt;&lt;![endif]--&gt;&lt;!--[if ENDBLOCK]&gt;&lt;![endif]--&gt;\n
\n
    \n
    &lt;input type="date" name="form.loan_start_date" id="form.loan_start_date" value=""\n
        class="block w-full rounded-md shadow-sm transition-colors duration-200 min-h-[44px] px-4 py-2 text-base border-gray-300 focus:border-blue-600 focus:ring-2 focus:ring-blue-600 focus:outline-none"  required aria-required="true"                                                                          wire:model.live="form.loan_start_date" min="2025-11-06" /&gt;\n
\n
    \n
    &lt;!--[if BLOCK]&gt;&lt;![endif]--&gt;&lt;!--[if ENDBLOCK]&gt;&lt;![endif]--&gt;\n
&lt;/div&gt;\n
\n
                            &lt;div class="mb-4"&gt;\n
    \n
    &lt;label for="form.loan_end_date" class="block text-sm font-medium text-gray-700 mb-2"&gt;\n
        Expected Return Date\n
        &lt;!--[if BLOCK]&gt;&lt;![endif]--&gt;            &lt;span class="text-danger" aria-label="required"&gt;*&lt;/span&gt;\n
        &lt;!--[if ENDBLOCK]&gt;&lt;![endif]--&gt;\n
    &lt;/label&gt;\n
\n
    \n
    &lt;!--[if BLOCK]&gt;&lt;![endif]--&gt;&lt;!--[if ENDBLOCK]&gt;&lt;![endif]--&gt;\n
\n
    \n
    &lt;input type="date" name="form.loan_end_date" id="form.loan_end_date" value=""\n
        class="block w-full rounded-md shadow-sm transition-colors duration-200 min-h-[44px] px-4 py-2 text-base border-gray-300 focus:border-blue-600 focus:ring-2 focus:ring-blue-600 focus:outline-none"  required aria-required="true"                                                                          wire:model.live="form.loan_end_date" min="2025-11-06" /&gt;\n
\n
    \n
    &lt;!--[if BLOCK]&gt;&lt;![endif]--&gt;&lt;!--[if ENDBLOCK]&gt;&lt;![endif]--&gt;\n
&lt;/div&gt;\n
                        &lt;/div&gt;\n
                    &lt;/div&gt;\n
    &lt;/div&gt;\n
\n
    &lt;!--[if BLOCK]&gt;&lt;![endif]--&gt;&lt;!--[if ENDBLOCK]&gt;&lt;![endif]--&gt;\n
&lt;/div&gt;\n
            &lt;!--[if ENDBLOCK]&gt;&lt;![endif]--&gt;\n
\n
            \n
            &lt;!--[if BLOCK]&gt;&lt;![endif]--&gt;&lt;!--[if ENDBLOCK]&gt;&lt;![endif]--&gt;\n
\n
            \n
            &lt;!--[if BLOCK]&gt;&lt;![endif]--&gt;&lt;!--[if ENDBLOCK]&gt;&lt;![endif]--&gt;\n
\n
            \n
            &lt;!--[if BLOCK]&gt;&lt;![endif]--&gt;&lt;!--[if ENDBLOCK]&gt;&lt;![endif]--&gt;\n
\n
            \n
            &lt;div class="mt-8 flex justify-between items-center"&gt;\n
                &lt;!--[if BLOCK]&gt;&lt;![endif]--&gt;                    &lt;div&gt;&lt;/div&gt;\n
                &lt;!--[if ENDBLOCK]&gt;&lt;![endif]--&gt;\n
\n
                &lt;!--[if BLOCK]&gt;&lt;![endif]--&gt;                    &lt;!--[if BLOCK]&gt;&lt;![endif]--&gt;    &lt;button type="button" class="inline-flex items-center justify-center px-4 py-2 rounded-md font-medium text-sm transition-colors duration-200 focus:outline-none focus:ring-2 focus:ring-offset-2 min-h-[44px] disabled:opacity-50 disabled:cursor-not-allowed bg-blue-600 text-white hover:bg-blue-700 focus:ring-blue-600"         wire:click="nextStep"&gt;\n
        &lt;!--[if BLOCK]&gt;&lt;![endif]--&gt;&lt;!--[if ENDBLOCK]&gt;&lt;![endif]--&gt;\n
        Next\n
                        &lt;svg class="w-4 h-4 ml-2" fill="none" stroke="currentColor" viewBox="0 0 24 24"&gt;\n
                            &lt;path stroke-linecap="round" stroke-linejoin="round" stroke-width="2" d="M9 5l7 7-7 7" /&gt;\n
                        &lt;/svg&gt;\n
    &lt;/button&gt;\n
&lt;!--[if ENDBLOCK]&gt;&lt;![endif]--&gt;\n
                &lt;!--[if ENDBLOCK]&gt;&lt;![endif]--&gt;\n
            &lt;/div&gt;\n
        &lt;/form&gt;\n
\n
        \n
        &lt;div class="mt-8 p-6 bg-white rounded-lg shadow-md"&gt;\n
            &lt;h3 class="text-lg font-semibold text-gray-900 mb-4"&gt;\n
                Need Assistance?\n
            &lt;/h3&gt;\n
            &lt;p class="text-sm text-gray-700 mb-4"&gt;\n
                For any inquiries, please contact:\n
            &lt;/p&gt;\n
            &lt;div class="flex flex-col sm:flex-row gap-4"&gt;\n
                &lt;div class="flex items-center text-sm text-gray-600"&gt;\n
                    &lt;svg class="w-5 h-5 mr-2 text-blue-600" fill="none" stroke="currentColor"\n
                        viewBox="0 0 24 24"&gt;\n
                        &lt;path stroke-linecap="round" stroke-linejoin="round" stroke-width="2"\n
                            d="M3 8l7.89 5.26a2 2 0 002.22 0L21 8M5 19h14a2 2 0 002-2V7a2 2 0 00-2-2H5a2 2 0 00-2 2v10a2 2 0 002 2z" /&gt;\n
                    &lt;/svg&gt;\n
                    &lt;span&gt;bpm@motac.gov.my&lt;/span&gt;\n
                &lt;/div&gt;\n
                &lt;div class="flex items-center text-sm text-gray-600"&gt;\n
                    &lt;svg class="w-5 h-5 mr-2 text-blue-600" fill="none" stroke="currentColor"\n
                        viewBox="0 0 24 24"&gt;\n
                        &lt;path stroke-linecap="round" stroke-linejoin="round" stroke-width="2"\n
                            d="M3 5a2 2 0 012-2h3.28a1 1 0 01.948.684l1.498 4.493a1 1 0 01-.502 1.21l-2.257 1.13a11.042 11.042 0 005.516 5.516l1.13-2.257a1 1 0 011.21-.502l4.493 1.498a1 1 0 01.684.949V19a2 2 0 01-2 2h-1C9.716 21 3 14.284 3 6V5z" /&gt;\n
                    &lt;/svg&gt;\n
                    &lt;span&gt;03-2161 2345&lt;/span&gt;\n
                &lt;/div&gt;\n
            &lt;/div&gt;\n
        &lt;/div&gt;\n
    &lt;/div&gt;\n
&lt;/div&gt;\n
                            &lt;/main&gt;\n
\n
            &lt;footer class="bg-gray-900 text-white mt-auto" role="contentinfo"&gt;\n
    &lt;div class="max-w-7xl mx-auto px-4 sm:px-6 lg:px-8 py-12"&gt;\n
        &lt;div class="grid grid-cols-1 md:grid-cols-3 gap-8"&gt;\n
            \n
            &lt;div&gt;\n
                &lt;h3 class="text-lg font-semibold mb-4"&gt;About ICTServe&lt;/h3&gt;\n
                &lt;p class="text-gray-400 text-sm leading-relaxed"&gt;\n
                    ICTServe is the unified MOTAC platform for submitting IT helpdesk requests and managing asset loans with transparent tracking and WCAG-compliant experiences.\n
                &lt;/p&gt;\n
            &lt;/div&gt;\n
\n
            \n
            &lt;div&gt;\n
                &lt;h3 class="text-lg font-semibold mb-4"&gt;Quick Links&lt;/h3&gt;\n
                &lt;nav aria-label="Footer navigation"&gt;\n
                    &lt;ul class="space-y-2"&gt;\n
                        &lt;li&gt;\n
                            &lt;a href="http://localhost:8000"\n
                                class="text-gray-400 hover:text-white focus:outline-none focus:ring-2 focus:ring-blue-600 focus:ring-offset-2 focus:ring-offset-gray-900 rounded-md transition-colors inline-block"&gt;\n
                                Home\n
                            &lt;/a&gt;\n
                        &lt;/li&gt;\n
                                                                            &lt;li&gt;\n
                                &lt;a href="http://localhost:8000/helpdesk/submit"\n
                                    class="text-gray-400 hover:text-white focus:outline-none focus:ring-2 focus:ring-blue-600 focus:ring-offset-2 focus:ring-offset-gray-900 rounded-md transition-colors inline-block"&gt;\n
                                    Helpdesk\n
                                &lt;/a&gt;\n
                            &lt;/li&gt;\n
                                                                            &lt;li&gt;\n
                                &lt;a href="http://localhost:8000/loan/create"\n
                                    class="text-gray-400 hover:text-white focus:outline-none focus:ring-2 focus:ring-blue-600 focus:ring-offset-2 focus:ring-offset-gray-900 rounded-md transition-colors inline-block"&gt;\n
                                    Asset Loan\n
                                &lt;/a&gt;\n
                            &lt;/li&gt;\n
                                                                            &lt;li&gt;\n
                                &lt;a href="http://localhost:8000/login"\n
                                    class="text-gray-400 hover:text-white focus:outline-none focus:ring-2 focus:ring-blue-600 focus:ring-offset-2 focus:ring-offset-gray-900 rounded-md transition-colors inline-block"&gt;\n
                                    Staff Login\n
                                &lt;/a&gt;\n
                            &lt;/li&gt;\n
                                            &lt;/ul&gt;\n
                &lt;/nav&gt;\n
            &lt;/div&gt;\n
\n
            \n
            &lt;div&gt;\n
                &lt;h3 class="text-lg font-semibold mb-4"&gt;Contact Us&lt;/h3&gt;\n
                &lt;address class="text-gray-400 text-sm not-italic space-y-2"&gt;\n
                    &lt;p&gt;\n
                        &lt;strong&gt;Ministry:&lt;/strong&gt;&lt;br&gt;\n
                        Ministry of Tourism, Arts and Culture Malaysia\n
                    &lt;/p&gt;\n
                    &lt;p&gt;\n
                        &lt;strong&gt;Email:&lt;/strong&gt;&lt;br&gt;\n
                        &lt;a href="mailto:support@motac.gov.my"\n
                            class="hover:text-white focus:outline-none focus:ring-2 focus:ring-blue-600 focus:ring-offset-2 focus:ring-offset-gray-900 rounded-md transition-colors"&gt;\n
                            support@motac.gov.my\n
                        &lt;/a&gt;\n
                    &lt;/p&gt;\n
                    &lt;p&gt;\n
                        &lt;strong&gt;Phone:&lt;/strong&gt;&lt;br&gt;\n
                        &lt;a href="tel:+60380009999"\n
                            class="hover:text-white focus:outline-none focus:ring-2 focus:ring-blue-600 focus:ring-offset-2 focus:ring-offset-gray-900 rounded-md transition-colors"&gt;\n
                            +603 8000 9999\n
                        &lt;/a&gt;\n
                    &lt;/p&gt;\n
                &lt;/address&gt;\n
            &lt;/div&gt;\n
        &lt;/div&gt;\n
\n
        \n
        &lt;div class="mt-8 pt-8 border-t border-gray-800"&gt;\n
            &lt;div class="flex flex-col md:flex-row justify-between items-center space-y-4 md:space-y-0"&gt;\n
                &lt;p class="text-gray-400 text-sm"&gt;\n
                    &amp;copy; 2025 Ministry of Tourism, Arts and Culture Malaysia.\n
                    All rights reserved.\n
                &lt;/p&gt;\n
                &lt;div class="flex items-center space-x-4 text-sm text-gray-400"&gt;\n
                    &lt;span&gt;WCAG 2.2 AA compliant&lt;/span&gt;\n
                    &lt;span aria-hidden="true"&gt;|&lt;/span&gt;\n
                    &lt;span&gt;PDPA compliant&lt;/span&gt;\n
                &lt;/div&gt;\n
            &lt;/div&gt;\n
        &lt;/div&gt;\n
    &lt;/div&gt;\n
&lt;/footer&gt;\n
        &lt;/div&gt;\n
    &lt;!-- Livewire Scripts --&gt;\n
&lt;script src="/livewire/livewire.js?id=df3a17f2"   data-csrf="Y4zZ2ktWJourJTl1tznLmqU0LN6cyHlxPh3Q49wd" data-update-uri="/livewire/update" data-navigate-once="true"&gt;&lt;/script&gt;\n
&lt;/body&gt;\n
&lt;/html&gt;\n
' [ASCII](length: 38789) contains "&lt;fieldset" [ASCII](length: 9).
&#13;
C:\XAMPP\htdocs\ictserve-031125\vendor\laravel\framework\src\Illuminate\Testing\TestResponseAssert.php:45
C:\XAMPP\htdocs\ictserve-031125\vendor\laravel\framework\src\Illuminate\Testing\TestResponse.php:686
C:\XAMPP\htdocs\ictserve-031125\tests\Feature\Accessibility\WcagComplianceTest.php:176
C:\XAMPP\htdocs\ictserve-031125\tests\Feature\Accessibility\WcagComplianceTest.php:69</failure>
        </testcase>
        <testcase name="test_guest_loan_tracking_wcag_compliance" file="C:\XAMPP\htdocs\ictserve-031125\tests\Feature\Accessibility\WcagComplianceTest.php" line="91" class="Tests\Feature\Accessibility\WcagComplianceTest" classname="Tests.Feature.Accessibility.WcagComplianceTest" assertions="3" time="4.211053">
          <failure type="PHPUnit\Framework\ExpectationFailedException">Tests\Feature\Accessibility\WcagComplianceTest::test_guest_loan_tracking_wcag_compliance&#13;
Failed asserting that '&lt;!DOCTYPE html&gt;\n
&lt;html lang="en"&gt;\n
    &lt;head&gt;\n
        &lt;meta charset="utf-8"&gt;\n
        &lt;meta name="viewport" content="width=device-width, initial-scale=1"&gt;\n
        &lt;meta name="csrf-token" content="Ixu7MDNi7VLIjaobWwPJrfcQoscaIWuOT7hLr1XK"&gt;\n
\n
        &lt;title&gt;ICTServe&lt;/title&gt;\n
\n
        &lt;!-- Fonts --&gt;\n
        &lt;link rel="preconnect" href="https://fonts.bunny.net"&gt;\n
        &lt;link href="https://fonts.bunny.net/css?family=figtree:400,500,600&amp;display=swap" rel="stylesheet" /&gt;\n
\n
        &lt;!-- Scripts --&gt;\n
        &lt;script type="module" src="http://[::1]:5173/@vite/client" data-navigate-track="reload"&gt;&lt;/script&gt;&lt;link rel="stylesheet" href="http://[::1]:5173/resources/css/app.css" data-navigate-track="reload" /&gt;&lt;script type="module" src="http://[::1]:5173/resources/js/app.js" data-navigate-track="reload"&gt;&lt;/script&gt;    &lt;!-- Livewire Styles --&gt;&lt;style &gt;[wire\:loading][wire\:loading], [wire\:loading\.delay][wire\:loading\.delay], [wire\:loading\.inline-block][wire\:loading\.inline-block], [wire\:loading\.inline][wire\:loading\.inline], [wire\:loading\.block][wire\:loading\.block], [wire\:loading\.flex][wire\:loading\.flex], [wire\:loading\.table][wire\:loading\.table], [wire\:loading\.grid][wire\:loading\.grid], [wire\:loading\.inline-flex][wire\:loading\.inline-flex] {display: none;}[wire\:loading\.delay\.none][wire\:loading\.delay\.none], [wire\:loading\.delay\.shortest][wire\:loading\.delay\.shortest], [wire\:loading\.delay\.shorter][wire\:loading\.delay\.shorter], [wire\:loading\.delay\.short][wire\:loading\.delay\.short], [wire\:loading\.delay\.default][wire\:loading\.delay\.default], [wire\:loading\.delay\.long][wire\:loading\.delay\.long], [wire\:loading\.delay\.longer][wire\:loading\.delay\.longer], [wire\:loading\.delay\.longest][wire\:loading\.delay\.longest] {display: none;}[wire\:offline][wire\:offline] {display: none;}[wire\:dirty]:not(textarea):not(input):not(select) {display: none;}:root {--livewire-progress-bar-color: #2299dd;}[x-cloak] {display: none !important;}[wire\:cloak] {display: none !important;}&lt;/style&gt;\n
&lt;/head&gt;\n
    &lt;body class="font-sans antialiased"&gt;\n
        &lt;div class="min-h-screen bg-gray-100 dark:bg-gray-900"&gt;\n
            &lt;nav wire:snapshot="{&amp;quot;data&amp;quot;:[],&amp;quot;memo&amp;quot;:{&amp;quot;id&amp;quot;:&amp;quot;WWRHfkzA0BWtFxbVjuJ6&amp;quot;,&amp;quot;name&amp;quot;:&amp;quot;layout.navigation&amp;quot;,&amp;quot;path&amp;quot;:&amp;quot;loan\/tracking\/LA2025110039&amp;quot;,&amp;quot;method&amp;quot;:&amp;quot;GET&amp;quot;,&amp;quot;children&amp;quot;:[],&amp;quot;scripts&amp;quot;:[],&amp;quot;assets&amp;quot;:[],&amp;quot;errors&amp;quot;:[],&amp;quot;locale&amp;quot;:&amp;quot;en&amp;quot;},&amp;quot;checksum&amp;quot;:&amp;quot;939d6fb474a8ec0b8f57da8d45342d85a9c3727e37862e2af88a9fa0ef1a2293&amp;quot;}" wire:effects="{&amp;quot;partials&amp;quot;:[]}" wire:id="WWRHfkzA0BWtFxbVjuJ6" x-data="{ open: false }" class="bg-white dark:bg-gray-800 border-b border-gray-100 dark:border-gray-700"&gt;\n
    &lt;!-- Primary Navigation Menu --&gt;\n
    &lt;div class="max-w-7xl mx-auto px-4 sm:px-6 lg:px-8"&gt;\n
        &lt;div class="flex justify-between h-16"&gt;\n
            &lt;div class="flex"&gt;\n
                &lt;!-- Logo --&gt;\n
                &lt;div class="shrink-0 flex items-center"&gt;\n
                    &lt;a href="http://localhost:8000/dashboard" wire:navigate&gt;\n
                        &lt;svg viewBox="0 0 316 316" xmlns="http://www.w3.org/2000/svg" class="block h-9 w-auto fill-current text-gray-800 dark:text-gray-200"&gt;\n
    &lt;path d="M305.8 81.125C305.77 80.995 305.69 80.885 305.65 80.755C305.56 80.525 305.49 80.285 305.37 80.075C305.29 79.935 305.17 79.815 305.07 79.685C304.94 79.515 304.83 79.325 304.68 79.175C304.55 79.045 304.39 78.955 304.25 78.845C304.09 78.715 303.95 78.575 303.77 78.475L251.32 48.275C249.97 47.495 248.31 47.495 246.96 48.275L194.51 78.475C194.33 78.575 194.19 78.725 194.03 78.845C193.89 78.955 193.73 79.045 193.6 79.175C193.45 79.325 193.34 79.515 193.21 79.685C193.11 79.815 192.99 79.935 192.91 80.075C192.79 80.285 192.71 80.525 192.63 80.755C192.58 80.875 192.51 80.995 192.48 81.125C192.38 81.495 192.33 81.875 192.33 82.265V139.625L148.62 164.795V52.575C148.62 52.185 148.57 51.805 148.47 51.435C148.44 51.305 148.36 51.195 148.32 51.065C148.23 50.835 148.16 50.595 148.04 50.385C147.96 50.245 147.84 50.125 147.74 49.995C147.61 49.825 147.5 49.635 147.35 49.485C147.22 49.355 147.06 49.265 146.92 49.155C146.76 49.025 146.62 48.885 146.44 48.785L93.99 18.585C92.64 17.805 90.98 17.805 89.63 18.585L37.18 48.785C37 48.885 36.86 49.035 36.7 49.155C36.56 49.265 36.4 49.355 36.27 49.485C36.12 49.635 36.01 49.825 35.88 49.995C35.78 50.125 35.66 50.245 35.58 50.385C35.46 50.595 35.38 50.835 35.3 51.065C35.25 51.185 35.18 51.305 35.15 51.435C35.05 51.805 35 52.185 35 52.575V232.235C35 233.795 35.84 235.245 37.19 236.025L142.1 296.425C142.33 296.555 142.58 296.635 142.82 296.725C142.93 296.765 143.04 296.835 143.16 296.865C143.53 296.965 143.9 297.015 144.28 297.015C144.66 297.015 145.03 296.965 145.4 296.865C145.5 296.835 145.59 296.775 145.69 296.745C145.95 296.655 146.21 296.565 146.45 296.435L251.36 236.035C252.72 235.255 253.55 233.815 253.55 232.245V174.885L303.81 145.945C305.17 145.165 306 143.725 306 142.155V82.265C305.95 81.875 305.89 81.495 305.8 81.125ZM144.2 227.205L100.57 202.515L146.39 176.135L196.66 147.195L240.33 172.335L208.29 190.625L144.2 227.205ZM244.75 114.995V164.795L226.39 154.225L201.03 139.625V89.825L219.39 100.395L244.75 114.995ZM249.12 57.105L292.81 82.265L249.12 107.425L205.43 82.265L249.12 57.105ZM114.49 184.425L96.13 194.995V85.305L121.49 70.705L139.85 60.135V169.815L114.49 184.425ZM91.76 27.425L135.45 52.585L91.76 77.745L48.07 52.585L91.76 27.425ZM43.67 60.135L62.03 70.705L87.39 85.305V202.545V202.555V202.565C87.39 202.735 87.44 202.895 87.46 203.055C87.49 203.265 87.49 203.485 87.55 203.695V203.705C87.6 203.875 87.69 204.035 87.76 204.195C87.84 204.375 87.89 204.575 87.99 204.745C87.99 204.745 87.99 204.755 88 204.755C88.09 204.905 88.22 205.035 88.33 205.175C88.45 205.335 88.55 205.495 88.69 205.635L88.7 205.645C88.82 205.765 88.98 205.855 89.12 205.965C89.28 206.085 89.42 206.225 89.59 206.325C89.6 206.325 89.6 206.325 89.61 206.335C89.62 206.335 89.62 206.345 89.63 206.345L139.87 234.775V285.065L43.67 229.705V60.135ZM244.75 229.705L148.58 285.075V234.775L219.8 194.115L244.75 179.875V229.705ZM297.2 139.625L253.49 164.795V114.995L278.85 100.395L297.21 89.825V139.625H297.2Z"/&gt;\n
&lt;/svg&gt;\n
                    &lt;/a&gt;\n
                &lt;/div&gt;\n
\n
                &lt;!-- Navigation Links --&gt;\n
                &lt;!--[if BLOCK]&gt;&lt;![endif]--&gt;&lt;!--[if ENDBLOCK]&gt;&lt;![endif]--&gt;\n
            &lt;/div&gt;\n
\n
            &lt;!-- Settings Dropdown --&gt;\n
            &lt;!--[if BLOCK]&gt;&lt;![endif]--&gt;                &lt;div class="hidden sm:flex sm:items-center sm:ms-6 gap-4"&gt;\n
                    &lt;a class="inline-flex items-center px-1 pt-1 border-b-2 border-transparent text-sm font-medium leading-5 text-gray-500 dark:text-gray-400 hover:text-gray-700 dark:hover:text-gray-300 hover:border-gray-300 dark:hover:border-gray-700 focus:outline-none focus:text-gray-700 dark:focus:text-gray-300 focus:border-gray-300 dark:focus:border-gray-700 transition duration-150 ease-in-out" href="http://localhost:8000/login" wire:navigate=""&gt;\n
    Log in\n
&lt;/a&gt;\n
\n
                    &lt;a class="inline-flex items-center px-1 pt-1 border-b-2 border-transparent text-sm font-medium leading-5 text-gray-500 dark:text-gray-400 hover:text-gray-700 dark:hover:text-gray-300 hover:border-gray-300 dark:hover:border-gray-700 focus:outline-none focus:text-gray-700 dark:focus:text-gray-300 focus:border-gray-300 dark:focus:border-gray-700 transition duration-150 ease-in-out" href="http://localhost:8000/register" wire:navigate=""&gt;\n
    Register\n
&lt;/a&gt;\n
                &lt;/div&gt;\n
            &lt;!--[if ENDBLOCK]&gt;&lt;![endif]--&gt;\n
\n
            &lt;!-- Hamburger --&gt;\n
            &lt;div class="-me-2 flex items-center sm:hidden"&gt;\n
                &lt;button @click="open = ! open" class="inline-flex items-center justify-center p-2 rounded-md text-gray-400 dark:text-gray-500 hover:text-gray-500 dark:hover:text-gray-400 hover:bg-gray-100 dark:hover:bg-gray-900 focus:outline-none focus:bg-gray-100 dark:focus:bg-gray-900 focus:text-gray-500 dark:focus:text-gray-400 transition duration-150 ease-in-out"&gt;\n
                    &lt;svg class="h-6 w-6" stroke="currentColor" fill="none" viewBox="0 0 24 24"&gt;\n
                        &lt;path :class="{'hidden': open, 'inline-flex': ! open }" class="inline-flex" stroke-linecap="round" stroke-linejoin="round" stroke-width="2" d="M4 6h16M4 12h16M4 18h16" /&gt;\n
                        &lt;path :class="{'hidden': ! open, 'inline-flex': open }" class="hidden" stroke-linecap="round" stroke-linejoin="round" stroke-width="2" d="M6 18L18 6M6 6l12 12" /&gt;\n
                    &lt;/svg&gt;\n
                &lt;/button&gt;\n
            &lt;/div&gt;\n
        &lt;/div&gt;\n
    &lt;/div&gt;\n
\n
    &lt;!-- Responsive Navigation Menu --&gt;\n
    &lt;div :class="{'block': open, 'hidden': ! open}" class="hidden sm:hidden"&gt;\n
        &lt;!--[if BLOCK]&gt;&lt;![endif]--&gt;            &lt;div class="pt-2 pb-3 space-y-1"&gt;\n
                &lt;a class="block w-full ps-3 pe-4 py-2 border-l-4 border-transparent text-start text-base font-medium text-gray-600 dark:text-gray-400 hover:text-gray-800 dark:hover:text-gray-200 hover:bg-gray-50 dark:hover:bg-gray-700 hover:border-gray-300 dark:hover:border-gray-600 focus:outline-none focus:text-gray-800 dark:focus:text-gray-200 focus:bg-gray-50 dark:focus:bg-gray-700 focus:border-gray-300 dark:focus:border-gray-600 transition duration-150 ease-in-out" href="http://localhost:8000/login" wire:navigate=""&gt;\n
    Log in\n
&lt;/a&gt;\n
                &lt;a class="block w-full ps-3 pe-4 py-2 border-l-4 border-transparent text-start text-base font-medium text-gray-600 dark:text-gray-400 hover:text-gray-800 dark:hover:text-gray-200 hover:bg-gray-50 dark:hover:bg-gray-700 hover:border-gray-300 dark:hover:border-gray-600 focus:outline-none focus:text-gray-800 dark:focus:text-gray-200 focus:bg-gray-50 dark:focus:bg-gray-700 focus:border-gray-300 dark:focus:border-gray-600 transition duration-150 ease-in-out" href="http://localhost:8000/register" wire:navigate=""&gt;\n
    Register\n
&lt;/a&gt;\n
            &lt;/div&gt;\n
        &lt;!--[if ENDBLOCK]&gt;&lt;![endif]--&gt;\n
    &lt;/div&gt;\n
&lt;/nav&gt;\n
            &lt;!-- Page Heading --&gt;\n
            \n
            &lt;!-- Page Content --&gt;\n
            &lt;main&gt;\n
                &lt;div wire:snapshot="{&amp;quot;data&amp;quot;:{&amp;quot;applicationNumber&amp;quot;:&amp;quot;LA2025110039&amp;quot;,&amp;quot;email&amp;quot;:&amp;quot;&amp;quot;,&amp;quot;application&amp;quot;:null,&amp;quot;timeline&amp;quot;:[[],{&amp;quot;s&amp;quot;:&amp;quot;arr&amp;quot;}],&amp;quot;showResults&amp;quot;:false,&amp;quot;notFound&amp;quot;:false},&amp;quot;memo&amp;quot;:{&amp;quot;id&amp;quot;:&amp;quot;SqwgDElx3uRmHZPkZepg&amp;quot;,&amp;quot;name&amp;quot;:&amp;quot;guest-loan-tracking&amp;quot;,&amp;quot;path&amp;quot;:&amp;quot;loan\/tracking\/LA2025110039&amp;quot;,&amp;quot;method&amp;quot;:&amp;quot;GET&amp;quot;,&amp;quot;children&amp;quot;:[],&amp;quot;scripts&amp;quot;:[],&amp;quot;assets&amp;quot;:[],&amp;quot;errors&amp;quot;:[],&amp;quot;locale&amp;quot;:&amp;quot;en&amp;quot;},&amp;quot;checksum&amp;quot;:&amp;quot;d2f7be155f37f013a1fe9211c07f616d6c6d7a9dabc9df86b478c1390d6084dc&amp;quot;}" wire:effects="{&amp;quot;partials&amp;quot;:[]}" wire:id="SqwgDElx3uRmHZPkZepg" class="min-h-screen bg-white py-12"&gt;\n
    &lt;div class="mx-auto max-w-4xl px-4 sm:px-6 lg:px-8"&gt;\n
        &lt;div class="sr-only focus-within:not-sr-only"&gt;\n
    &lt;a href="#main-content"\n
        class="absolute top-0 left-0 z-50 px-4 py-2 bg-blue-600 text-white font-medium rounded-br-md focus:outline-none focus:ring-2 focus:ring-blue-600 focus:ring-offset-2 min-h-[44px] inline-flex items-center"&gt;\n
        Skip to main content\n
    &lt;/a&gt;\n
&lt;/div&gt;\n
\n
        &lt;div class="mb-10 text-center"&gt;\n
            &lt;h1 class="text-3xl font-semibold text-gray-900"&gt;\n
                Jejak Permohonan Pinjaman Aset\n
            &lt;/h1&gt;\n
            &lt;p class="mt-3 text-gray-600"&gt;\n
                Sila masukkan nombor permohonan (LA...) dan emel untuk melihat perkembangan status terkini.\n
            &lt;/p&gt;\n
        &lt;/div&gt;\n
\n
        &lt;div class="bg-white rounded-lg shadow-md overflow-hidden mb-8"\n
    &gt;\n
    &lt;!--[if BLOCK]&gt;&lt;![endif]--&gt;&lt;!--[if ENDBLOCK]&gt;&lt;![endif]--&gt;\n
\n
    &lt;div class="p-6"&gt;\n
        &lt;form wire:submit.prevent="track" class="grid gap-6 sm:grid-cols-2" novalidate&gt;\n
                &lt;div class="mb-4"&gt;\n
    \n
    &lt;label for="applicationNumber" class="block text-sm font-medium text-gray-700 mb-2"&gt;\n
        Nombor Permohonan\n
        &lt;!--[if BLOCK]&gt;&lt;![endif]--&gt;            &lt;span class="text-danger" aria-label="required"&gt;*&lt;/span&gt;\n
        &lt;!--[if ENDBLOCK]&gt;&lt;![endif]--&gt;\n
    &lt;/label&gt;\n
\n
    \n
    &lt;!--[if BLOCK]&gt;&lt;![endif]--&gt;&lt;!--[if ENDBLOCK]&gt;&lt;![endif]--&gt;\n
\n
    \n
    &lt;input type="text" name="applicationNumber" id="applicationNumber" value=""\n
        class="block w-full rounded-md shadow-sm transition-colors duration-200 min-h-[44px] px-4 py-2 text-base border-gray-300 focus:border-blue-600 focus:ring-2 focus:ring-blue-600 focus:outline-none"  required aria-required="true"                   placeholder="LA2025010001"          autocomplete="off"                                                 wire:model.live.debounce.300ms="applicationNumber" /&gt;\n
\n
    \n
    &lt;!--[if BLOCK]&gt;&lt;![endif]--&gt;&lt;!--[if ENDBLOCK]&gt;&lt;![endif]--&gt;\n
&lt;/div&gt;\n
\n
                &lt;div class="mb-4"&gt;\n
    \n
    &lt;label for="email" class="block text-sm font-medium text-gray-700 mb-2"&gt;\n
        Emel Pemohon\n
        &lt;!--[if BLOCK]&gt;&lt;![endif]--&gt;            &lt;span class="text-danger" aria-label="required"&gt;*&lt;/span&gt;\n
        &lt;!--[if ENDBLOCK]&gt;&lt;![endif]--&gt;\n
    &lt;/label&gt;\n
\n
    \n
    &lt;!--[if BLOCK]&gt;&lt;![endif]--&gt;&lt;!--[if ENDBLOCK]&gt;&lt;![endif]--&gt;\n
\n
    \n
    &lt;input type="email" name="email" id="email" value=""\n
        class="block w-full rounded-md shadow-sm transition-colors duration-200 min-h-[44px] px-4 py-2 text-base border-gray-300 focus:border-blue-600 focus:ring-2 focus:ring-blue-600 focus:outline-none"  required aria-required="true"                   placeholder="nama@motac.gov.my"          autocomplete="email"                                                 wire:model.live.debounce.300ms="email" /&gt;\n
\n
    \n
    &lt;!--[if BLOCK]&gt;&lt;![endif]--&gt;&lt;!--[if ENDBLOCK]&gt;&lt;![endif]--&gt;\n
&lt;/div&gt;\n
\n
                &lt;div class="sm:col-span-2 flex items-center justify-between"&gt;\n
                    &lt;p class="text-sm text-gray-500"&gt;\n
                        Maklumat garis masa akan dikemaskini setiap 5 minit secara automatik.\n
                    &lt;/p&gt;\n
                    &lt;!--[if BLOCK]&gt;&lt;![endif]--&gt;    &lt;button type="submit" class="inline-flex items-center justify-center px-4 py-2 rounded-md font-medium text-sm transition-colors duration-200 focus:outline-none focus:ring-2 focus:ring-offset-2 min-h-[44px] disabled:opacity-50 disabled:cursor-not-allowed bg-blue-600 text-white hover:bg-blue-700 focus:ring-blue-600"         icon="heroicon-o-magnifying-glass"&gt;\n
        &lt;!--[if BLOCK]&gt;&lt;![endif]--&gt;&lt;!--[if ENDBLOCK]&gt;&lt;![endif]--&gt;\n
        Jejak Permohonan\n
    &lt;/button&gt;\n
&lt;!--[if ENDBLOCK]&gt;&lt;![endif]--&gt;\n
                &lt;/div&gt;\n
            &lt;/form&gt;\n
    &lt;/div&gt;\n
\n
    &lt;!--[if BLOCK]&gt;&lt;![endif]--&gt;&lt;!--[if ENDBLOCK]&gt;&lt;![endif]--&gt;\n
&lt;/div&gt;\n
\n
        &lt;!--[if BLOCK]&gt;&lt;![endif]--&gt;&lt;!--[if ENDBLOCK]&gt;&lt;![endif]--&gt;\n
\n
        &lt;!--[if BLOCK]&gt;&lt;![endif]--&gt;&lt;!--[if ENDBLOCK]&gt;&lt;![endif]--&gt;\n
    &lt;/div&gt;\n
&lt;/div&gt;\n
            &lt;/main&gt;\n
        &lt;/div&gt;\n
    &lt;!-- Livewire Scripts --&gt;\n
&lt;script src="/livewire/livewire.js?id=df3a17f2"   data-csrf="Ixu7MDNi7VLIjaobWwPJrfcQoscaIWuOT7hLr1XK" data-update-uri="/livewire/update" data-navigate-once="true"&gt;&lt;/script&gt;\n
&lt;/body&gt;\n
&lt;/html&gt;\n
' [ASCII](length: 15144) contains "&lt;header" [ASCII](length: 7).
&#13;
C:\XAMPP\htdocs\ictserve-031125\vendor\laravel\framework\src\Illuminate\Testing\TestResponseAssert.php:45
C:\XAMPP\htdocs\ictserve-031125\vendor\laravel\framework\src\Illuminate\Testing\TestResponse.php:686
C:\XAMPP\htdocs\ictserve-031125\tests\Feature\Accessibility\WcagComplianceTest.php:168
C:\XAMPP\htdocs\ictserve-031125\tests\Feature\Accessibility\WcagComplianceTest.php:100</failure>
        </testcase>
        <testcase name="test_authenticated_portal_wcag_compliance" file="C:\XAMPP\htdocs\ictserve-031125\tests\Feature\Accessibility\WcagComplianceTest.php" line="116" class="Tests\Feature\Accessibility\WcagComplianceTest" classname="Tests.Feature.Accessibility.WcagComplianceTest" assertions="2" time="8.387768">
          <failure type="PHPUnit\Framework\ExpectationFailedException">Tests\Feature\Accessibility\WcagComplianceTest::test_authenticated_portal_wcag_compliance&#13;
Page must contain banner landmark
Failed asserting that false is true.
&#13;
C:\XAMPP\htdocs\ictserve-031125\tests\Feature\Accessibility\WcagComplianceTest.php:383
C:\XAMPP\htdocs\ictserve-031125\tests\Feature\Accessibility\WcagComplianceTest.php:124</failure>
        </testcase>
        <testcase name="test_language_switcher_wcag_compliance" file="C:\XAMPP\htdocs\ictserve-031125\tests\Feature\Accessibility\WcagComplianceTest.php" line="140" class="Tests\Feature\Accessibility\WcagComplianceTest" classname="Tests.Feature.Accessibility.WcagComplianceTest" assertions="9" time="1.381668">
          <failure type="PHPUnit\Framework\ExpectationFailedException">Tests\Feature\Accessibility\WcagComplianceTest::test_language_switcher_wcag_compliance&#13;
Failed asserting that '&lt;!DOCTYPE html&gt;\n
&lt;html lang="en"&gt;\n
    &lt;head&gt;\n
        &lt;meta charset="utf-8"&gt;\n
        &lt;meta name="viewport" content="width=device-width, initial-scale=1"&gt;\n
        &lt;meta name="csrf-token" content="d5PmXILuMUz76TUd6Ky3Y2r9E1MeTsDFrp0h58SS"&gt;\n
\n
        &lt;title&gt;ICTServe&lt;/title&gt;\n
\n
        &lt;link rel="preconnect" href="https://fonts.bunny.net"&gt;\n
        &lt;link href="https://fonts.bunny.net/css?family=figtree:400,500,600&amp;display=swap" rel="stylesheet" /&gt;\n
\n
        &lt;script type="module" src="http://[::1]:5173/@vite/client" data-navigate-track="reload"&gt;&lt;/script&gt;&lt;link rel="stylesheet" href="http://[::1]:5173/resources/css/app.css" data-navigate-track="reload" /&gt;&lt;script type="module" src="http://[::1]:5173/resources/js/app.js" data-navigate-track="reload"&gt;&lt;/script&gt;    &lt;!-- Livewire Styles --&gt;&lt;style &gt;[wire\:loading][wire\:loading], [wire\:loading\.delay][wire\:loading\.delay], [wire\:loading\.inline-block][wire\:loading\.inline-block], [wire\:loading\.inline][wire\:loading\.inline], [wire\:loading\.block][wire\:loading\.block], [wire\:loading\.flex][wire\:loading\.flex], [wire\:loading\.table][wire\:loading\.table], [wire\:loading\.grid][wire\:loading\.grid], [wire\:loading\.inline-flex][wire\:loading\.inline-flex] {display: none;}[wire\:loading\.delay\.none][wire\:loading\.delay\.none], [wire\:loading\.delay\.shortest][wire\:loading\.delay\.shortest], [wire\:loading\.delay\.shorter][wire\:loading\.delay\.shorter], [wire\:loading\.delay\.short][wire\:loading\.delay\.short], [wire\:loading\.delay\.default][wire\:loading\.delay\.default], [wire\:loading\.delay\.long][wire\:loading\.delay\.long], [wire\:loading\.delay\.longer][wire\:loading\.delay\.longer], [wire\:loading\.delay\.longest][wire\:loading\.delay\.longest] {display: none;}[wire\:offline][wire\:offline] {display: none;}[wire\:dirty]:not(textarea):not(input):not(select) {display: none;}:root {--livewire-progress-bar-color: #2299dd;}[x-cloak] {display: none !important;}[wire\:cloak] {display: none !important;}&lt;/style&gt;\n
&lt;/head&gt;\n
    &lt;body class="font-sans antialiased text-gray-900 bg-slate-50"&gt;\n
        &lt;div class="min-h-screen flex flex-col"&gt;\n
            &lt;div class="sr-only focus-within:not-sr-only"&gt;\n
    &lt;a href="#main-content"\n
        class="absolute top-0 left-0 z-50 px-4 py-2 bg-blue-600 text-white font-medium rounded-br-md focus:outline-none focus:ring-2 focus:ring-blue-600 focus:ring-offset-2 min-h-[44px] inline-flex items-center"&gt;\n
        Skip to main content\n
    &lt;/a&gt;\n
&lt;/div&gt;\n
            &lt;header class="bg-white shadow-md" role="banner"&gt;\n
    &lt;div class="max-w-7xl mx-auto px-4 sm:px-6 lg:px-8"&gt;\n
        &lt;div class="flex justify-between items-center h-16"&gt;\n
            \n
            &lt;div class="flex items-center"&gt;\n
                &lt;a href="http://localhost:8000"\n
                    class="flex items-center focus:outline-none focus:ring-2 focus:ring-blue-600 focus:ring-offset-2 rounded-md p-2"\n
                    aria-label="Home"&gt;\n
                    &lt;svg viewBox="0 0 316 316" xmlns="http://www.w3.org/2000/svg" class="h-10 w-auto"&gt;\n
    &lt;path d="M305.8 81.125C305.77 80.995 305.69 80.885 305.65 80.755C305.56 80.525 305.49 80.285 305.37 80.075C305.29 79.935 305.17 79.815 305.07 79.685C304.94 79.515 304.83 79.325 304.68 79.175C304.55 79.045 304.39 78.955 304.25 78.845C304.09 78.715 303.95 78.575 303.77 78.475L251.32 48.275C249.97 47.495 248.31 47.495 246.96 48.275L194.51 78.475C194.33 78.575 194.19 78.725 194.03 78.845C193.89 78.955 193.73 79.045 193.6 79.175C193.45 79.325 193.34 79.515 193.21 79.685C193.11 79.815 192.99 79.935 192.91 80.075C192.79 80.285 192.71 80.525 192.63 80.755C192.58 80.875 192.51 80.995 192.48 81.125C192.38 81.495 192.33 81.875 192.33 82.265V139.625L148.62 164.795V52.575C148.62 52.185 148.57 51.805 148.47 51.435C148.44 51.305 148.36 51.195 148.32 51.065C148.23 50.835 148.16 50.595 148.04 50.385C147.96 50.245 147.84 50.125 147.74 49.995C147.61 49.825 147.5 49.635 147.35 49.485C147.22 49.355 147.06 49.265 146.92 49.155C146.76 49.025 146.62 48.885 146.44 48.785L93.99 18.585C92.64 17.805 90.98 17.805 89.63 18.585L37.18 48.785C37 48.885 36.86 49.035 36.7 49.155C36.56 49.265 36.4 49.355 36.27 49.485C36.12 49.635 36.01 49.825 35.88 49.995C35.78 50.125 35.66 50.245 35.58 50.385C35.46 50.595 35.38 50.835 35.3 51.065C35.25 51.185 35.18 51.305 35.15 51.435C35.05 51.805 35 52.185 35 52.575V232.235C35 233.795 35.84 235.245 37.19 236.025L142.1 296.425C142.33 296.555 142.58 296.635 142.82 296.725C142.93 296.765 143.04 296.835 143.16 296.865C143.53 296.965 143.9 297.015 144.28 297.015C144.66 297.015 145.03 296.965 145.4 296.865C145.5 296.835 145.59 296.775 145.69 296.745C145.95 296.655 146.21 296.565 146.45 296.435L251.36 236.035C252.72 235.255 253.55 233.815 253.55 232.245V174.885L303.81 145.945C305.17 145.165 306 143.725 306 142.155V82.265C305.95 81.875 305.89 81.495 305.8 81.125ZM144.2 227.205L100.57 202.515L146.39 176.135L196.66 147.195L240.33 172.335L208.29 190.625L144.2 227.205ZM244.75 114.995V164.795L226.39 154.225L201.03 139.625V89.825L219.39 100.395L244.75 114.995ZM249.12 57.105L292.81 82.265L249.12 107.425L205.43 82.265L249.12 57.105ZM114.49 184.425L96.13 194.995V85.305L121.49 70.705L139.85 60.135V169.815L114.49 184.425ZM91.76 27.425L135.45 52.585L91.76 77.745L48.07 52.585L91.76 27.425ZM43.67 60.135L62.03 70.705L87.39 85.305V202.545V202.555V202.565C87.39 202.735 87.44 202.895 87.46 203.055C87.49 203.265 87.49 203.485 87.55 203.695V203.705C87.6 203.875 87.69 204.035 87.76 204.195C87.84 204.375 87.89 204.575 87.99 204.745C87.99 204.745 87.99 204.755 88 204.755C88.09 204.905 88.22 205.035 88.33 205.175C88.45 205.335 88.55 205.495 88.69 205.635L88.7 205.645C88.82 205.765 88.98 205.855 89.12 205.965C89.28 206.085 89.42 206.225 89.59 206.325C89.6 206.325 89.6 206.325 89.61 206.335C89.62 206.335 89.62 206.345 89.63 206.345L139.87 234.775V285.065L43.67 229.705V60.135ZM244.75 229.705L148.58 285.075V234.775L219.8 194.115L244.75 179.875V229.705ZM297.2 139.625L253.49 164.795V114.995L278.85 100.395L297.21 89.825V139.625H297.2Z"/&gt;\n
&lt;/svg&gt;\n
                    &lt;span class="ml-3 text-xl font-bold text-gray-900"&gt;ICTServe&lt;/span&gt;\n
                &lt;/a&gt;\n
            &lt;/div&gt;\n
\n
            \n
            &lt;nav class="hidden md:flex space-x-8" role="navigation" aria-label="Main navigation"&gt;\n
                &lt;a href="http://localhost:8000"\n
                    class="inline-flex items-center px-3 py-2 text-sm font-medium text-gray-700 hover:text-blue-600 focus:outline-none focus:ring-2 focus:ring-blue-600 focus:ring-offset-2 rounded-md transition-colors duration-200"\n
                    aria-current="page"&gt;\n
                    Home\n
                &lt;/a&gt;\n
\n
                                    &lt;a href="http://localhost:8000/helpdesk/submit"\n
                        class="inline-flex items-center px-3 py-2 text-sm font-medium text-gray-700 hover:text-blue-600 focus:outline-none focus:ring-2 focus:ring-blue-600 focus:ring-offset-2 rounded-md transition-colors duration-200"\n
                        aria-current="false"&gt;\n
                        Helpdesk\n
                    &lt;/a&gt;\n
                \n
                                    &lt;a href="http://localhost:8000/loan/create"\n
                        class="inline-flex items-center px-3 py-2 text-sm font-medium text-gray-700 hover:text-blue-600 focus:outline-none focus:ring-2 focus:ring-blue-600 focus:ring-offset-2 rounded-md transition-colors duration-200"\n
                        aria-current="false"&gt;\n
                        Asset Loan\n
                    &lt;/a&gt;\n
                            &lt;/nav&gt;\n
\n
            \n
            &lt;div class="flex items-center space-x-3"&gt;\n
                \n
                &lt;div class="relative" x-data="{ open: false }" @click.outside="open = false" @keydown.escape.window="open = false"&gt;\n
    \n
    &lt;button type="button" @click="open = !open"\n
        class="inline-flex items-center justify-center min-h-[44px] min-w-[44px] px-4 py-2 text-sm font-medium text-gray-700 bg-white border border-gray-300 rounded-md hover:bg-gray-50 focus:outline-none focus:ring-2 focus:ring-blue-600 focus:ring-offset-2 transition-colors duration-150"\n
        aria-haspopup="menu"\n
        :aria-expanded="open.toString()"\n
        aria-controls="language-menu"\n
        aria-label="Language switcher"&gt;\n
        \n
        &lt;svg class="w-5 h-5 mr-2" fill="none" stroke="currentColor" viewBox="0 0 24 24" aria-hidden="true"&gt;\n
            &lt;path stroke-linecap="round" stroke-linejoin="round" stroke-width="2"\n
                d="M3 5h12M9 3v2m1 14h9m-9 0a7 7 0 110-14 7 7 0 010 14zm0 0c1.657 0 3-3.134 3-7s-1.343-7-3-7-3 3.134-3 7 1.343 7 3 7z" /&gt;\n
        &lt;/svg&gt;\n
\n
        \n
        &lt;span class="hidden sm:inline"&gt;\n
            English\n
        &lt;/span&gt;\n
\n
        \n
        &lt;span class="inline sm:hidden font-semibold"&gt;\n
            EN\n
        &lt;/span&gt;\n
\n
        \n
        &lt;svg class="w-4 h-4 ml-2 transition-transform duration-150" :class="{ 'rotate-180': open }" fill="none"\n
            stroke="currentColor" viewBox="0 0 24 24" aria-hidden="true"&gt;\n
            &lt;path stroke-linecap="round" stroke-linejoin="round" stroke-width="2" d="M19 9l-7 7-7-7" /&gt;\n
        &lt;/svg&gt;\n
    &lt;/button&gt;\n
\n
    \n
    &lt;div x-show="open" x-transition:enter="transition ease-out duration-100"\n
        x-transition:enter-start="transform opacity-0 scale-95"\n
        x-transition:enter-end="transform opacity-100 scale-100"\n
        x-transition:leave="transition ease-in duration-75"\n
        x-transition:leave-start="transform opacity-100 scale-100"\n
        x-transition:leave-end="transform opacity-0 scale-95"\n
        class="absolute right-0 z-50 mt-2 w-56 origin-top-right rounded-md bg-white shadow-lg ring-1 ring-black ring-opacity-5 focus:outline-none"\n
        role="menu" id="language-menu" aria-orientation="vertical" tabindex="-1"\n
        style="display: none;"&gt;\n
        &lt;div class="py-1" role="none"&gt;\n
                            &lt;a href="http://localhost:8000/change-locale/en"\n
                    class="group flex items-center min-h-[44px] px-4 py-2 text-sm text-gray-700 hover:bg-gray-100 hover:text-gray-900 focus:bg-gray-100 focus:text-gray-900 focus:outline-none focus:ring-2 focus:ring-inset focus:ring-blue-600 transition-colors duration-150 bg-blue-600 text-white hover:bg-blue-600 hover:text-white"\n
                    role="menuitem" tabindex="-1" lang="en" @click="open = false"\n
                     aria-current="page" &gt;\n
                    &lt;span class="mr-3 font-semibold" aria-hidden="true"&gt;EN&lt;/span&gt;\n
                    &lt;span class="flex-1"&gt;English&lt;/span&gt;\n
\n
                                            &lt;svg class="w-5 h-5 ml-2" fill="currentColor" viewBox="0 0 20 20" aria-hidden="true"&gt;\n
                            &lt;path fill-rule="evenodd"\n
                                d="M16.707 5.293a1 1 0 010 1.414l-8 8a1 1 0 01-1.414 0l-4-4a1 1 0 011.414-1.414L8 12.586l7.293-7.293a1 1 0 011.414 0z"\n
                                clip-rule="evenodd" /&gt;\n
                        &lt;/svg&gt;\n
                                    &lt;/a&gt;\n
                            &lt;a href="http://localhost:8000/change-locale/ms"\n
                    class="group flex items-center min-h-[44px] px-4 py-2 text-sm text-gray-700 hover:bg-gray-100 hover:text-gray-900 focus:bg-gray-100 focus:text-gray-900 focus:outline-none focus:ring-2 focus:ring-inset focus:ring-blue-600 transition-colors duration-150"\n
                    role="menuitem" tabindex="-1" lang="ms" @click="open = false"\n
                    &gt;\n
                    &lt;span class="mr-3 font-semibold" aria-hidden="true"&gt;MS&lt;/span&gt;\n
                    &lt;span class="flex-1"&gt;Bahasa Melayu&lt;/span&gt;\n
\n
                                    &lt;/a&gt;\n
                    &lt;/div&gt;\n
    &lt;/div&gt;\n
&lt;/div&gt;\n
\n
                \n
                                                            &lt;!--[if BLOCK]&gt;&lt;![endif]--&gt;    &lt;a href="http://localhost:8000/admin/login" class="inline-flex items-center justify-center px-4 py-2 rounded-md font-medium text-sm transition-colors duration-200 focus:outline-none focus:ring-2 focus:ring-offset-2 min-h-[44px] disabled:opacity-50 disabled:cursor-not-allowed bg-transparent text-blue-600 hover:bg-blue-50 focus:ring-blue-600" &gt;\n
        Admin Login\n
    &lt;/a&gt;\n
&lt;!--[if ENDBLOCK]&gt;&lt;![endif]--&gt;\n
                    \n
                    &lt;!--[if BLOCK]&gt;&lt;![endif]--&gt;    &lt;a href="http://localhost:8000/login" class="inline-flex items-center justify-center px-4 py-2 rounded-md font-medium text-sm transition-colors duration-200 focus:outline-none focus:ring-2 focus:ring-offset-2 min-h-[44px] disabled:opacity-50 disabled:cursor-not-allowed bg-blue-600 text-white hover:bg-blue-700 focus:ring-blue-600" &gt;\n
        Staff Login\n
    &lt;/a&gt;\n
&lt;!--[if ENDBLOCK]&gt;&lt;![endif]--&gt;\n
                            &lt;/div&gt;\n
\n
            \n
            &lt;div class="md:hidden" x-data="{ open: false }"&gt;\n
                &lt;button type="button"\n
                    class="inline-flex items-center justify-center p-2 rounded-md text-gray-700 hover:text-blue-600 hover:bg-gray-100 focus:outline-none focus:ring-2 focus:ring-blue-600 focus:ring-offset-2 min-h-[44px] min-w-[44px]"\n
                    @click="open = !open" :aria-expanded="open.toString()" aria-controls="mobile-menu"\n
                    aria-label="Toggle navigation menu"&gt;\n
                    &lt;svg class="h-6 w-6" fill="none" viewBox="0 0 24 24" stroke="currentColor" aria-hidden="true"&gt;\n
                        &lt;path stroke-linecap="round" stroke-linejoin="round" stroke-width="2"\n
                            d="M4 6h16M4 12h16M4 18h16" /&gt;\n
                    &lt;/svg&gt;\n
                &lt;/button&gt;\n
\n
                \n
                &lt;div class="md:hidden" id="mobile-menu" x-show="open" x-transition x-cloak&gt;\n
                    &lt;div class="px-2 pt-2 pb-3 space-y-1 sm:px-3" role="navigation"\n
                        aria-label="Mobile navigation"&gt;\n
                        &lt;a href="http://localhost:8000"\n
                            class="block px-3 py-2 rounded-md text-base font-medium text-gray-700 hover:text-blue-600 hover:bg-gray-50 focus:outline-none focus:ring-2 focus:ring-blue-600 min-h-[44px]"\n
                            aria-current="page"&gt;\n
                            Home\n
                        &lt;/a&gt;\n
\n
                                                    &lt;a href="http://localhost:8000/helpdesk/submit"\n
                                class="block px-3 py-2 rounded-md text-base font-medium text-gray-700 hover:text-blue-600 hover:bg-gray-50 focus:outline-none focus:ring-2 focus:ring-blue-600 min-h-[44px]"\n
                                aria-current="false"&gt;\n
                                Helpdesk\n
                            &lt;/a&gt;\n
                        \n
                                                    &lt;a href="http://localhost:8000/loan/create"\n
                                class="block px-3 py-2 rounded-md text-base font-medium text-gray-700 hover:text-blue-600 hover:bg-gray-50 focus:outline-none focus:ring-2 focus:ring-blue-600 min-h-[44px]"\n
                                aria-current="false"&gt;\n
                                Asset Loan\n
                            &lt;/a&gt;\n
                        \n
                                                                                    &lt;a href="http://localhost:8000/admin/login"\n
                                    class="block px-3 py-2 rounded-md text-base font-medium text-gray-700 hover:text-blue-600 hover:bg-gray-50 focus:outline-none focus:ring-2 focus:ring-blue-600 min-h-[44px]"&gt;\n
                                    Admin Login\n
                                &lt;/a&gt;\n
                            \n
                            &lt;a href="http://localhost:8000/login"\n
                                class="block px-3 py-2 rounded-md text-base font-medium text-gray-700 hover:text-blue-600 hover:bg-gray-50 focus:outline-none focus:ring-2 focus:ring-blue-600 min-h-[44px]"&gt;\n
                                Staff Login\n
                            &lt;/a&gt;\n
                                            &lt;/div&gt;\n
                &lt;/div&gt;\n
            &lt;/div&gt;\n
        &lt;/div&gt;\n
    &lt;/div&gt;\n
&lt;/header&gt;\n
\n
            &lt;main class="flex-1"&gt;\n
                                        &lt;section class="bg-gradient-to-r from-blue-600 to-blue-800 text-white py-20" role="banner"&gt;\n
        &lt;div class="max-w-7xl mx-auto px-4 sm:px-6 lg:px-8 text-center space-y-6"&gt;\n
            &lt;h1 class="text-4xl md:text-5xl font-bold"&gt;\n
                Welcome to ICTServe\n
            &lt;/h1&gt;\n
            &lt;p class="text-xl md:text-2xl text-blue-100"&gt;\n
                Your Gateway to IT Services\n
            &lt;/p&gt;\n
            &lt;p class="text-lg text-blue-50 max-w-3xl mx-auto"&gt;\n
                Streamlined helpdesk support and asset loan management system for MOTAC staff and departments. Submit tickets, request equipment loans, and track your requests all in one place.\n
            &lt;/p&gt;\n
            &lt;div class="flex flex-wrap justify-center gap-3"&gt;\n
                                    &lt;!--[if BLOCK]&gt;&lt;![endif]--&gt;    &lt;a href="http://localhost:8000/helpdesk/submit" class="inline-flex items-center justify-center px-4 py-2 rounded-md font-medium text-sm transition-colors duration-200 focus:outline-none focus:ring-2 focus:ring-offset-2 min-h-[44px] disabled:opacity-50 disabled:cursor-not-allowed bg-blue-600 text-white hover:bg-blue-700 focus:ring-blue-600" class="px-6 py-3 text-lg"&gt;\n
        Submit Ticket\n
    &lt;/a&gt;\n
&lt;!--[if ENDBLOCK]&gt;&lt;![endif]--&gt;\n
                                                    &lt;!--[if BLOCK]&gt;&lt;![endif]--&gt;    &lt;a href="http://localhost:8000/loan/apply" class="inline-flex items-center justify-center px-4 py-2 rounded-md font-medium text-sm transition-colors duration-200 focus:outline-none focus:ring-2 focus:ring-offset-2 min-h-[44px] disabled:opacity-50 disabled:cursor-not-allowed bg-transparent text-blue-600 hover:bg-blue-50 focus:ring-blue-600" class="px-6 py-3 text-lg text-blue-50 border border-white/50 hover:border-white"&gt;\n
        Explore Loan Options\n
    &lt;/a&gt;\n
&lt;!--[if ENDBLOCK]&gt;&lt;![endif]--&gt;\n
                            &lt;/div&gt;\n
        &lt;/div&gt;\n
    &lt;/section&gt;\n
\n
    &lt;section class="py-16"&gt;\n
        &lt;div class="max-w-7xl mx-auto px-4 sm:px-6 lg:px-8 space-y-12"&gt;\n
            &lt;div class="text-center space-y-4"&gt;\n
                &lt;h2 class="text-3xl font-bold text-slate-900"&gt;\n
                    Our Services\n
                &lt;/h2&gt;\n
                &lt;p class="text-lg text-slate-600 max-w-2xl mx-auto"&gt;\n
                    Choose from our comprehensive range of IT services designed to support your daily operations\n
                &lt;/p&gt;\n
            &lt;/div&gt;\n
\n
            &lt;div class="grid grid-cols-1 md:grid-cols-2 gap-8"&gt;\n
                &lt;article class="bg-white rounded-2xl shadow-lg border border-slate-200 overflow-hidden transition-transform duration-300 hover:-translate-y-1"&gt;\n
                    &lt;div class="h-1 bg-gradient-to-r from-blue-500 to-blue-600"&gt;&lt;/div&gt;\n
                    &lt;div class="p-8 space-y-6"&gt;\n
                        &lt;div class="flex items-center gap-4"&gt;\n
                            &lt;span class="inline-flex h-12 w-12 items-center justify-center rounded-full bg-blue-50 text-blue-600"&gt;\n
                                &lt;svg class="h-6 w-6" fill="none" viewBox="0 0 24 24" stroke="currentColor" aria-hidden="true"&gt;\n
                                    &lt;path stroke-linecap="round" stroke-linejoin="round" stroke-width="2"\n
                                        d="M18.364 5.636l-3.536 3.536m0 5.656l3.536 3.536M9.172 9.172L5.636 5.636m3.536 9.192l-3.536 3.536M21 12a9 9 0 11-18 0 9 9 0 0118 0zm-5 0a4 4 0 11-8 0 4 4 0 018 0z" /&gt;\n
                                &lt;/svg&gt;\n
                            &lt;/span&gt;\n
                            &lt;h3 class="text-2xl font-semibold text-slate-900"&gt;\n
                                IT Helpdesk\n
                            &lt;/h3&gt;\n
                        &lt;/div&gt;\n
                        &lt;p class="text-slate-600 leading-relaxed"&gt;\n
                            Get technical support for your IT issues. Our team is ready to assist you with hardware problems, software inquiries, network connectivity, and system access requests.\n
                        &lt;/p&gt;\n
                        &lt;ul class="space-y-3"&gt;\n
                            &lt;li class="flex items-start gap-3"&gt;\n
                                &lt;svg class="h-5 w-5 text-green-600 mt-0.5" viewBox="0 0 20 20" fill="currentColor" aria-hidden="true"&gt;\n
                                    &lt;path fill-rule="evenodd" d="M16.707 5.293a1 1 0 00-1.414 0L8 12.586 4.707 9.293a1 1 0 10-1.414 1.414l4 4a1 1 0 001.414 0l8-8a1 1 0 000-1.414z" clip-rule="evenodd" /&gt;\n
                                &lt;/svg&gt;\n
                                &lt;span class="text-slate-700"&gt;24/7 ticket submission&lt;/span&gt;\n
                            &lt;/li&gt;\n
                            &lt;li class="flex items-start gap-3"&gt;\n
                                &lt;svg class="h-5 w-5 text-green-600 mt-0.5" viewBox="0 0 20 20" fill="currentColor" aria-hidden="true"&gt;\n
                                    &lt;path fill-rule="evenodd" d="M16.707 5.293a1 1 0 00-1.414 0L8 12.586 4.707 9.293a1 1 0 10-1.414 1.414l4 4a1 1 0 001.414 0l8-8a1 1 0 000-1.414z" clip-rule="evenodd" /&gt;\n
                                &lt;/svg&gt;\n
                                &lt;span class="text-slate-700"&gt;Real-time status tracking&lt;/span&gt;\n
                            &lt;/li&gt;\n
                            &lt;li class="flex items-start gap-3"&gt;\n
                                &lt;svg class="h-5 w-5 text-green-600 mt-0.5" viewBox="0 0 20 20" fill="currentColor" aria-hidden="true"&gt;\n
                                    &lt;path fill-rule="evenodd" d="M16.707 5.293a1 1 0 00-1.414 0L8 12.586 4.707 9.293a1 1 0 10-1.414 1.414l4 4a1 1 0 001.414 0l8-8a1 1 0 000-1.414z" clip-rule="evenodd" /&gt;\n
                                &lt;/svg&gt;\n
                                &lt;span class="text-slate-700"&gt;Priority-based resolution&lt;/span&gt;\n
                            &lt;/li&gt;\n
                        &lt;/ul&gt;\n
                                                    &lt;!--[if BLOCK]&gt;&lt;![endif]--&gt;    &lt;a href="http://localhost:8000/helpdesk/submit" class="inline-flex items-center justify-center px-4 py-2 rounded-md font-medium text-sm transition-colors duration-200 focus:outline-none focus:ring-2 focus:ring-offset-2 min-h-[44px] disabled:opacity-50 disabled:cursor-not-allowed bg-blue-600 text-white hover:bg-blue-700 focus:ring-blue-600" class="w-full justify-center"&gt;\n
        Submit Ticket\n
    &lt;/a&gt;\n
&lt;!--[if ENDBLOCK]&gt;&lt;![endif]--&gt;\n
                                            &lt;/div&gt;\n
                &lt;/article&gt;\n
\n
                &lt;article class="bg-white rounded-2xl shadow-lg border border-slate-200 overflow-hidden transition-transform duration-300 hover:-translate-y-1"&gt;\n
                    &lt;div class="h-1 bg-gradient-to-r from-emerald-500 to-emerald-600"&gt;&lt;/div&gt;\n
                    &lt;div class="p-8 space-y-6"&gt;\n
                        &lt;div class="flex items-center gap-4"&gt;\n
                            &lt;span class="inline-flex h-12 w-12 items-center justify-center rounded-full bg-emerald-50 text-emerald-600"&gt;\n
                                &lt;svg class="h-6 w-6" fill="none" viewBox="0 0 24 24" stroke="currentColor" aria-hidden="true"&gt;\n
                                    &lt;path stroke-linecap="round" stroke-linejoin="round" stroke-width="2"\n
                                        d="M9 3v2m6-2v2M9 19v2m6-2v2M5 9H3m2 6H3m18-6h-2m2 6h-2M7 19h10a2 2 0 002-2V7a2 2 0 00-2-2H7a2 2 0 00-2 2v10a2 2 0 002 2zM9 9h6v6H9V9z" /&gt;\n
                                &lt;/svg&gt;\n
                            &lt;/span&gt;\n
                            &lt;h3 class="text-2xl font-semibold text-slate-900"&gt;\n
                                Asset Loan\n
                            &lt;/h3&gt;\n
                        &lt;/div&gt;\n
                        &lt;p class="text-slate-600 leading-relaxed"&gt;\n
                            Request IT equipment and assets for your projects and activities. Browse available items, submit loan requests, and manage your borrowed equipment efficiently.\n
                        &lt;/p&gt;\n
                        &lt;ul class="space-y-3"&gt;\n
                            &lt;li class="flex items-start gap-3"&gt;\n
                                &lt;svg class="h-5 w-5 text-emerald-600 mt-0.5" viewBox="0 0 20 20" fill="currentColor" aria-hidden="true"&gt;\n
                                    &lt;path fill-rule="evenodd" d="M16.707 5.293a1 1 0 00-1.414 0L8 12.586 4.707 9.293a1 1 0 10-1.414 1.414l4 4a1 1 0 001.414 0l8-8a1 1 0 000-1.414z" clip-rule="evenodd" /&gt;\n
                                &lt;/svg&gt;\n
                                &lt;span class="text-slate-700"&gt;Browse available equipment&lt;/span&gt;\n
                            &lt;/li&gt;\n
                            &lt;li class="flex items-start gap-3"&gt;\n
                                &lt;svg class="h-5 w-5 text-emerald-600 mt-0.5" viewBox="0 0 20 20" fill="currentColor" aria-hidden="true"&gt;\n
                                    &lt;path fill-rule="evenodd" d="M16.707 5.293a1 1 0 00-1.414 0L8 12.586 4.707 9.293a1 1 0 10-1.414 1.414l4 4a1 1 0 001.414 0l8-8a1 1 0 000-1.414z" clip-rule="evenodd" /&gt;\n
                                &lt;/svg&gt;\n
                                &lt;span class="text-slate-700"&gt;Online loan application&lt;/span&gt;\n
                            &lt;/li&gt;\n
                            &lt;li class="flex items-start gap-3"&gt;\n
                                &lt;svg class="h-5 w-5 text-emerald-600 mt-0.5" viewBox="0 0 20 20" fill="currentColor" aria-hidden="true"&gt;\n
                                    &lt;path fill-rule="evenodd" d="M16.707 5.293a1 1 0 00-1.414 0L8 12.586 4.707 9.293a1 1 0 10-1.414 1.414l4 4a1 1 0 001.414 0l8-8a1 1 0 000-1.414z" clip-rule="evenodd" /&gt;\n
                                &lt;/svg&gt;\n
                                &lt;span class="text-slate-700"&gt;Automated approval workflow&lt;/span&gt;\n
                            &lt;/li&gt;\n
                        &lt;/ul&gt;\n
                                                    &lt;!--[if BLOCK]&gt;&lt;![endif]--&gt;    &lt;a href="http://localhost:8000/loan/apply" class="inline-flex items-center justify-center px-4 py-2 rounded-md font-medium text-sm transition-colors duration-200 focus:outline-none focus:ring-2 focus:ring-offset-2 min-h-[44px] disabled:opacity-50 disabled:cursor-not-allowed bg-green-700 text-white hover:bg-green-800 focus:ring-green-700" class="w-full justify-center"&gt;\n
        Apply for Loan\n
    &lt;/a&gt;\n
&lt;!--[if ENDBLOCK]&gt;&lt;![endif]--&gt;\n
                                            &lt;/div&gt;\n
                &lt;/article&gt;\n
            &lt;/div&gt;\n
        &lt;/div&gt;\n
    &lt;/section&gt;\n
                            &lt;/main&gt;\n
\n
            &lt;footer class="bg-gray-900 text-white mt-auto" role="contentinfo"&gt;\n
    &lt;div class="max-w-7xl mx-auto px-4 sm:px-6 lg:px-8 py-12"&gt;\n
        &lt;div class="grid grid-cols-1 md:grid-cols-3 gap-8"&gt;\n
            \n
            &lt;div&gt;\n
                &lt;h3 class="text-lg font-semibold mb-4"&gt;About ICTServe&lt;/h3&gt;\n
                &lt;p class="text-gray-400 text-sm leading-relaxed"&gt;\n
                    ICTServe is the unified MOTAC platform for submitting IT helpdesk requests and managing asset loans with transparent tracking and WCAG-compliant experiences.\n
                &lt;/p&gt;\n
            &lt;/div&gt;\n
\n
            \n
            &lt;div&gt;\n
                &lt;h3 class="text-lg font-semibold mb-4"&gt;Quick Links&lt;/h3&gt;\n
                &lt;nav aria-label="Footer navigation"&gt;\n
                    &lt;ul class="space-y-2"&gt;\n
                        &lt;li&gt;\n
                            &lt;a href="http://localhost:8000"\n
                                class="text-gray-400 hover:text-white focus:outline-none focus:ring-2 focus:ring-blue-600 focus:ring-offset-2 focus:ring-offset-gray-900 rounded-md transition-colors inline-block"&gt;\n
                                Home\n
                            &lt;/a&gt;\n
                        &lt;/li&gt;\n
                                                                            &lt;li&gt;\n
                                &lt;a href="http://localhost:8000/helpdesk/submit"\n
                                    class="text-gray-400 hover:text-white focus:outline-none focus:ring-2 focus:ring-blue-600 focus:ring-offset-2 focus:ring-offset-gray-900 rounded-md transition-colors inline-block"&gt;\n
                                    Helpdesk\n
                                &lt;/a&gt;\n
                            &lt;/li&gt;\n
                                                                            &lt;li&gt;\n
                                &lt;a href="http://localhost:8000/loan/create"\n
                                    class="text-gray-400 hover:text-white focus:outline-none focus:ring-2 focus:ring-blue-600 focus:ring-offset-2 focus:ring-offset-gray-900 rounded-md transition-colors inline-block"&gt;\n
                                    Asset Loan\n
                                &lt;/a&gt;\n
                            &lt;/li&gt;\n
                                                                            &lt;li&gt;\n
                                &lt;a href="http://localhost:8000/login"\n
                                    class="text-gray-400 hover:text-white focus:outline-none focus:ring-2 focus:ring-blue-600 focus:ring-offset-2 focus:ring-offset-gray-900 rounded-md transition-colors inline-block"&gt;\n
                                    Staff Login\n
                                &lt;/a&gt;\n
                            &lt;/li&gt;\n
                                            &lt;/ul&gt;\n
                &lt;/nav&gt;\n
            &lt;/div&gt;\n
\n
            \n
            &lt;div&gt;\n
                &lt;h3 class="text-lg font-semibold mb-4"&gt;Contact Us&lt;/h3&gt;\n
                &lt;address class="text-gray-400 text-sm not-italic space-y-2"&gt;\n
                    &lt;p&gt;\n
                        &lt;strong&gt;Ministry:&lt;/strong&gt;&lt;br&gt;\n
                        Ministry of Tourism, Arts and Culture Malaysia\n
                    &lt;/p&gt;\n
                    &lt;p&gt;\n
                        &lt;strong&gt;Email:&lt;/strong&gt;&lt;br&gt;\n
                        &lt;a href="mailto:support@motac.gov.my"\n
                            class="hover:text-white focus:outline-none focus:ring-2 focus:ring-blue-600 focus:ring-offset-2 focus:ring-offset-gray-900 rounded-md transition-colors"&gt;\n
                            support@motac.gov.my\n
                        &lt;/a&gt;\n
                    &lt;/p&gt;\n
                    &lt;p&gt;\n
                        &lt;strong&gt;Phone:&lt;/strong&gt;&lt;br&gt;\n
                        &lt;a href="tel:+60380009999"\n
                            class="hover:text-white focus:outline-none focus:ring-2 focus:ring-blue-600 focus:ring-offset-2 focus:ring-offset-gray-900 rounded-md transition-colors"&gt;\n
                            +603 8000 9999\n
                        &lt;/a&gt;\n
                    &lt;/p&gt;\n
                &lt;/address&gt;\n
            &lt;/div&gt;\n
        &lt;/div&gt;\n
\n
        \n
        &lt;div class="mt-8 pt-8 border-t border-gray-800"&gt;\n
            &lt;div class="flex flex-col md:flex-row justify-between items-center space-y-4 md:space-y-0"&gt;\n
                &lt;p class="text-gray-400 text-sm"&gt;\n
                    &amp;copy; 2025 Ministry of Tourism, Arts and Culture Malaysia.\n
                    All rights reserved.\n
                &lt;/p&gt;\n
                &lt;div class="flex items-center space-x-4 text-sm text-gray-400"&gt;\n
                    &lt;span&gt;WCAG 2.2 AA compliant&lt;/span&gt;\n
                    &lt;span aria-hidden="true"&gt;|&lt;/span&gt;\n
                    &lt;span&gt;PDPA compliant&lt;/span&gt;\n
                &lt;/div&gt;\n
            &lt;/div&gt;\n
        &lt;/div&gt;\n
    &lt;/div&gt;\n
&lt;/footer&gt;\n
        &lt;/div&gt;\n
    &lt;!-- Livewire Scripts --&gt;\n
&lt;script src="/livewire/livewire.js?id=df3a17f2"   data-csrf="d5PmXILuMUz76TUd6Ky3Y2r9E1MeTsDFrp0h58SS" data-update-uri="/livewire/update" data-navigate-once="true"&gt;&lt;/script&gt;\n
&lt;/body&gt;\n
&lt;/html&gt;\n
' [ASCII](length: 31092) contains "@click.away" [ASCII](length: 11).
&#13;
C:\XAMPP\htdocs\ictserve-031125\vendor\laravel\framework\src\Illuminate\Testing\TestResponseAssert.php:45
C:\XAMPP\htdocs\ictserve-031125\vendor\laravel\framework\src\Illuminate\Testing\TestResponse.php:686
C:\XAMPP\htdocs\ictserve-031125\tests\Feature\Accessibility\WcagComplianceTest.php:158</failure>
        </testcase>
      </testsuite>
      <testsuite name="Tests\Feature\AssetLoan\AuthenticatedPortalTest" file="C:\XAMPP\htdocs\ictserve-031125\tests\Feature\AssetLoan\AuthenticatedPortalTest.php" tests="17" assertions="0" errors="17" failures="0" skipped="0" time="32.362286">
        <testcase name="test_dashboard_displays_personalized_statistics" file="C:\XAMPP\htdocs\ictserve-031125\tests\Feature\AssetLoan\AuthenticatedPortalTest.php" line="87" class="Tests\Feature\AssetLoan\AuthenticatedPortalTest" classname="Tests.Feature.AssetLoan.AuthenticatedPortalTest" assertions="0" time="1.384227">
          <error type="Symfony\Component\Routing\Exception\RouteNotFoundException">Tests\Feature\AssetLoan\AuthenticatedPortalTest::test_dashboard_displays_personalized_statistics&#13;
Symfony\Component\Routing\Exception\RouteNotFoundException: Route [loan.dashboard] not defined.
&#13;
C:\XAMPP\htdocs\ictserve-031125\vendor\laravel\framework\src\Illuminate\Routing\UrlGenerator.php:526
C:\XAMPP\htdocs\ictserve-031125\vendor\laravel\framework\src\Illuminate\Foundation\helpers.php:871
C:\XAMPP\htdocs\ictserve-031125\tests\Feature\AssetLoan\AuthenticatedPortalTest.php:121</error>
        </testcase>
        <testcase name="test_dashboard_displays_empty_state_for_new_users" file="C:\XAMPP\htdocs\ictserve-031125\tests\Feature\AssetLoan\AuthenticatedPortalTest.php" line="144" class="Tests\Feature\AssetLoan\AuthenticatedPortalTest" classname="Tests.Feature.AssetLoan.AuthenticatedPortalTest" assertions="0" time="1.635684">
          <error type="Symfony\Component\Routing\Exception\RouteNotFoundException">Tests\Feature\AssetLoan\AuthenticatedPortalTest::test_dashboard_displays_empty_state_for_new_users&#13;
Symfony\Component\Routing\Exception\RouteNotFoundException: Route [loan.dashboard] not defined.
&#13;
C:\XAMPP\htdocs\ictserve-031125\vendor\laravel\framework\src\Illuminate\Routing\UrlGenerator.php:526
C:\XAMPP\htdocs\ictserve-031125\vendor\laravel\framework\src\Illuminate\Foundation\helpers.php:871
C:\XAMPP\htdocs\ictserve-031125\tests\Feature\AssetLoan\AuthenticatedPortalTest.php:153</error>
        </testcase>
        <testcase name="test_loan_history_displays_tabbed_interface" file="C:\XAMPP\htdocs\ictserve-031125\tests\Feature\AssetLoan\AuthenticatedPortalTest.php" line="170" class="Tests\Feature\AssetLoan\AuthenticatedPortalTest" classname="Tests.Feature.AssetLoan.AuthenticatedPortalTest" assertions="0" time="2.381875">
          <error type="Symfony\Component\Routing\Exception\RouteNotFoundException">Tests\Feature\AssetLoan\AuthenticatedPortalTest::test_loan_history_displays_tabbed_interface&#13;
Symfony\Component\Routing\Exception\RouteNotFoundException: Route [loan.history] not defined.
&#13;
C:\XAMPP\htdocs\ictserve-031125\vendor\laravel\framework\src\Illuminate\Routing\UrlGenerator.php:526
C:\XAMPP\htdocs\ictserve-031125\vendor\laravel\framework\src\Illuminate\Foundation\helpers.php:871
C:\XAMPP\htdocs\ictserve-031125\tests\Feature\AssetLoan\AuthenticatedPortalTest.php:193</error>
        </testcase>
        <testcase name="test_profile_management_with_field_restrictions" file="C:\XAMPP\htdocs\ictserve-031125\tests\Feature\AssetLoan\AuthenticatedPortalTest.php" line="214" class="Tests\Feature\AssetLoan\AuthenticatedPortalTest" classname="Tests.Feature.AssetLoan.AuthenticatedPortalTest" assertions="0" time="1.678645">
          <error type="Symfony\Component\Routing\Exception\RouteNotFoundException">Tests\Feature\AssetLoan\AuthenticatedPortalTest::test_profile_management_with_field_restrictions&#13;
Symfony\Component\Routing\Exception\RouteNotFoundException: Route [profile.edit] not defined.
&#13;
C:\XAMPP\htdocs\ictserve-031125\vendor\laravel\framework\src\Illuminate\Routing\UrlGenerator.php:526
C:\XAMPP\htdocs\ictserve-031125\vendor\laravel\framework\src\Illuminate\Foundation\helpers.php:871
C:\XAMPP\htdocs\ictserve-031125\tests\Feature\AssetLoan\AuthenticatedPortalTest.php:218</error>
        </testcase>
        <testcase name="test_profile_management_validates_input" file="C:\XAMPP\htdocs\ictserve-031125\tests\Feature\AssetLoan\AuthenticatedPortalTest.php" line="247" class="Tests\Feature\AssetLoan\AuthenticatedPortalTest" classname="Tests.Feature.AssetLoan.AuthenticatedPortalTest" assertions="0" time="1.340291">
          <error type="Symfony\Component\Routing\Exception\RouteNotFoundException">Tests\Feature\AssetLoan\AuthenticatedPortalTest::test_profile_management_validates_input&#13;
Symfony\Component\Routing\Exception\RouteNotFoundException: Route [profile.update] not defined.
&#13;
C:\XAMPP\htdocs\ictserve-031125\vendor\laravel\framework\src\Illuminate\Routing\UrlGenerator.php:526
C:\XAMPP\htdocs\ictserve-031125\vendor\laravel\framework\src\Illuminate\Foundation\helpers.php:871
C:\XAMPP\htdocs\ictserve-031125\tests\Feature\AssetLoan\AuthenticatedPortalTest.php:252</error>
        </testcase>
        <testcase name="test_loan_extension_request_workflow" file="C:\XAMPP\htdocs\ictserve-031125\tests\Feature\AssetLoan\AuthenticatedPortalTest.php" line="274" class="Tests\Feature\AssetLoan\AuthenticatedPortalTest" classname="Tests.Feature.AssetLoan.AuthenticatedPortalTest" assertions="0" time="1.334515">
          <error type="Symfony\Component\Routing\Exception\RouteNotFoundException">Tests\Feature\AssetLoan\AuthenticatedPortalTest::test_loan_extension_request_workflow&#13;
Symfony\Component\Routing\Exception\RouteNotFoundException: Route [loan.extend] not defined.
&#13;
C:\XAMPP\htdocs\ictserve-031125\vendor\laravel\framework\src\Illuminate\Routing\UrlGenerator.php:526
C:\XAMPP\htdocs\ictserve-031125\vendor\laravel\framework\src\Illuminate\Foundation\helpers.php:871
C:\XAMPP\htdocs\ictserve-031125\tests\Feature\AssetLoan\AuthenticatedPortalTest.php:291</error>
        </testcase>
        <testcase name="test_loan_extension_requires_justification" file="C:\XAMPP\htdocs\ictserve-031125\tests\Feature\AssetLoan\AuthenticatedPortalTest.php" line="322" class="Tests\Feature\AssetLoan\AuthenticatedPortalTest" classname="Tests.Feature.AssetLoan.AuthenticatedPortalTest" assertions="0" time="1.353047">
          <error type="Symfony\Component\Routing\Exception\RouteNotFoundException">Tests\Feature\AssetLoan\AuthenticatedPortalTest::test_loan_extension_requires_justification&#13;
Symfony\Component\Routing\Exception\RouteNotFoundException: Route [loan.extend] not defined.
&#13;
C:\XAMPP\htdocs\ictserve-031125\vendor\laravel\framework\src\Illuminate\Routing\UrlGenerator.php:526
C:\XAMPP\htdocs\ictserve-031125\vendor\laravel\framework\src\Illuminate\Foundation\helpers.php:871
C:\XAMPP\htdocs\ictserve-031125\tests\Feature\AssetLoan\AuthenticatedPortalTest.php:333</error>
        </testcase>
        <testcase name="test_approver_interface_displays_pending_applications" file="C:\XAMPP\htdocs\ictserve-031125\tests\Feature\AssetLoan\AuthenticatedPortalTest.php" line="351" class="Tests\Feature\AssetLoan\AuthenticatedPortalTest" classname="Tests.Feature.AssetLoan.AuthenticatedPortalTest" assertions="0" time="1.656680">
          <error type="Symfony\Component\Routing\Exception\RouteNotFoundException">Tests\Feature\AssetLoan\AuthenticatedPortalTest::test_approver_interface_displays_pending_applications&#13;
Symfony\Component\Routing\Exception\RouteNotFoundException: Route [loan.approvals] not defined.
&#13;
C:\XAMPP\htdocs\ictserve-031125\vendor\laravel\framework\src\Illuminate\Routing\UrlGenerator.php:526
C:\XAMPP\htdocs\ictserve-031125\vendor\laravel\framework\src\Illuminate\Foundation\helpers.php:871
C:\XAMPP\htdocs\ictserve-031125\tests\Feature\AssetLoan\AuthenticatedPortalTest.php:362</error>
        </testcase>
        <testcase name="test_approver_can_view_application_details" file="C:\XAMPP\htdocs\ictserve-031125\tests\Feature\AssetLoan\AuthenticatedPortalTest.php" line="384" class="Tests\Feature\AssetLoan\AuthenticatedPortalTest" classname="Tests.Feature.AssetLoan.AuthenticatedPortalTest" assertions="0" time="1.327631">
          <error type="Symfony\Component\Routing\Exception\RouteNotFoundException">Tests\Feature\AssetLoan\AuthenticatedPortalTest::test_approver_can_view_application_details&#13;
Symfony\Component\Routing\Exception\RouteNotFoundException: Route [loan.approvals.show] not defined.
&#13;
C:\XAMPP\htdocs\ictserve-031125\vendor\laravel\framework\src\Illuminate\Routing\UrlGenerator.php:526
C:\XAMPP\htdocs\ictserve-031125\vendor\laravel\framework\src\Illuminate\Foundation\helpers.php:871
C:\XAMPP\htdocs\ictserve-031125\tests\Feature\AssetLoan\AuthenticatedPortalTest.php:395</error>
        </testcase>
        <testcase name="test_approver_can_approve_application_via_portal" file="C:\XAMPP\htdocs\ictserve-031125\tests\Feature\AssetLoan\AuthenticatedPortalTest.php" line="416" class="Tests\Feature\AssetLoan\AuthenticatedPortalTest" classname="Tests.Feature.AssetLoan.AuthenticatedPortalTest" assertions="0" time="1.414590">
          <error type="Symfony\Component\Routing\Exception\RouteNotFoundException">Tests\Feature\AssetLoan\AuthenticatedPortalTest::test_approver_can_approve_application_via_portal&#13;
Symfony\Component\Routing\Exception\RouteNotFoundException: Route [loan.approvals.approve] not defined.
&#13;
C:\XAMPP\htdocs\ictserve-031125\vendor\laravel\framework\src\Illuminate\Routing\UrlGenerator.php:526
C:\XAMPP\htdocs\ictserve-031125\vendor\laravel\framework\src\Illuminate\Foundation\helpers.php:871
C:\XAMPP\htdocs\ictserve-031125\tests\Feature\AssetLoan\AuthenticatedPortalTest.php:425</error>
        </testcase>
        <testcase name="test_approver_can_reject_application_via_portal" file="C:\XAMPP\htdocs\ictserve-031125\tests\Feature\AssetLoan\AuthenticatedPortalTest.php" line="457" class="Tests\Feature\AssetLoan\AuthenticatedPortalTest" classname="Tests.Feature.AssetLoan.AuthenticatedPortalTest" assertions="0" time="1.367929">
          <error type="Symfony\Component\Routing\Exception\RouteNotFoundException">Tests\Feature\AssetLoan\AuthenticatedPortalTest::test_approver_can_reject_application_via_portal&#13;
Symfony\Component\Routing\Exception\RouteNotFoundException: Route [loan.approvals.reject] not defined.
&#13;
C:\XAMPP\htdocs\ictserve-031125\vendor\laravel\framework\src\Illuminate\Routing\UrlGenerator.php:526
C:\XAMPP\htdocs\ictserve-031125\vendor\laravel\framework\src\Illuminate\Foundation\helpers.php:871
C:\XAMPP\htdocs\ictserve-031125\tests\Feature\AssetLoan\AuthenticatedPortalTest.php:466</error>
        </testcase>
        <testcase name="test_approver_interface_displays_empty_state" file="C:\XAMPP\htdocs\ictserve-031125\tests\Feature\AssetLoan\AuthenticatedPortalTest.php" line="496" class="Tests\Feature\AssetLoan\AuthenticatedPortalTest" classname="Tests.Feature.AssetLoan.AuthenticatedPortalTest" assertions="0" time="1.481664">
          <error type="Symfony\Component\Routing\Exception\RouteNotFoundException">Tests\Feature\AssetLoan\AuthenticatedPortalTest::test_approver_interface_displays_empty_state&#13;
Symfony\Component\Routing\Exception\RouteNotFoundException: Route [loan.approvals] not defined.
&#13;
C:\XAMPP\htdocs\ictserve-031125\vendor\laravel\framework\src\Illuminate\Routing\UrlGenerator.php:526
C:\XAMPP\htdocs\ictserve-031125\vendor\laravel\framework\src\Illuminate\Foundation\helpers.php:871
C:\XAMPP\htdocs\ictserve-031125\tests\Feature\AssetLoan\AuthenticatedPortalTest.php:500</error>
        </testcase>
        <testcase name="test_approval_decision_sends_email_notification" file="C:\XAMPP\htdocs\ictserve-031125\tests\Feature\AssetLoan\AuthenticatedPortalTest.php" line="516" class="Tests\Feature\AssetLoan\AuthenticatedPortalTest" classname="Tests.Feature.AssetLoan.AuthenticatedPortalTest" assertions="0" time="1.573472">
          <error type="Symfony\Component\Routing\Exception\RouteNotFoundException">Tests\Feature\AssetLoan\AuthenticatedPortalTest::test_approval_decision_sends_email_notification&#13;
Symfony\Component\Routing\Exception\RouteNotFoundException: Route [loan.approvals.approve] not defined.
&#13;
C:\XAMPP\htdocs\ictserve-031125\vendor\laravel\framework\src\Illuminate\Routing\UrlGenerator.php:526
C:\XAMPP\htdocs\ictserve-031125\vendor\laravel\framework\src\Illuminate\Foundation\helpers.php:871
C:\XAMPP\htdocs\ictserve-031125\tests\Feature\AssetLoan\AuthenticatedPortalTest.php:528</error>
        </testcase>
        <testcase name="test_staff_cannot_access_approver_interface" file="C:\XAMPP\htdocs\ictserve-031125\tests\Feature\AssetLoan\AuthenticatedPortalTest.php" line="551" class="Tests\Feature\AssetLoan\AuthenticatedPortalTest" classname="Tests.Feature.AssetLoan.AuthenticatedPortalTest" assertions="0" time="2.364536">
          <error type="Symfony\Component\Routing\Exception\RouteNotFoundException">Tests\Feature\AssetLoan\AuthenticatedPortalTest::test_staff_cannot_access_approver_interface&#13;
Symfony\Component\Routing\Exception\RouteNotFoundException: Route [loan.approvals] not defined.
&#13;
C:\XAMPP\htdocs\ictserve-031125\vendor\laravel\framework\src\Illuminate\Routing\UrlGenerator.php:526
C:\XAMPP\htdocs\ictserve-031125\vendor\laravel\framework\src\Illuminate\Foundation\helpers.php:871
C:\XAMPP\htdocs\ictserve-031125\tests\Feature\AssetLoan\AuthenticatedPortalTest.php:555</error>
        </testcase>
        <testcase name="test_approver_can_only_approve_assigned_applications" file="C:\XAMPP\htdocs\ictserve-031125\tests\Feature\AssetLoan\AuthenticatedPortalTest.php" line="570" class="Tests\Feature\AssetLoan\AuthenticatedPortalTest" classname="Tests.Feature.AssetLoan.AuthenticatedPortalTest" assertions="0" time="4.335134">
          <error type="Symfony\Component\Routing\Exception\RouteNotFoundException">Tests\Feature\AssetLoan\AuthenticatedPortalTest::test_approver_can_only_approve_assigned_applications&#13;
Symfony\Component\Routing\Exception\RouteNotFoundException: Route [loan.approvals.approve] not defined.
&#13;
C:\XAMPP\htdocs\ictserve-031125\vendor\laravel\framework\src\Illuminate\Routing\UrlGenerator.php:526
C:\XAMPP\htdocs\ictserve-031125\vendor\laravel\framework\src\Illuminate\Foundation\helpers.php:871
C:\XAMPP\htdocs\ictserve-031125\tests\Feature\AssetLoan\AuthenticatedPortalTest.php:584</error>
        </testcase>
        <testcase name="test_dashboard_real_time_data_updates" file="C:\XAMPP\htdocs\ictserve-031125\tests\Feature\AssetLoan\AuthenticatedPortalTest.php" line="605" class="Tests\Feature\AssetLoan\AuthenticatedPortalTest" classname="Tests.Feature.AssetLoan.AuthenticatedPortalTest" assertions="0" time="3.637165">
          <error type="Symfony\Component\Routing\Exception\RouteNotFoundException">Tests\Feature\AssetLoan\AuthenticatedPortalTest::test_dashboard_real_time_data_updates&#13;
Symfony\Component\Routing\Exception\RouteNotFoundException: Route [loan.dashboard] not defined.
&#13;
C:\XAMPP\htdocs\ictserve-031125\vendor\laravel\framework\src\Illuminate\Routing\UrlGenerator.php:526
C:\XAMPP\htdocs\ictserve-031125\vendor\laravel\framework\src\Illuminate\Foundation\helpers.php:871
C:\XAMPP\htdocs\ictserve-031125\tests\Feature\AssetLoan\AuthenticatedPortalTest.php:610</error>
        </testcase>
        <testcase name="test_profile_changes_are_audited" file="C:\XAMPP\htdocs\ictserve-031125\tests\Feature\AssetLoan\AuthenticatedPortalTest.php" line="638" class="Tests\Feature\AssetLoan\AuthenticatedPortalTest" classname="Tests.Feature.AssetLoan.AuthenticatedPortalTest" assertions="0" time="2.095202">
          <error type="Symfony\Component\Routing\Exception\RouteNotFoundException">Tests\Feature\AssetLoan\AuthenticatedPortalTest::test_profile_changes_are_audited&#13;
Symfony\Component\Routing\Exception\RouteNotFoundException: Route [profile.update] not defined.
&#13;
C:\XAMPP\htdocs\ictserve-031125\vendor\laravel\framework\src\Illuminate\Routing\UrlGenerator.php:526
C:\XAMPP\htdocs\ictserve-031125\vendor\laravel\framework\src\Illuminate\Foundation\helpers.php:871
C:\XAMPP\htdocs\ictserve-031125\tests\Feature\AssetLoan\AuthenticatedPortalTest.php:644</error>
        </testcase>
      </testsuite>
      <testsuite name="Tests\Feature\AssetLoan\ReportingAnalyticsTest" file="C:\XAMPP\htdocs\ictserve-031125\tests\Feature\AssetLoan\ReportingAnalyticsTest.php" tests="29" assertions="85" errors="3" failures="1" skipped="0" time="127.046164">
        <testcase name="test_unified_dashboard_overview_displays_accurate_loan_statistics" file="C:\XAMPP\htdocs\ictserve-031125\tests\Feature\AssetLoan\ReportingAnalyticsTest.php" line="72" class="Tests\Feature\AssetLoan\ReportingAnalyticsTest" classname="Tests.Feature.AssetLoan.ReportingAnalyticsTest" assertions="0" time="12.334522">
          <error type="Illuminate\View\ViewException">Tests\Feature\AssetLoan\ReportingAnalyticsTest::test_unified_dashboard_overview_displays_accurate_loan_statistics&#13;
Illuminate\View\ViewException: App\Filament\Widgets\UnifiedDashboardOverview::getHealthColor(): Return value must be of type Filament\Support\Colors\Color, array returned (View: C:\XAMPP\htdocs\ictserve-031125\vendor\filament\widgets\resources\views\stats-overview-widget.blade.php) (View: C:\XAMPP\htdocs\ictserve-031125\vendor\filament\widgets\resources\views\stats-overview-widget.blade.php)
&#13;
C:\XAMPP\htdocs\ictserve-031125\app\Filament\Widgets\UnifiedDashboardOverview.php:82
C:\XAMPP\htdocs\ictserve-031125\vendor\livewire\livewire\src\Mechanisms\ExtendBlade\ExtendedCompilerEngine.php:58
C:\XAMPP\htdocs\ictserve-031125\vendor\laravel\framework\src\Illuminate\View\Engines\PhpEngine.php:59
C:\XAMPP\htdocs\ictserve-031125\vendor\livewire\livewire\src\Mechanisms\ExtendBlade\ExtendedCompilerEngine.php:22
C:\XAMPP\htdocs\ictserve-031125\vendor\laravel\framework\src\Illuminate\View\Engines\CompilerEngine.php:76
C:\XAMPP\htdocs\ictserve-031125\vendor\livewire\livewire\src\Mechanisms\ExtendBlade\ExtendedCompilerEngine.php:10
C:\XAMPP\htdocs\ictserve-031125\vendor\laravel\framework\src\Illuminate\View\View.php:208
C:\XAMPP\htdocs\ictserve-031125\vendor\laravel\framework\src\Illuminate\View\View.php:191
C:\XAMPP\htdocs\ictserve-031125\vendor\laravel\framework\src\Illuminate\View\View.php:160
C:\XAMPP\htdocs\ictserve-031125\vendor\laravel\framework\src\Illuminate\View\Compilers\BladeCompiler.php:352
C:\XAMPP\htdocs\ictserve-031125\vendor\laravel\framework\src\Illuminate\Support\Facades\Facade.php:363
C:\XAMPP\htdocs\ictserve-031125\vendor\livewire\livewire\src\Features\SupportTesting\InitialRender.php:25
C:\XAMPP\htdocs\ictserve-031125\vendor\laravel\framework\src\Illuminate\Routing\CallableDispatcher.php:39
C:\XAMPP\htdocs\ictserve-031125\vendor\laravel\framework\src\Illuminate\Routing\Route.php:243
C:\XAMPP\htdocs\ictserve-031125\vendor\laravel\framework\src\Illuminate\Routing\Route.php:214
C:\XAMPP\htdocs\ictserve-031125\vendor\laravel\framework\src\Illuminate\Routing\Router.php:822
C:\XAMPP\htdocs\ictserve-031125\vendor\laravel\framework\src\Illuminate\Pipeline\Pipeline.php:180
C:\XAMPP\htdocs\ictserve-031125\vendor\laravel\framework\src\Illuminate\Pipeline\Pipeline.php:137
C:\XAMPP\htdocs\ictserve-031125\vendor\laravel\framework\src\Illuminate\Routing\Router.php:821
C:\XAMPP\htdocs\ictserve-031125\vendor\laravel\framework\src\Illuminate\Routing\Router.php:800
C:\XAMPP\htdocs\ictserve-031125\vendor\laravel\framework\src\Illuminate\Routing\Router.php:764
C:\XAMPP\htdocs\ictserve-031125\vendor\laravel\framework\src\Illuminate\Routing\Router.php:753
C:\XAMPP\htdocs\ictserve-031125\vendor\laravel\framework\src\Illuminate\Foundation\Http\Kernel.php:200
C:\XAMPP\htdocs\ictserve-031125\vendor\laravel\framework\src\Illuminate\Pipeline\Pipeline.php:180
C:\XAMPP\htdocs\ictserve-031125\vendor\laravel\framework\src\Illuminate\Pipeline\Pipeline.php:137
C:\XAMPP\htdocs\ictserve-031125\vendor\laravel\framework\src\Illuminate\Foundation\Http\Kernel.php:175
C:\XAMPP\htdocs\ictserve-031125\vendor\laravel\framework\src\Illuminate\Foundation\Http\Kernel.php:144
C:\XAMPP\htdocs\ictserve-031125\vendor\laravel\framework\src\Illuminate\Foundation\Testing\Concerns\MakesHttpRequests.php:607
C:\XAMPP\htdocs\ictserve-031125\vendor\livewire\livewire\src\Features\SupportTesting\InitialRender.php:33
C:\XAMPP\htdocs\ictserve-031125\vendor\livewire\livewire\src\Features\SupportTesting\RequestBroker.php:30
C:\XAMPP\htdocs\ictserve-031125\vendor\livewire\livewire\src\Features\SupportTesting\InitialRender.php:32
C:\XAMPP\htdocs\ictserve-031125\vendor\livewire\livewire\src\Features\SupportTesting\Render.php:24
C:\XAMPP\htdocs\ictserve-031125\vendor\livewire\livewire\src\Features\SupportTesting\InitialRender.php:31
C:\XAMPP\htdocs\ictserve-031125\vendor\livewire\livewire\src\Features\SupportTesting\InitialRender.php:17
C:\XAMPP\htdocs\ictserve-031125\vendor\livewire\livewire\src\Features\SupportTesting\Testable.php:44
C:\XAMPP\htdocs\ictserve-031125\vendor\livewire\livewire\src\LivewireManager.php:197
C:\XAMPP\htdocs\ictserve-031125\vendor\laravel\framework\src\Illuminate\Support\Facades\Facade.php:363
C:\XAMPP\htdocs\ictserve-031125\tests\Feature\AssetLoan\ReportingAnalyticsTest.php:96</error>
        </testcase>
        <testcase name="test_unified_dashboard_overview_displays_accurate_asset_statistics" file="C:\XAMPP\htdocs\ictserve-031125\tests\Feature\AssetLoan\ReportingAnalyticsTest.php" line="105" class="Tests\Feature\AssetLoan\ReportingAnalyticsTest" classname="Tests.Feature.AssetLoan.ReportingAnalyticsTest" assertions="0" time="7.358628">
          <error type="Illuminate\View\ViewException">Tests\Feature\AssetLoan\ReportingAnalyticsTest::test_unified_dashboard_overview_displays_accurate_asset_statistics&#13;
Illuminate\View\ViewException: App\Filament\Widgets\UnifiedDashboardOverview::getHealthColor(): Return value must be of type Filament\Support\Colors\Color, array returned (View: C:\XAMPP\htdocs\ictserve-031125\vendor\filament\widgets\resources\views\stats-overview-widget.blade.php) (View: C:\XAMPP\htdocs\ictserve-031125\vendor\filament\widgets\resources\views\stats-overview-widget.blade.php)
&#13;
C:\XAMPP\htdocs\ictserve-031125\app\Filament\Widgets\UnifiedDashboardOverview.php:82
C:\XAMPP\htdocs\ictserve-031125\vendor\livewire\livewire\src\Mechanisms\ExtendBlade\ExtendedCompilerEngine.php:58
C:\XAMPP\htdocs\ictserve-031125\vendor\livewire\livewire\src\Mechanisms\ExtendBlade\ExtendedCompilerEngine.php:40
C:\XAMPP\htdocs\ictserve-031125\vendor\laravel\framework\src\Illuminate\View\Engines\CompilerEngine.php:76
C:\XAMPP\htdocs\ictserve-031125\vendor\livewire\livewire\src\Mechanisms\ExtendBlade\ExtendedCompilerEngine.php:16
C:\XAMPP\htdocs\ictserve-031125\vendor\laravel\framework\src\Illuminate\View\View.php:208
C:\XAMPP\htdocs\ictserve-031125\vendor\laravel\framework\src\Illuminate\View\View.php:191
C:\XAMPP\htdocs\ictserve-031125\vendor\laravel\framework\src\Illuminate\View\View.php:160
C:\XAMPP\htdocs\ictserve-031125\vendor\laravel\framework\src\Illuminate\View\Compilers\BladeCompiler.php:352
C:\XAMPP\htdocs\ictserve-031125\vendor\laravel\framework\src\Illuminate\Support\Facades\Facade.php:363
C:\XAMPP\htdocs\ictserve-031125\vendor\livewire\livewire\src\Features\SupportTesting\InitialRender.php:25
C:\XAMPP\htdocs\ictserve-031125\vendor\laravel\framework\src\Illuminate\Routing\CallableDispatcher.php:39
C:\XAMPP\htdocs\ictserve-031125\vendor\laravel\framework\src\Illuminate\Routing\Route.php:243
C:\XAMPP\htdocs\ictserve-031125\vendor\laravel\framework\src\Illuminate\Routing\Route.php:214
C:\XAMPP\htdocs\ictserve-031125\vendor\laravel\framework\src\Illuminate\Routing\Router.php:822
C:\XAMPP\htdocs\ictserve-031125\vendor\laravel\framework\src\Illuminate\Pipeline\Pipeline.php:180
C:\XAMPP\htdocs\ictserve-031125\vendor\laravel\framework\src\Illuminate\Pipeline\Pipeline.php:137
C:\XAMPP\htdocs\ictserve-031125\vendor\laravel\framework\src\Illuminate\Routing\Router.php:821
C:\XAMPP\htdocs\ictserve-031125\vendor\laravel\framework\src\Illuminate\Routing\Router.php:800
C:\XAMPP\htdocs\ictserve-031125\vendor\laravel\framework\src\Illuminate\Routing\Router.php:764
C:\XAMPP\htdocs\ictserve-031125\vendor\laravel\framework\src\Illuminate\Routing\Router.php:753
C:\XAMPP\htdocs\ictserve-031125\vendor\laravel\framework\src\Illuminate\Foundation\Http\Kernel.php:200
C:\XAMPP\htdocs\ictserve-031125\vendor\laravel\framework\src\Illuminate\Pipeline\Pipeline.php:180
C:\XAMPP\htdocs\ictserve-031125\vendor\laravel\framework\src\Illuminate\Pipeline\Pipeline.php:137
C:\XAMPP\htdocs\ictserve-031125\vendor\laravel\framework\src\Illuminate\Foundation\Http\Kernel.php:175
C:\XAMPP\htdocs\ictserve-031125\vendor\laravel\framework\src\Illuminate\Foundation\Http\Kernel.php:144
C:\XAMPP\htdocs\ictserve-031125\vendor\laravel\framework\src\Illuminate\Foundation\Testing\Concerns\MakesHttpRequests.php:607
C:\XAMPP\htdocs\ictserve-031125\vendor\livewire\livewire\src\Features\SupportTesting\InitialRender.php:33
C:\XAMPP\htdocs\ictserve-031125\vendor\livewire\livewire\src\Features\SupportTesting\RequestBroker.php:30
C:\XAMPP\htdocs\ictserve-031125\vendor\livewire\livewire\src\Features\SupportTesting\InitialRender.php:32
C:\XAMPP\htdocs\ictserve-031125\vendor\livewire\livewire\src\Features\SupportTesting\Render.php:24
C:\XAMPP\htdocs\ictserve-031125\vendor\livewire\livewire\src\Features\SupportTesting\InitialRender.php:31
C:\XAMPP\htdocs\ictserve-031125\vendor\livewire\livewire\src\Features\SupportTesting\InitialRender.php:17
C:\XAMPP\htdocs\ictserve-031125\vendor\livewire\livewire\src\Features\SupportTesting\Testable.php:44
C:\XAMPP\htdocs\ictserve-031125\vendor\livewire\livewire\src\LivewireManager.php:197
C:\XAMPP\htdocs\ictserve-031125\vendor\laravel\framework\src\Illuminate\Support\Facades\Facade.php:363
C:\XAMPP\htdocs\ictserve-031125\tests\Feature\AssetLoan\ReportingAnalyticsTest.php:129</error>
        </testcase>
        <testcase name="test_dashboard_calculates_accurate_utilization_rate" file="C:\XAMPP\htdocs\ictserve-031125\tests\Feature\AssetLoan\ReportingAnalyticsTest.php" line="139" class="Tests\Feature\AssetLoan\ReportingAnalyticsTest" classname="Tests.Feature.AssetLoan.ReportingAnalyticsTest" assertions="2" time="4.787625"/>
        <testcase name="test_loan_approval_queue_widget_displays_accurate_pending_count" file="C:\XAMPP\htdocs\ictserve-031125\tests\Feature\AssetLoan\ReportingAnalyticsTest.php" line="166" class="Tests\Feature\AssetLoan\ReportingAnalyticsTest" classname="Tests.Feature.AssetLoan.ReportingAnalyticsTest" assertions="2" time="14.120875"/>
        <testcase name="test_asset_utilization_widget_displays_accurate_category_breakdown" file="C:\XAMPP\htdocs\ictserve-031125\tests\Feature\AssetLoan\ReportingAnalyticsTest.php" line="191" class="Tests\Feature\AssetLoan\ReportingAnalyticsTest" classname="Tests.Feature.AssetLoan.ReportingAnalyticsTest" assertions="2" time="4.363169">
          <failure type="PHPUnit\Framework\ExpectationFailedException">Tests\Feature\AssetLoan\ReportingAnalyticsTest::test_asset_utilization_widget_displays_accurate_category_breakdown&#13;
Failed asserting that '&lt;div wire:snapshot="" wire:effects="" wire:id="DnDB6YkfUkQeQsNtAQjT"\n
    class="fi-wi-widget fi-grid-col lg:fi-grid-col-span fi-wi-stats-overview" style="--col-span-lg: 1 / -1;" wire:poll.300s=""\n
&gt;\n
    &lt;div class="fi-sc  fi-sc-has-gap fi-grid" style="--cols-default: repeat(1, minmax(0, 1fr));" x-data="filamentSchema({ livewireId: 'DnDB6YkfUkQeQsNtAQjT' })" x-on:form-validation-error.window="handleFormValidationError"&gt;\n
                                                \n
        &lt;div\n
                                        x-data="filamentSchemaComponent({\n
                    path: '',\n
                    containerPath: '',\n
                    $wire,\n
                })"\n
                                                        class="fi-grid-col" style="--col-span-default: span 1 / span 1;"        &gt;\n
                            &lt;div\n
                    class="fi-sc-component fi-grid-ctn"\n
                &gt;\n
                    &lt;div\n
    class="fi-sc-section"\n
&gt;\n
    &lt;!--[if BLOCK]&gt;&lt;![endif]--&gt;&lt;!--[if ENDBLOCK]&gt;&lt;![endif]--&gt;\n
\n
    &lt;!--[if BLOCK]&gt;&lt;![endif]--&gt;&lt;!--[if ENDBLOCK]&gt;&lt;![endif]--&gt;\n
\n
    &lt;section\n
    \n
    x-data="{\n
        isCollapsed:  false ,\n
    }"\n
        class="fi-section fi-section-not-contained"\n
&gt;\n
    &lt;!--[if BLOCK]&gt;&lt;![endif]--&gt;&lt;!--[if ENDBLOCK]&gt;&lt;![endif]--&gt;\n
\n
    &lt;!--[if BLOCK]&gt;&lt;![endif]--&gt;        &lt;div\n
                        class="fi-section-content-ctn"\n
        &gt;\n
            &lt;!--[if BLOCK]&gt;&lt;![endif]--&gt;                &lt;div class="fi-sc  fi-sc-has-gap fi-grid @xl:fi-grid-cols !@lg:fi-grid-cols  fi-section-content" style="--cols-cxl: repeat(3, minmax(0, 1fr)); --cols-nclg: repeat(3, minmax(0, 1fr)); --cols-default: repeat(1, minmax(0, 1fr));"&gt;\n
                                                \n
        &lt;div\n
                                        x-data="filamentSchemaComponent({\n
                    path: '',\n
                    containerPath: '',\n
                    $wire,\n
                })"\n
                                                        class="fi-grid-col" style="--col-span-default: span 1 / span 1;"        &gt;\n
                            &lt;div\n
                    class="fi-sc-component"\n
                &gt;\n
                    &lt;div\n
        class="fi-wi-stats-overview-stat"\n
&gt;\n
    &lt;div class="fi-wi-stats-overview-stat-content"&gt;\n
        &lt;div class="fi-wi-stats-overview-stat-label-ctn"&gt;\n
            \n
\n
            &lt;span class="fi-wi-stats-overview-stat-label"&gt;\n
                Jumlah Aset\n
            &lt;/span&gt;\n
        &lt;/div&gt;\n
\n
        &lt;div class="fi-wi-stats-overview-stat-value"&gt;\n
            15\n
        &lt;/div&gt;\n
\n
        &lt;!--[if BLOCK]&gt;&lt;![endif]--&gt;            &lt;div\n
                class="fi-wi-stats-overview-stat-description fi-color" style="--color-50: oklch(0.97 0.014 254.604); --color-100: oklch(0.932 0.032 255.585); --color-200: oklch(0.882 0.059 254.128); --color-300: oklch(0.809 0.105 251.813); --color-400: oklch(0.707 0.165 254.624); --color-500: oklch(0.623 0.214 259.815); --color-600: oklch(0.546 0.245 262.881); --color-700: oklch(0.488 0.243 264.376); --color-800: oklch(0.424 0.199 265.638); --color-900: oklch(0.379 0.146 265.522); --color-950: oklch(0.282 0.091 267.935); --text: var(--color-600); --dark-text: var(--color-400);"\n
            &gt;\n
                &lt;!--[if BLOCK]&gt;&lt;![endif]--&gt;&lt;!--[if ENDBLOCK]&gt;&lt;![endif]--&gt;\n
\n
                &lt;span&gt;\n
                    Inventori berdaftar\n
                &lt;/span&gt;\n
\n
                &lt;!--[if BLOCK]&gt;&lt;![endif]--&gt;&lt;!--[if ENDBLOCK]&gt;&lt;![endif]--&gt;\n
            &lt;/div&gt;\n
        &lt;!--[if ENDBLOCK]&gt;&lt;![endif]--&gt;\n
    &lt;/div&gt;\n
\n
    &lt;!--[if BLOCK]&gt;&lt;![endif]--&gt;&lt;!--[if ENDBLOCK]&gt;&lt;![endif]--&gt;\n
&lt;/div&gt;\n
                &lt;/div&gt;\n
                    &lt;/div&gt;\n
\n
                                                                        \n
        &lt;div\n
                                        x-data="filamentSchemaComponent({\n
                    path: '',\n
                    containerPath: '',\n
                    $wire,\n
                })"\n
                                                        class="fi-grid-col" style="--col-span-default: span 1 / span 1;"        &gt;\n
                            &lt;div\n
                    class="fi-sc-component"\n
                &gt;\n
                    &lt;div\n
        class="fi-wi-stats-overview-stat"\n
&gt;\n
    &lt;div class="fi-wi-stats-overview-stat-content"&gt;\n
        &lt;div class="fi-wi-stats-overview-stat-label-ctn"&gt;\n
            \n
\n
            &lt;span class="fi-wi-stats-overview-stat-label"&gt;\n
                Digunakan\n
            &lt;/span&gt;\n
        &lt;/div&gt;\n
\n
        &lt;div class="fi-wi-stats-overview-stat-value"&gt;\n
            15\n
        &lt;/div&gt;\n
\n
        &lt;!--[if BLOCK]&gt;&lt;![endif]--&gt;            &lt;div\n
                class="fi-wi-stats-overview-stat-description fi-color" style="--color-50: oklch(0.987 0.022 95.277); --color-100: oklch(0.962 0.059 95.617); --color-200: oklch(0.924 0.12 95.746); --color-300: oklch(0.879 0.169 91.605); --color-400: oklch(0.828 0.189 84.429); --color-500: oklch(0.769 0.188 70.08); --color-600: oklch(0.666 0.179 58.318); --color-700: oklch(0.555 0.163 48.998); --color-800: oklch(0.473 0.137 46.201); --color-900: oklch(0.414 0.112 45.904); --color-950: oklch(0.279 0.077 45.635); --text: var(--color-700); --dark-text: var(--color-400);"\n
            &gt;\n
                &lt;!--[if BLOCK]&gt;&lt;![endif]--&gt;&lt;!--[if ENDBLOCK]&gt;&lt;![endif]--&gt;\n
\n
                &lt;span&gt;\n
                    Sedang dipinjam\n
                &lt;/span&gt;\n
\n
                &lt;!--[if BLOCK]&gt;&lt;![endif]--&gt;&lt;!--[if ENDBLOCK]&gt;&lt;![endif]--&gt;\n
            &lt;/div&gt;\n
        &lt;!--[if ENDBLOCK]&gt;&lt;![endif]--&gt;\n
    &lt;/div&gt;\n
\n
    &lt;!--[if BLOCK]&gt;&lt;![endif]--&gt;&lt;!--[if ENDBLOCK]&gt;&lt;![endif]--&gt;\n
&lt;/div&gt;\n
                &lt;/div&gt;\n
                    &lt;/div&gt;\n
\n
                                                                        \n
        &lt;div\n
                                        x-data="filamentSchemaComponent({\n
                    path: '',\n
                    containerPath: '',\n
                    $wire,\n
                })"\n
                                                        class="fi-grid-col" style="--col-span-default: span 1 / span 1;"        &gt;\n
                            &lt;div\n
                    class="fi-sc-component"\n
                &gt;\n
                    &lt;div\n
        class="fi-wi-stats-overview-stat"\n
&gt;\n
    &lt;div class="fi-wi-stats-overview-stat-content"&gt;\n
        &lt;div class="fi-wi-stats-overview-stat-label-ctn"&gt;\n
            \n
\n
            &lt;span class="fi-wi-stats-overview-stat-label"&gt;\n
                Ketersediaan\n
            &lt;/span&gt;\n
        &lt;/div&gt;\n
\n
        &lt;div class="fi-wi-stats-overview-stat-value"&gt;\n
            0\n
        &lt;/div&gt;\n
\n
        &lt;!--[if BLOCK]&gt;&lt;![endif]--&gt;            &lt;div\n
                class="fi-wi-stats-overview-stat-description fi-color" style="--color-50: oklch(0.979 0.021 166.113); --color-100: oklch(0.95 0.052 163.051); --color-200: oklch(0.905 0.093 164.15); --color-300: oklch(0.845 0.143 164.978); --color-400: oklch(0.765 0.177 163.223); --color-500: oklch(0.696 0.17 162.48); --color-600: oklch(0.596 0.145 163.225); --color-700: oklch(0.508 0.118 165.612); --color-800: oklch(0.432 0.095 166.913); --color-900: oklch(0.378 0.077 168.94); --color-950: oklch(0.262 0.051 172.552); --text: var(--color-700); --dark-text: var(--color-400);"\n
            &gt;\n
                &lt;!--[if BLOCK]&gt;&lt;![endif]--&gt;&lt;!--[if ENDBLOCK]&gt;&lt;![endif]--&gt;\n
\n
                &lt;span&gt;\n
                    Sedia untuk pinjaman\n
                &lt;/span&gt;\n
\n
                &lt;!--[if BLOCK]&gt;&lt;![endif]--&gt;&lt;!--[if ENDBLOCK]&gt;&lt;![endif]--&gt;\n
            &lt;/div&gt;\n
        &lt;!--[if ENDBLOCK]&gt;&lt;![endif]--&gt;\n
    &lt;/div&gt;\n
\n
    &lt;!--[if BLOCK]&gt;&lt;![endif]--&gt;&lt;!--[if ENDBLOCK]&gt;&lt;![endif]--&gt;\n
&lt;/div&gt;\n
                &lt;/div&gt;\n
                    &lt;/div&gt;\n
\n
                                                                        \n
        &lt;div\n
                                        x-data="filamentSchemaComponent({\n
                    path: '',\n
                    containerPath: '',\n
                    $wire,\n
                })"\n
                                                        class="fi-grid-col" style="--col-span-default: span 1 / span 1;"        &gt;\n
                            &lt;div\n
                    class="fi-sc-component"\n
                &gt;\n
                    &lt;div\n
        class="fi-wi-stats-overview-stat"\n
&gt;\n
    &lt;div class="fi-wi-stats-overview-stat-content"&gt;\n
        &lt;div class="fi-wi-stats-overview-stat-label-ctn"&gt;\n
            \n
\n
            &lt;span class="fi-wi-stats-overview-stat-label"&gt;\n
                Penyelenggaraan\n
            &lt;/span&gt;\n
        &lt;/div&gt;\n
\n
        &lt;div class="fi-wi-stats-overview-stat-value"&gt;\n
            0\n
        &lt;/div&gt;\n
\n
        &lt;!--[if BLOCK]&gt;&lt;![endif]--&gt;            &lt;div\n
                class="fi-wi-stats-overview-stat-description fi-color" style="--color-50: oklch(0.969 0.015 12.422); --color-100: oklch(0.941 0.03 12.58); --color-200: oklch(0.892 0.058 10.001); --color-300: oklch(0.81 0.117 11.638); --color-400: oklch(0.712 0.194 13.428); --color-500: oklch(0.645 0.246 16.439); --color-600: oklch(0.586 0.253 17.585); --color-700: oklch(0.514 0.222 16.935); --color-800: oklch(0.455 0.188 13.697); --color-900: oklch(0.41 0.159 10.272); --color-950: oklch(0.271 0.105 12.094); --text: var(--color-600); --dark-text: var(--color-400);"\n
            &gt;\n
                &lt;!--[if BLOCK]&gt;&lt;![endif]--&gt;&lt;!--[if ENDBLOCK]&gt;&lt;![endif]--&gt;\n
\n
                &lt;span&gt;\n
                    Perlu perhatian\n
                &lt;/span&gt;\n
\n
                &lt;!--[if BLOCK]&gt;&lt;![endif]--&gt;&lt;!--[if ENDBLOCK]&gt;&lt;![endif]--&gt;\n
            &lt;/div&gt;\n
        &lt;!--[if ENDBLOCK]&gt;&lt;![endif]--&gt;\n
    &lt;/div&gt;\n
\n
    &lt;!--[if BLOCK]&gt;&lt;![endif]--&gt;&lt;!--[if ENDBLOCK]&gt;&lt;![endif]--&gt;\n
&lt;/div&gt;\n
                &lt;/div&gt;\n
                    &lt;/div&gt;\n
\n
                                                                        \n
        &lt;div\n
                                        x-data="filamentSchemaComponent({\n
                    path: '',\n
                    containerPath: '',\n
                    $wire,\n
                })"\n
                                                        class="fi-grid-col" style="--col-span-default: span 1 / span 1;"        &gt;\n
                            &lt;div\n
                    class="fi-sc-component"\n
                &gt;\n
                    &lt;div\n
        class="fi-wi-stats-overview-stat"\n
&gt;\n
    &lt;div class="fi-wi-stats-overview-stat-content"&gt;\n
        &lt;div class="fi-wi-stats-overview-stat-label-ctn"&gt;\n
            \n
\n
            &lt;span class="fi-wi-stats-overview-stat-label"&gt;\n
                Kadar Penggunaan\n
            &lt;/span&gt;\n
        &lt;/div&gt;\n
\n
        &lt;div class="fi-wi-stats-overview-stat-value"&gt;\n
            100%\n
        &lt;/div&gt;\n
\n
        &lt;!--[if BLOCK]&gt;&lt;![endif]--&gt;            &lt;div\n
                class="fi-wi-stats-overview-stat-description fi-color" style="--color-50: oklch(0.987 0.022 95.277); --color-100: oklch(0.962 0.059 95.617); --color-200: oklch(0.924 0.12 95.746); --color-300: oklch(0.879 0.169 91.605); --color-400: oklch(0.828 0.189 84.429); --color-500: oklch(0.769 0.188 70.08); --color-600: oklch(0.666 0.179 58.318); --color-700: oklch(0.555 0.163 48.998); --color-800: oklch(0.473 0.137 46.201); --color-900: oklch(0.414 0.112 45.904); --color-950: oklch(0.279 0.077 45.635); --text: var(--color-700); --dark-text: var(--color-400);"\n
            &gt;\n
                &lt;!--[if BLOCK]&gt;&lt;![endif]--&gt;&lt;!--[if ENDBLOCK]&gt;&lt;![endif]--&gt;\n
\n
                &lt;span&gt;\n
                    Peratus aset sedang digunakan\n
                &lt;/span&gt;\n
\n
                &lt;!--[if BLOCK]&gt;&lt;![endif]--&gt;&lt;!--[if ENDBLOCK]&gt;&lt;![endif]--&gt;\n
            &lt;/div&gt;\n
        &lt;!--[if ENDBLOCK]&gt;&lt;![endif]--&gt;\n
    &lt;/div&gt;\n
\n
    &lt;!--[if BLOCK]&gt;&lt;![endif]--&gt;&lt;!--[if ENDBLOCK]&gt;&lt;![endif]--&gt;\n
&lt;/div&gt;\n
                &lt;/div&gt;\n
                    &lt;/div&gt;\n
\n
                                            &lt;/div&gt;\n
            &lt;!--[if ENDBLOCK]&gt;&lt;![endif]--&gt;\n
\n
            &lt;!--[if BLOCK]&gt;&lt;![endif]--&gt;&lt;!--[if ENDBLOCK]&gt;&lt;![endif]--&gt;\n
        &lt;/div&gt;\n
    &lt;!--[if ENDBLOCK]&gt;&lt;![endif]--&gt;\n
&lt;/section&gt;\n
\n
    &lt;!--[if BLOCK]&gt;&lt;![endif]--&gt;&lt;!--[if ENDBLOCK]&gt;&lt;![endif]--&gt;\n
&lt;/div&gt;\n
                &lt;/div&gt;\n
                    &lt;/div&gt;\n
\n
                                            &lt;/div&gt;\n
&lt;/div&gt;\n
' [ASCII](length: 11918) contains "Laptops" [ASCII](length: 7).
&#13;
C:\XAMPP\htdocs\ictserve-031125\vendor\livewire\livewire\src\Features\SupportTesting\MakesAssertions.php:14
C:\XAMPP\htdocs\ictserve-031125\tests\Feature\AssetLoan\ReportingAnalyticsTest.php:212</failure>
        </testcase>
        <testcase name="test_loan_statistics_data_is_accurate_for_reporting" file="C:\XAMPP\htdocs\ictserve-031125\tests\Feature\AssetLoan\ReportingAnalyticsTest.php" line="224" class="Tests\Feature\AssetLoan\ReportingAnalyticsTest" classname="Tests.Feature.AssetLoan.ReportingAnalyticsTest" assertions="1" time="3.411849"/>
        <testcase name="test_asset_utilization_data_is_accurate_for_reporting" file="C:\XAMPP\htdocs\ictserve-031125\tests\Feature\AssetLoan\ReportingAnalyticsTest.php" line="244" class="Tests\Feature\AssetLoan\ReportingAnalyticsTest" classname="Tests.Feature.AssetLoan.ReportingAnalyticsTest" assertions="2" time="3.793554"/>
        <testcase name="test_approval_times_data_is_accurate_for_reporting" file="C:\XAMPP\htdocs\ictserve-031125\tests\Feature\AssetLoan\ReportingAnalyticsTest.php" line="269" class="Tests\Feature\AssetLoan\ReportingAnalyticsTest" classname="Tests.Feature.AssetLoan.ReportingAnalyticsTest" assertions="3" time="3.339949"/>
        <testcase name="test_overdue_analysis_data_is_accurate_for_reporting" file="C:\XAMPP\htdocs\ictserve-031125\tests\Feature\AssetLoan\ReportingAnalyticsTest.php" line="297" class="Tests\Feature\AssetLoan\ReportingAnalyticsTest" classname="Tests.Feature.AssetLoan.ReportingAnalyticsTest" assertions="1" time="3.453171"/>
        <testcase name="test_report_data_can_be_filtered_by_date_range" file="C:\XAMPP\htdocs\ictserve-031125\tests\Feature\AssetLoan\ReportingAnalyticsTest.php" line="319" class="Tests\Feature\AssetLoan\ReportingAnalyticsTest" classname="Tests.Feature.AssetLoan.ReportingAnalyticsTest" assertions="1" time="3.153986"/>
        <testcase name="test_report_data_includes_cross_module_metrics" file="C:\XAMPP\htdocs\ictserve-031125\tests\Feature\AssetLoan\ReportingAnalyticsTest.php" line="342" class="Tests\Feature\AssetLoan\ReportingAnalyticsTest" classname="Tests.Feature.AssetLoan.ReportingAnalyticsTest" assertions="2" time="3.333311"/>
        <testcase name="test_loan_application_data_has_all_required_export_fields" file="C:\XAMPP\htdocs\ictserve-031125\tests\Feature\AssetLoan\ReportingAnalyticsTest.php" line="365" class="Tests\Feature\AssetLoan\ReportingAnalyticsTest" classname="Tests.Feature.AssetLoan.ReportingAnalyticsTest" assertions="7" time="3.221210"/>
        <testcase name="test_asset_data_has_all_required_export_fields" file="C:\XAMPP\htdocs\ictserve-031125\tests\Feature\AssetLoan\ReportingAnalyticsTest.php" line="381" class="Tests\Feature\AssetLoan\ReportingAnalyticsTest" classname="Tests.Feature.AssetLoan.ReportingAnalyticsTest" assertions="7" time="2.671415"/>
        <testcase name="test_export_data_can_be_retrieved_with_proper_column_structure" file="C:\XAMPP\htdocs\ictserve-031125\tests\Feature\AssetLoan\ReportingAnalyticsTest.php" line="397" class="Tests\Feature\AssetLoan\ReportingAnalyticsTest" classname="Tests.Feature.AssetLoan.ReportingAnalyticsTest" assertions="10" time="2.809762"/>
        <testcase name="test_export_data_includes_proper_timestamps" file="C:\XAMPP\htdocs\ictserve-031125\tests\Feature\AssetLoan\ReportingAnalyticsTest.php" line="421" class="Tests\Feature\AssetLoan\ReportingAnalyticsTest" classname="Tests.Feature.AssetLoan.ReportingAnalyticsTest" assertions="3" time="2.568332"/>
        <testcase name="test_large_dataset_can_be_retrieved_efficiently_for_export" file="C:\XAMPP\htdocs\ictserve-031125\tests\Feature\AssetLoan\ReportingAnalyticsTest.php" line="436" class="Tests\Feature\AssetLoan\ReportingAnalyticsTest" classname="Tests.Feature.AssetLoan.ReportingAnalyticsTest" assertions="2" time="6.305684"/>
        <testcase name="test_export_data_maintains_referential_integrity" file="C:\XAMPP\htdocs\ictserve-031125\tests\Feature\AssetLoan\ReportingAnalyticsTest.php" line="460" class="Tests\Feature\AssetLoan\ReportingAnalyticsTest" classname="Tests.Feature.AssetLoan.ReportingAnalyticsTest" assertions="3" time="2.598197"/>
        <testcase name="test_alert_service_can_check_overdue_loans" file="C:\XAMPP\htdocs\ictserve-031125\tests\Feature\AssetLoan\ReportingAnalyticsTest.php" line="479" class="Tests\Feature\AssetLoan\ReportingAnalyticsTest" classname="Tests.Feature.AssetLoan.ReportingAnalyticsTest" assertions="3" time="3.012313"/>
        <testcase name="test_alert_service_can_check_approval_delays" file="C:\XAMPP\htdocs\ictserve-031125\tests\Feature\AssetLoan\ReportingAnalyticsTest.php" line="497" class="Tests\Feature\AssetLoan\ReportingAnalyticsTest" classname="Tests.Feature.AssetLoan.ReportingAnalyticsTest" assertions="3" time="5.320119"/>
        <testcase name="test_alert_service_can_check_asset_shortages" file="C:\XAMPP\htdocs\ictserve-031125\tests\Feature\AssetLoan\ReportingAnalyticsTest.php" line="515" class="Tests\Feature\AssetLoan\ReportingAnalyticsTest" classname="Tests.Feature.AssetLoan.ReportingAnalyticsTest" assertions="1" time="3.222709"/>
        <testcase name="test_alerts_can_be_sent_via_email" file="C:\XAMPP\htdocs\ictserve-031125\tests\Feature\AssetLoan\ReportingAnalyticsTest.php" line="544" class="Tests\Feature\AssetLoan\ReportingAnalyticsTest" classname="Tests.Feature.AssetLoan.ReportingAnalyticsTest" assertions="1" time="3.406058"/>
        <testcase name="test_alert_configuration_can_be_retrieved" file="C:\XAMPP\htdocs\ictserve-031125\tests\Feature\AssetLoan\ReportingAnalyticsTest.php" line="557" class="Tests\Feature\AssetLoan\ReportingAnalyticsTest" classname="Tests.Feature.AssetLoan.ReportingAnalyticsTest" assertions="4" time="3.244525"/>
        <testcase name="test_alert_thresholds_can_be_customized" file="C:\XAMPP\htdocs\ictserve-031125\tests\Feature\AssetLoan\ReportingAnalyticsTest.php" line="569" class="Tests\Feature\AssetLoan\ReportingAnalyticsTest" classname="Tests.Feature.AssetLoan.ReportingAnalyticsTest" assertions="2" time="2.428991"/>
        <testcase name="test_alerts_can_be_disabled_individually" file="C:\XAMPP\htdocs\ictserve-031125\tests\Feature\AssetLoan\ReportingAnalyticsTest.php" line="588" class="Tests\Feature\AssetLoan\ReportingAnalyticsTest" classname="Tests.Feature.AssetLoan.ReportingAnalyticsTest" assertions="1" time="3.223307"/>
        <testcase name="test_all_alerts_can_be_checked_at_once" file="C:\XAMPP\htdocs\ictserve-031125\tests\Feature\AssetLoan\ReportingAnalyticsTest.php" line="603" class="Tests\Feature\AssetLoan\ReportingAnalyticsTest" classname="Tests.Feature.AssetLoan.ReportingAnalyticsTest" assertions="11" time="3.150837"/>
        <testcase name="test_cross_module_data_can_be_retrieved_together" file="C:\XAMPP\htdocs\ictserve-031125\tests\Feature\AssetLoan\ReportingAnalyticsTest.php" line="622" class="Tests\Feature\AssetLoan\ReportingAnalyticsTest" classname="Tests.Feature.AssetLoan.ReportingAnalyticsTest" assertions="4" time="3.163629"/>
        <testcase name="test_unified_metrics_calculation_is_accurate" file="C:\XAMPP\htdocs\ictserve-031125\tests\Feature\AssetLoan\ReportingAnalyticsTest.php" line="648" class="Tests\Feature\AssetLoan\ReportingAnalyticsTest" classname="Tests.Feature.AssetLoan.ReportingAnalyticsTest" assertions="4" time="3.210885"/>
        <testcase name="test_dashboard_widgets_load_efficiently_with_large_dataset" file="C:\XAMPP\htdocs\ictserve-031125\tests\Feature\AssetLoan\ReportingAnalyticsTest.php" line="678" class="Tests\Feature\AssetLoan\ReportingAnalyticsTest" classname="Tests.Feature.AssetLoan.ReportingAnalyticsTest" assertions="0" time="6.170580">
          <error type="Illuminate\View\ViewException">Tests\Feature\AssetLoan\ReportingAnalyticsTest::test_dashboard_widgets_load_efficiently_with_large_dataset&#13;
Illuminate\View\ViewException: App\Filament\Widgets\UnifiedDashboardOverview::getHealthColor(): Return value must be of type Filament\Support\Colors\Color, array returned (View: C:\XAMPP\htdocs\ictserve-031125\vendor\filament\widgets\resources\views\stats-overview-widget.blade.php) (View: C:\XAMPP\htdocs\ictserve-031125\vendor\filament\widgets\resources\views\stats-overview-widget.blade.php)
&#13;
C:\XAMPP\htdocs\ictserve-031125\app\Filament\Widgets\UnifiedDashboardOverview.php:82
C:\XAMPP\htdocs\ictserve-031125\vendor\livewire\livewire\src\Mechanisms\ExtendBlade\ExtendedCompilerEngine.php:58
C:\XAMPP\htdocs\ictserve-031125\vendor\livewire\livewire\src\Mechanisms\ExtendBlade\ExtendedCompilerEngine.php:40
C:\XAMPP\htdocs\ictserve-031125\vendor\laravel\framework\src\Illuminate\View\Engines\CompilerEngine.php:76
C:\XAMPP\htdocs\ictserve-031125\vendor\livewire\livewire\src\Mechanisms\ExtendBlade\ExtendedCompilerEngine.php:16
C:\XAMPP\htdocs\ictserve-031125\vendor\laravel\framework\src\Illuminate\View\View.php:208
C:\XAMPP\htdocs\ictserve-031125\vendor\laravel\framework\src\Illuminate\View\View.php:191
C:\XAMPP\htdocs\ictserve-031125\vendor\laravel\framework\src\Illuminate\View\View.php:160
C:\XAMPP\htdocs\ictserve-031125\vendor\laravel\framework\src\Illuminate\View\Compilers\BladeCompiler.php:352
C:\XAMPP\htdocs\ictserve-031125\vendor\laravel\framework\src\Illuminate\Support\Facades\Facade.php:363
C:\XAMPP\htdocs\ictserve-031125\vendor\livewire\livewire\src\Features\SupportTesting\InitialRender.php:25
C:\XAMPP\htdocs\ictserve-031125\vendor\laravel\framework\src\Illuminate\Routing\CallableDispatcher.php:39
C:\XAMPP\htdocs\ictserve-031125\vendor\laravel\framework\src\Illuminate\Routing\Route.php:243
C:\XAMPP\htdocs\ictserve-031125\vendor\laravel\framework\src\Illuminate\Routing\Route.php:214
C:\XAMPP\htdocs\ictserve-031125\vendor\laravel\framework\src\Illuminate\Routing\Router.php:822
C:\XAMPP\htdocs\ictserve-031125\vendor\laravel\framework\src\Illuminate\Pipeline\Pipeline.php:180
C:\XAMPP\htdocs\ictserve-031125\vendor\laravel\framework\src\Illuminate\Pipeline\Pipeline.php:137
C:\XAMPP\htdocs\ictserve-031125\vendor\laravel\framework\src\Illuminate\Routing\Router.php:821
C:\XAMPP\htdocs\ictserve-031125\vendor\laravel\framework\src\Illuminate\Routing\Router.php:800
C:\XAMPP\htdocs\ictserve-031125\vendor\laravel\framework\src\Illuminate\Routing\Router.php:764
C:\XAMPP\htdocs\ictserve-031125\vendor\laravel\framework\src\Illuminate\Routing\Router.php:753
C:\XAMPP\htdocs\ictserve-031125\vendor\laravel\framework\src\Illuminate\Foundation\Http\Kernel.php:200
C:\XAMPP\htdocs\ictserve-031125\vendor\laravel\framework\src\Illuminate\Pipeline\Pipeline.php:180
C:\XAMPP\htdocs\ictserve-031125\vendor\laravel\framework\src\Illuminate\Pipeline\Pipeline.php:137
C:\XAMPP\htdocs\ictserve-031125\vendor\laravel\framework\src\Illuminate\Foundation\Http\Kernel.php:175
C:\XAMPP\htdocs\ictserve-031125\vendor\laravel\framework\src\Illuminate\Foundation\Http\Kernel.php:144
C:\XAMPP\htdocs\ictserve-031125\vendor\laravel\framework\src\Illuminate\Foundation\Testing\Concerns\MakesHttpRequests.php:607
C:\XAMPP\htdocs\ictserve-031125\vendor\livewire\livewire\src\Features\SupportTesting\InitialRender.php:33
C:\XAMPP\htdocs\ictserve-031125\vendor\livewire\livewire\src\Features\SupportTesting\RequestBroker.php:30
C:\XAMPP\htdocs\ictserve-031125\vendor\livewire\livewire\src\Features\SupportTesting\InitialRender.php:32
C:\XAMPP\htdocs\ictserve-031125\vendor\livewire\livewire\src\Features\SupportTesting\Render.php:24
C:\XAMPP\htdocs\ictserve-031125\vendor\livewire\livewire\src\Features\SupportTesting\InitialRender.php:31
C:\XAMPP\htdocs\ictserve-031125\vendor\livewire\livewire\src\Features\SupportTesting\InitialRender.php:17
C:\XAMPP\htdocs\ictserve-031125\vendor\livewire\livewire\src\Features\SupportTesting\Testable.php:44
C:\XAMPP\htdocs\ictserve-031125\vendor\livewire\livewire\src\LivewireManager.php:197
C:\XAMPP\htdocs\ictserve-031125\vendor\laravel\framework\src\Illuminate\Support\Facades\Facade.php:363
C:\XAMPP\htdocs\ictserve-031125\tests\Feature\AssetLoan\ReportingAnalyticsTest.php:693</error>
        </testcase>
        <testcase name="test_data_aggregation_completes_efficiently" file="C:\XAMPP\htdocs\ictserve-031125\tests\Feature\AssetLoan\ReportingAnalyticsTest.php" line="704" class="Tests\Feature\AssetLoan\ReportingAnalyticsTest" classname="Tests.Feature.AssetLoan.ReportingAnalyticsTest" assertions="3" time="3.866973"/>
      </testsuite>
      <testsuite name="Tests\Feature\AuditLoggingTest" file="C:\XAMPP\htdocs\ictserve-031125\tests\Feature\AuditLoggingTest.php" tests="12" assertions="47" errors="0" failures="0" skipped="0" time="25.072424">
        <testcase name="test_audit_records_are_created_for_model_changes" file="C:\XAMPP\htdocs\ictserve-031125\tests\Feature\AuditLoggingTest.php" line="33" class="Tests\Feature\AuditLoggingTest" classname="Tests.Feature.AuditLoggingTest" assertions="5" time="2.179387"/>
        <testcase name="test_audit_records_track_updates" file="C:\XAMPP\htdocs\ictserve-031125\tests\Feature\AuditLoggingTest.php" line="62" class="Tests\Feature\AuditLoggingTest" classname="Tests.Feature.AuditLoggingTest" assertions="6" time="1.862428"/>
        <testcase name="test_audit_records_are_immutable" file="C:\XAMPP\htdocs\ictserve-031125\tests\Feature\AuditLoggingTest.php" line="87" class="Tests\Feature\AuditLoggingTest" classname="Tests.Feature.AuditLoggingTest" assertions="3" time="2.132803"/>
        <testcase name="test_audit_records_cannot_be_deleted" file="C:\XAMPP\htdocs\ictserve-031125\tests\Feature\AuditLoggingTest.php" line="105" class="Tests\Feature\AuditLoggingTest" classname="Tests.Feature.AuditLoggingTest" assertions="3" time="2.113513"/>
        <testcase name="test_audit_search_functionality" file="C:\XAMPP\htdocs\ictserve-031125\tests\Feature\AuditLoggingTest.php" line="123" class="Tests\Feature\AuditLoggingTest" classname="Tests.Feature.AuditLoggingTest" assertions="3" time="2.171815"/>
        <testcase name="test_audit_statistics" file="C:\XAMPP\htdocs\ictserve-031125\tests\Feature\AuditLoggingTest.php" line="149" class="Tests\Feature\AuditLoggingTest" classname="Tests.Feature.AuditLoggingTest" assertions="9" time="2.159885"/>
        <testcase name="test_audit_retention_period_check" file="C:\XAMPP\htdocs\ictserve-031125\tests\Feature\AuditLoggingTest.php" line="168" class="Tests\Feature\AuditLoggingTest" classname="Tests.Feature.AuditLoggingTest" assertions="3" time="2.060183"/>
        <testcase name="test_security_events_scope" file="C:\XAMPP\htdocs\ictserve-031125\tests\Feature\AuditLoggingTest.php" line="191" class="Tests\Feature\AuditLoggingTest" classname="Tests.Feature.AuditLoggingTest" assertions="5" time="1.990200"/>
        <testcase name="test_audit_user_info_attribute" file="C:\XAMPP\htdocs\ictserve-031125\tests\Feature\AuditLoggingTest.php" line="209" class="Tests\Feature\AuditLoggingTest" classname="Tests.Feature.AuditLoggingTest" assertions="2" time="2.181968"/>
        <testcase name="test_audit_changes_summary_attribute" file="C:\XAMPP\htdocs\ictserve-031125\tests\Feature\AuditLoggingTest.php" line="229" class="Tests\Feature\AuditLoggingTest" classname="Tests.Feature.AuditLoggingTest" assertions="4" time="2.018686"/>
        <testcase name="test_audit_cleanup_command_dry_run" file="C:\XAMPP\htdocs\ictserve-031125\tests\Feature\AuditLoggingTest.php" line="252" class="Tests\Feature\AuditLoggingTest" classname="Tests.Feature.AuditLoggingTest" assertions="2" time="2.149290"/>
        <testcase name="test_audit_date_range_scope" file="C:\XAMPP\htdocs\ictserve-031125\tests\Feature\AuditLoggingTest.php" line="262" class="Tests\Feature\AuditLoggingTest" classname="Tests.Feature.AuditLoggingTest" assertions="2" time="2.052267"/>
      </testsuite>
      <testsuite name="Tests\Feature\Auth\AuthenticationTest" file="C:\XAMPP\htdocs\ictserve-031125\tests\Feature\Auth\AuthenticationTest.php" tests="6" assertions="18" errors="0" failures="0" skipped="0" time="60.733774">
        <testcase name="test_login_screen_can_be_rendered" file="C:\XAMPP\htdocs\ictserve-031125\tests\Feature\Auth\AuthenticationTest.php" line="14" class="Tests\Feature\Auth\AuthenticationTest" classname="Tests.Feature.Auth.AuthenticationTest" assertions="2" time="27.432812"/>
        <testcase name="test_users_can_authenticate_using_the_login_screen" file="C:\XAMPP\htdocs\ictserve-031125\tests\Feature\Auth\AuthenticationTest.php" line="23" class="Tests\Feature\Auth\AuthenticationTest" classname="Tests.Feature.Auth.AuthenticationTest" assertions="4" time="14.875025"/>
        <testcase name="test_users_can_not_authenticate_with_invalid_password" file="C:\XAMPP\htdocs\ictserve-031125\tests\Feature\Auth\AuthenticationTest.php" line="40" class="Tests\Feature\Auth\AuthenticationTest" classname="Tests.Feature.Auth.AuthenticationTest" assertions="3" time="4.351901"/>
        <testcase name="test_navigation_menu_can_be_rendered" file="C:\XAMPP\htdocs\ictserve-031125\tests\Feature\Auth\AuthenticationTest.php" line="57" class="Tests\Feature\Auth\AuthenticationTest" classname="Tests.Feature.Auth.AuthenticationTest" assertions="2" time="7.195981"/>
        <testcase name="test_users_can_logout" file="C:\XAMPP\htdocs\ictserve-031125\tests\Feature\Auth\AuthenticationTest.php" line="70" class="Tests\Feature\Auth\AuthenticationTest" classname="Tests.Feature.Auth.AuthenticationTest" assertions="4" time="3.396750"/>
        <testcase name="test_users_can_logout_via_route" file="C:\XAMPP\htdocs\ictserve-031125\tests\Feature\Auth\AuthenticationTest.php" line="87" class="Tests\Feature\Auth\AuthenticationTest" classname="Tests.Feature.Auth.AuthenticationTest" assertions="3" time="3.481307"/>
      </testsuite>
      <testsuite name="Tests\Feature\Auth\EmailVerificationTest" file="C:\XAMPP\htdocs\ictserve-031125\tests\Feature\Auth\EmailVerificationTest.php" tests="3" assertions="7" errors="0" failures="0" skipped="0" time="10.701668">
        <testcase name="test_email_verification_screen_can_be_rendered" file="C:\XAMPP\htdocs\ictserve-031125\tests\Feature\Auth\EmailVerificationTest.php" line="16" class="Tests\Feature\Auth\EmailVerificationTest" classname="Tests.Feature.Auth.EmailVerificationTest" assertions="2" time="3.961334"/>
        <testcase name="test_email_can_be_verified" file="C:\XAMPP\htdocs\ictserve-031125\tests\Feature\Auth\EmailVerificationTest.php" line="27" class="Tests\Feature\Auth\EmailVerificationTest" classname="Tests.Feature.Auth.EmailVerificationTest" assertions="4" time="3.381759"/>
        <testcase name="test_email_is_not_verified_with_invalid_hash" file="C:\XAMPP\htdocs\ictserve-031125\tests\Feature\Auth\EmailVerificationTest.php" line="46" class="Tests\Feature\Auth\EmailVerificationTest" classname="Tests.Feature.Auth.EmailVerificationTest" assertions="1" time="3.358575"/>
      </testsuite>
      <testsuite name="Tests\Feature\Auth\PasswordConfirmationTest" file="C:\XAMPP\htdocs\ictserve-031125\tests\Feature\Auth\PasswordConfirmationTest.php" tests="3" assertions="9" errors="0" failures="0" skipped="0" time="10.578528">
        <testcase name="test_confirm_password_screen_can_be_rendered" file="C:\XAMPP\htdocs\ictserve-031125\tests\Feature\Auth\PasswordConfirmationTest.php" line="14" class="Tests\Feature\Auth\PasswordConfirmationTest" classname="Tests.Feature.Auth.PasswordConfirmationTest" assertions="2" time="4.038525"/>
        <testcase name="test_password_can_be_confirmed" file="C:\XAMPP\htdocs\ictserve-031125\tests\Feature\Auth\PasswordConfirmationTest.php" line="25" class="Tests\Feature\Auth\PasswordConfirmationTest" classname="Tests.Feature.Auth.PasswordConfirmationTest" assertions="3" time="3.291570"/>
        <testcase name="test_password_is_not_confirmed_with_invalid_password" file="C:\XAMPP\htdocs\ictserve-031125\tests\Feature\Auth\PasswordConfirmationTest.php" line="41" class="Tests\Feature\Auth\PasswordConfirmationTest" classname="Tests.Feature.Auth.PasswordConfirmationTest" assertions="4" time="3.248433"/>
      </testsuite>
      <testsuite name="Tests\Feature\Auth\PasswordResetTest" file="C:\XAMPP\htdocs\ictserve-031125\tests\Feature\Auth\PasswordResetTest.php" tests="4" assertions="10" errors="0" failures="0" skipped="0" time="15.731856">
        <testcase name="test_reset_password_link_screen_can_be_rendered" file="C:\XAMPP\htdocs\ictserve-031125\tests\Feature\Auth\PasswordResetTest.php" line="16" class="Tests\Feature\Auth\PasswordResetTest" classname="Tests.Feature.Auth.PasswordResetTest" assertions="2" time="3.533435"/>
        <testcase name="test_reset_password_link_can_be_requested" file="C:\XAMPP\htdocs\ictserve-031125\tests\Feature\Auth\PasswordResetTest.php" line="25" class="Tests\Feature\Auth\PasswordResetTest" classname="Tests.Feature.Auth.PasswordResetTest" assertions="1" time="3.841944"/>
        <testcase name="test_reset_password_screen_can_be_rendered" file="C:\XAMPP\htdocs\ictserve-031125\tests\Feature\Auth\PasswordResetTest.php" line="38" class="Tests\Feature\Auth\PasswordResetTest" classname="Tests.Feature.Auth.PasswordResetTest" assertions="3" time="5.085694"/>
        <testcase name="test_password_can_be_reset_with_valid_token" file="C:\XAMPP\htdocs\ictserve-031125\tests\Feature\Auth\PasswordResetTest.php" line="59" class="Tests\Feature\Auth\PasswordResetTest" classname="Tests.Feature.Auth.PasswordResetTest" assertions="4" time="3.270783"/>
      </testsuite>
      <testsuite name="Tests\Feature\Auth\PasswordUpdateTest" file="C:\XAMPP\htdocs\ictserve-031125\tests\Feature\Auth\PasswordUpdateTest.php" tests="2" assertions="7" errors="0" failures="0" skipped="0" time="8.313982">
        <testcase name="test_password_can_be_updated" file="C:\XAMPP\htdocs\ictserve-031125\tests\Feature\Auth\PasswordUpdateTest.php" line="15" class="Tests\Feature\Auth\PasswordUpdateTest" classname="Tests.Feature.Auth.PasswordUpdateTest" assertions="3" time="5.215881"/>
        <testcase name="test_correct_password_must_be_provided_to_update_password" file="C:\XAMPP\htdocs\ictserve-031125\tests\Feature\Auth\PasswordUpdateTest.php" line="34" class="Tests\Feature\Auth\PasswordUpdateTest" classname="Tests.Feature.Auth.PasswordUpdateTest" assertions="4" time="3.098101"/>
      </testsuite>
      <testsuite name="Tests\Feature\Auth\RegistrationTest" file="C:\XAMPP\htdocs\ictserve-031125\tests\Feature\Auth\RegistrationTest.php" tests="2" assertions="5" errors="0" failures="0" skipped="0" time="11.075775">
        <testcase name="test_registration_screen_can_be_rendered" file="C:\XAMPP\htdocs\ictserve-031125\tests\Feature\Auth\RegistrationTest.php" line="13" class="Tests\Feature\Auth\RegistrationTest" classname="Tests.Feature.Auth.RegistrationTest" assertions="2" time="7.131791"/>
        <testcase name="test_new_users_can_register" file="C:\XAMPP\htdocs\ictserve-031125\tests\Feature\Auth\RegistrationTest.php" line="22" class="Tests\Feature\Auth\RegistrationTest" classname="Tests.Feature.Auth.RegistrationTest" assertions="3" time="3.943984"/>
      </testsuite>
      <testsuite name="Tests\Feature\Compliance\PDPAComplianceTest" file="C:\XAMPP\htdocs\ictserve-031125\tests\Feature\Compliance\PDPAComplianceTest.php" tests="24" assertions="87" errors="0" failures="0" skipped="2" time="44.839869">
        <testcase name="test_user_consent_is_recorded_and_tracked" file="C:\XAMPP\htdocs\ictserve-031125\tests\Feature\Compliance\PDPAComplianceTest.php" line="41" class="Tests\Feature\Compliance\PDPAComplianceTest" classname="Tests.Feature.Compliance.PDPAComplianceTest" assertions="5" time="2.732509"/>
        <testcase name="test_user_can_withdraw_consent" file="C:\XAMPP\htdocs\ictserve-031125\tests\Feature\Compliance\PDPAComplianceTest.php" line="59" class="Tests\Feature\Compliance\PDPAComplianceTest" classname="Tests.Feature.Compliance.PDPAComplianceTest" assertions="2" time="2.050292"/>
        <testcase name="test_consent_history_is_maintained" file="C:\XAMPP\htdocs\ictserve-031125\tests\Feature\Compliance\PDPAComplianceTest.php" line="80" class="Tests\Feature\Compliance\PDPAComplianceTest" classname="Tests.Feature.Compliance.PDPAComplianceTest" assertions="3" time="2.084426"/>
        <testcase name="test_data_retention_period_is_enforced" file="C:\XAMPP\htdocs\ictserve-031125\tests\Feature\Compliance\PDPAComplianceTest.php" line="103" class="Tests\Feature\Compliance\PDPAComplianceTest" classname="Tests.Feature.Compliance.PDPAComplianceTest" assertions="7" time="1.954492"/>
        <testcase name="test_expired_data_is_identified_for_deletion" file="C:\XAMPP\htdocs\ictserve-031125\tests\Feature\Compliance\PDPAComplianceTest.php" line="124" class="Tests\Feature\Compliance\PDPAComplianceTest" classname="Tests.Feature.Compliance.PDPAComplianceTest" assertions="2" time="1.834486"/>
        <testcase name="test_data_retention_report_generation" file="C:\XAMPP\htdocs\ictserve-031125\tests\Feature\Compliance\PDPAComplianceTest.php" line="144" class="Tests\Feature\Compliance\PDPAComplianceTest" classname="Tests.Feature.Compliance.PDPAComplianceTest" assertions="7" time="1.784584"/>
        <testcase name="test_user_can_access_their_personal_data" file="C:\XAMPP\htdocs\ictserve-031125\tests\Feature\Compliance\PDPAComplianceTest.php" line="165" class="Tests\Feature\Compliance\PDPAComplianceTest" classname="Tests.Feature.Compliance.PDPAComplianceTest" assertions="8" time="1.886366"/>
        <testcase name="test_user_can_request_data_correction" file="C:\XAMPP\htdocs\ictserve-031125\tests\Feature\Compliance\PDPAComplianceTest.php" line="188" class="Tests\Feature\Compliance\PDPAComplianceTest" classname="Tests.Feature.Compliance.PDPAComplianceTest" assertions="4" time="1.780463"/>
        <testcase name="test_user_can_request_data_deletion" file="C:\XAMPP\htdocs\ictserve-031125\tests\Feature\Compliance\PDPAComplianceTest.php" line="209" class="Tests\Feature\Compliance\PDPAComplianceTest" classname="Tests.Feature.Compliance.PDPAComplianceTest" assertions="4" time="1.819979"/>
        <testcase name="test_data_deletion_respects_retention_requirements" file="C:\XAMPP\htdocs\ictserve-031125\tests\Feature\Compliance\PDPAComplianceTest.php" line="226" class="Tests\Feature\Compliance\PDPAComplianceTest" classname="Tests.Feature.Compliance.PDPAComplianceTest" assertions="2" time="2.023926"/>
        <testcase name="test_only_necessary_data_is_collected" file="C:\XAMPP\htdocs\ictserve-031125\tests\Feature\Compliance\PDPAComplianceTest.php" line="245" class="Tests\Feature\Compliance\PDPAComplianceTest" classname="Tests.Feature.Compliance.PDPAComplianceTest" assertions="3" time="1.677059"/>
        <testcase name="test_sensitive_data_is_encrypted_at_rest" file="C:\XAMPP\htdocs\ictserve-031125\tests\Feature\Compliance\PDPAComplianceTest.php" line="265" class="Tests\Feature\Compliance\PDPAComplianceTest" classname="Tests.Feature.Compliance.PDPAComplianceTest" assertions="1" time="1.714274"/>
        <testcase name="test_data_usage_is_logged_with_purpose" file="C:\XAMPP\htdocs\ictserve-031125\tests\Feature\Compliance\PDPAComplianceTest.php" line="288" class="Tests\Feature\Compliance\PDPAComplianceTest" classname="Tests.Feature.Compliance.PDPAComplianceTest" assertions="2" time="1.760299"/>
        <testcase name="test_unauthorized_data_access_is_prevented" file="C:\XAMPP\htdocs\ictserve-031125\tests\Feature\Compliance\PDPAComplianceTest.php" line="306" class="Tests\Feature\Compliance\PDPAComplianceTest" classname="Tests.Feature.Compliance.PDPAComplianceTest" assertions="1" time="1.672444"/>
        <testcase name="test_data_breach_notification_system" file="C:\XAMPP\htdocs\ictserve-031125\tests\Feature\Compliance\PDPAComplianceTest.php" line="323" class="Tests\Feature\Compliance\PDPAComplianceTest" classname="Tests.Feature.Compliance.PDPAComplianceTest" assertions="4" time="1.751873"/>
        <testcase name="test_affected_users_are_notified_of_breach" file="C:\XAMPP\htdocs\ictserve-031125\tests\Feature\Compliance\PDPAComplianceTest.php" line="341" class="Tests\Feature\Compliance\PDPAComplianceTest" classname="Tests.Feature.Compliance.PDPAComplianceTest" assertions="1" time="1.780768"/>
        <testcase name="test_user_data_can_be_exported" file="C:\XAMPP\htdocs\ictserve-031125\tests\Feature\Compliance\PDPAComplianceTest.php" line="361" class="Tests\Feature\Compliance\PDPAComplianceTest" classname="Tests.Feature.Compliance.PDPAComplianceTest" assertions="5" time="1.819921"/>
        <testcase name="test_data_export_includes_all_personal_information" file="C:\XAMPP\htdocs\ictserve-031125\tests\Feature\Compliance\PDPAComplianceTest.php" line="378" class="Tests\Feature\Compliance\PDPAComplianceTest" classname="Tests.Feature.Compliance.PDPAComplianceTest" assertions="3" time="2.003876"/>
        <testcase name="test_privacy_policy_is_accessible" file="C:\XAMPP\htdocs\ictserve-031125\tests\Feature\Compliance\PDPAComplianceTest.php" line="397" class="Tests\Feature\Compliance\PDPAComplianceTest" classname="Tests.Feature.Compliance.PDPAComplianceTest" assertions="0" time="1.748817">
          <skipped/>
        </testcase>
        <testcase name="test_privacy_policy_version_tracking" file="C:\XAMPP\htdocs\ictserve-031125\tests\Feature\Compliance\PDPAComplianceTest.php" line="409" class="Tests\Feature\Compliance\PDPAComplianceTest" classname="Tests.Feature.Compliance.PDPAComplianceTest" assertions="4" time="1.774668"/>
        <testcase name="test_pdpa_compliance_report_generation" file="C:\XAMPP\htdocs\ictserve-031125\tests\Feature\Compliance\PDPAComplianceTest.php" line="423" class="Tests\Feature\Compliance\PDPAComplianceTest" classname="Tests.Feature.Compliance.PDPAComplianceTest" assertions="10" time="1.795499"/>
        <testcase name="test_compliance_audit_trail" file="C:\XAMPP\htdocs\ictserve-031125\tests\Feature\Compliance\PDPAComplianceTest.php" line="441" class="Tests\Feature\Compliance\PDPAComplianceTest" classname="Tests.Feature.Compliance.PDPAComplianceTest" assertions="4" time="1.823301"/>
        <testcase name="test_dpo_can_access_compliance_dashboard" file="C:\XAMPP\htdocs\ictserve-031125\tests\Feature\Compliance\PDPAComplianceTest.php" line="455" class="Tests\Feature\Compliance\PDPAComplianceTest" classname="Tests.Feature.Compliance.PDPAComplianceTest" assertions="0" time="1.800833">
          <skipped/>
        </testcase>
        <testcase name="test_dpo_receives_compliance_alerts" file="C:\XAMPP\htdocs\ictserve-031125\tests\Feature\Compliance\PDPAComplianceTest.php" line="470" class="Tests\Feature\Compliance\PDPAComplianceTest" classname="Tests.Feature.Compliance.PDPAComplianceTest" assertions="5" time="1.764715"/>
      </testsuite>
      <testsuite name="Tests\Feature\Compliance\SecurityComplianceIntegrationTest" file="C:\XAMPP\htdocs\ictserve-031125\tests\Feature\Compliance\SecurityComplianceIntegrationTest.php" tests="13" assertions="38" errors="0" failures="0" skipped="0" time="34.587205">
        <testcase name="test_role_changes_are_audited" file="C:\XAMPP\htdocs\ictserve-031125\tests\Feature\Compliance\SecurityComplianceIntegrationTest.php" line="59" class="Tests\Feature\Compliance\SecurityComplianceIntegrationTest" classname="Tests.Feature.Compliance.SecurityComplianceIntegrationTest" assertions="1" time="2.652807"/>
        <testcase name="test_permission_checks_are_logged" file="C:\XAMPP\htdocs\ictserve-031125\tests\Feature\Compliance\SecurityComplianceIntegrationTest.php" line="78" class="Tests\Feature\Compliance\SecurityComplianceIntegrationTest" classname="Tests.Feature.Compliance.SecurityComplianceIntegrationTest" assertions="1" time="2.708888"/>
        <testcase name="test_personal_data_encryption_with_pdpa_consent" file="C:\XAMPP\htdocs\ictserve-031125\tests\Feature\Compliance\SecurityComplianceIntegrationTest.php" line="100" class="Tests\Feature\Compliance\SecurityComplianceIntegrationTest" classname="Tests.Feature.Compliance.SecurityComplianceIntegrationTest" assertions="2" time="2.597598"/>
        <testcase name="test_encrypted_data_respects_retention_policy" file="C:\XAMPP\htdocs\ictserve-031125\tests\Feature\Compliance\SecurityComplianceIntegrationTest.php" line="126" class="Tests\Feature\Compliance\SecurityComplianceIntegrationTest" classname="Tests.Feature.Compliance.SecurityComplianceIntegrationTest" assertions="3" time="2.616072"/>
        <testcase name="test_security_events_included_in_compliance_report" file="C:\XAMPP\htdocs\ictserve-031125\tests\Feature\Compliance\SecurityComplianceIntegrationTest.php" line="154" class="Tests\Feature\Compliance\SecurityComplianceIntegrationTest" classname="Tests.Feature.Compliance.SecurityComplianceIntegrationTest" assertions="4" time="2.582700"/>
        <testcase name="test_failed_login_attempts_trigger_pdpa_breach_check" file="C:\XAMPP\htdocs\ictserve-031125\tests\Feature\Compliance\SecurityComplianceIntegrationTest.php" line="167" class="Tests\Feature\Compliance\SecurityComplianceIntegrationTest" classname="Tests.Feature.Compliance.SecurityComplianceIntegrationTest" assertions="2" time="2.496388"/>
        <testcase name="test_complete_security_workflow" file="C:\XAMPP\htdocs\ictserve-031125\tests\Feature\Compliance\SecurityComplianceIntegrationTest.php" line="189" class="Tests\Feature\Compliance\SecurityComplianceIntegrationTest" classname="Tests.Feature.Compliance.SecurityComplianceIntegrationTest" assertions="5" time="2.921834"/>
        <testcase name="test_all_compliance_requirements_are_met" file="C:\XAMPP\htdocs\ictserve-031125\tests\Feature\Compliance\SecurityComplianceIntegrationTest.php" line="236" class="Tests\Feature\Compliance\SecurityComplianceIntegrationTest" classname="Tests.Feature.Compliance.SecurityComplianceIntegrationTest" assertions="6" time="3.023214"/>
        <testcase name="test_audit_trail_integrity_is_maintained" file="C:\XAMPP\htdocs\ictserve-031125\tests\Feature\Compliance\SecurityComplianceIntegrationTest.php" line="256" class="Tests\Feature\Compliance\SecurityComplianceIntegrationTest" classname="Tests.Feature.Compliance.SecurityComplianceIntegrationTest" assertions="2" time="2.634809"/>
        <testcase name="test_audit_trail_deletion_is_prevented" file="C:\XAMPP\htdocs\ictserve-031125\tests\Feature\Compliance\SecurityComplianceIntegrationTest.php" line="272" class="Tests\Feature\Compliance\SecurityComplianceIntegrationTest" classname="Tests.Feature.Compliance.SecurityComplianceIntegrationTest" assertions="2" time="2.389961"/>
        <testcase name="test_data_subject_rights_workflow" file="C:\XAMPP\htdocs\ictserve-031125\tests\Feature\Compliance\SecurityComplianceIntegrationTest.php" line="292" class="Tests\Feature\Compliance\SecurityComplianceIntegrationTest" classname="Tests.Feature.Compliance.SecurityComplianceIntegrationTest" assertions="5" time="2.764795"/>
        <testcase name="test_security_configuration_is_valid" file="C:\XAMPP\htdocs\ictserve-031125\tests\Feature\Compliance\SecurityComplianceIntegrationTest.php" line="328" class="Tests\Feature\Compliance\SecurityComplianceIntegrationTest" classname="Tests.Feature.Compliance.SecurityComplianceIntegrationTest" assertions="4" time="2.700729"/>
        <testcase name="test_tls_and_https_configuration" file="C:\XAMPP\htdocs\ictserve-031125\tests\Feature\Compliance\SecurityComplianceIntegrationTest.php" line="338" class="Tests\Feature\Compliance\SecurityComplianceIntegrationTest" classname="Tests.Feature.Compliance.SecurityComplianceIntegrationTest" assertions="1" time="2.497411"/>
      </testsuite>
      <testsuite name="Tests\Feature\ComprehensiveWorkflowIntegrationTest" file="C:\XAMPP\htdocs\ictserve-031125\tests\Feature\ComprehensiveWorkflowIntegrationTest.php" tests="5" assertions="1" errors="4" failures="1" skipped="0" time="21.735753">
        <testcase name="test_complete_guest_loan_workflow" file="C:\XAMPP\htdocs\ictserve-031125\tests\Feature\ComprehensiveWorkflowIntegrationTest.php" line="71" class="Tests\Feature\ComprehensiveWorkflowIntegrationTest" classname="Tests.Feature.ComprehensiveWorkflowIntegrationTest" assertions="0" time="10.642356">
          <error type="Livewire\Exceptions\PublicPropertyNotFoundException">Tests\Feature\ComprehensiveWorkflowIntegrationTest::test_complete_guest_loan_workflow&#13;
Livewire\Exceptions\PublicPropertyNotFoundException: Unable to set component data. Public property [$applicant_name] not found on component: [guest-loan-application]
&#13;
C:\XAMPP\htdocs\ictserve-031125\vendor\livewire\livewire\src\Mechanisms\HandleComponents\HandleComponents.php:336
C:\XAMPP\htdocs\ictserve-031125\vendor\livewire\livewire\src\Mechanisms\HandleComponents\HandleComponents.php:318
C:\XAMPP\htdocs\ictserve-031125\vendor\livewire\livewire\src\Mechanisms\HandleComponents\HandleComponents.php:98
C:\XAMPP\htdocs\ictserve-031125\vendor\livewire\livewire\src\LivewireManager.php:102
C:\XAMPP\htdocs\ictserve-031125\vendor\livewire\volt\src\LivewireManager.php:35
C:\XAMPP\htdocs\ictserve-031125\vendor\livewire\livewire\src\Mechanisms\HandleRequests\HandleRequests.php:94
C:\XAMPP\htdocs\ictserve-031125\vendor\laravel\framework\src\Illuminate\Routing\ControllerDispatcher.php:46
C:\XAMPP\htdocs\ictserve-031125\vendor\laravel\framework\src\Illuminate\Routing\Route.php:265
C:\XAMPP\htdocs\ictserve-031125\vendor\laravel\framework\src\Illuminate\Routing\Route.php:211
C:\XAMPP\htdocs\ictserve-031125\vendor\laravel\framework\src\Illuminate\Routing\Router.php:822
C:\XAMPP\htdocs\ictserve-031125\vendor\laravel\framework\src\Illuminate\Pipeline\Pipeline.php:180
C:\XAMPP\htdocs\ictserve-031125\vendor\laravel\framework\src\Illuminate\Pipeline\Pipeline.php:137
C:\XAMPP\htdocs\ictserve-031125\vendor\laravel\framework\src\Illuminate\Routing\Router.php:821
C:\XAMPP\htdocs\ictserve-031125\vendor\laravel\framework\src\Illuminate\Routing\Router.php:800
C:\XAMPP\htdocs\ictserve-031125\vendor\laravel\framework\src\Illuminate\Routing\Router.php:764
C:\XAMPP\htdocs\ictserve-031125\vendor\laravel\framework\src\Illuminate\Routing\Router.php:753
C:\XAMPP\htdocs\ictserve-031125\vendor\laravel\framework\src\Illuminate\Foundation\Http\Kernel.php:200
C:\XAMPP\htdocs\ictserve-031125\vendor\laravel\framework\src\Illuminate\Pipeline\Pipeline.php:180
C:\XAMPP\htdocs\ictserve-031125\vendor\laravel\framework\src\Illuminate\Pipeline\Pipeline.php:137
C:\XAMPP\htdocs\ictserve-031125\vendor\laravel\framework\src\Illuminate\Foundation\Http\Kernel.php:175
C:\XAMPP\htdocs\ictserve-031125\vendor\laravel\framework\src\Illuminate\Foundation\Http\Kernel.php:144
C:\XAMPP\htdocs\ictserve-031125\vendor\laravel\framework\src\Illuminate\Foundation\Testing\Concerns\MakesHttpRequests.php:607
C:\XAMPP\htdocs\ictserve-031125\vendor\livewire\livewire\src\Features\SupportTesting\SubsequentRender.php:36
C:\XAMPP\htdocs\ictserve-031125\vendor\livewire\livewire\src\Features\SupportTesting\RequestBroker.php:30
C:\XAMPP\htdocs\ictserve-031125\vendor\livewire\livewire\src\Features\SupportTesting\SubsequentRender.php:35
C:\XAMPP\htdocs\ictserve-031125\vendor\livewire\livewire\src\Features\SupportTesting\Render.php:24
C:\XAMPP\htdocs\ictserve-031125\vendor\livewire\livewire\src\Features\SupportTesting\SubsequentRender.php:34
C:\XAMPP\htdocs\ictserve-031125\vendor\livewire\livewire\src\Features\SupportTesting\SubsequentRender.php:16
C:\XAMPP\htdocs\ictserve-031125\vendor\livewire\livewire\src\Features\SupportTesting\Testable.php:252
C:\XAMPP\htdocs\ictserve-031125\vendor\livewire\livewire\src\Features\SupportTesting\Testable.php:191
C:\XAMPP\htdocs\ictserve-031125\vendor\livewire\livewire\src\Features\SupportTesting\Testable.php:170
C:\XAMPP\htdocs\ictserve-031125\tests\Feature\ComprehensiveWorkflowIntegrationTest.php:90</error>
        </testcase>
        <testcase name="test_complete_authenticated_loan_workflow" file="C:\XAMPP\htdocs\ictserve-031125\tests\Feature\ComprehensiveWorkflowIntegrationTest.php" line="194" class="Tests\Feature\ComprehensiveWorkflowIntegrationTest" classname="Tests.Feature.ComprehensiveWorkflowIntegrationTest" assertions="1" time="3.205828">
          <failure type="PHPUnit\Framework\ExpectationFailedException">Tests\Feature\ComprehensiveWorkflowIntegrationTest::test_complete_authenticated_loan_workflow&#13;
Failed asserting that '&lt;div wire:snapshot="" wire:effects="" wire:id="dBKhlVNehjgp6lXUoLCn" class="space-y-6"&gt;\n
    &lt;div class="grid grid-cols-1 md:grid-cols-2 lg:grid-cols-4 gap-6"&gt;\n
        &lt;div class="bg-white dark:bg-gray-800 rounded-lg shadow p-6"&gt;\n
            &lt;div class="flex items-center justify-between"&gt;\n
                &lt;div&gt;\n
                    &lt;p class="text-sm font-medium text-gray-600 dark:text-gray-400"&gt;{{ __('Total Applications') }}&lt;/p&gt;\n
                    &lt;p class="text-3xl font-bold text-gray-900 dark:text-white mt-2"&gt;{{ $this-&gt;stats['total'] }}&lt;/p&gt;\n
                &lt;/div&gt;\n
                &lt;div class="p-3 bg-blue-100 dark:bg-blue-900 rounded-full"&gt;\n
                    &lt;svg class="w-8 h-8 text-blue-600 dark:text-blue-300" fill="none" stroke="currentColor" viewBox="0 0 24 24"&gt;\n
                        &lt;path stroke-linecap="round" stroke-linejoin="round" stroke-width="2" d="M9 12h6m-6 4h6m2 5H7a2 2 0 01-2-2V5a2 2 0 012-2h5.586a1 1 0 01.707.293l5.414 5.414a1 1 0 01.293.707V19a2 2 0 01-2 2z"&gt;&lt;/path&gt;\n
                    &lt;/svg&gt;\n
                &lt;/div&gt;\n
            &lt;/div&gt;\n
        &lt;/div&gt;\n
\n
        &lt;div class="bg-white dark:bg-gray-800 rounded-lg shadow p-6"&gt;\n
            &lt;div class="flex items-center justify-between"&gt;\n
                &lt;div&gt;\n
                    &lt;p class="text-sm font-medium text-gray-600 dark:text-gray-400"&gt;{{ __('Pending Approval') }}&lt;/p&gt;\n
                    &lt;p class="text-3xl font-bold text-yellow-600 dark:text-yellow-400 mt-2"&gt;{{ $this-&gt;stats['pending'] }}&lt;/p&gt;\n
                &lt;/div&gt;\n
                &lt;div class="p-3 bg-yellow-100 dark:bg-yellow-900 rounded-full"&gt;\n
                    &lt;svg class="w-8 h-8 text-yellow-600 dark:text-yellow-300" fill="none" stroke="currentColor" viewBox="0 0 24 24"&gt;\n
                        &lt;path stroke-linecap="round" stroke-linejoin="round" stroke-width="2" d="M12 8v4l3 3m6-3a9 9 0 11-18 0 9 9 0 0118 0z"&gt;&lt;/path&gt;\n
                    &lt;/svg&gt;\n
                &lt;/div&gt;\n
            &lt;/div&gt;\n
        &lt;/div&gt;\n
\n
        &lt;div class="bg-white dark:bg-gray-800 rounded-lg shadow p-6"&gt;\n
            &lt;div class="flex items-center justify-between"&gt;\n
                &lt;div&gt;\n
                    &lt;p class="text-sm font-medium text-gray-600 dark:text-gray-400"&gt;{{ __('Active Loans') }}&lt;/p&gt;\n
                    &lt;p class="text-3xl font-bold text-green-600 dark:text-green-400 mt-2"&gt;{{ $this-&gt;stats['active'] }}&lt;/p&gt;\n
                &lt;/div&gt;\n
                &lt;div class="p-3 bg-green-100 dark:bg-green-900 rounded-full"&gt;\n
                    &lt;svg class="w-8 h-8 text-green-600 dark:text-green-300" fill="none" stroke="currentColor" viewBox="0 0 24 24"&gt;\n
                        &lt;path stroke-linecap="round" stroke-linejoin="round" stroke-width="2" d="M9 12l2 2 4-4m6 2a9 9 0 11-18 0 9 9 0 0118 0z"&gt;&lt;/path&gt;\n
                    &lt;/svg&gt;\n
                &lt;/div&gt;\n
            &lt;/div&gt;\n
        &lt;/div&gt;\n
\n
        &lt;div class="bg-white dark:bg-gray-800 rounded-lg shadow p-6"&gt;\n
            &lt;div class="flex items-center justify-between"&gt;\n
                &lt;div&gt;\n
                    &lt;p class="text-sm font-medium text-gray-600 dark:text-gray-400"&gt;{{ __('Claimable') }}&lt;/p&gt;\n
                    &lt;p class="text-3xl font-bold text-purple-600 dark:text-purple-400 mt-2"&gt;{{ $this-&gt;stats['claimable'] }}&lt;/p&gt;\n
                &lt;/div&gt;\n
                &lt;div class="p-3 bg-purple-100 dark:bg-purple-900 rounded-full"&gt;\n
                    &lt;svg class="w-8 h-8 text-purple-600 dark:text-purple-300" fill="none" stroke="currentColor" viewBox="0 0 24 24"&gt;\n
                        &lt;path stroke-linecap="round" stroke-linejoin="round" stroke-width="2" d="M13 10V3L4 14h7v7l9-11h-7z"&gt;&lt;/path&gt;\n
                    &lt;/svg&gt;\n
                &lt;/div&gt;\n
            &lt;/div&gt;\n
        &lt;/div&gt;\n
    &lt;/div&gt;\n
\n
    &lt;div class="bg-white dark:bg-gray-800 rounded-lg shadow"&gt;\n
        &lt;div class="p-6 border-b border-gray-200 dark:border-gray-700"&gt;\n
            &lt;h2 class="text-xl font-semibold text-gray-900 dark:text-white"&gt;{{ __('Recent Applications') }}&lt;/h2&gt;\n
        &lt;/div&gt;\n
        &lt;div class="p-6"&gt;\n
            &lt;!--[if BLOCK]&gt;&lt;![endif]--&gt;                &lt;p class="text-gray-500 dark:text-gray-400 text-center py-8"&gt;{{ __('No applications found') }}&lt;/p&gt;\n
            &lt;!--[if ENDBLOCK]&gt;&lt;![endif]--&gt;\n
        &lt;/div&gt;\n
    &lt;/div&gt;\n
&lt;/div&gt;\n
' [ASCII](length: 4179) contains "My Active Loans" [ASCII](length: 15).
&#13;
C:\XAMPP\htdocs\ictserve-031125\vendor\livewire\livewire\src\Features\SupportTesting\MakesAssertions.php:14
C:\XAMPP\htdocs\ictserve-031125\tests\Feature\ComprehensiveWorkflowIntegrationTest.php:200</failure>
        </testcase>
        <testcase name="test_admin_asset_management_workflow" file="C:\XAMPP\htdocs\ictserve-031125\tests\Feature\ComprehensiveWorkflowIntegrationTest.php" line="255" class="Tests\Feature\ComprehensiveWorkflowIntegrationTest" classname="Tests.Feature.ComprehensiveWorkflowIntegrationTest" assertions="0" time="3.008359">
          <error type="Symfony\Component\Routing\Exception\RouteNotFoundException">Tests\Feature\ComprehensiveWorkflowIntegrationTest::test_admin_asset_management_workflow&#13;
Symfony\Component\Routing\Exception\RouteNotFoundException: Route [admin.loans.issue] not defined.
&#13;
C:\XAMPP\htdocs\ictserve-031125\vendor\laravel\framework\src\Illuminate\Routing\UrlGenerator.php:526
C:\XAMPP\htdocs\ictserve-031125\vendor\laravel\framework\src\Illuminate\Foundation\helpers.php:871
C:\XAMPP\htdocs\ictserve-031125\tests\Feature\ComprehensiveWorkflowIntegrationTest.php:266</error>
        </testcase>
        <testcase name="test_workflow_error_handling" file="C:\XAMPP\htdocs\ictserve-031125\tests\Feature\ComprehensiveWorkflowIntegrationTest.php" line="324" class="Tests\Feature\ComprehensiveWorkflowIntegrationTest" classname="Tests.Feature.ComprehensiveWorkflowIntegrationTest" assertions="0" time="2.155205">
          <error type="Symfony\Component\Routing\Exception\RouteNotFoundException">Tests\Feature\ComprehensiveWorkflowIntegrationTest::test_workflow_error_handling&#13;
Symfony\Component\Routing\Exception\RouteNotFoundException: Route [loan.approve] not defined.
&#13;
C:\XAMPP\htdocs\ictserve-031125\vendor\laravel\framework\src\Illuminate\Routing\UrlGenerator.php:526
C:\XAMPP\htdocs\ictserve-031125\vendor\laravel\framework\src\Illuminate\Foundation\helpers.php:871
C:\XAMPP\htdocs\ictserve-031125\tests\Feature\ComprehensiveWorkflowIntegrationTest.php:333</error>
        </testcase>
        <testcase name="test_rbac_enforcement_in_workflows" file="C:\XAMPP\htdocs\ictserve-031125\tests\Feature\ComprehensiveWorkflowIntegrationTest.php" line="362" class="Tests\Feature\ComprehensiveWorkflowIntegrationTest" classname="Tests.Feature.ComprehensiveWorkflowIntegrationTest" assertions="0" time="2.724004">
          <error type="Symfony\Component\Routing\Exception\RouteNotFoundException">Tests\Feature\ComprehensiveWorkflowIntegrationTest::test_rbac_enforcement_in_workflows&#13;
Symfony\Component\Routing\Exception\RouteNotFoundException: Route [admin.loans.issue] not defined.
&#13;
C:\XAMPP\htdocs\ictserve-031125\vendor\laravel\framework\src\Illuminate\Routing\UrlGenerator.php:526
C:\XAMPP\htdocs\ictserve-031125\vendor\laravel\framework\src\Illuminate\Foundation\helpers.php:871
C:\XAMPP\htdocs\ictserve-031125\tests\Feature\ComprehensiveWorkflowIntegrationTest.php:371</error>
        </testcase>
      </testsuite>
      <testsuite name="Tests\Feature\ConfigurableAlertSystemTest" file="C:\XAMPP\htdocs\ictserve-031125\tests\Feature\ConfigurableAlertSystemTest.php" tests="10" assertions="33" errors="0" failures="0" skipped="0" time="21.250294">
        <testcase name="test_can_get_default_alert_configuration" file="C:\XAMPP\htdocs\ictserve-031125\tests\Feature\ConfigurableAlertSystemTest.php" line="32" class="Tests\Feature\ConfigurableAlertSystemTest" classname="Tests.Feature.ConfigurableAlertSystemTest" assertions="8" time="3.131508"/>
        <testcase name="test_can_update_alert_configuration" file="C:\XAMPP\htdocs\ictserve-031125\tests\Feature\ConfigurableAlertSystemTest.php" line="46" class="Tests\Feature\ConfigurableAlertSystemTest" classname="Tests.Feature.ConfigurableAlertSystemTest" assertions="2" time="2.039921"/>
        <testcase name="test_can_check_all_alerts" file="C:\XAMPP\htdocs\ictserve-031125\tests\Feature\ConfigurableAlertSystemTest.php" line="62" class="Tests\Feature\ConfigurableAlertSystemTest" classname="Tests.Feature.ConfigurableAlertSystemTest" assertions="16" time="2.228547"/>
        <testcase name="test_can_send_test_alert" file="C:\XAMPP\htdocs\ictserve-031125\tests\Feature\ConfigurableAlertSystemTest.php" line="79" class="Tests\Feature\ConfigurableAlertSystemTest" classname="Tests.Feature.ConfigurableAlertSystemTest" assertions="1" time="2.115719"/>
        <testcase name="test_overdue_tickets_alert_not_triggered_when_below_threshold" file="C:\XAMPP\htdocs\ictserve-031125\tests\Feature\ConfigurableAlertSystemTest.php" line="92" class="Tests\Feature\ConfigurableAlertSystemTest" classname="Tests.Feature.ConfigurableAlertSystemTest" assertions="1" time="1.780717"/>
        <testcase name="test_overdue_loans_alert_not_triggered_when_below_threshold" file="C:\XAMPP\htdocs\ictserve-031125\tests\Feature\ConfigurableAlertSystemTest.php" line="105" class="Tests\Feature\ConfigurableAlertSystemTest" classname="Tests.Feature.ConfigurableAlertSystemTest" assertions="1" time="1.706146"/>
        <testcase name="test_approval_delays_alert_not_triggered_when_no_delays" file="C:\XAMPP\htdocs\ictserve-031125\tests\Feature\ConfigurableAlertSystemTest.php" line="118" class="Tests\Feature\ConfigurableAlertSystemTest" classname="Tests.Feature.ConfigurableAlertSystemTest" assertions="1" time="1.927363"/>
        <testcase name="test_asset_shortages_alert_not_triggered_when_availability_good" file="C:\XAMPP\htdocs\ictserve-031125\tests\Feature\ConfigurableAlertSystemTest.php" line="125" class="Tests\Feature\ConfigurableAlertSystemTest" classname="Tests.Feature.ConfigurableAlertSystemTest" assertions="1" time="2.376176"/>
        <testcase name="test_system_health_alert_not_triggered_when_health_good" file="C:\XAMPP\htdocs\ictserve-031125\tests\Feature\ConfigurableAlertSystemTest.php" line="139" class="Tests\Feature\ConfigurableAlertSystemTest" classname="Tests.Feature.ConfigurableAlertSystemTest" assertions="1" time="2.087071"/>
        <testcase name="test_disabled_alerts_are_not_checked" file="C:\XAMPP\htdocs\ictserve-031125\tests\Feature\ConfigurableAlertSystemTest.php" line="153" class="Tests\Feature\ConfigurableAlertSystemTest" classname="Tests.Feature.ConfigurableAlertSystemTest" assertions="1" time="1.857127"/>
      </testsuite>
      <testsuite name="Tests\Feature\CrossModuleIntegrationTest" file="C:\XAMPP\htdocs\ictserve-031125\tests\Feature\CrossModuleIntegrationTest.php" tests="8" assertions="26" errors="4" failures="2" skipped="0" time="29.633643">
        <testcase name="test_automatic_helpdesk_ticket_creation_for_damaged_asset" file="C:\XAMPP\htdocs\ictserve-031125\tests\Feature\CrossModuleIntegrationTest.php" line="75" class="Tests\Feature\CrossModuleIntegrationTest" classname="Tests.Feature.CrossModuleIntegrationTest" assertions="0" time="3.994135">
          <error type="Illuminate\View\ViewException">Tests\Feature\CrossModuleIntegrationTest::test_automatic_helpdesk_ticket_creation_for_damaged_asset&#13;
Illuminate\View\ViewException: ucfirst(): Argument #1 ($string) must be of type string, App\Enums\AssetCondition given (View: C:\XAMPP\htdocs\ictserve-031125\resources\views\emails\helpdesk\maintenance-ticket.blade.php)
&#13;
C:\XAMPP\htdocs\ictserve-031125\storage\framework\views\2ec2cdda7768e65bad86ab0be0716061.php:50
C:\XAMPP\htdocs\ictserve-031125\vendor\livewire\livewire\src\Mechanisms\ExtendBlade\ExtendedCompilerEngine.php:58
C:\XAMPP\htdocs\ictserve-031125\vendor\livewire\livewire\src\Mechanisms\ExtendBlade\ExtendedCompilerEngine.php:40
C:\XAMPP\htdocs\ictserve-031125\vendor\laravel\framework\src\Illuminate\View\Engines\CompilerEngine.php:76
C:\XAMPP\htdocs\ictserve-031125\vendor\livewire\livewire\src\Mechanisms\ExtendBlade\ExtendedCompilerEngine.php:16
C:\XAMPP\htdocs\ictserve-031125\vendor\laravel\framework\src\Illuminate\View\View.php:208
C:\XAMPP\htdocs\ictserve-031125\vendor\laravel\framework\src\Illuminate\View\View.php:191
C:\XAMPP\htdocs\ictserve-031125\vendor\laravel\framework\src\Illuminate\View\View.php:160
C:\XAMPP\htdocs\ictserve-031125\vendor\laravel\framework\src\Illuminate\Mail\Markdown.php:93
C:\XAMPP\htdocs\ictserve-031125\vendor\laravel\framework\src\Illuminate\View\Compilers\BladeCompiler.php:1035
C:\XAMPP\htdocs\ictserve-031125\vendor\laravel\framework\src\Illuminate\Mail\Markdown.php:75
C:\XAMPP\htdocs\ictserve-031125\vendor\laravel\framework\src\Illuminate\Mail\Mailable.php:387
C:\XAMPP\htdocs\ictserve-031125\vendor\laravel\framework\src\Illuminate\Collections\helpers.php:236
C:\XAMPP\htdocs\ictserve-031125\vendor\laravel\framework\src\Illuminate\Mail\Mailer.php:440
C:\XAMPP\htdocs\ictserve-031125\vendor\laravel\framework\src\Illuminate\Mail\Mailer.php:419
C:\XAMPP\htdocs\ictserve-031125\vendor\laravel\framework\src\Illuminate\Mail\Mailer.php:312
C:\XAMPP\htdocs\ictserve-031125\vendor\laravel\framework\src\Illuminate\Mail\Mailable.php:207
C:\XAMPP\htdocs\ictserve-031125\vendor\laravel\framework\src\Illuminate\Support\Traits\Localizable.php:19
C:\XAMPP\htdocs\ictserve-031125\vendor\laravel\framework\src\Illuminate\Mail\Mailable.php:200
C:\XAMPP\htdocs\ictserve-031125\vendor\laravel\framework\src\Illuminate\Mail\SendQueuedMailable.php:82
C:\XAMPP\htdocs\ictserve-031125\vendor\laravel\framework\src\Illuminate\Container\BoundMethod.php:36
C:\XAMPP\htdocs\ictserve-031125\vendor\laravel\framework\src\Illuminate\Container\Util.php:43
C:\XAMPP\htdocs\ictserve-031125\vendor\laravel\framework\src\Illuminate\Container\BoundMethod.php:96
C:\XAMPP\htdocs\ictserve-031125\vendor\laravel\framework\src\Illuminate\Container\BoundMethod.php:35
C:\XAMPP\htdocs\ictserve-031125\vendor\laravel\framework\src\Illuminate\Container\Container.php:836
C:\XAMPP\htdocs\ictserve-031125\vendor\laravel\framework\src\Illuminate\Bus\Dispatcher.php:129
C:\XAMPP\htdocs\ictserve-031125\vendor\laravel\framework\src\Illuminate\Pipeline\Pipeline.php:180
C:\XAMPP\htdocs\ictserve-031125\vendor\laravel\framework\src\Illuminate\Pipeline\Pipeline.php:137
C:\XAMPP\htdocs\ictserve-031125\vendor\laravel\framework\src\Illuminate\Bus\Dispatcher.php:133
C:\XAMPP\htdocs\ictserve-031125\vendor\laravel\framework\src\Illuminate\Queue\CallQueuedHandler.php:134
C:\XAMPP\htdocs\ictserve-031125\vendor\laravel\framework\src\Illuminate\Pipeline\Pipeline.php:180
C:\XAMPP\htdocs\ictserve-031125\vendor\laravel\framework\src\Illuminate\Pipeline\Pipeline.php:137
C:\XAMPP\htdocs\ictserve-031125\vendor\laravel\framework\src\Illuminate\Queue\CallQueuedHandler.php:127
C:\XAMPP\htdocs\ictserve-031125\vendor\laravel\framework\src\Illuminate\Queue\CallQueuedHandler.php:68
C:\XAMPP\htdocs\ictserve-031125\vendor\laravel\framework\src\Illuminate\Queue\Jobs\Job.php:102
C:\XAMPP\htdocs\ictserve-031125\vendor\laravel\framework\src\Illuminate\Queue\SyncQueue.php:130
C:\XAMPP\htdocs\ictserve-031125\vendor\laravel\framework\src\Illuminate\Queue\SyncQueue.php:110
C:\XAMPP\htdocs\ictserve-031125\vendor\laravel\framework\src\Illuminate\Queue\Queue.php:72
C:\XAMPP\htdocs\ictserve-031125\vendor\laravel\framework\src\Illuminate\Mail\Mailable.php:235
C:\XAMPP\htdocs\ictserve-031125\vendor\laravel\framework\src\Illuminate\Mail\Mailer.php:482
C:\XAMPP\htdocs\ictserve-031125\vendor\laravel\framework\src\Illuminate\Mail\PendingMail.php:145
C:\XAMPP\htdocs\ictserve-031125\app\Services\Notifications\EmailDispatcher.php:42
C:\XAMPP\htdocs\ictserve-031125\app\Services\Notifications\TicketNotificationService.php:72
C:\XAMPP\htdocs\ictserve-031125\app\Services\NotificationService.php:92
C:\XAMPP\htdocs\ictserve-031125\app\Services\CrossModuleIntegrationService.php:86
C:\XAMPP\htdocs\ictserve-031125\app\Services\CrossModuleIntegrationService.php:563
C:\XAMPP\htdocs\ictserve-031125\tests\Feature\CrossModuleIntegrationTest.php:92</error>
        </testcase>
        <testcase name="test_asset_return_without_damage_no_ticket_creation" file="C:\XAMPP\htdocs\ictserve-031125\tests\Feature\CrossModuleIntegrationTest.php" line="127" class="Tests\Feature\CrossModuleIntegrationTest" classname="Tests.Feature.CrossModuleIntegrationTest" assertions="5" time="1.791415"/>
        <testcase name="test_unified_search_across_modules" file="C:\XAMPP\htdocs\ictserve-031125\tests\Feature\CrossModuleIntegrationTest.php" line="162" class="Tests\Feature\CrossModuleIntegrationTest" classname="Tests.Feature.CrossModuleIntegrationTest" assertions="4" time="2.193325">
          <failure type="PHPUnit\Framework\ExpectationFailedException">Tests\Feature\CrossModuleIntegrationTest::test_unified_search_across_modules&#13;
Failed asserting that false is true.
&#13;
C:\XAMPP\htdocs\ictserve-031125\tests\Feature\CrossModuleIntegrationTest.php:180</failure>
        </testcase>
        <testcase name="test_asset_maintenance_completion_workflow" file="C:\XAMPP\htdocs\ictserve-031125\tests\Feature\CrossModuleIntegrationTest.php" line="205" class="Tests\Feature\CrossModuleIntegrationTest" classname="Tests.Feature.CrossModuleIntegrationTest" assertions="1" time="12.525433">
          <failure type="PHPUnit\Framework\ExpectationFailedException">Tests\Feature\CrossModuleIntegrationTest::test_asset_maintenance_completion_workflow&#13;
Failed asserting that two values of enumeration App\Enums\AssetStatus are equal, LOANED does not match expected AVAILABLE.
&#13;
C:\XAMPP\htdocs\ictserve-031125\tests\Feature\CrossModuleIntegrationTest.php:229</failure>
        </testcase>
        <testcase name="test_unified_dashboard_analytics" file="C:\XAMPP\htdocs\ictserve-031125\tests\Feature\CrossModuleIntegrationTest.php" line="248" class="Tests\Feature\CrossModuleIntegrationTest" classname="Tests.Feature.CrossModuleIntegrationTest" assertions="16" time="2.006617"/>
        <testcase name="test_data_consistency_across_modules" file="C:\XAMPP\htdocs\ictserve-031125\tests\Feature\CrossModuleIntegrationTest.php" line="300" class="Tests\Feature\CrossModuleIntegrationTest" classname="Tests.Feature.CrossModuleIntegrationTest" assertions="0" time="1.713376">
          <error type="Illuminate\Database\QueryException">Tests\Feature\CrossModuleIntegrationTest::test_data_consistency_across_modules&#13;
Illuminate\Database\QueryException: SQLSTATE[23000]: Integrity constraint violation: 19 FOREIGN KEY constraint failed (Connection: sqlite, SQL: insert into "users" ("name", "email", "email_verified_at", "password", "remember_token", "role", "is_active", "division_id", "grade_id", "updated_at", "created_at") values (Ezequiel O'Connell, archibald.weimann@example.com, 2025-11-05 00:32:30, $2y$04$ZGLLkg5psGtJPYCqndhaqesPk2aYnnszGkKmW6S8U3odr5c80meFe, P3R0RMuj9w, staff, 1, 1, 1, 2025-11-05 00:32:30, 2025-11-05 00:32:30))
&#13;
C:\XAMPP\htdocs\ictserve-031125\vendor\laravel\framework\src\Illuminate\Database\Connection.php:824
C:\XAMPP\htdocs\ictserve-031125\vendor\laravel\framework\src\Illuminate\Database\Connection.php:778
C:\XAMPP\htdocs\ictserve-031125\vendor\laravel\framework\src\Illuminate\Database\Connection.php:559
C:\XAMPP\htdocs\ictserve-031125\vendor\laravel\framework\src\Illuminate\Database\Connection.php:523
C:\XAMPP\htdocs\ictserve-031125\vendor\laravel\framework\src\Illuminate\Database\Query\Processors\Processor.php:32
C:\XAMPP\htdocs\ictserve-031125\vendor\laravel\framework\src\Illuminate\Database\Query\Builder.php:3853
C:\XAMPP\htdocs\ictserve-031125\vendor\laravel\framework\src\Illuminate\Database\Eloquent\Builder.php:2235
C:\XAMPP\htdocs\ictserve-031125\vendor\laravel\framework\src\Illuminate\Database\Eloquent\Model.php:1436
C:\XAMPP\htdocs\ictserve-031125\vendor\laravel\framework\src\Illuminate\Database\Eloquent\Model.php:1401
C:\XAMPP\htdocs\ictserve-031125\vendor\laravel\framework\src\Illuminate\Database\Eloquent\Model.php:1240
C:\XAMPP\htdocs\ictserve-031125\vendor\laravel\framework\src\Illuminate\Database\Eloquent\Factories\Factory.php:370
C:\XAMPP\htdocs\ictserve-031125\vendor\laravel\framework\src\Illuminate\Collections\Traits\EnumeratesValues.php:271
C:\XAMPP\htdocs\ictserve-031125\vendor\laravel\framework\src\Illuminate\Database\Eloquent\Factories\Factory.php:365
C:\XAMPP\htdocs\ictserve-031125\vendor\laravel\framework\src\Illuminate\Database\Eloquent\Factories\Factory.php:321
C:\XAMPP\htdocs\ictserve-031125\vendor\laravel\framework\src\Illuminate\Database\Eloquent\Factories\Factory.php:315
C:\XAMPP\htdocs\ictserve-031125\tests\Feature\CrossModuleIntegrationTest.php:303</error>
        </testcase>
        <testcase name="test_cross_module_audit_trail_integration" file="C:\XAMPP\htdocs\ictserve-031125\tests\Feature\CrossModuleIntegrationTest.php" line="348" class="Tests\Feature\CrossModuleIntegrationTest" classname="Tests.Feature.CrossModuleIntegrationTest" assertions="0" time="2.009110">
          <error type="Illuminate\View\ViewException">Tests\Feature\CrossModuleIntegrationTest::test_cross_module_audit_trail_integration&#13;
Illuminate\View\ViewException: ucfirst(): Argument #1 ($string) must be of type string, App\Enums\AssetCondition given (View: C:\XAMPP\htdocs\ictserve-031125\resources\views\emails\helpdesk\maintenance-ticket.blade.php)
&#13;
C:\XAMPP\htdocs\ictserve-031125\storage\framework\views\2ec2cdda7768e65bad86ab0be0716061.php:50
C:\XAMPP\htdocs\ictserve-031125\vendor\livewire\livewire\src\Mechanisms\ExtendBlade\ExtendedCompilerEngine.php:58
C:\XAMPP\htdocs\ictserve-031125\vendor\livewire\livewire\src\Mechanisms\ExtendBlade\ExtendedCompilerEngine.php:40
C:\XAMPP\htdocs\ictserve-031125\vendor\laravel\framework\src\Illuminate\View\Engines\CompilerEngine.php:76
C:\XAMPP\htdocs\ictserve-031125\vendor\livewire\livewire\src\Mechanisms\ExtendBlade\ExtendedCompilerEngine.php:16
C:\XAMPP\htdocs\ictserve-031125\vendor\laravel\framework\src\Illuminate\View\View.php:208
C:\XAMPP\htdocs\ictserve-031125\vendor\laravel\framework\src\Illuminate\View\View.php:191
C:\XAMPP\htdocs\ictserve-031125\vendor\laravel\framework\src\Illuminate\View\View.php:160
C:\XAMPP\htdocs\ictserve-031125\vendor\laravel\framework\src\Illuminate\Mail\Markdown.php:93
C:\XAMPP\htdocs\ictserve-031125\vendor\laravel\framework\src\Illuminate\View\Compilers\BladeCompiler.php:1035
C:\XAMPP\htdocs\ictserve-031125\vendor\laravel\framework\src\Illuminate\Mail\Markdown.php:75
C:\XAMPP\htdocs\ictserve-031125\vendor\laravel\framework\src\Illuminate\Mail\Mailable.php:387
C:\XAMPP\htdocs\ictserve-031125\vendor\laravel\framework\src\Illuminate\Collections\helpers.php:236
C:\XAMPP\htdocs\ictserve-031125\vendor\laravel\framework\src\Illuminate\Mail\Mailer.php:440
C:\XAMPP\htdocs\ictserve-031125\vendor\laravel\framework\src\Illuminate\Mail\Mailer.php:419
C:\XAMPP\htdocs\ictserve-031125\vendor\laravel\framework\src\Illuminate\Mail\Mailer.php:312
C:\XAMPP\htdocs\ictserve-031125\vendor\laravel\framework\src\Illuminate\Mail\Mailable.php:207
C:\XAMPP\htdocs\ictserve-031125\vendor\laravel\framework\src\Illuminate\Support\Traits\Localizable.php:19
C:\XAMPP\htdocs\ictserve-031125\vendor\laravel\framework\src\Illuminate\Mail\Mailable.php:200
C:\XAMPP\htdocs\ictserve-031125\vendor\laravel\framework\src\Illuminate\Mail\SendQueuedMailable.php:82
C:\XAMPP\htdocs\ictserve-031125\vendor\laravel\framework\src\Illuminate\Container\BoundMethod.php:36
C:\XAMPP\htdocs\ictserve-031125\vendor\laravel\framework\src\Illuminate\Container\Util.php:43
C:\XAMPP\htdocs\ictserve-031125\vendor\laravel\framework\src\Illuminate\Container\BoundMethod.php:96
C:\XAMPP\htdocs\ictserve-031125\vendor\laravel\framework\src\Illuminate\Container\BoundMethod.php:35
C:\XAMPP\htdocs\ictserve-031125\vendor\laravel\framework\src\Illuminate\Container\Container.php:836
C:\XAMPP\htdocs\ictserve-031125\vendor\laravel\framework\src\Illuminate\Bus\Dispatcher.php:129
C:\XAMPP\htdocs\ictserve-031125\vendor\laravel\framework\src\Illuminate\Pipeline\Pipeline.php:180
C:\XAMPP\htdocs\ictserve-031125\vendor\laravel\framework\src\Illuminate\Pipeline\Pipeline.php:137
C:\XAMPP\htdocs\ictserve-031125\vendor\laravel\framework\src\Illuminate\Bus\Dispatcher.php:133
C:\XAMPP\htdocs\ictserve-031125\vendor\laravel\framework\src\Illuminate\Queue\CallQueuedHandler.php:134
C:\XAMPP\htdocs\ictserve-031125\vendor\laravel\framework\src\Illuminate\Pipeline\Pipeline.php:180
C:\XAMPP\htdocs\ictserve-031125\vendor\laravel\framework\src\Illuminate\Pipeline\Pipeline.php:137
C:\XAMPP\htdocs\ictserve-031125\vendor\laravel\framework\src\Illuminate\Queue\CallQueuedHandler.php:127
C:\XAMPP\htdocs\ictserve-031125\vendor\laravel\framework\src\Illuminate\Queue\CallQueuedHandler.php:68
C:\XAMPP\htdocs\ictserve-031125\vendor\laravel\framework\src\Illuminate\Queue\Jobs\Job.php:102
C:\XAMPP\htdocs\ictserve-031125\vendor\laravel\framework\src\Illuminate\Queue\SyncQueue.php:130
C:\XAMPP\htdocs\ictserve-031125\vendor\laravel\framework\src\Illuminate\Queue\SyncQueue.php:110
C:\XAMPP\htdocs\ictserve-031125\vendor\laravel\framework\src\Illuminate\Queue\Queue.php:72
C:\XAMPP\htdocs\ictserve-031125\vendor\laravel\framework\src\Illuminate\Mail\Mailable.php:235
C:\XAMPP\htdocs\ictserve-031125\vendor\laravel\framework\src\Illuminate\Mail\Mailer.php:482
C:\XAMPP\htdocs\ictserve-031125\vendor\laravel\framework\src\Illuminate\Mail\PendingMail.php:145
C:\XAMPP\htdocs\ictserve-031125\app\Services\Notifications\EmailDispatcher.php:42
C:\XAMPP\htdocs\ictserve-031125\app\Services\Notifications\TicketNotificationService.php:72
C:\XAMPP\htdocs\ictserve-031125\app\Services\NotificationService.php:92
C:\XAMPP\htdocs\ictserve-031125\app\Services\CrossModuleIntegrationService.php:86
C:\XAMPP\htdocs\ictserve-031125\app\Services\CrossModuleIntegrationService.php:563
C:\XAMPP\htdocs\ictserve-031125\tests\Feature\CrossModuleIntegrationTest.php:362</error>
        </testcase>
        <testcase name="test_cross_module_operation_performance" file="C:\XAMPP\htdocs\ictserve-031125\tests\Feature\CrossModuleIntegrationTest.php" line="400" class="Tests\Feature\CrossModuleIntegrationTest" classname="Tests.Feature.CrossModuleIntegrationTest" assertions="0" time="3.400231">
          <error type="Illuminate\View\ViewException">Tests\Feature\CrossModuleIntegrationTest::test_cross_module_operation_performance&#13;
Illuminate\View\ViewException: ucfirst(): Argument #1 ($string) must be of type string, App\Enums\AssetCondition given (View: C:\XAMPP\htdocs\ictserve-031125\resources\views\emails\helpdesk\maintenance-ticket.blade.php)
&#13;
C:\XAMPP\htdocs\ictserve-031125\storage\framework\views\2ec2cdda7768e65bad86ab0be0716061.php:50
C:\XAMPP\htdocs\ictserve-031125\vendor\livewire\livewire\src\Mechanisms\ExtendBlade\ExtendedCompilerEngine.php:58
C:\XAMPP\htdocs\ictserve-031125\vendor\livewire\livewire\src\Mechanisms\ExtendBlade\ExtendedCompilerEngine.php:40
C:\XAMPP\htdocs\ictserve-031125\vendor\laravel\framework\src\Illuminate\View\Engines\CompilerEngine.php:76
C:\XAMPP\htdocs\ictserve-031125\vendor\livewire\livewire\src\Mechanisms\ExtendBlade\ExtendedCompilerEngine.php:16
C:\XAMPP\htdocs\ictserve-031125\vendor\laravel\framework\src\Illuminate\View\View.php:208
C:\XAMPP\htdocs\ictserve-031125\vendor\laravel\framework\src\Illuminate\View\View.php:191
C:\XAMPP\htdocs\ictserve-031125\vendor\laravel\framework\src\Illuminate\View\View.php:160
C:\XAMPP\htdocs\ictserve-031125\vendor\laravel\framework\src\Illuminate\Mail\Markdown.php:93
C:\XAMPP\htdocs\ictserve-031125\vendor\laravel\framework\src\Illuminate\View\Compilers\BladeCompiler.php:1035
C:\XAMPP\htdocs\ictserve-031125\vendor\laravel\framework\src\Illuminate\Mail\Markdown.php:75
C:\XAMPP\htdocs\ictserve-031125\vendor\laravel\framework\src\Illuminate\Mail\Mailable.php:387
C:\XAMPP\htdocs\ictserve-031125\vendor\laravel\framework\src\Illuminate\Collections\helpers.php:236
C:\XAMPP\htdocs\ictserve-031125\vendor\laravel\framework\src\Illuminate\Mail\Mailer.php:440
C:\XAMPP\htdocs\ictserve-031125\vendor\laravel\framework\src\Illuminate\Mail\Mailer.php:419
C:\XAMPP\htdocs\ictserve-031125\vendor\laravel\framework\src\Illuminate\Mail\Mailer.php:312
C:\XAMPP\htdocs\ictserve-031125\vendor\laravel\framework\src\Illuminate\Mail\Mailable.php:207
C:\XAMPP\htdocs\ictserve-031125\vendor\laravel\framework\src\Illuminate\Support\Traits\Localizable.php:19
C:\XAMPP\htdocs\ictserve-031125\vendor\laravel\framework\src\Illuminate\Mail\Mailable.php:200
C:\XAMPP\htdocs\ictserve-031125\vendor\laravel\framework\src\Illuminate\Mail\SendQueuedMailable.php:82
C:\XAMPP\htdocs\ictserve-031125\vendor\laravel\framework\src\Illuminate\Container\BoundMethod.php:36
C:\XAMPP\htdocs\ictserve-031125\vendor\laravel\framework\src\Illuminate\Container\Util.php:43
C:\XAMPP\htdocs\ictserve-031125\vendor\laravel\framework\src\Illuminate\Container\BoundMethod.php:96
C:\XAMPP\htdocs\ictserve-031125\vendor\laravel\framework\src\Illuminate\Container\BoundMethod.php:35
C:\XAMPP\htdocs\ictserve-031125\vendor\laravel\framework\src\Illuminate\Container\Container.php:836
C:\XAMPP\htdocs\ictserve-031125\vendor\laravel\framework\src\Illuminate\Bus\Dispatcher.php:129
C:\XAMPP\htdocs\ictserve-031125\vendor\laravel\framework\src\Illuminate\Pipeline\Pipeline.php:180
C:\XAMPP\htdocs\ictserve-031125\vendor\laravel\framework\src\Illuminate\Pipeline\Pipeline.php:137
C:\XAMPP\htdocs\ictserve-031125\vendor\laravel\framework\src\Illuminate\Bus\Dispatcher.php:133
C:\XAMPP\htdocs\ictserve-031125\vendor\laravel\framework\src\Illuminate\Queue\CallQueuedHandler.php:134
C:\XAMPP\htdocs\ictserve-031125\vendor\laravel\framework\src\Illuminate\Pipeline\Pipeline.php:180
C:\XAMPP\htdocs\ictserve-031125\vendor\laravel\framework\src\Illuminate\Pipeline\Pipeline.php:137
C:\XAMPP\htdocs\ictserve-031125\vendor\laravel\framework\src\Illuminate\Queue\CallQueuedHandler.php:127
C:\XAMPP\htdocs\ictserve-031125\vendor\laravel\framework\src\Illuminate\Queue\CallQueuedHandler.php:68
C:\XAMPP\htdocs\ictserve-031125\vendor\laravel\framework\src\Illuminate\Queue\Jobs\Job.php:102
C:\XAMPP\htdocs\ictserve-031125\vendor\laravel\framework\src\Illuminate\Queue\SyncQueue.php:130
C:\XAMPP\htdocs\ictserve-031125\vendor\laravel\framework\src\Illuminate\Queue\SyncQueue.php:110
C:\XAMPP\htdocs\ictserve-031125\vendor\laravel\framework\src\Illuminate\Queue\Queue.php:72
C:\XAMPP\htdocs\ictserve-031125\vendor\laravel\framework\src\Illuminate\Mail\Mailable.php:235
C:\XAMPP\htdocs\ictserve-031125\vendor\laravel\framework\src\Illuminate\Mail\Mailer.php:482
C:\XAMPP\htdocs\ictserve-031125\vendor\laravel\framework\src\Illuminate\Mail\PendingMail.php:145
C:\XAMPP\htdocs\ictserve-031125\app\Services\Notifications\EmailDispatcher.php:42
C:\XAMPP\htdocs\ictserve-031125\app\Services\Notifications\TicketNotificationService.php:72
C:\XAMPP\htdocs\ictserve-031125\app\Services\NotificationService.php:92
C:\XAMPP\htdocs\ictserve-031125\app\Services\CrossModuleIntegrationService.php:86
C:\XAMPP\htdocs\ictserve-031125\app\Services\CrossModuleIntegrationService.php:563
C:\XAMPP\htdocs\ictserve-031125\tests\Feature\CrossModuleIntegrationTest.php:425</error>
        </testcase>
      </testsuite>
      <testsuite name="Tests\Feature\EmailApprovalWorkflowIntegrationTest" file="C:\XAMPP\htdocs\ictserve-031125\tests\Feature\EmailApprovalWorkflowIntegrationTest.php" tests="11" assertions="0" errors="11" failures="0" skipped="0" time="0.000000">
        <testcase name="test_complete_email_approval_workflow" file="C:\XAMPP\htdocs\ictserve-031125\tests\Feature\EmailApprovalWorkflowIntegrationTest.php" line="66" class="Tests\Feature\EmailApprovalWorkflowIntegrationTest" classname="Tests.Feature.EmailApprovalWorkflowIntegrationTest" assertions="0" time="0.000000">
          <error type="Illuminate\Contracts\Container\BindingResolutionException">Tests\Feature\EmailApprovalWorkflowIntegrationTest::test_complete_email_approval_workflow&#13;
Illuminate\Contracts\Container\BindingResolutionException: Target class [App\Services\EmailApprovalWorkflowService] does not exist.
&#13;
C:\XAMPP\htdocs\ictserve-031125\vendor\laravel\framework\src\Illuminate\Container\Container.php:1163
C:\XAMPP\htdocs\ictserve-031125\vendor\laravel\framework\src\Illuminate\Container\Container.php:972
C:\XAMPP\htdocs\ictserve-031125\vendor\laravel\framework\src\Illuminate\Foundation\Application.php:1078
C:\XAMPP\htdocs\ictserve-031125\vendor\laravel\framework\src\Illuminate\Container\Container.php:903
C:\XAMPP\htdocs\ictserve-031125\vendor\laravel\framework\src\Illuminate\Foundation\Application.php:1058
C:\XAMPP\htdocs\ictserve-031125\vendor\laravel\framework\src\Illuminate\Foundation\helpers.php:138
C:\XAMPP\htdocs\ictserve-031125\tests\Feature\EmailApprovalWorkflowIntegrationTest.php:54</error>
        </testcase>
        <testcase name="test_email_rejection_workflow" file="C:\XAMPP\htdocs\ictserve-031125\tests\Feature\EmailApprovalWorkflowIntegrationTest.php" line="115" class="Tests\Feature\EmailApprovalWorkflowIntegrationTest" classname="Tests.Feature.EmailApprovalWorkflowIntegrationTest" assertions="0" time="0.000000">
          <error type="Illuminate\Contracts\Container\BindingResolutionException">Tests\Feature\EmailApprovalWorkflowIntegrationTest::test_email_rejection_workflow&#13;
Illuminate\Contracts\Container\BindingResolutionException: Target class [App\Services\EmailApprovalWorkflowService] does not exist.
&#13;
C:\XAMPP\htdocs\ictserve-031125\vendor\laravel\framework\src\Illuminate\Container\Container.php:1163
C:\XAMPP\htdocs\ictserve-031125\vendor\laravel\framework\src\Illuminate\Container\Container.php:972
C:\XAMPP\htdocs\ictserve-031125\vendor\laravel\framework\src\Illuminate\Foundation\Application.php:1078
C:\XAMPP\htdocs\ictserve-031125\vendor\laravel\framework\src\Illuminate\Container\Container.php:903
C:\XAMPP\htdocs\ictserve-031125\vendor\laravel\framework\src\Illuminate\Foundation\Application.php:1058
C:\XAMPP\htdocs\ictserve-031125\vendor\laravel\framework\src\Illuminate\Foundation\helpers.php:138
C:\XAMPP\htdocs\ictserve-031125\tests\Feature\EmailApprovalWorkflowIntegrationTest.php:54</error>
        </testcase>
        <testcase name="test_approval_matrix_routing" file="C:\XAMPP\htdocs\ictserve-031125\tests\Feature\EmailApprovalWorkflowIntegrationTest.php" line="146" class="Tests\Feature\EmailApprovalWorkflowIntegrationTest" classname="Tests.Feature.EmailApprovalWorkflowIntegrationTest" assertions="0" time="0.000000">
          <error type="Illuminate\Contracts\Container\BindingResolutionException">Tests\Feature\EmailApprovalWorkflowIntegrationTest::test_approval_matrix_routing&#13;
Illuminate\Contracts\Container\BindingResolutionException: Target class [App\Services\EmailApprovalWorkflowService] does not exist.
&#13;
C:\XAMPP\htdocs\ictserve-031125\vendor\laravel\framework\src\Illuminate\Container\Container.php:1163
C:\XAMPP\htdocs\ictserve-031125\vendor\laravel\framework\src\Illuminate\Container\Container.php:972
C:\XAMPP\htdocs\ictserve-031125\vendor\laravel\framework\src\Illuminate\Foundation\Application.php:1078
C:\XAMPP\htdocs\ictserve-031125\vendor\laravel\framework\src\Illuminate\Container\Container.php:903
C:\XAMPP\htdocs\ictserve-031125\vendor\laravel\framework\src\Illuminate\Foundation\Application.php:1058
C:\XAMPP\htdocs\ictserve-031125\vendor\laravel\framework\src\Illuminate\Foundation\helpers.php:138
C:\XAMPP\htdocs\ictserve-031125\tests\Feature\EmailApprovalWorkflowIntegrationTest.php:54</error>
        </testcase>
        <testcase name="test_token_security_and_expiration" file="C:\XAMPP\htdocs\ictserve-031125\tests\Feature\EmailApprovalWorkflowIntegrationTest.php" line="184" class="Tests\Feature\EmailApprovalWorkflowIntegrationTest" classname="Tests.Feature.EmailApprovalWorkflowIntegrationTest" assertions="0" time="0.000000">
          <error type="Illuminate\Contracts\Container\BindingResolutionException">Tests\Feature\EmailApprovalWorkflowIntegrationTest::test_token_security_and_expiration&#13;
Illuminate\Contracts\Container\BindingResolutionException: Target class [App\Services\EmailApprovalWorkflowService] does not exist.
&#13;
C:\XAMPP\htdocs\ictserve-031125\vendor\laravel\framework\src\Illuminate\Container\Container.php:1163
C:\XAMPP\htdocs\ictserve-031125\vendor\laravel\framework\src\Illuminate\Container\Container.php:972
C:\XAMPP\htdocs\ictserve-031125\vendor\laravel\framework\src\Illuminate\Foundation\Application.php:1078
C:\XAMPP\htdocs\ictserve-031125\vendor\laravel\framework\src\Illuminate\Container\Container.php:903
C:\XAMPP\htdocs\ictserve-031125\vendor\laravel\framework\src\Illuminate\Foundation\Application.php:1058
C:\XAMPP\htdocs\ictserve-031125\vendor\laravel\framework\src\Illuminate\Foundation\helpers.php:138
C:\XAMPP\htdocs\ictserve-031125\tests\Feature\EmailApprovalWorkflowIntegrationTest.php:54</error>
        </testcase>
        <testcase name="test_http_approval_endpoints" file="C:\XAMPP\htdocs\ictserve-031125\tests\Feature\EmailApprovalWorkflowIntegrationTest.php" line="212" class="Tests\Feature\EmailApprovalWorkflowIntegrationTest" classname="Tests.Feature.EmailApprovalWorkflowIntegrationTest" assertions="0" time="0.000000">
          <error type="Illuminate\Contracts\Container\BindingResolutionException">Tests\Feature\EmailApprovalWorkflowIntegrationTest::test_http_approval_endpoints&#13;
Illuminate\Contracts\Container\BindingResolutionException: Target class [App\Services\EmailApprovalWorkflowService] does not exist.
&#13;
C:\XAMPP\htdocs\ictserve-031125\vendor\laravel\framework\src\Illuminate\Container\Container.php:1163
C:\XAMPP\htdocs\ictserve-031125\vendor\laravel\framework\src\Illuminate\Container\Container.php:972
C:\XAMPP\htdocs\ictserve-031125\vendor\laravel\framework\src\Illuminate\Foundation\Application.php:1078
C:\XAMPP\htdocs\ictserve-031125\vendor\laravel\framework\src\Illuminate\Container\Container.php:903
C:\XAMPP\htdocs\ictserve-031125\vendor\laravel\framework\src\Illuminate\Foundation\Application.php:1058
C:\XAMPP\htdocs\ictserve-031125\vendor\laravel\framework\src\Illuminate\Foundation\helpers.php:138
C:\XAMPP\htdocs\ictserve-031125\tests\Feature\EmailApprovalWorkflowIntegrationTest.php:54</error>
        </testcase>
        <testcase name="test_email_template_rendering" file="C:\XAMPP\htdocs\ictserve-031125\tests\Feature\EmailApprovalWorkflowIntegrationTest.php" line="254" class="Tests\Feature\EmailApprovalWorkflowIntegrationTest" classname="Tests.Feature.EmailApprovalWorkflowIntegrationTest" assertions="0" time="0.000000">
          <error type="Illuminate\Contracts\Container\BindingResolutionException">Tests\Feature\EmailApprovalWorkflowIntegrationTest::test_email_template_rendering&#13;
Illuminate\Contracts\Container\BindingResolutionException: Target class [App\Services\EmailApprovalWorkflowService] does not exist.
&#13;
C:\XAMPP\htdocs\ictserve-031125\vendor\laravel\framework\src\Illuminate\Container\Container.php:1163
C:\XAMPP\htdocs\ictserve-031125\vendor\laravel\framework\src\Illuminate\Container\Container.php:972
C:\XAMPP\htdocs\ictserve-031125\vendor\laravel\framework\src\Illuminate\Foundation\Application.php:1078
C:\XAMPP\htdocs\ictserve-031125\vendor\laravel\framework\src\Illuminate\Container\Container.php:903
C:\XAMPP\htdocs\ictserve-031125\vendor\laravel\framework\src\Illuminate\Foundation\Application.php:1058
C:\XAMPP\htdocs\ictserve-031125\vendor\laravel\framework\src\Illuminate\Foundation\helpers.php:138
C:\XAMPP\htdocs\ictserve-031125\tests\Feature\EmailApprovalWorkflowIntegrationTest.php:54</error>
        </testcase>
        <testcase name="test_email_delivery_performance" file="C:\XAMPP\htdocs\ictserve-031125\tests\Feature\EmailApprovalWorkflowIntegrationTest.php" line="301" class="Tests\Feature\EmailApprovalWorkflowIntegrationTest" classname="Tests.Feature.EmailApprovalWorkflowIntegrationTest" assertions="0" time="0.000000">
          <error type="Illuminate\Contracts\Container\BindingResolutionException">Tests\Feature\EmailApprovalWorkflowIntegrationTest::test_email_delivery_performance&#13;
Illuminate\Contracts\Container\BindingResolutionException: Target class [App\Services\EmailApprovalWorkflowService] does not exist.
&#13;
C:\XAMPP\htdocs\ictserve-031125\vendor\laravel\framework\src\Illuminate\Container\Container.php:1163
C:\XAMPP\htdocs\ictserve-031125\vendor\laravel\framework\src\Illuminate\Container\Container.php:972
C:\XAMPP\htdocs\ictserve-031125\vendor\laravel\framework\src\Illuminate\Foundation\Application.php:1078
C:\XAMPP\htdocs\ictserve-031125\vendor\laravel\framework\src\Illuminate\Container\Container.php:903
C:\XAMPP\htdocs\ictserve-031125\vendor\laravel\framework\src\Illuminate\Foundation\Application.php:1058
C:\XAMPP\htdocs\ictserve-031125\vendor\laravel\framework\src\Illuminate\Foundation\helpers.php:138
C:\XAMPP\htdocs\ictserve-031125\tests\Feature\EmailApprovalWorkflowIntegrationTest.php:54</error>
        </testcase>
        <testcase name="test_email_queue_processing_and_retry" file="C:\XAMPP\htdocs\ictserve-031125\tests\Feature\EmailApprovalWorkflowIntegrationTest.php" line="329" class="Tests\Feature\EmailApprovalWorkflowIntegrationTest" classname="Tests.Feature.EmailApprovalWorkflowIntegrationTest" assertions="0" time="0.000000">
          <error type="Illuminate\Contracts\Container\BindingResolutionException">Tests\Feature\EmailApprovalWorkflowIntegrationTest::test_email_queue_processing_and_retry&#13;
Illuminate\Contracts\Container\BindingResolutionException: Target class [App\Services\EmailApprovalWorkflowService] does not exist.
&#13;
C:\XAMPP\htdocs\ictserve-031125\vendor\laravel\framework\src\Illuminate\Container\Container.php:1163
C:\XAMPP\htdocs\ictserve-031125\vendor\laravel\framework\src\Illuminate\Container\Container.php:972
C:\XAMPP\htdocs\ictserve-031125\vendor\laravel\framework\src\Illuminate\Foundation\Application.php:1078
C:\XAMPP\htdocs\ictserve-031125\vendor\laravel\framework\src\Illuminate\Container\Container.php:903
C:\XAMPP\htdocs\ictserve-031125\vendor\laravel\framework\src\Illuminate\Foundation\Application.php:1058
C:\XAMPP\htdocs\ictserve-031125\vendor\laravel\framework\src\Illuminate\Foundation\helpers.php:138
C:\XAMPP\htdocs\ictserve-031125\tests\Feature\EmailApprovalWorkflowIntegrationTest.php:54</error>
        </testcase>
        <testcase name="test_concurrent_approval_processing" file="C:\XAMPP\htdocs\ictserve-031125\tests\Feature\EmailApprovalWorkflowIntegrationTest.php" line="347" class="Tests\Feature\EmailApprovalWorkflowIntegrationTest" classname="Tests.Feature.EmailApprovalWorkflowIntegrationTest" assertions="0" time="0.000000">
          <error type="Illuminate\Contracts\Container\BindingResolutionException">Tests\Feature\EmailApprovalWorkflowIntegrationTest::test_concurrent_approval_processing&#13;
Illuminate\Contracts\Container\BindingResolutionException: Target class [App\Services\EmailApprovalWorkflowService] does not exist.
&#13;
C:\XAMPP\htdocs\ictserve-031125\vendor\laravel\framework\src\Illuminate\Container\Container.php:1163
C:\XAMPP\htdocs\ictserve-031125\vendor\laravel\framework\src\Illuminate\Container\Container.php:972
C:\XAMPP\htdocs\ictserve-031125\vendor\laravel\framework\src\Illuminate\Foundation\Application.php:1078
C:\XAMPP\htdocs\ictserve-031125\vendor\laravel\framework\src\Illuminate\Container\Container.php:903
C:\XAMPP\htdocs\ictserve-031125\vendor\laravel\framework\src\Illuminate\Foundation\Application.php:1058
C:\XAMPP\htdocs\ictserve-031125\vendor\laravel\framework\src\Illuminate\Foundation\helpers.php:138
C:\XAMPP\htdocs\ictserve-031125\tests\Feature\EmailApprovalWorkflowIntegrationTest.php:54</error>
        </testcase>
        <testcase name="test_email_workflow_error_handling" file="C:\XAMPP\htdocs\ictserve-031125\tests\Feature\EmailApprovalWorkflowIntegrationTest.php" line="379" class="Tests\Feature\EmailApprovalWorkflowIntegrationTest" classname="Tests.Feature.EmailApprovalWorkflowIntegrationTest" assertions="0" time="0.000000">
          <error type="Illuminate\Contracts\Container\BindingResolutionException">Tests\Feature\EmailApprovalWorkflowIntegrationTest::test_email_workflow_error_handling&#13;
Illuminate\Contracts\Container\BindingResolutionException: Target class [App\Services\EmailApprovalWorkflowService] does not exist.
&#13;
C:\XAMPP\htdocs\ictserve-031125\vendor\laravel\framework\src\Illuminate\Container\Container.php:1163
C:\XAMPP\htdocs\ictserve-031125\vendor\laravel\framework\src\Illuminate\Container\Container.php:972
C:\XAMPP\htdocs\ictserve-031125\vendor\laravel\framework\src\Illuminate\Foundation\Application.php:1078
C:\XAMPP\htdocs\ictserve-031125\vendor\laravel\framework\src\Illuminate\Container\Container.php:903
C:\XAMPP\htdocs\ictserve-031125\vendor\laravel\framework\src\Illuminate\Foundation\Application.php:1058
C:\XAMPP\htdocs\ictserve-031125\vendor\laravel\framework\src\Illuminate\Foundation\helpers.php:138
C:\XAMPP\htdocs\ictserve-031125\tests\Feature\EmailApprovalWorkflowIntegrationTest.php:54</error>
        </testcase>
        <testcase name="test_email_approval_audit_trail" file="C:\XAMPP\htdocs\ictserve-031125\tests\Feature\EmailApprovalWorkflowIntegrationTest.php" line="402" class="Tests\Feature\EmailApprovalWorkflowIntegrationTest" classname="Tests.Feature.EmailApprovalWorkflowIntegrationTest" assertions="0" time="0.000000">
          <error type="Illuminate\Contracts\Container\BindingResolutionException">Tests\Feature\EmailApprovalWorkflowIntegrationTest::test_email_approval_audit_trail&#13;
Illuminate\Contracts\Container\BindingResolutionException: Target class [App\Services\EmailApprovalWorkflowService] does not exist.
&#13;
C:\XAMPP\htdocs\ictserve-031125\vendor\laravel\framework\src\Illuminate\Container\Container.php:1163
C:\XAMPP\htdocs\ictserve-031125\vendor\laravel\framework\src\Illuminate\Container\Container.php:972
C:\XAMPP\htdocs\ictserve-031125\vendor\laravel\framework\src\Illuminate\Foundation\Application.php:1078
C:\XAMPP\htdocs\ictserve-031125\vendor\laravel\framework\src\Illuminate\Container\Container.php:903
C:\XAMPP\htdocs\ictserve-031125\vendor\laravel\framework\src\Illuminate\Foundation\Application.php:1058
C:\XAMPP\htdocs\ictserve-031125\vendor\laravel\framework\src\Illuminate\Foundation\helpers.php:138
C:\XAMPP\htdocs\ictserve-031125\tests\Feature\EmailApprovalWorkflowIntegrationTest.php:54</error>
        </testcase>
      </testsuite>
      <testsuite name="Tests\Feature\EmailSystemTest" file="C:\XAMPP\htdocs\ictserve-031125\tests\Feature\EmailSystemTest.php" tests="23" assertions="33" errors="11" failures="1" skipped="0" time="47.828978">
        <testcase name="test_loan_application_submitted_email" file="C:\XAMPP\htdocs\ictserve-031125\tests\Feature\EmailSystemTest.php" line="108" class="Tests\Feature\EmailSystemTest" classname="Tests.Feature.EmailSystemTest" assertions="3" time="1.708838"/>
        <testcase name="test_loan_approval_request_email" file="C:\XAMPP\htdocs\ictserve-031125\tests\Feature\EmailSystemTest.php" line="142" class="Tests\Feature\EmailSystemTest" classname="Tests.Feature.EmailSystemTest" assertions="0" time="1.459745">
          <error type="Error">Tests\Feature\EmailSystemTest::test_loan_approval_request_email&#13;
Error: Call to undefined method App\Services\DualApprovalService::routeForEmailApproval()
&#13;
C:\XAMPP\htdocs\ictserve-031125\tests\Feature\EmailSystemTest.php:144</error>
        </testcase>
        <testcase name="test_loan_application_decision_emails" file="C:\XAMPP\htdocs\ictserve-031125\tests\Feature\EmailSystemTest.php" line="163" class="Tests\Feature\EmailSystemTest" classname="Tests.Feature.EmailSystemTest" assertions="0" time="1.271891">
          <error type="ErrorException">Tests\Feature\EmailSystemTest::test_loan_application_decision_emails&#13;
ErrorException: Undefined property: App\Mail\LoanApplicationDecision::$loanApplication
&#13;
C:\XAMPP\htdocs\ictserve-031125\vendor\laravel\framework\src\Illuminate\Foundation\Bootstrap\HandleExceptions.php:258
C:\XAMPP\htdocs\ictserve-031125\tests\Feature\EmailSystemTest.php:176
C:\XAMPP\htdocs\ictserve-031125\vendor\laravel\framework\src\Illuminate\Support\Testing\Fakes\MailFake.php:384
C:\XAMPP\htdocs\ictserve-031125\vendor\laravel\framework\src\Illuminate\Collections\Arr.php:1170
C:\XAMPP\htdocs\ictserve-031125\vendor\laravel\framework\src\Illuminate\Collections\Collection.php:415
C:\XAMPP\htdocs\ictserve-031125\vendor\laravel\framework\src\Illuminate\Support\Testing\Fakes\MailFake.php:384
C:\XAMPP\htdocs\ictserve-031125\vendor\laravel\framework\src\Illuminate\Support\Testing\Fakes\MailFake.php:216
C:\XAMPP\htdocs\ictserve-031125\vendor\laravel\framework\src\Illuminate\Support\Facades\Facade.php:363
C:\XAMPP\htdocs\ictserve-031125\tests\Feature\EmailSystemTest.php:174</error>
        </testcase>
        <testcase name="test_asset_preparation_notification_email" file="C:\XAMPP\htdocs\ictserve-031125\tests\Feature\EmailSystemTest.php" line="204" class="Tests\Feature\EmailSystemTest" classname="Tests.Feature.EmailSystemTest" assertions="0" time="1.619105">
          <error type="ErrorException">Tests\Feature\EmailSystemTest::test_asset_preparation_notification_email&#13;
ErrorException: Undefined property: App\Mail\AssetPreparationNotification::$loanApplication
&#13;
C:\XAMPP\htdocs\ictserve-031125\vendor\laravel\framework\src\Illuminate\Foundation\Bootstrap\HandleExceptions.php:258
C:\XAMPP\htdocs\ictserve-031125\tests\Feature\EmailSystemTest.php:217
C:\XAMPP\htdocs\ictserve-031125\vendor\laravel\framework\src\Illuminate\Support\Testing\Fakes\MailFake.php:384
C:\XAMPP\htdocs\ictserve-031125\vendor\laravel\framework\src\Illuminate\Collections\Arr.php:1170
C:\XAMPP\htdocs\ictserve-031125\vendor\laravel\framework\src\Illuminate\Collections\Collection.php:415
C:\XAMPP\htdocs\ictserve-031125\vendor\laravel\framework\src\Illuminate\Support\Testing\Fakes\MailFake.php:384
C:\XAMPP\htdocs\ictserve-031125\vendor\laravel\framework\src\Illuminate\Support\Testing\Fakes\MailFake.php:216
C:\XAMPP\htdocs\ictserve-031125\vendor\laravel\framework\src\Illuminate\Support\Facades\Facade.php:363
C:\XAMPP\htdocs\ictserve-031125\tests\Feature\EmailSystemTest.php:216</error>
        </testcase>
        <testcase name="test_asset_return_reminder_emails" file="C:\XAMPP\htdocs\ictserve-031125\tests\Feature\EmailSystemTest.php" line="228" class="Tests\Feature\EmailSystemTest" classname="Tests.Feature.EmailSystemTest" assertions="0" time="2.045548">
          <error type="ErrorException">Tests\Feature\EmailSystemTest::test_asset_return_reminder_emails&#13;
ErrorException: Undefined property: App\Mail\AssetReturnReminder::$loanApplication
&#13;
C:\XAMPP\htdocs\ictserve-031125\vendor\laravel\framework\src\Illuminate\Foundation\Bootstrap\HandleExceptions.php:258
C:\XAMPP\htdocs\ictserve-031125\tests\Feature\EmailSystemTest.php:243
C:\XAMPP\htdocs\ictserve-031125\vendor\laravel\framework\src\Illuminate\Support\Testing\Fakes\MailFake.php:384
C:\XAMPP\htdocs\ictserve-031125\vendor\laravel\framework\src\Illuminate\Collections\Arr.php:1170
C:\XAMPP\htdocs\ictserve-031125\vendor\laravel\framework\src\Illuminate\Collections\Collection.php:415
C:\XAMPP\htdocs\ictserve-031125\vendor\laravel\framework\src\Illuminate\Support\Testing\Fakes\MailFake.php:384
C:\XAMPP\htdocs\ictserve-031125\vendor\laravel\framework\src\Illuminate\Support\Testing\Fakes\MailFake.php:216
C:\XAMPP\htdocs\ictserve-031125\vendor\laravel\framework\src\Illuminate\Support\Facades\Facade.php:363
C:\XAMPP\htdocs\ictserve-031125\tests\Feature\EmailSystemTest.php:242</error>
        </testcase>
        <testcase name="test_asset_overdue_notification_emails" file="C:\XAMPP\htdocs\ictserve-031125\tests\Feature\EmailSystemTest.php" line="265" class="Tests\Feature\EmailSystemTest" classname="Tests.Feature.EmailSystemTest" assertions="0" time="2.382915">
          <error type="ErrorException">Tests\Feature\EmailSystemTest::test_asset_overdue_notification_emails&#13;
ErrorException: Undefined property: App\Mail\AssetOverdueNotification::$loanApplication
&#13;
C:\XAMPP\htdocs\ictserve-031125\vendor\laravel\framework\src\Illuminate\Foundation\Bootstrap\HandleExceptions.php:258
C:\XAMPP\htdocs\ictserve-031125\tests\Feature\EmailSystemTest.php:279
C:\XAMPP\htdocs\ictserve-031125\vendor\laravel\framework\src\Illuminate\Support\Testing\Fakes\MailFake.php:384
C:\XAMPP\htdocs\ictserve-031125\vendor\laravel\framework\src\Illuminate\Collections\Arr.php:1170
C:\XAMPP\htdocs\ictserve-031125\vendor\laravel\framework\src\Illuminate\Collections\Collection.php:415
C:\XAMPP\htdocs\ictserve-031125\vendor\laravel\framework\src\Illuminate\Support\Testing\Fakes\MailFake.php:384
C:\XAMPP\htdocs\ictserve-031125\vendor\laravel\framework\src\Illuminate\Support\Testing\Fakes\MailFake.php:216
C:\XAMPP\htdocs\ictserve-031125\vendor\laravel\framework\src\Illuminate\Support\Facades\Facade.php:363
C:\XAMPP\htdocs\ictserve-031125\tests\Feature\EmailSystemTest.php:278</error>
        </testcase>
        <testcase name="test_asset_return_confirmation_email" file="C:\XAMPP\htdocs\ictserve-031125\tests\Feature\EmailSystemTest.php" line="290" class="Tests\Feature\EmailSystemTest" classname="Tests.Feature.EmailSystemTest" assertions="0" time="2.682034">
          <error type="ArgumentCountError">Tests\Feature\EmailSystemTest::test_asset_return_confirmation_email&#13;
ArgumentCountError: Too few arguments to function App\Mail\AssetReturnConfirmationMail::__construct(), 1 passed in C:\XAMPP\htdocs\ictserve-031125\tests\Feature\EmailSystemTest.php on line 295 and at least 2 expected
&#13;
C:\XAMPP\htdocs\ictserve-031125\app\Mail\AssetReturnConfirmationMail.php:47
C:\XAMPP\htdocs\ictserve-031125\tests\Feature\EmailSystemTest.php:295</error>
        </testcase>
        <testcase name="test_loan_status_update_email" file="C:\XAMPP\htdocs\ictserve-031125\tests\Feature\EmailSystemTest.php" line="312" class="Tests\Feature\EmailSystemTest" classname="Tests.Feature.EmailSystemTest" assertions="0" time="2.342009">
          <error type="ErrorException">Tests\Feature\EmailSystemTest::test_loan_status_update_email&#13;
ErrorException: Undefined property: App\Mail\LoanStatusUpdated::$loanApplication
&#13;
C:\XAMPP\htdocs\ictserve-031125\vendor\laravel\framework\src\Illuminate\Foundation\Bootstrap\HandleExceptions.php:258
C:\XAMPP\htdocs\ictserve-031125\tests\Feature\EmailSystemTest.php:323
C:\XAMPP\htdocs\ictserve-031125\vendor\laravel\framework\src\Illuminate\Support\Testing\Fakes\MailFake.php:384
C:\XAMPP\htdocs\ictserve-031125\vendor\laravel\framework\src\Illuminate\Collections\Arr.php:1170
C:\XAMPP\htdocs\ictserve-031125\vendor\laravel\framework\src\Illuminate\Collections\Collection.php:415
C:\XAMPP\htdocs\ictserve-031125\vendor\laravel\framework\src\Illuminate\Support\Testing\Fakes\MailFake.php:384
C:\XAMPP\htdocs\ictserve-031125\vendor\laravel\framework\src\Illuminate\Support\Testing\Fakes\MailFake.php:216
C:\XAMPP\htdocs\ictserve-031125\vendor\laravel\framework\src\Illuminate\Support\Facades\Facade.php:363
C:\XAMPP\htdocs\ictserve-031125\tests\Feature\EmailSystemTest.php:322</error>
        </testcase>
        <testcase name="test_bilingual_email_generation_malay" file="C:\XAMPP\htdocs\ictserve-031125\tests\Feature\EmailSystemTest.php" line="335" class="Tests\Feature\EmailSystemTest" classname="Tests.Feature.EmailSystemTest" assertions="3" time="4.122128"/>
        <testcase name="test_bilingual_email_generation_english" file="C:\XAMPP\htdocs\ictserve-031125\tests\Feature\EmailSystemTest.php" line="366" class="Tests\Feature\EmailSystemTest" classname="Tests.Feature.EmailSystemTest" assertions="3" time="2.225286"/>
        <testcase name="test_email_queue_processing" file="C:\XAMPP\htdocs\ictserve-031125\tests\Feature\EmailSystemTest.php" line="395" class="Tests\Feature\EmailSystemTest" classname="Tests.Feature.EmailSystemTest" assertions="1" time="1.946896">
          <failure type="PHPUnit\Framework\ExpectationFailedException">Tests\Feature\EmailSystemTest::test_email_queue_processing&#13;
The expected [Illuminate\Mail\SendQueuedMailable] job was not pushed.
Failed asserting that false is true.
&#13;
C:\XAMPP\htdocs\ictserve-031125\vendor\laravel\framework\src\Illuminate\Support\Testing\Fakes\QueueFake.php:111
C:\XAMPP\htdocs\ictserve-031125\vendor\laravel\framework\src\Illuminate\Support\Facades\Facade.php:363
C:\XAMPP\htdocs\ictserve-031125\tests\Feature\EmailSystemTest.php:406</failure>
        </testcase>
        <testcase name="test_email_retry_mechanism" file="C:\XAMPP\htdocs\ictserve-031125\tests\Feature\EmailSystemTest.php" line="419" class="Tests\Feature\EmailSystemTest" classname="Tests.Feature.EmailSystemTest" assertions="5" time="1.488695"/>
        <testcase name="test_email_delivery_tracking" file="C:\XAMPP\htdocs\ictserve-031125\tests\Feature\EmailSystemTest.php" line="440" class="Tests\Feature\EmailSystemTest" classname="Tests.Feature.EmailSystemTest" assertions="3" time="1.477990"/>
        <testcase name="test_email_failure_handling" file="C:\XAMPP\htdocs\ictserve-031125\tests\Feature\EmailSystemTest.php" line="481" class="Tests\Feature\EmailSystemTest" classname="Tests.Feature.EmailSystemTest" assertions="2" time="1.655055"/>
        <testcase name="test_email_approval_token_generation" file="C:\XAMPP\htdocs\ictserve-031125\tests\Feature\EmailSystemTest.php" line="518" class="Tests\Feature\EmailSystemTest" classname="Tests.Feature.EmailSystemTest" assertions="0" time="1.704038">
          <error type="Error">Tests\Feature\EmailSystemTest::test_email_approval_token_generation&#13;
Error: Call to undefined method App\Services\DualApprovalService::routeForEmailApproval()
&#13;
C:\XAMPP\htdocs\ictserve-031125\tests\Feature\EmailSystemTest.php:520</error>
        </testcase>
        <testcase name="test_email_approval_workflow_processing" file="C:\XAMPP\htdocs\ictserve-031125\tests\Feature\EmailSystemTest.php" line="542" class="Tests\Feature\EmailSystemTest" classname="Tests.Feature.EmailSystemTest" assertions="0" time="1.461721">
          <error type="Error">Tests\Feature\EmailSystemTest::test_email_approval_workflow_processing&#13;
Error: Call to undefined method App\Services\DualApprovalService::routeForEmailApproval()
&#13;
C:\XAMPP\htdocs\ictserve-031125\tests\Feature\EmailSystemTest.php:544</error>
        </testcase>
        <testcase name="test_email_approval_workflow_rejection" file="C:\XAMPP\htdocs\ictserve-031125\tests\Feature\EmailSystemTest.php" line="570" class="Tests\Feature\EmailSystemTest" classname="Tests.Feature.EmailSystemTest" assertions="0" time="1.366176">
          <error type="Error">Tests\Feature\EmailSystemTest::test_email_approval_workflow_rejection&#13;
Error: Call to undefined method App\Services\DualApprovalService::routeForEmailApproval()
&#13;
C:\XAMPP\htdocs\ictserve-031125\tests\Feature\EmailSystemTest.php:572</error>
        </testcase>
        <testcase name="test_email_approval_token_expiration" file="C:\XAMPP\htdocs\ictserve-031125\tests\Feature\EmailSystemTest.php" line="596" class="Tests\Feature\EmailSystemTest" classname="Tests.Feature.EmailSystemTest" assertions="0" time="1.334282">
          <error type="Error">Tests\Feature\EmailSystemTest::test_email_approval_token_expiration&#13;
Error: Call to undefined method App\Services\DualApprovalService::routeForEmailApproval()
&#13;
C:\XAMPP\htdocs\ictserve-031125\tests\Feature\EmailSystemTest.php:598</error>
        </testcase>
        <testcase name="test_email_sla_compliance" file="C:\XAMPP\htdocs\ictserve-031125\tests\Feature\EmailSystemTest.php" line="618" class="Tests\Feature\EmailSystemTest" classname="Tests.Feature.EmailSystemTest" assertions="2" time="1.487417"/>
        <testcase name="test_concurrent_email_processing" file="C:\XAMPP\htdocs\ictserve-031125\tests\Feature\EmailSystemTest.php" line="649" class="Tests\Feature\EmailSystemTest" classname="Tests.Feature.EmailSystemTest" assertions="2" time="2.066006"/>
        <testcase name="test_email_template_wcag_compliance" file="C:\XAMPP\htdocs\ictserve-031125\tests\Feature\EmailSystemTest.php" line="676" class="Tests\Feature\EmailSystemTest" classname="Tests.Feature.EmailSystemTest" assertions="5" time="3.665602"/>
        <testcase name="test_email_error_handling_invalid_recipient" file="C:\XAMPP\htdocs\ictserve-031125\tests\Feature\EmailSystemTest.php" line="708" class="Tests\Feature\EmailSystemTest" classname="Tests.Feature.EmailSystemTest" assertions="1" time="2.434064"/>
        <testcase name="test_email_batch_processing" file="C:\XAMPP\htdocs\ictserve-031125\tests\Feature\EmailSystemTest.php" line="731" class="Tests\Feature\EmailSystemTest" classname="Tests.Feature.EmailSystemTest" assertions="3" time="3.881537"/>
      </testsuite>
      <testsuite name="Tests\Feature\EncryptionSecurityTest" file="C:\XAMPP\htdocs\ictserve-031125\tests\Feature\EncryptionSecurityTest.php" tests="15" assertions="61" errors="0" failures="0" skipped="0" time="71.531939">
        <testcase name="test_aes_256_encryption_configuration" file="C:\XAMPP\htdocs\ictserve-031125\tests\Feature\EncryptionSecurityTest.php" line="31" class="Tests\Feature\EncryptionSecurityTest" classname="Tests.Feature.EncryptionSecurityTest" assertions="3" time="3.702767"/>
        <testcase name="test_sensitive_data_encryption_decryption" file="C:\XAMPP\htdocs\ictserve-031125\tests\Feature\EncryptionSecurityTest.php" line="44" class="Tests\Feature\EncryptionSecurityTest" classname="Tests.Feature.EncryptionSecurityTest" assertions="3" time="4.446317"/>
        <testcase name="test_secure_token_generation" file="C:\XAMPP\htdocs\ictserve-031125\tests\Feature\EncryptionSecurityTest.php" line="58" class="Tests\Feature\EncryptionSecurityTest" classname="Tests.Feature.EncryptionSecurityTest" assertions="3" time="3.721744"/>
        <testcase name="test_password_hashing_verification" file="C:\XAMPP\htdocs\ictserve-031125\tests\Feature\EncryptionSecurityTest.php" line="74" class="Tests\Feature\EncryptionSecurityTest" classname="Tests.Feature.EncryptionSecurityTest" assertions="4" time="3.089024"/>
        <testcase name="test_csrf_token_generation" file="C:\XAMPP\htdocs\ictserve-031125\tests\Feature\EncryptionSecurityTest.php" line="88" class="Tests\Feature\EncryptionSecurityTest" classname="Tests.Feature.EncryptionSecurityTest" assertions="3" time="3.221149"/>
        <testcase name="test_encryption_configuration_validation" file="C:\XAMPP\htdocs\ictserve-031125\tests\Feature\EncryptionSecurityTest.php" line="103" class="Tests\Feature\EncryptionSecurityTest" classname="Tests.Feature.EncryptionSecurityTest" assertions="11" time="6.082216"/>
        <testcase name="test_array_encryption_decryption" file="C:\XAMPP\htdocs\ictserve-031125\tests\Feature\EncryptionSecurityTest.php" line="121" class="Tests\Feature\EncryptionSecurityTest" classname="Tests.Feature.EncryptionSecurityTest" assertions="3" time="10.455796"/>
        <testcase name="test_data_sanitization_for_logging" file="C:\XAMPP\htdocs\ictserve-031125\tests\Feature\EncryptionSecurityTest.php" line="139" class="Tests\Feature\EncryptionSecurityTest" classname="Tests.Feature.EncryptionSecurityTest" assertions="5" time="9.861220"/>
        <testcase name="test_approval_token_generation_validation" file="C:\XAMPP\htdocs\ictserve-031125\tests\Feature\EncryptionSecurityTest.php" line="158" class="Tests\Feature\EncryptionSecurityTest" classname="Tests.Feature.EncryptionSecurityTest" assertions="8" time="3.348277"/>
        <testcase name="test_pii_encryption_decryption" file="C:\XAMPP\htdocs\ictserve-031125\tests\Feature\EncryptionSecurityTest.php" line="187" class="Tests\Feature\EncryptionSecurityTest" classname="Tests.Feature.EncryptionSecurityTest" assertions="2" time="4.262547"/>
        <testcase name="test_session_token_generation" file="C:\XAMPP\htdocs\ictserve-031125\tests\Feature\EncryptionSecurityTest.php" line="202" class="Tests\Feature\EncryptionSecurityTest" classname="Tests.Feature.EncryptionSecurityTest" assertions="3" time="5.217630"/>
        <testcase name="test_security_configuration_validation" file="C:\XAMPP\htdocs\ictserve-031125\tests\Feature\EncryptionSecurityTest.php" line="217" class="Tests\Feature\EncryptionSecurityTest" classname="Tests.Feature.EncryptionSecurityTest" assertions="9" time="4.790748"/>
        <testcase name="test_encryption_failure_handling" file="C:\XAMPP\htdocs\ictserve-031125\tests\Feature\EncryptionSecurityTest.php" line="234" class="Tests\Feature\EncryptionSecurityTest" classname="Tests.Feature.EncryptionSecurityTest" assertions="2" time="3.844686"/>
        <testcase name="test_tls_configuration" file="C:\XAMPP\htdocs\ictserve-031125\tests\Feature\EncryptionSecurityTest.php" line="243" class="Tests\Feature\EncryptionSecurityTest" classname="Tests.Feature.EncryptionSecurityTest" assertions="1" time="2.524616"/>
        <testcase name="test_csrf_protection_enabled" file="C:\XAMPP\htdocs\ictserve-031125\tests\Feature\EncryptionSecurityTest.php" line="255" class="Tests\Feature\EncryptionSecurityTest" classname="Tests.Feature.EncryptionSecurityTest" assertions="1" time="2.963201"/>
      </testsuite>
      <testsuite name="Tests\Feature\ExampleTest" file="C:\XAMPP\htdocs\ictserve-031125\tests\Feature\ExampleTest.php" tests="1" assertions="1" errors="0" failures="0" skipped="0" time="7.942234">
        <testcase name="test_the_application_returns_a_successful_response" file="C:\XAMPP\htdocs\ictserve-031125\tests\Feature\ExampleTest.php" line="13" class="Tests\Feature\ExampleTest" classname="Tests.Feature.ExampleTest" assertions="1" time="7.942234"/>
      </testsuite>
      <testsuite name="Tests\Feature\Filament\AdminPanelResourceTest" file="C:\XAMPP\htdocs\ictserve-031125\tests\Feature\Filament\AdminPanelResourceTest.php" tests="21" assertions="7" errors="16" failures="2" skipped="0" time="84.690541">
        <testcase name="test_admin_can_view_asset_list" file="C:\XAMPP\htdocs\ictserve-031125\tests\Feature\Filament\AdminPanelResourceTest.php" line="71" class="Tests\Feature\Filament\AdminPanelResourceTest" classname="Tests.Feature.Filament.AdminPanelResourceTest" assertions="0" time="3.503595">
          <error type="Livewire\Exceptions\ComponentNotFoundException">Tests\Feature\Filament\AdminPanelResourceTest::test_admin_can_view_asset_list&#13;
Livewire\Exceptions\ComponentNotFoundException: Unable to find component: [App\Filament\Resources\Assets\AssetResource\Pages\ListAssets]
&#13;
C:\XAMPP\htdocs\ictserve-031125\vendor\livewire\livewire\src\Mechanisms\ComponentRegistry.php:116
C:\XAMPP\htdocs\ictserve-031125\vendor\livewire\livewire\src\Mechanisms\ComponentRegistry.php:25
C:\XAMPP\htdocs\ictserve-031125\vendor\livewire\livewire\src\LivewireManager.php:58
C:\XAMPP\htdocs\ictserve-031125\vendor\livewire\livewire\src\Mechanisms\HandleComponents\HandleComponents.php:43
C:\XAMPP\htdocs\ictserve-031125\vendor\livewire\livewire\src\LivewireManager.php:73
C:\XAMPP\htdocs\ictserve-031125\vendor\livewire\volt\src\LivewireManager.php:23
C:\XAMPP\htdocs\ictserve-031125\storage\framework\views\80166b2776fe506ccbd12ed90957de4a.php:7
C:\XAMPP\htdocs\ictserve-031125\vendor\livewire\livewire\src\Mechanisms\ExtendBlade\ExtendedCompilerEngine.php:37
C:\XAMPP\htdocs\ictserve-031125\vendor\livewire\livewire\src\Mechanisms\ExtendBlade\ExtendedCompilerEngine.php:38
C:\XAMPP\htdocs\ictserve-031125\vendor\laravel\framework\src\Illuminate\View\Engines\CompilerEngine.php:76
C:\XAMPP\htdocs\ictserve-031125\vendor\livewire\livewire\src\Mechanisms\ExtendBlade\ExtendedCompilerEngine.php:16
C:\XAMPP\htdocs\ictserve-031125\vendor\laravel\framework\src\Illuminate\View\View.php:208
C:\XAMPP\htdocs\ictserve-031125\vendor\laravel\framework\src\Illuminate\View\View.php:191
C:\XAMPP\htdocs\ictserve-031125\vendor\laravel\framework\src\Illuminate\View\View.php:160
C:\XAMPP\htdocs\ictserve-031125\vendor\laravel\framework\src\Illuminate\View\Compilers\BladeCompiler.php:352
C:\XAMPP\htdocs\ictserve-031125\vendor\laravel\framework\src\Illuminate\Support\Facades\Facade.php:363
C:\XAMPP\htdocs\ictserve-031125\vendor\livewire\livewire\src\Features\SupportTesting\InitialRender.php:25
C:\XAMPP\htdocs\ictserve-031125\vendor\laravel\framework\src\Illuminate\Routing\CallableDispatcher.php:39
C:\XAMPP\htdocs\ictserve-031125\vendor\laravel\framework\src\Illuminate\Routing\Route.php:243
C:\XAMPP\htdocs\ictserve-031125\vendor\laravel\framework\src\Illuminate\Routing\Route.php:214
C:\XAMPP\htdocs\ictserve-031125\vendor\laravel\framework\src\Illuminate\Routing\Router.php:822
C:\XAMPP\htdocs\ictserve-031125\vendor\laravel\framework\src\Illuminate\Pipeline\Pipeline.php:180
C:\XAMPP\htdocs\ictserve-031125\vendor\laravel\framework\src\Illuminate\Pipeline\Pipeline.php:137
C:\XAMPP\htdocs\ictserve-031125\vendor\laravel\framework\src\Illuminate\Routing\Router.php:821
C:\XAMPP\htdocs\ictserve-031125\vendor\laravel\framework\src\Illuminate\Routing\Router.php:800
C:\XAMPP\htdocs\ictserve-031125\vendor\laravel\framework\src\Illuminate\Routing\Router.php:764
C:\XAMPP\htdocs\ictserve-031125\vendor\laravel\framework\src\Illuminate\Routing\Router.php:753
C:\XAMPP\htdocs\ictserve-031125\vendor\laravel\framework\src\Illuminate\Foundation\Http\Kernel.php:200
C:\XAMPP\htdocs\ictserve-031125\vendor\laravel\framework\src\Illuminate\Pipeline\Pipeline.php:180
C:\XAMPP\htdocs\ictserve-031125\vendor\laravel\framework\src\Illuminate\Pipeline\Pipeline.php:137
C:\XAMPP\htdocs\ictserve-031125\vendor\laravel\framework\src\Illuminate\Foundation\Http\Kernel.php:175
C:\XAMPP\htdocs\ictserve-031125\vendor\laravel\framework\src\Illuminate\Foundation\Http\Kernel.php:144
C:\XAMPP\htdocs\ictserve-031125\vendor\laravel\framework\src\Illuminate\Foundation\Testing\Concerns\MakesHttpRequests.php:607
C:\XAMPP\htdocs\ictserve-031125\vendor\livewire\livewire\src\Features\SupportTesting\InitialRender.php:33
C:\XAMPP\htdocs\ictserve-031125\vendor\livewire\livewire\src\Features\SupportTesting\RequestBroker.php:30
C:\XAMPP\htdocs\ictserve-031125\vendor\livewire\livewire\src\Features\SupportTesting\InitialRender.php:32
C:\XAMPP\htdocs\ictserve-031125\vendor\livewire\livewire\src\Features\SupportTesting\Render.php:24
C:\XAMPP\htdocs\ictserve-031125\vendor\livewire\livewire\src\Features\SupportTesting\InitialRender.php:31
C:\XAMPP\htdocs\ictserve-031125\vendor\livewire\livewire\src\Features\SupportTesting\InitialRender.php:17
C:\XAMPP\htdocs\ictserve-031125\vendor\livewire\livewire\src\Features\SupportTesting\Testable.php:44
C:\XAMPP\htdocs\ictserve-031125\vendor\livewire\livewire\src\LivewireManager.php:197
C:\XAMPP\htdocs\ictserve-031125\vendor\laravel\framework\src\Illuminate\Support\Facades\Facade.php:363
C:\XAMPP\htdocs\ictserve-031125\tests\Feature\Filament\AdminPanelResourceTest.php:78</error>
        </testcase>
        <testcase name="test_staff_cannot_access_asset_list" file="C:\XAMPP\htdocs\ictserve-031125\tests\Feature\Filament\AdminPanelResourceTest.php" line="83" class="Tests\Feature\Filament\AdminPanelResourceTest" classname="Tests.Feature.Filament.AdminPanelResourceTest" assertions="1" time="4.017523"/>
        <testcase name="test_admin_can_create_asset" file="C:\XAMPP\htdocs\ictserve-031125\tests\Feature\Filament\AdminPanelResourceTest.php" line="92" class="Tests\Feature\Filament\AdminPanelResourceTest" classname="Tests.Feature.Filament.AdminPanelResourceTest" assertions="0" time="4.994041">
          <error type="Livewire\Exceptions\ComponentNotFoundException">Tests\Feature\Filament\AdminPanelResourceTest::test_admin_can_create_asset&#13;
Livewire\Exceptions\ComponentNotFoundException: Unable to find component: [App\Filament\Resources\Assets\AssetResource\Pages\CreateAsset]
&#13;
C:\XAMPP\htdocs\ictserve-031125\vendor\livewire\livewire\src\Mechanisms\ComponentRegistry.php:116
C:\XAMPP\htdocs\ictserve-031125\vendor\livewire\livewire\src\Mechanisms\ComponentRegistry.php:25
C:\XAMPP\htdocs\ictserve-031125\vendor\livewire\livewire\src\LivewireManager.php:58
C:\XAMPP\htdocs\ictserve-031125\vendor\livewire\livewire\src\Mechanisms\HandleComponents\HandleComponents.php:43
C:\XAMPP\htdocs\ictserve-031125\vendor\livewire\livewire\src\LivewireManager.php:73
C:\XAMPP\htdocs\ictserve-031125\vendor\livewire\volt\src\LivewireManager.php:23
C:\XAMPP\htdocs\ictserve-031125\storage\framework\views\80166b2776fe506ccbd12ed90957de4a.php:7
C:\XAMPP\htdocs\ictserve-031125\vendor\livewire\livewire\src\Mechanisms\ExtendBlade\ExtendedCompilerEngine.php:37
C:\XAMPP\htdocs\ictserve-031125\vendor\livewire\livewire\src\Mechanisms\ExtendBlade\ExtendedCompilerEngine.php:38
C:\XAMPP\htdocs\ictserve-031125\vendor\laravel\framework\src\Illuminate\View\Engines\CompilerEngine.php:76
C:\XAMPP\htdocs\ictserve-031125\vendor\livewire\livewire\src\Mechanisms\ExtendBlade\ExtendedCompilerEngine.php:16
C:\XAMPP\htdocs\ictserve-031125\vendor\laravel\framework\src\Illuminate\View\View.php:208
C:\XAMPP\htdocs\ictserve-031125\vendor\laravel\framework\src\Illuminate\View\View.php:191
C:\XAMPP\htdocs\ictserve-031125\vendor\laravel\framework\src\Illuminate\View\View.php:160
C:\XAMPP\htdocs\ictserve-031125\vendor\laravel\framework\src\Illuminate\View\Compilers\BladeCompiler.php:352
C:\XAMPP\htdocs\ictserve-031125\vendor\laravel\framework\src\Illuminate\Support\Facades\Facade.php:363
C:\XAMPP\htdocs\ictserve-031125\vendor\livewire\livewire\src\Features\SupportTesting\InitialRender.php:25
C:\XAMPP\htdocs\ictserve-031125\vendor\laravel\framework\src\Illuminate\Routing\CallableDispatcher.php:39
C:\XAMPP\htdocs\ictserve-031125\vendor\laravel\framework\src\Illuminate\Routing\Route.php:243
C:\XAMPP\htdocs\ictserve-031125\vendor\laravel\framework\src\Illuminate\Routing\Route.php:214
C:\XAMPP\htdocs\ictserve-031125\vendor\laravel\framework\src\Illuminate\Routing\Router.php:822
C:\XAMPP\htdocs\ictserve-031125\vendor\laravel\framework\src\Illuminate\Pipeline\Pipeline.php:180
C:\XAMPP\htdocs\ictserve-031125\vendor\laravel\framework\src\Illuminate\Pipeline\Pipeline.php:137
C:\XAMPP\htdocs\ictserve-031125\vendor\laravel\framework\src\Illuminate\Routing\Router.php:821
C:\XAMPP\htdocs\ictserve-031125\vendor\laravel\framework\src\Illuminate\Routing\Router.php:800
C:\XAMPP\htdocs\ictserve-031125\vendor\laravel\framework\src\Illuminate\Routing\Router.php:764
C:\XAMPP\htdocs\ictserve-031125\vendor\laravel\framework\src\Illuminate\Routing\Router.php:753
C:\XAMPP\htdocs\ictserve-031125\vendor\laravel\framework\src\Illuminate\Foundation\Http\Kernel.php:200
C:\XAMPP\htdocs\ictserve-031125\vendor\laravel\framework\src\Illuminate\Pipeline\Pipeline.php:180
C:\XAMPP\htdocs\ictserve-031125\vendor\laravel\framework\src\Illuminate\Pipeline\Pipeline.php:137
C:\XAMPP\htdocs\ictserve-031125\vendor\laravel\framework\src\Illuminate\Foundation\Http\Kernel.php:175
C:\XAMPP\htdocs\ictserve-031125\vendor\laravel\framework\src\Illuminate\Foundation\Http\Kernel.php:144
C:\XAMPP\htdocs\ictserve-031125\vendor\laravel\framework\src\Illuminate\Foundation\Testing\Concerns\MakesHttpRequests.php:607
C:\XAMPP\htdocs\ictserve-031125\vendor\livewire\livewire\src\Features\SupportTesting\InitialRender.php:33
C:\XAMPP\htdocs\ictserve-031125\vendor\livewire\livewire\src\Features\SupportTesting\RequestBroker.php:30
C:\XAMPP\htdocs\ictserve-031125\vendor\livewire\livewire\src\Features\SupportTesting\InitialRender.php:32
C:\XAMPP\htdocs\ictserve-031125\vendor\livewire\livewire\src\Features\SupportTesting\Render.php:24
C:\XAMPP\htdocs\ictserve-031125\vendor\livewire\livewire\src\Features\SupportTesting\InitialRender.php:31
C:\XAMPP\htdocs\ictserve-031125\vendor\livewire\livewire\src\Features\SupportTesting\InitialRender.php:17
C:\XAMPP\htdocs\ictserve-031125\vendor\livewire\livewire\src\Features\SupportTesting\Testable.php:44
C:\XAMPP\htdocs\ictserve-031125\vendor\livewire\livewire\src\LivewireManager.php:197
C:\XAMPP\htdocs\ictserve-031125\vendor\laravel\framework\src\Illuminate\Support\Facades\Facade.php:363
C:\XAMPP\htdocs\ictserve-031125\tests\Feature\Filament\AdminPanelResourceTest.php:98</error>
        </testcase>
        <testcase name="test_admin_can_edit_asset" file="C:\XAMPP\htdocs\ictserve-031125\tests\Feature\Filament\AdminPanelResourceTest.php" line="123" class="Tests\Feature\Filament\AdminPanelResourceTest" classname="Tests.Feature.Filament.AdminPanelResourceTest" assertions="0" time="4.105734">
          <error type="Livewire\Exceptions\ComponentNotFoundException">Tests\Feature\Filament\AdminPanelResourceTest::test_admin_can_edit_asset&#13;
Livewire\Exceptions\ComponentNotFoundException: Unable to find component: [App\Filament\Resources\Assets\AssetResource\Pages\EditAsset]
&#13;
C:\XAMPP\htdocs\ictserve-031125\vendor\livewire\livewire\src\Mechanisms\ComponentRegistry.php:116
C:\XAMPP\htdocs\ictserve-031125\vendor\livewire\livewire\src\Mechanisms\ComponentRegistry.php:25
C:\XAMPP\htdocs\ictserve-031125\vendor\livewire\livewire\src\LivewireManager.php:58
C:\XAMPP\htdocs\ictserve-031125\vendor\livewire\livewire\src\Mechanisms\HandleComponents\HandleComponents.php:43
C:\XAMPP\htdocs\ictserve-031125\vendor\livewire\livewire\src\LivewireManager.php:73
C:\XAMPP\htdocs\ictserve-031125\vendor\livewire\volt\src\LivewireManager.php:23
C:\XAMPP\htdocs\ictserve-031125\storage\framework\views\80166b2776fe506ccbd12ed90957de4a.php:7
C:\XAMPP\htdocs\ictserve-031125\vendor\livewire\livewire\src\Mechanisms\ExtendBlade\ExtendedCompilerEngine.php:37
C:\XAMPP\htdocs\ictserve-031125\vendor\livewire\livewire\src\Mechanisms\ExtendBlade\ExtendedCompilerEngine.php:38
C:\XAMPP\htdocs\ictserve-031125\vendor\laravel\framework\src\Illuminate\View\Engines\CompilerEngine.php:76
C:\XAMPP\htdocs\ictserve-031125\vendor\livewire\livewire\src\Mechanisms\ExtendBlade\ExtendedCompilerEngine.php:16
C:\XAMPP\htdocs\ictserve-031125\vendor\laravel\framework\src\Illuminate\View\View.php:208
C:\XAMPP\htdocs\ictserve-031125\vendor\laravel\framework\src\Illuminate\View\View.php:191
C:\XAMPP\htdocs\ictserve-031125\vendor\laravel\framework\src\Illuminate\View\View.php:160
C:\XAMPP\htdocs\ictserve-031125\vendor\laravel\framework\src\Illuminate\View\Compilers\BladeCompiler.php:352
C:\XAMPP\htdocs\ictserve-031125\vendor\laravel\framework\src\Illuminate\Support\Facades\Facade.php:363
C:\XAMPP\htdocs\ictserve-031125\vendor\livewire\livewire\src\Features\SupportTesting\InitialRender.php:25
C:\XAMPP\htdocs\ictserve-031125\vendor\laravel\framework\src\Illuminate\Routing\CallableDispatcher.php:39
C:\XAMPP\htdocs\ictserve-031125\vendor\laravel\framework\src\Illuminate\Routing\Route.php:243
C:\XAMPP\htdocs\ictserve-031125\vendor\laravel\framework\src\Illuminate\Routing\Route.php:214
C:\XAMPP\htdocs\ictserve-031125\vendor\laravel\framework\src\Illuminate\Routing\Router.php:822
C:\XAMPP\htdocs\ictserve-031125\vendor\laravel\framework\src\Illuminate\Pipeline\Pipeline.php:180
C:\XAMPP\htdocs\ictserve-031125\vendor\laravel\framework\src\Illuminate\Pipeline\Pipeline.php:137
C:\XAMPP\htdocs\ictserve-031125\vendor\laravel\framework\src\Illuminate\Routing\Router.php:821
C:\XAMPP\htdocs\ictserve-031125\vendor\laravel\framework\src\Illuminate\Routing\Router.php:800
C:\XAMPP\htdocs\ictserve-031125\vendor\laravel\framework\src\Illuminate\Routing\Router.php:764
C:\XAMPP\htdocs\ictserve-031125\vendor\laravel\framework\src\Illuminate\Routing\Router.php:753
C:\XAMPP\htdocs\ictserve-031125\vendor\laravel\framework\src\Illuminate\Foundation\Http\Kernel.php:200
C:\XAMPP\htdocs\ictserve-031125\vendor\laravel\framework\src\Illuminate\Pipeline\Pipeline.php:180
C:\XAMPP\htdocs\ictserve-031125\vendor\laravel\framework\src\Illuminate\Pipeline\Pipeline.php:137
C:\XAMPP\htdocs\ictserve-031125\vendor\laravel\framework\src\Illuminate\Foundation\Http\Kernel.php:175
C:\XAMPP\htdocs\ictserve-031125\vendor\laravel\framework\src\Illuminate\Foundation\Http\Kernel.php:144
C:\XAMPP\htdocs\ictserve-031125\vendor\laravel\framework\src\Illuminate\Foundation\Testing\Concerns\MakesHttpRequests.php:607
C:\XAMPP\htdocs\ictserve-031125\vendor\livewire\livewire\src\Features\SupportTesting\InitialRender.php:33
C:\XAMPP\htdocs\ictserve-031125\vendor\livewire\livewire\src\Features\SupportTesting\RequestBroker.php:30
C:\XAMPP\htdocs\ictserve-031125\vendor\livewire\livewire\src\Features\SupportTesting\InitialRender.php:32
C:\XAMPP\htdocs\ictserve-031125\vendor\livewire\livewire\src\Features\SupportTesting\Render.php:24
C:\XAMPP\htdocs\ictserve-031125\vendor\livewire\livewire\src\Features\SupportTesting\InitialRender.php:31
C:\XAMPP\htdocs\ictserve-031125\vendor\livewire\livewire\src\Features\SupportTesting\InitialRender.php:17
C:\XAMPP\htdocs\ictserve-031125\vendor\livewire\livewire\src\Features\SupportTesting\Testable.php:44
C:\XAMPP\htdocs\ictserve-031125\vendor\livewire\livewire\src\LivewireManager.php:197
C:\XAMPP\htdocs\ictserve-031125\vendor\laravel\framework\src\Illuminate\Support\Facades\Facade.php:363
C:\XAMPP\htdocs\ictserve-031125\tests\Feature\Filament\AdminPanelResourceTest.php:130</error>
        </testcase>
        <testcase name="test_admin_can_view_asset_details" file="C:\XAMPP\htdocs\ictserve-031125\tests\Feature\Filament\AdminPanelResourceTest.php" line="145" class="Tests\Feature\Filament\AdminPanelResourceTest" classname="Tests.Feature.Filament.AdminPanelResourceTest" assertions="0" time="3.166264">
          <error type="Livewire\Exceptions\ComponentNotFoundException">Tests\Feature\Filament\AdminPanelResourceTest::test_admin_can_view_asset_details&#13;
Livewire\Exceptions\ComponentNotFoundException: Unable to find component: [App\Filament\Resources\Assets\AssetResource\Pages\ViewAsset]
&#13;
C:\XAMPP\htdocs\ictserve-031125\vendor\livewire\livewire\src\Mechanisms\ComponentRegistry.php:116
C:\XAMPP\htdocs\ictserve-031125\vendor\livewire\livewire\src\Mechanisms\ComponentRegistry.php:25
C:\XAMPP\htdocs\ictserve-031125\vendor\livewire\livewire\src\LivewireManager.php:58
C:\XAMPP\htdocs\ictserve-031125\vendor\livewire\livewire\src\Mechanisms\HandleComponents\HandleComponents.php:43
C:\XAMPP\htdocs\ictserve-031125\vendor\livewire\livewire\src\LivewireManager.php:73
C:\XAMPP\htdocs\ictserve-031125\vendor\livewire\volt\src\LivewireManager.php:23
C:\XAMPP\htdocs\ictserve-031125\storage\framework\views\80166b2776fe506ccbd12ed90957de4a.php:7
C:\XAMPP\htdocs\ictserve-031125\vendor\livewire\livewire\src\Mechanisms\ExtendBlade\ExtendedCompilerEngine.php:37
C:\XAMPP\htdocs\ictserve-031125\vendor\livewire\livewire\src\Mechanisms\ExtendBlade\ExtendedCompilerEngine.php:38
C:\XAMPP\htdocs\ictserve-031125\vendor\laravel\framework\src\Illuminate\View\Engines\CompilerEngine.php:76
C:\XAMPP\htdocs\ictserve-031125\vendor\livewire\livewire\src\Mechanisms\ExtendBlade\ExtendedCompilerEngine.php:16
C:\XAMPP\htdocs\ictserve-031125\vendor\laravel\framework\src\Illuminate\View\View.php:208
C:\XAMPP\htdocs\ictserve-031125\vendor\laravel\framework\src\Illuminate\View\View.php:191
C:\XAMPP\htdocs\ictserve-031125\vendor\laravel\framework\src\Illuminate\View\View.php:160
C:\XAMPP\htdocs\ictserve-031125\vendor\laravel\framework\src\Illuminate\View\Compilers\BladeCompiler.php:352
C:\XAMPP\htdocs\ictserve-031125\vendor\laravel\framework\src\Illuminate\Support\Facades\Facade.php:363
C:\XAMPP\htdocs\ictserve-031125\vendor\livewire\livewire\src\Features\SupportTesting\InitialRender.php:25
C:\XAMPP\htdocs\ictserve-031125\vendor\laravel\framework\src\Illuminate\Routing\CallableDispatcher.php:39
C:\XAMPP\htdocs\ictserve-031125\vendor\laravel\framework\src\Illuminate\Routing\Route.php:243
C:\XAMPP\htdocs\ictserve-031125\vendor\laravel\framework\src\Illuminate\Routing\Route.php:214
C:\XAMPP\htdocs\ictserve-031125\vendor\laravel\framework\src\Illuminate\Routing\Router.php:822
C:\XAMPP\htdocs\ictserve-031125\vendor\laravel\framework\src\Illuminate\Pipeline\Pipeline.php:180
C:\XAMPP\htdocs\ictserve-031125\vendor\laravel\framework\src\Illuminate\Pipeline\Pipeline.php:137
C:\XAMPP\htdocs\ictserve-031125\vendor\laravel\framework\src\Illuminate\Routing\Router.php:821
C:\XAMPP\htdocs\ictserve-031125\vendor\laravel\framework\src\Illuminate\Routing\Router.php:800
C:\XAMPP\htdocs\ictserve-031125\vendor\laravel\framework\src\Illuminate\Routing\Router.php:764
C:\XAMPP\htdocs\ictserve-031125\vendor\laravel\framework\src\Illuminate\Routing\Router.php:753
C:\XAMPP\htdocs\ictserve-031125\vendor\laravel\framework\src\Illuminate\Foundation\Http\Kernel.php:200
C:\XAMPP\htdocs\ictserve-031125\vendor\laravel\framework\src\Illuminate\Pipeline\Pipeline.php:180
C:\XAMPP\htdocs\ictserve-031125\vendor\laravel\framework\src\Illuminate\Pipeline\Pipeline.php:137
C:\XAMPP\htdocs\ictserve-031125\vendor\laravel\framework\src\Illuminate\Foundation\Http\Kernel.php:175
C:\XAMPP\htdocs\ictserve-031125\vendor\laravel\framework\src\Illuminate\Foundation\Http\Kernel.php:144
C:\XAMPP\htdocs\ictserve-031125\vendor\laravel\framework\src\Illuminate\Foundation\Testing\Concerns\MakesHttpRequests.php:607
C:\XAMPP\htdocs\ictserve-031125\vendor\livewire\livewire\src\Features\SupportTesting\InitialRender.php:33
C:\XAMPP\htdocs\ictserve-031125\vendor\livewire\livewire\src\Features\SupportTesting\RequestBroker.php:30
C:\XAMPP\htdocs\ictserve-031125\vendor\livewire\livewire\src\Features\SupportTesting\InitialRender.php:32
C:\XAMPP\htdocs\ictserve-031125\vendor\livewire\livewire\src\Features\SupportTesting\Render.php:24
C:\XAMPP\htdocs\ictserve-031125\vendor\livewire\livewire\src\Features\SupportTesting\InitialRender.php:31
C:\XAMPP\htdocs\ictserve-031125\vendor\livewire\livewire\src\Features\SupportTesting\InitialRender.php:17
C:\XAMPP\htdocs\ictserve-031125\vendor\livewire\livewire\src\Features\SupportTesting\Testable.php:44
C:\XAMPP\htdocs\ictserve-031125\vendor\livewire\livewire\src\LivewireManager.php:197
C:\XAMPP\htdocs\ictserve-031125\vendor\laravel\framework\src\Illuminate\Support\Facades\Facade.php:363
C:\XAMPP\htdocs\ictserve-031125\tests\Feature\Filament\AdminPanelResourceTest.php:152</error>
        </testcase>
        <testcase name="test_admin_can_delete_asset" file="C:\XAMPP\htdocs\ictserve-031125\tests\Feature\Filament\AdminPanelResourceTest.php" line="158" class="Tests\Feature\Filament\AdminPanelResourceTest" classname="Tests.Feature.Filament.AdminPanelResourceTest" assertions="0" time="3.272310">
          <error type="Livewire\Exceptions\ComponentNotFoundException">Tests\Feature\Filament\AdminPanelResourceTest::test_admin_can_delete_asset&#13;
Livewire\Exceptions\ComponentNotFoundException: Unable to find component: [App\Filament\Resources\Assets\AssetResource\Pages\EditAsset]
&#13;
C:\XAMPP\htdocs\ictserve-031125\vendor\livewire\livewire\src\Mechanisms\ComponentRegistry.php:116
C:\XAMPP\htdocs\ictserve-031125\vendor\livewire\livewire\src\Mechanisms\ComponentRegistry.php:25
C:\XAMPP\htdocs\ictserve-031125\vendor\livewire\livewire\src\LivewireManager.php:58
C:\XAMPP\htdocs\ictserve-031125\vendor\livewire\livewire\src\Mechanisms\HandleComponents\HandleComponents.php:43
C:\XAMPP\htdocs\ictserve-031125\vendor\livewire\livewire\src\LivewireManager.php:73
C:\XAMPP\htdocs\ictserve-031125\vendor\livewire\volt\src\LivewireManager.php:23
C:\XAMPP\htdocs\ictserve-031125\storage\framework\views\80166b2776fe506ccbd12ed90957de4a.php:7
C:\XAMPP\htdocs\ictserve-031125\vendor\livewire\livewire\src\Mechanisms\ExtendBlade\ExtendedCompilerEngine.php:37
C:\XAMPP\htdocs\ictserve-031125\vendor\livewire\livewire\src\Mechanisms\ExtendBlade\ExtendedCompilerEngine.php:38
C:\XAMPP\htdocs\ictserve-031125\vendor\laravel\framework\src\Illuminate\View\Engines\CompilerEngine.php:76
C:\XAMPP\htdocs\ictserve-031125\vendor\livewire\livewire\src\Mechanisms\ExtendBlade\ExtendedCompilerEngine.php:16
C:\XAMPP\htdocs\ictserve-031125\vendor\laravel\framework\src\Illuminate\View\View.php:208
C:\XAMPP\htdocs\ictserve-031125\vendor\laravel\framework\src\Illuminate\View\View.php:191
C:\XAMPP\htdocs\ictserve-031125\vendor\laravel\framework\src\Illuminate\View\View.php:160
C:\XAMPP\htdocs\ictserve-031125\vendor\laravel\framework\src\Illuminate\View\Compilers\BladeCompiler.php:352
C:\XAMPP\htdocs\ictserve-031125\vendor\laravel\framework\src\Illuminate\Support\Facades\Facade.php:363
C:\XAMPP\htdocs\ictserve-031125\vendor\livewire\livewire\src\Features\SupportTesting\InitialRender.php:25
C:\XAMPP\htdocs\ictserve-031125\vendor\laravel\framework\src\Illuminate\Routing\CallableDispatcher.php:39
C:\XAMPP\htdocs\ictserve-031125\vendor\laravel\framework\src\Illuminate\Routing\Route.php:243
C:\XAMPP\htdocs\ictserve-031125\vendor\laravel\framework\src\Illuminate\Routing\Route.php:214
C:\XAMPP\htdocs\ictserve-031125\vendor\laravel\framework\src\Illuminate\Routing\Router.php:822
C:\XAMPP\htdocs\ictserve-031125\vendor\laravel\framework\src\Illuminate\Pipeline\Pipeline.php:180
C:\XAMPP\htdocs\ictserve-031125\vendor\laravel\framework\src\Illuminate\Pipeline\Pipeline.php:137
C:\XAMPP\htdocs\ictserve-031125\vendor\laravel\framework\src\Illuminate\Routing\Router.php:821
C:\XAMPP\htdocs\ictserve-031125\vendor\laravel\framework\src\Illuminate\Routing\Router.php:800
C:\XAMPP\htdocs\ictserve-031125\vendor\laravel\framework\src\Illuminate\Routing\Router.php:764
C:\XAMPP\htdocs\ictserve-031125\vendor\laravel\framework\src\Illuminate\Routing\Router.php:753
C:\XAMPP\htdocs\ictserve-031125\vendor\laravel\framework\src\Illuminate\Foundation\Http\Kernel.php:200
C:\XAMPP\htdocs\ictserve-031125\vendor\laravel\framework\src\Illuminate\Pipeline\Pipeline.php:180
C:\XAMPP\htdocs\ictserve-031125\vendor\laravel\framework\src\Illuminate\Pipeline\Pipeline.php:137
C:\XAMPP\htdocs\ictserve-031125\vendor\laravel\framework\src\Illuminate\Foundation\Http\Kernel.php:175
C:\XAMPP\htdocs\ictserve-031125\vendor\laravel\framework\src\Illuminate\Foundation\Http\Kernel.php:144
C:\XAMPP\htdocs\ictserve-031125\vendor\laravel\framework\src\Illuminate\Foundation\Testing\Concerns\MakesHttpRequests.php:607
C:\XAMPP\htdocs\ictserve-031125\vendor\livewire\livewire\src\Features\SupportTesting\InitialRender.php:33
C:\XAMPP\htdocs\ictserve-031125\vendor\livewire\livewire\src\Features\SupportTesting\RequestBroker.php:30
C:\XAMPP\htdocs\ictserve-031125\vendor\livewire\livewire\src\Features\SupportTesting\InitialRender.php:32
C:\XAMPP\htdocs\ictserve-031125\vendor\livewire\livewire\src\Features\SupportTesting\Render.php:24
C:\XAMPP\htdocs\ictserve-031125\vendor\livewire\livewire\src\Features\SupportTesting\InitialRender.php:31
C:\XAMPP\htdocs\ictserve-031125\vendor\livewire\livewire\src\Features\SupportTesting\InitialRender.php:17
C:\XAMPP\htdocs\ictserve-031125\vendor\livewire\livewire\src\Features\SupportTesting\Testable.php:44
C:\XAMPP\htdocs\ictserve-031125\vendor\livewire\livewire\src\LivewireManager.php:197
C:\XAMPP\htdocs\ictserve-031125\vendor\laravel\framework\src\Illuminate\Support\Facades\Facade.php:363
C:\XAMPP\htdocs\ictserve-031125\tests\Feature\Filament\AdminPanelResourceTest.php:165</error>
        </testcase>
        <testcase name="test_admin_can_view_loan_application_list" file="C:\XAMPP\htdocs\ictserve-031125\tests\Feature\Filament\AdminPanelResourceTest.php" line="175" class="Tests\Feature\Filament\AdminPanelResourceTest" classname="Tests.Feature.Filament.AdminPanelResourceTest" assertions="0" time="3.564075">
          <error type="Livewire\Exceptions\ComponentNotFoundException">Tests\Feature\Filament\AdminPanelResourceTest::test_admin_can_view_loan_application_list&#13;
Livewire\Exceptions\ComponentNotFoundException: Unable to find component: [App\Filament\Resources\Loans\LoanApplicationResource\Pages\ListLoanApplications]
&#13;
C:\XAMPP\htdocs\ictserve-031125\vendor\livewire\livewire\src\Mechanisms\ComponentRegistry.php:116
C:\XAMPP\htdocs\ictserve-031125\vendor\livewire\livewire\src\Mechanisms\ComponentRegistry.php:25
C:\XAMPP\htdocs\ictserve-031125\vendor\livewire\livewire\src\LivewireManager.php:58
C:\XAMPP\htdocs\ictserve-031125\vendor\livewire\livewire\src\Mechanisms\HandleComponents\HandleComponents.php:43
C:\XAMPP\htdocs\ictserve-031125\vendor\livewire\livewire\src\LivewireManager.php:73
C:\XAMPP\htdocs\ictserve-031125\vendor\livewire\volt\src\LivewireManager.php:23
C:\XAMPP\htdocs\ictserve-031125\storage\framework\views\80166b2776fe506ccbd12ed90957de4a.php:7
C:\XAMPP\htdocs\ictserve-031125\vendor\livewire\livewire\src\Mechanisms\ExtendBlade\ExtendedCompilerEngine.php:37
C:\XAMPP\htdocs\ictserve-031125\vendor\livewire\livewire\src\Mechanisms\ExtendBlade\ExtendedCompilerEngine.php:38
C:\XAMPP\htdocs\ictserve-031125\vendor\laravel\framework\src\Illuminate\View\Engines\CompilerEngine.php:76
C:\XAMPP\htdocs\ictserve-031125\vendor\livewire\livewire\src\Mechanisms\ExtendBlade\ExtendedCompilerEngine.php:16
C:\XAMPP\htdocs\ictserve-031125\vendor\laravel\framework\src\Illuminate\View\View.php:208
C:\XAMPP\htdocs\ictserve-031125\vendor\laravel\framework\src\Illuminate\View\View.php:191
C:\XAMPP\htdocs\ictserve-031125\vendor\laravel\framework\src\Illuminate\View\View.php:160
C:\XAMPP\htdocs\ictserve-031125\vendor\laravel\framework\src\Illuminate\View\Compilers\BladeCompiler.php:352
C:\XAMPP\htdocs\ictserve-031125\vendor\laravel\framework\src\Illuminate\Support\Facades\Facade.php:363
C:\XAMPP\htdocs\ictserve-031125\vendor\livewire\livewire\src\Features\SupportTesting\InitialRender.php:25
C:\XAMPP\htdocs\ictserve-031125\vendor\laravel\framework\src\Illuminate\Routing\CallableDispatcher.php:39
C:\XAMPP\htdocs\ictserve-031125\vendor\laravel\framework\src\Illuminate\Routing\Route.php:243
C:\XAMPP\htdocs\ictserve-031125\vendor\laravel\framework\src\Illuminate\Routing\Route.php:214
C:\XAMPP\htdocs\ictserve-031125\vendor\laravel\framework\src\Illuminate\Routing\Router.php:822
C:\XAMPP\htdocs\ictserve-031125\vendor\laravel\framework\src\Illuminate\Pipeline\Pipeline.php:180
C:\XAMPP\htdocs\ictserve-031125\vendor\laravel\framework\src\Illuminate\Pipeline\Pipeline.php:137
C:\XAMPP\htdocs\ictserve-031125\vendor\laravel\framework\src\Illuminate\Routing\Router.php:821
C:\XAMPP\htdocs\ictserve-031125\vendor\laravel\framework\src\Illuminate\Routing\Router.php:800
C:\XAMPP\htdocs\ictserve-031125\vendor\laravel\framework\src\Illuminate\Routing\Router.php:764
C:\XAMPP\htdocs\ictserve-031125\vendor\laravel\framework\src\Illuminate\Routing\Router.php:753
C:\XAMPP\htdocs\ictserve-031125\vendor\laravel\framework\src\Illuminate\Foundation\Http\Kernel.php:200
C:\XAMPP\htdocs\ictserve-031125\vendor\laravel\framework\src\Illuminate\Pipeline\Pipeline.php:180
C:\XAMPP\htdocs\ictserve-031125\vendor\laravel\framework\src\Illuminate\Pipeline\Pipeline.php:137
C:\XAMPP\htdocs\ictserve-031125\vendor\laravel\framework\src\Illuminate\Foundation\Http\Kernel.php:175
C:\XAMPP\htdocs\ictserve-031125\vendor\laravel\framework\src\Illuminate\Foundation\Http\Kernel.php:144
C:\XAMPP\htdocs\ictserve-031125\vendor\laravel\framework\src\Illuminate\Foundation\Testing\Concerns\MakesHttpRequests.php:607
C:\XAMPP\htdocs\ictserve-031125\vendor\livewire\livewire\src\Features\SupportTesting\InitialRender.php:33
C:\XAMPP\htdocs\ictserve-031125\vendor\livewire\livewire\src\Features\SupportTesting\RequestBroker.php:30
C:\XAMPP\htdocs\ictserve-031125\vendor\livewire\livewire\src\Features\SupportTesting\InitialRender.php:32
C:\XAMPP\htdocs\ictserve-031125\vendor\livewire\livewire\src\Features\SupportTesting\Render.php:24
C:\XAMPP\htdocs\ictserve-031125\vendor\livewire\livewire\src\Features\SupportTesting\InitialRender.php:31
C:\XAMPP\htdocs\ictserve-031125\vendor\livewire\livewire\src\Features\SupportTesting\InitialRender.php:17
C:\XAMPP\htdocs\ictserve-031125\vendor\livewire\livewire\src\Features\SupportTesting\Testable.php:44
C:\XAMPP\htdocs\ictserve-031125\vendor\livewire\livewire\src\LivewireManager.php:197
C:\XAMPP\htdocs\ictserve-031125\vendor\laravel\framework\src\Illuminate\Support\Facades\Facade.php:363
C:\XAMPP\htdocs\ictserve-031125\tests\Feature\Filament\AdminPanelResourceTest.php:182</error>
        </testcase>
        <testcase name="test_staff_cannot_access_loan_application_admin" file="C:\XAMPP\htdocs\ictserve-031125\tests\Feature\Filament\AdminPanelResourceTest.php" line="187" class="Tests\Feature\Filament\AdminPanelResourceTest" classname="Tests.Feature.Filament.AdminPanelResourceTest" assertions="1" time="3.227251"/>
        <testcase name="test_admin_can_view_loan_application_details" file="C:\XAMPP\htdocs\ictserve-031125\tests\Feature\Filament\AdminPanelResourceTest.php" line="196" class="Tests\Feature\Filament\AdminPanelResourceTest" classname="Tests.Feature.Filament.AdminPanelResourceTest" assertions="0" time="5.531554">
          <error type="Livewire\Exceptions\ComponentNotFoundException">Tests\Feature\Filament\AdminPanelResourceTest::test_admin_can_view_loan_application_details&#13;
Livewire\Exceptions\ComponentNotFoundException: Unable to find component: [App\Filament\Resources\Loans\LoanApplicationResource\Pages\ViewLoanApplication]
&#13;
C:\XAMPP\htdocs\ictserve-031125\vendor\livewire\livewire\src\Mechanisms\ComponentRegistry.php:116
C:\XAMPP\htdocs\ictserve-031125\vendor\livewire\livewire\src\Mechanisms\ComponentRegistry.php:25
C:\XAMPP\htdocs\ictserve-031125\vendor\livewire\livewire\src\LivewireManager.php:58
C:\XAMPP\htdocs\ictserve-031125\vendor\livewire\livewire\src\Mechanisms\HandleComponents\HandleComponents.php:43
C:\XAMPP\htdocs\ictserve-031125\vendor\livewire\livewire\src\LivewireManager.php:73
C:\XAMPP\htdocs\ictserve-031125\vendor\livewire\volt\src\LivewireManager.php:23
C:\XAMPP\htdocs\ictserve-031125\storage\framework\views\80166b2776fe506ccbd12ed90957de4a.php:7
C:\XAMPP\htdocs\ictserve-031125\vendor\livewire\livewire\src\Mechanisms\ExtendBlade\ExtendedCompilerEngine.php:37
C:\XAMPP\htdocs\ictserve-031125\vendor\livewire\livewire\src\Mechanisms\ExtendBlade\ExtendedCompilerEngine.php:38
C:\XAMPP\htdocs\ictserve-031125\vendor\laravel\framework\src\Illuminate\View\Engines\CompilerEngine.php:76
C:\XAMPP\htdocs\ictserve-031125\vendor\livewire\livewire\src\Mechanisms\ExtendBlade\ExtendedCompilerEngine.php:16
C:\XAMPP\htdocs\ictserve-031125\vendor\laravel\framework\src\Illuminate\View\View.php:208
C:\XAMPP\htdocs\ictserve-031125\vendor\laravel\framework\src\Illuminate\View\View.php:191
C:\XAMPP\htdocs\ictserve-031125\vendor\laravel\framework\src\Illuminate\View\View.php:160
C:\XAMPP\htdocs\ictserve-031125\vendor\laravel\framework\src\Illuminate\View\Compilers\BladeCompiler.php:352
C:\XAMPP\htdocs\ictserve-031125\vendor\laravel\framework\src\Illuminate\Support\Facades\Facade.php:363
C:\XAMPP\htdocs\ictserve-031125\vendor\livewire\livewire\src\Features\SupportTesting\InitialRender.php:25
C:\XAMPP\htdocs\ictserve-031125\vendor\laravel\framework\src\Illuminate\Routing\CallableDispatcher.php:39
C:\XAMPP\htdocs\ictserve-031125\vendor\laravel\framework\src\Illuminate\Routing\Route.php:243
C:\XAMPP\htdocs\ictserve-031125\vendor\laravel\framework\src\Illuminate\Routing\Route.php:214
C:\XAMPP\htdocs\ictserve-031125\vendor\laravel\framework\src\Illuminate\Routing\Router.php:822
C:\XAMPP\htdocs\ictserve-031125\vendor\laravel\framework\src\Illuminate\Pipeline\Pipeline.php:180
C:\XAMPP\htdocs\ictserve-031125\vendor\laravel\framework\src\Illuminate\Pipeline\Pipeline.php:137
C:\XAMPP\htdocs\ictserve-031125\vendor\laravel\framework\src\Illuminate\Routing\Router.php:821
C:\XAMPP\htdocs\ictserve-031125\vendor\laravel\framework\src\Illuminate\Routing\Router.php:800
C:\XAMPP\htdocs\ictserve-031125\vendor\laravel\framework\src\Illuminate\Routing\Router.php:764
C:\XAMPP\htdocs\ictserve-031125\vendor\laravel\framework\src\Illuminate\Routing\Router.php:753
C:\XAMPP\htdocs\ictserve-031125\vendor\laravel\framework\src\Illuminate\Foundation\Http\Kernel.php:200
C:\XAMPP\htdocs\ictserve-031125\vendor\laravel\framework\src\Illuminate\Pipeline\Pipeline.php:180
C:\XAMPP\htdocs\ictserve-031125\vendor\laravel\framework\src\Illuminate\Pipeline\Pipeline.php:137
C:\XAMPP\htdocs\ictserve-031125\vendor\laravel\framework\src\Illuminate\Foundation\Http\Kernel.php:175
C:\XAMPP\htdocs\ictserve-031125\vendor\laravel\framework\src\Illuminate\Foundation\Http\Kernel.php:144
C:\XAMPP\htdocs\ictserve-031125\vendor\laravel\framework\src\Illuminate\Foundation\Testing\Concerns\MakesHttpRequests.php:607
C:\XAMPP\htdocs\ictserve-031125\vendor\livewire\livewire\src\Features\SupportTesting\InitialRender.php:33
C:\XAMPP\htdocs\ictserve-031125\vendor\livewire\livewire\src\Features\SupportTesting\RequestBroker.php:30
C:\XAMPP\htdocs\ictserve-031125\vendor\livewire\livewire\src\Features\SupportTesting\InitialRender.php:32
C:\XAMPP\htdocs\ictserve-031125\vendor\livewire\livewire\src\Features\SupportTesting\Render.php:24
C:\XAMPP\htdocs\ictserve-031125\vendor\livewire\livewire\src\Features\SupportTesting\InitialRender.php:31
C:\XAMPP\htdocs\ictserve-031125\vendor\livewire\livewire\src\Features\SupportTesting\InitialRender.php:17
C:\XAMPP\htdocs\ictserve-031125\vendor\livewire\livewire\src\Features\SupportTesting\Testable.php:44
C:\XAMPP\htdocs\ictserve-031125\vendor\livewire\livewire\src\LivewireManager.php:197
C:\XAMPP\htdocs\ictserve-031125\vendor\laravel\framework\src\Illuminate\Support\Facades\Facade.php:363
C:\XAMPP\htdocs\ictserve-031125\tests\Feature\Filament\AdminPanelResourceTest.php:203</error>
        </testcase>
        <testcase name="test_admin_can_edit_loan_application" file="C:\XAMPP\htdocs\ictserve-031125\tests\Feature\Filament\AdminPanelResourceTest.php" line="209" class="Tests\Feature\Filament\AdminPanelResourceTest" classname="Tests.Feature.Filament.AdminPanelResourceTest" assertions="0" time="5.676177">
          <error type="Livewire\Exceptions\ComponentNotFoundException">Tests\Feature\Filament\AdminPanelResourceTest::test_admin_can_edit_loan_application&#13;
Livewire\Exceptions\ComponentNotFoundException: Unable to find component: [App\Filament\Resources\Loans\LoanApplicationResource\Pages\EditLoanApplication]
&#13;
C:\XAMPP\htdocs\ictserve-031125\vendor\livewire\livewire\src\Mechanisms\ComponentRegistry.php:116
C:\XAMPP\htdocs\ictserve-031125\vendor\livewire\livewire\src\Mechanisms\ComponentRegistry.php:25
C:\XAMPP\htdocs\ictserve-031125\vendor\livewire\livewire\src\LivewireManager.php:58
C:\XAMPP\htdocs\ictserve-031125\vendor\livewire\livewire\src\Mechanisms\HandleComponents\HandleComponents.php:43
C:\XAMPP\htdocs\ictserve-031125\vendor\livewire\livewire\src\LivewireManager.php:73
C:\XAMPP\htdocs\ictserve-031125\vendor\livewire\volt\src\LivewireManager.php:23
C:\XAMPP\htdocs\ictserve-031125\storage\framework\views\80166b2776fe506ccbd12ed90957de4a.php:7
C:\XAMPP\htdocs\ictserve-031125\vendor\livewire\livewire\src\Mechanisms\ExtendBlade\ExtendedCompilerEngine.php:37
C:\XAMPP\htdocs\ictserve-031125\vendor\livewire\livewire\src\Mechanisms\ExtendBlade\ExtendedCompilerEngine.php:38
C:\XAMPP\htdocs\ictserve-031125\vendor\laravel\framework\src\Illuminate\View\Engines\CompilerEngine.php:76
C:\XAMPP\htdocs\ictserve-031125\vendor\livewire\livewire\src\Mechanisms\ExtendBlade\ExtendedCompilerEngine.php:16
C:\XAMPP\htdocs\ictserve-031125\vendor\laravel\framework\src\Illuminate\View\View.php:208
C:\XAMPP\htdocs\ictserve-031125\vendor\laravel\framework\src\Illuminate\View\View.php:191
C:\XAMPP\htdocs\ictserve-031125\vendor\laravel\framework\src\Illuminate\View\View.php:160
C:\XAMPP\htdocs\ictserve-031125\vendor\laravel\framework\src\Illuminate\View\Compilers\BladeCompiler.php:352
C:\XAMPP\htdocs\ictserve-031125\vendor\laravel\framework\src\Illuminate\Support\Facades\Facade.php:363
C:\XAMPP\htdocs\ictserve-031125\vendor\livewire\livewire\src\Features\SupportTesting\InitialRender.php:25
C:\XAMPP\htdocs\ictserve-031125\vendor\laravel\framework\src\Illuminate\Routing\CallableDispatcher.php:39
C:\XAMPP\htdocs\ictserve-031125\vendor\laravel\framework\src\Illuminate\Routing\Route.php:243
C:\XAMPP\htdocs\ictserve-031125\vendor\laravel\framework\src\Illuminate\Routing\Route.php:214
C:\XAMPP\htdocs\ictserve-031125\vendor\laravel\framework\src\Illuminate\Routing\Router.php:822
C:\XAMPP\htdocs\ictserve-031125\vendor\laravel\framework\src\Illuminate\Pipeline\Pipeline.php:180
C:\XAMPP\htdocs\ictserve-031125\vendor\laravel\framework\src\Illuminate\Pipeline\Pipeline.php:137
C:\XAMPP\htdocs\ictserve-031125\vendor\laravel\framework\src\Illuminate\Routing\Router.php:821
C:\XAMPP\htdocs\ictserve-031125\vendor\laravel\framework\src\Illuminate\Routing\Router.php:800
C:\XAMPP\htdocs\ictserve-031125\vendor\laravel\framework\src\Illuminate\Routing\Router.php:764
C:\XAMPP\htdocs\ictserve-031125\vendor\laravel\framework\src\Illuminate\Routing\Router.php:753
C:\XAMPP\htdocs\ictserve-031125\vendor\laravel\framework\src\Illuminate\Foundation\Http\Kernel.php:200
C:\XAMPP\htdocs\ictserve-031125\vendor\laravel\framework\src\Illuminate\Pipeline\Pipeline.php:180
C:\XAMPP\htdocs\ictserve-031125\vendor\laravel\framework\src\Illuminate\Pipeline\Pipeline.php:137
C:\XAMPP\htdocs\ictserve-031125\vendor\laravel\framework\src\Illuminate\Foundation\Http\Kernel.php:175
C:\XAMPP\htdocs\ictserve-031125\vendor\laravel\framework\src\Illuminate\Foundation\Http\Kernel.php:144
C:\XAMPP\htdocs\ictserve-031125\vendor\laravel\framework\src\Illuminate\Foundation\Testing\Concerns\MakesHttpRequests.php:607
C:\XAMPP\htdocs\ictserve-031125\vendor\livewire\livewire\src\Features\SupportTesting\InitialRender.php:33
C:\XAMPP\htdocs\ictserve-031125\vendor\livewire\livewire\src\Features\SupportTesting\RequestBroker.php:30
C:\XAMPP\htdocs\ictserve-031125\vendor\livewire\livewire\src\Features\SupportTesting\InitialRender.php:32
C:\XAMPP\htdocs\ictserve-031125\vendor\livewire\livewire\src\Features\SupportTesting\Render.php:24
C:\XAMPP\htdocs\ictserve-031125\vendor\livewire\livewire\src\Features\SupportTesting\InitialRender.php:31
C:\XAMPP\htdocs\ictserve-031125\vendor\livewire\livewire\src\Features\SupportTesting\InitialRender.php:17
C:\XAMPP\htdocs\ictserve-031125\vendor\livewire\livewire\src\Features\SupportTesting\Testable.php:44
C:\XAMPP\htdocs\ictserve-031125\vendor\livewire\livewire\src\LivewireManager.php:197
C:\XAMPP\htdocs\ictserve-031125\vendor\laravel\framework\src\Illuminate\Support\Facades\Facade.php:363
C:\XAMPP\htdocs\ictserve-031125\tests\Feature\Filament\AdminPanelResourceTest.php:219</error>
        </testcase>
        <testcase name="test_superuser_has_full_access_to_all_resources" file="C:\XAMPP\htdocs\ictserve-031125\tests\Feature\Filament\AdminPanelResourceTest.php" line="238" class="Tests\Feature\Filament\AdminPanelResourceTest" classname="Tests.Feature.Filament.AdminPanelResourceTest" assertions="1" time="3.642214">
          <failure type="PHPUnit\Framework\ExpectationFailedException">Tests\Feature\Filament\AdminPanelResourceTest::test_superuser_has_full_access_to_all_resources&#13;
Expected response status code [&gt;=200, &lt;300] but received 403.
Failed asserting that false is true.
&#13;
C:\XAMPP\htdocs\ictserve-031125\vendor\laravel\framework\src\Illuminate\Testing\TestResponseAssert.php:45
C:\XAMPP\htdocs\ictserve-031125\vendor\laravel\framework\src\Illuminate\Testing\TestResponse.php:103
C:\XAMPP\htdocs\ictserve-031125\tests\Feature\Filament\AdminPanelResourceTest.php:244</failure>
        </testcase>
        <testcase name="test_approver_can_view_but_not_manage_resources" file="C:\XAMPP\htdocs\ictserve-031125\tests\Feature\Filament\AdminPanelResourceTest.php" line="251" class="Tests\Feature\Filament\AdminPanelResourceTest" classname="Tests.Feature.Filament.AdminPanelResourceTest" assertions="2" time="3.854164"/>
        <testcase name="test_resource_authorization_checks_are_enforced" file="C:\XAMPP\htdocs\ictserve-031125\tests\Feature\Filament\AdminPanelResourceTest.php" line="263" class="Tests\Feature\Filament\AdminPanelResourceTest" classname="Tests.Feature.Filament.AdminPanelResourceTest" assertions="2" time="3.859017">
          <failure type="PHPUnit\Framework\ExpectationFailedException">Tests\Feature\Filament\AdminPanelResourceTest::test_resource_authorization_checks_are_enforced&#13;
Expected response status code [&gt;=200, &lt;300] but received 403.
Failed asserting that false is true.
&#13;
C:\XAMPP\htdocs\ictserve-031125\vendor\laravel\framework\src\Illuminate\Testing\TestResponseAssert.php:45
C:\XAMPP\htdocs\ictserve-031125\vendor\laravel\framework\src\Illuminate\Testing\TestResponse.php:103
C:\XAMPP\htdocs\ictserve-031125\tests\Feature\Filament\AdminPanelResourceTest.php:278</failure>
        </testcase>
        <testcase name="test_asset_resource_displays_loan_history" file="C:\XAMPP\htdocs\ictserve-031125\tests\Feature\Filament\AdminPanelResourceTest.php" line="285" class="Tests\Feature\Filament\AdminPanelResourceTest" classname="Tests.Feature.Filament.AdminPanelResourceTest" assertions="0" time="4.278352">
          <error type="Livewire\Exceptions\ComponentNotFoundException">Tests\Feature\Filament\AdminPanelResourceTest::test_asset_resource_displays_loan_history&#13;
Livewire\Exceptions\ComponentNotFoundException: Unable to find component: [App\Filament\Resources\Assets\AssetResource\Pages\ViewAsset]
&#13;
C:\XAMPP\htdocs\ictserve-031125\vendor\livewire\livewire\src\Mechanisms\ComponentRegistry.php:116
C:\XAMPP\htdocs\ictserve-031125\vendor\livewire\livewire\src\Mechanisms\ComponentRegistry.php:25
C:\XAMPP\htdocs\ictserve-031125\vendor\livewire\livewire\src\LivewireManager.php:58
C:\XAMPP\htdocs\ictserve-031125\vendor\livewire\livewire\src\Mechanisms\HandleComponents\HandleComponents.php:43
C:\XAMPP\htdocs\ictserve-031125\vendor\livewire\livewire\src\LivewireManager.php:73
C:\XAMPP\htdocs\ictserve-031125\vendor\livewire\volt\src\LivewireManager.php:23
C:\XAMPP\htdocs\ictserve-031125\storage\framework\views\80166b2776fe506ccbd12ed90957de4a.php:7
C:\XAMPP\htdocs\ictserve-031125\vendor\livewire\livewire\src\Mechanisms\ExtendBlade\ExtendedCompilerEngine.php:37
C:\XAMPP\htdocs\ictserve-031125\vendor\livewire\livewire\src\Mechanisms\ExtendBlade\ExtendedCompilerEngine.php:38
C:\XAMPP\htdocs\ictserve-031125\vendor\laravel\framework\src\Illuminate\View\Engines\CompilerEngine.php:76
C:\XAMPP\htdocs\ictserve-031125\vendor\livewire\livewire\src\Mechanisms\ExtendBlade\ExtendedCompilerEngine.php:16
C:\XAMPP\htdocs\ictserve-031125\vendor\laravel\framework\src\Illuminate\View\View.php:208
C:\XAMPP\htdocs\ictserve-031125\vendor\laravel\framework\src\Illuminate\View\View.php:191
C:\XAMPP\htdocs\ictserve-031125\vendor\laravel\framework\src\Illuminate\View\View.php:160
C:\XAMPP\htdocs\ictserve-031125\vendor\laravel\framework\src\Illuminate\View\Compilers\BladeCompiler.php:352
C:\XAMPP\htdocs\ictserve-031125\vendor\laravel\framework\src\Illuminate\Support\Facades\Facade.php:363
C:\XAMPP\htdocs\ictserve-031125\vendor\livewire\livewire\src\Features\SupportTesting\InitialRender.php:25
C:\XAMPP\htdocs\ictserve-031125\vendor\laravel\framework\src\Illuminate\Routing\CallableDispatcher.php:39
C:\XAMPP\htdocs\ictserve-031125\vendor\laravel\framework\src\Illuminate\Routing\Route.php:243
C:\XAMPP\htdocs\ictserve-031125\vendor\laravel\framework\src\Illuminate\Routing\Route.php:214
C:\XAMPP\htdocs\ictserve-031125\vendor\laravel\framework\src\Illuminate\Routing\Router.php:822
C:\XAMPP\htdocs\ictserve-031125\vendor\laravel\framework\src\Illuminate\Pipeline\Pipeline.php:180
C:\XAMPP\htdocs\ictserve-031125\vendor\laravel\framework\src\Illuminate\Pipeline\Pipeline.php:137
C:\XAMPP\htdocs\ictserve-031125\vendor\laravel\framework\src\Illuminate\Routing\Router.php:821
C:\XAMPP\htdocs\ictserve-031125\vendor\laravel\framework\src\Illuminate\Routing\Router.php:800
C:\XAMPP\htdocs\ictserve-031125\vendor\laravel\framework\src\Illuminate\Routing\Router.php:764
C:\XAMPP\htdocs\ictserve-031125\vendor\laravel\framework\src\Illuminate\Routing\Router.php:753
C:\XAMPP\htdocs\ictserve-031125\vendor\laravel\framework\src\Illuminate\Foundation\Http\Kernel.php:200
C:\XAMPP\htdocs\ictserve-031125\vendor\laravel\framework\src\Illuminate\Pipeline\Pipeline.php:180
C:\XAMPP\htdocs\ictserve-031125\vendor\laravel\framework\src\Illuminate\Pipeline\Pipeline.php:137
C:\XAMPP\htdocs\ictserve-031125\vendor\laravel\framework\src\Illuminate\Foundation\Http\Kernel.php:175
C:\XAMPP\htdocs\ictserve-031125\vendor\laravel\framework\src\Illuminate\Foundation\Http\Kernel.php:144
C:\XAMPP\htdocs\ictserve-031125\vendor\laravel\framework\src\Illuminate\Foundation\Testing\Concerns\MakesHttpRequests.php:607
C:\XAMPP\htdocs\ictserve-031125\vendor\livewire\livewire\src\Features\SupportTesting\InitialRender.php:33
C:\XAMPP\htdocs\ictserve-031125\vendor\livewire\livewire\src\Features\SupportTesting\RequestBroker.php:30
C:\XAMPP\htdocs\ictserve-031125\vendor\livewire\livewire\src\Features\SupportTesting\InitialRender.php:32
C:\XAMPP\htdocs\ictserve-031125\vendor\livewire\livewire\src\Features\SupportTesting\Render.php:24
C:\XAMPP\htdocs\ictserve-031125\vendor\livewire\livewire\src\Features\SupportTesting\InitialRender.php:31
C:\XAMPP\htdocs\ictserve-031125\vendor\livewire\livewire\src\Features\SupportTesting\InitialRender.php:17
C:\XAMPP\htdocs\ictserve-031125\vendor\livewire\livewire\src\Features\SupportTesting\Testable.php:44
C:\XAMPP\htdocs\ictserve-031125\vendor\livewire\livewire\src\LivewireManager.php:197
C:\XAMPP\htdocs\ictserve-031125\vendor\laravel\framework\src\Illuminate\Support\Facades\Facade.php:363
C:\XAMPP\htdocs\ictserve-031125\tests\Feature\Filament\AdminPanelResourceTest.php:303</error>
        </testcase>
        <testcase name="test_loan_application_resource_displays_asset_details" file="C:\XAMPP\htdocs\ictserve-031125\tests\Feature\Filament\AdminPanelResourceTest.php" line="308" class="Tests\Feature\Filament\AdminPanelResourceTest" classname="Tests.Feature.Filament.AdminPanelResourceTest" assertions="0" time="6.778255">
          <error type="Livewire\Exceptions\ComponentNotFoundException">Tests\Feature\Filament\AdminPanelResourceTest::test_loan_application_resource_displays_asset_details&#13;
Livewire\Exceptions\ComponentNotFoundException: Unable to find component: [App\Filament\Resources\Loans\LoanApplicationResource\Pages\ViewLoanApplication]
&#13;
C:\XAMPP\htdocs\ictserve-031125\vendor\livewire\livewire\src\Mechanisms\ComponentRegistry.php:116
C:\XAMPP\htdocs\ictserve-031125\vendor\livewire\livewire\src\Mechanisms\ComponentRegistry.php:25
C:\XAMPP\htdocs\ictserve-031125\vendor\livewire\livewire\src\LivewireManager.php:58
C:\XAMPP\htdocs\ictserve-031125\vendor\livewire\livewire\src\Mechanisms\HandleComponents\HandleComponents.php:43
C:\XAMPP\htdocs\ictserve-031125\vendor\livewire\livewire\src\LivewireManager.php:73
C:\XAMPP\htdocs\ictserve-031125\vendor\livewire\volt\src\LivewireManager.php:23
C:\XAMPP\htdocs\ictserve-031125\storage\framework\views\80166b2776fe506ccbd12ed90957de4a.php:7
C:\XAMPP\htdocs\ictserve-031125\vendor\livewire\livewire\src\Mechanisms\ExtendBlade\ExtendedCompilerEngine.php:37
C:\XAMPP\htdocs\ictserve-031125\vendor\livewire\livewire\src\Mechanisms\ExtendBlade\ExtendedCompilerEngine.php:38
C:\XAMPP\htdocs\ictserve-031125\vendor\laravel\framework\src\Illuminate\View\Engines\CompilerEngine.php:76
C:\XAMPP\htdocs\ictserve-031125\vendor\livewire\livewire\src\Mechanisms\ExtendBlade\ExtendedCompilerEngine.php:16
C:\XAMPP\htdocs\ictserve-031125\vendor\laravel\framework\src\Illuminate\View\View.php:208
C:\XAMPP\htdocs\ictserve-031125\vendor\laravel\framework\src\Illuminate\View\View.php:191
C:\XAMPP\htdocs\ictserve-031125\vendor\laravel\framework\src\Illuminate\View\View.php:160
C:\XAMPP\htdocs\ictserve-031125\vendor\laravel\framework\src\Illuminate\View\Compilers\BladeCompiler.php:352
C:\XAMPP\htdocs\ictserve-031125\vendor\laravel\framework\src\Illuminate\Support\Facades\Facade.php:363
C:\XAMPP\htdocs\ictserve-031125\vendor\livewire\livewire\src\Features\SupportTesting\InitialRender.php:25
C:\XAMPP\htdocs\ictserve-031125\vendor\laravel\framework\src\Illuminate\Routing\CallableDispatcher.php:39
C:\XAMPP\htdocs\ictserve-031125\vendor\laravel\framework\src\Illuminate\Routing\Route.php:243
C:\XAMPP\htdocs\ictserve-031125\vendor\laravel\framework\src\Illuminate\Routing\Route.php:214
C:\XAMPP\htdocs\ictserve-031125\vendor\laravel\framework\src\Illuminate\Routing\Router.php:822
C:\XAMPP\htdocs\ictserve-031125\vendor\laravel\framework\src\Illuminate\Pipeline\Pipeline.php:180
C:\XAMPP\htdocs\ictserve-031125\vendor\laravel\framework\src\Illuminate\Pipeline\Pipeline.php:137
C:\XAMPP\htdocs\ictserve-031125\vendor\laravel\framework\src\Illuminate\Routing\Router.php:821
C:\XAMPP\htdocs\ictserve-031125\vendor\laravel\framework\src\Illuminate\Routing\Router.php:800
C:\XAMPP\htdocs\ictserve-031125\vendor\laravel\framework\src\Illuminate\Routing\Router.php:764
C:\XAMPP\htdocs\ictserve-031125\vendor\laravel\framework\src\Illuminate\Routing\Router.php:753
C:\XAMPP\htdocs\ictserve-031125\vendor\laravel\framework\src\Illuminate\Foundation\Http\Kernel.php:200
C:\XAMPP\htdocs\ictserve-031125\vendor\laravel\framework\src\Illuminate\Pipeline\Pipeline.php:180
C:\XAMPP\htdocs\ictserve-031125\vendor\laravel\framework\src\Illuminate\Pipeline\Pipeline.php:137
C:\XAMPP\htdocs\ictserve-031125\vendor\laravel\framework\src\Illuminate\Foundation\Http\Kernel.php:175
C:\XAMPP\htdocs\ictserve-031125\vendor\laravel\framework\src\Illuminate\Foundation\Http\Kernel.php:144
C:\XAMPP\htdocs\ictserve-031125\vendor\laravel\framework\src\Illuminate\Foundation\Testing\Concerns\MakesHttpRequests.php:607
C:\XAMPP\htdocs\ictserve-031125\vendor\livewire\livewire\src\Features\SupportTesting\InitialRender.php:33
C:\XAMPP\htdocs\ictserve-031125\vendor\livewire\livewire\src\Features\SupportTesting\RequestBroker.php:30
C:\XAMPP\htdocs\ictserve-031125\vendor\livewire\livewire\src\Features\SupportTesting\InitialRender.php:32
C:\XAMPP\htdocs\ictserve-031125\vendor\livewire\livewire\src\Features\SupportTesting\Render.php:24
C:\XAMPP\htdocs\ictserve-031125\vendor\livewire\livewire\src\Features\SupportTesting\InitialRender.php:31
C:\XAMPP\htdocs\ictserve-031125\vendor\livewire\livewire\src\Features\SupportTesting\InitialRender.php:17
C:\XAMPP\htdocs\ictserve-031125\vendor\livewire\livewire\src\Features\SupportTesting\Testable.php:44
C:\XAMPP\htdocs\ictserve-031125\vendor\livewire\livewire\src\LivewireManager.php:197
C:\XAMPP\htdocs\ictserve-031125\vendor\laravel\framework\src\Illuminate\Support\Facades\Facade.php:363
C:\XAMPP\htdocs\ictserve-031125\tests\Feature\Filament\AdminPanelResourceTest.php:325</error>
        </testcase>
        <testcase name="test_asset_table_can_be_filtered_by_status" file="C:\XAMPP\htdocs\ictserve-031125\tests\Feature\Filament\AdminPanelResourceTest.php" line="335" class="Tests\Feature\Filament\AdminPanelResourceTest" classname="Tests.Feature.Filament.AdminPanelResourceTest" assertions="0" time="3.626331">
          <error type="Livewire\Exceptions\ComponentNotFoundException">Tests\Feature\Filament\AdminPanelResourceTest::test_asset_table_can_be_filtered_by_status&#13;
Livewire\Exceptions\ComponentNotFoundException: Unable to find component: [App\Filament\Resources\Assets\AssetResource\Pages\ListAssets]
&#13;
C:\XAMPP\htdocs\ictserve-031125\vendor\livewire\livewire\src\Mechanisms\ComponentRegistry.php:116
C:\XAMPP\htdocs\ictserve-031125\vendor\livewire\livewire\src\Mechanisms\ComponentRegistry.php:25
C:\XAMPP\htdocs\ictserve-031125\vendor\livewire\livewire\src\LivewireManager.php:58
C:\XAMPP\htdocs\ictserve-031125\vendor\livewire\livewire\src\Mechanisms\HandleComponents\HandleComponents.php:43
C:\XAMPP\htdocs\ictserve-031125\vendor\livewire\livewire\src\LivewireManager.php:73
C:\XAMPP\htdocs\ictserve-031125\vendor\livewire\volt\src\LivewireManager.php:23
C:\XAMPP\htdocs\ictserve-031125\storage\framework\views\80166b2776fe506ccbd12ed90957de4a.php:7
C:\XAMPP\htdocs\ictserve-031125\vendor\livewire\livewire\src\Mechanisms\ExtendBlade\ExtendedCompilerEngine.php:37
C:\XAMPP\htdocs\ictserve-031125\vendor\livewire\livewire\src\Mechanisms\ExtendBlade\ExtendedCompilerEngine.php:38
C:\XAMPP\htdocs\ictserve-031125\vendor\laravel\framework\src\Illuminate\View\Engines\CompilerEngine.php:76
C:\XAMPP\htdocs\ictserve-031125\vendor\livewire\livewire\src\Mechanisms\ExtendBlade\ExtendedCompilerEngine.php:16
C:\XAMPP\htdocs\ictserve-031125\vendor\laravel\framework\src\Illuminate\View\View.php:208
C:\XAMPP\htdocs\ictserve-031125\vendor\laravel\framework\src\Illuminate\View\View.php:191
C:\XAMPP\htdocs\ictserve-031125\vendor\laravel\framework\src\Illuminate\View\View.php:160
C:\XAMPP\htdocs\ictserve-031125\vendor\laravel\framework\src\Illuminate\View\Compilers\BladeCompiler.php:352
C:\XAMPP\htdocs\ictserve-031125\vendor\laravel\framework\src\Illuminate\Support\Facades\Facade.php:363
C:\XAMPP\htdocs\ictserve-031125\vendor\livewire\livewire\src\Features\SupportTesting\InitialRender.php:25
C:\XAMPP\htdocs\ictserve-031125\vendor\laravel\framework\src\Illuminate\Routing\CallableDispatcher.php:39
C:\XAMPP\htdocs\ictserve-031125\vendor\laravel\framework\src\Illuminate\Routing\Route.php:243
C:\XAMPP\htdocs\ictserve-031125\vendor\laravel\framework\src\Illuminate\Routing\Route.php:214
C:\XAMPP\htdocs\ictserve-031125\vendor\laravel\framework\src\Illuminate\Routing\Router.php:822
C:\XAMPP\htdocs\ictserve-031125\vendor\laravel\framework\src\Illuminate\Pipeline\Pipeline.php:180
C:\XAMPP\htdocs\ictserve-031125\vendor\laravel\framework\src\Illuminate\Pipeline\Pipeline.php:137
C:\XAMPP\htdocs\ictserve-031125\vendor\laravel\framework\src\Illuminate\Routing\Router.php:821
C:\XAMPP\htdocs\ictserve-031125\vendor\laravel\framework\src\Illuminate\Routing\Router.php:800
C:\XAMPP\htdocs\ictserve-031125\vendor\laravel\framework\src\Illuminate\Routing\Router.php:764
C:\XAMPP\htdocs\ictserve-031125\vendor\laravel\framework\src\Illuminate\Routing\Router.php:753
C:\XAMPP\htdocs\ictserve-031125\vendor\laravel\framework\src\Illuminate\Foundation\Http\Kernel.php:200
C:\XAMPP\htdocs\ictserve-031125\vendor\laravel\framework\src\Illuminate\Pipeline\Pipeline.php:180
C:\XAMPP\htdocs\ictserve-031125\vendor\laravel\framework\src\Illuminate\Pipeline\Pipeline.php:137
C:\XAMPP\htdocs\ictserve-031125\vendor\laravel\framework\src\Illuminate\Foundation\Http\Kernel.php:175
C:\XAMPP\htdocs\ictserve-031125\vendor\laravel\framework\src\Illuminate\Foundation\Http\Kernel.php:144
C:\XAMPP\htdocs\ictserve-031125\vendor\laravel\framework\src\Illuminate\Foundation\Testing\Concerns\MakesHttpRequests.php:607
C:\XAMPP\htdocs\ictserve-031125\vendor\livewire\livewire\src\Features\SupportTesting\InitialRender.php:33
C:\XAMPP\htdocs\ictserve-031125\vendor\livewire\livewire\src\Features\SupportTesting\RequestBroker.php:30
C:\XAMPP\htdocs\ictserve-031125\vendor\livewire\livewire\src\Features\SupportTesting\InitialRender.php:32
C:\XAMPP\htdocs\ictserve-031125\vendor\livewire\livewire\src\Features\SupportTesting\Render.php:24
C:\XAMPP\htdocs\ictserve-031125\vendor\livewire\livewire\src\Features\SupportTesting\InitialRender.php:31
C:\XAMPP\htdocs\ictserve-031125\vendor\livewire\livewire\src\Features\SupportTesting\InitialRender.php:17
C:\XAMPP\htdocs\ictserve-031125\vendor\livewire\livewire\src\Features\SupportTesting\Testable.php:44
C:\XAMPP\htdocs\ictserve-031125\vendor\livewire\livewire\src\LivewireManager.php:197
C:\XAMPP\htdocs\ictserve-031125\vendor\laravel\framework\src\Illuminate\Support\Facades\Facade.php:363
C:\XAMPP\htdocs\ictserve-031125\tests\Feature\Filament\AdminPanelResourceTest.php:349</error>
        </testcase>
        <testcase name="test_loan_application_table_can_be_searched" file="C:\XAMPP\htdocs\ictserve-031125\tests\Feature\Filament\AdminPanelResourceTest.php" line="355" class="Tests\Feature\Filament\AdminPanelResourceTest" classname="Tests.Feature.Filament.AdminPanelResourceTest" assertions="0" time="3.624631">
          <error type="Livewire\Exceptions\ComponentNotFoundException">Tests\Feature\Filament\AdminPanelResourceTest::test_loan_application_table_can_be_searched&#13;
Livewire\Exceptions\ComponentNotFoundException: Unable to find component: [App\Filament\Resources\Loans\LoanApplicationResource\Pages\ListLoanApplications]
&#13;
C:\XAMPP\htdocs\ictserve-031125\vendor\livewire\livewire\src\Mechanisms\ComponentRegistry.php:116
C:\XAMPP\htdocs\ictserve-031125\vendor\livewire\livewire\src\Mechanisms\ComponentRegistry.php:25
C:\XAMPP\htdocs\ictserve-031125\vendor\livewire\livewire\src\LivewireManager.php:58
C:\XAMPP\htdocs\ictserve-031125\vendor\livewire\livewire\src\Mechanisms\HandleComponents\HandleComponents.php:43
C:\XAMPP\htdocs\ictserve-031125\vendor\livewire\livewire\src\LivewireManager.php:73
C:\XAMPP\htdocs\ictserve-031125\vendor\livewire\volt\src\LivewireManager.php:23
C:\XAMPP\htdocs\ictserve-031125\storage\framework\views\80166b2776fe506ccbd12ed90957de4a.php:7
C:\XAMPP\htdocs\ictserve-031125\vendor\livewire\livewire\src\Mechanisms\ExtendBlade\ExtendedCompilerEngine.php:37
C:\XAMPP\htdocs\ictserve-031125\vendor\livewire\livewire\src\Mechanisms\ExtendBlade\ExtendedCompilerEngine.php:38
C:\XAMPP\htdocs\ictserve-031125\vendor\laravel\framework\src\Illuminate\View\Engines\CompilerEngine.php:76
C:\XAMPP\htdocs\ictserve-031125\vendor\livewire\livewire\src\Mechanisms\ExtendBlade\ExtendedCompilerEngine.php:16
C:\XAMPP\htdocs\ictserve-031125\vendor\laravel\framework\src\Illuminate\View\View.php:208
C:\XAMPP\htdocs\ictserve-031125\vendor\laravel\framework\src\Illuminate\View\View.php:191
C:\XAMPP\htdocs\ictserve-031125\vendor\laravel\framework\src\Illuminate\View\View.php:160
C:\XAMPP\htdocs\ictserve-031125\vendor\laravel\framework\src\Illuminate\View\Compilers\BladeCompiler.php:352
C:\XAMPP\htdocs\ictserve-031125\vendor\laravel\framework\src\Illuminate\Support\Facades\Facade.php:363
C:\XAMPP\htdocs\ictserve-031125\vendor\livewire\livewire\src\Features\SupportTesting\InitialRender.php:25
C:\XAMPP\htdocs\ictserve-031125\vendor\laravel\framework\src\Illuminate\Routing\CallableDispatcher.php:39
C:\XAMPP\htdocs\ictserve-031125\vendor\laravel\framework\src\Illuminate\Routing\Route.php:243
C:\XAMPP\htdocs\ictserve-031125\vendor\laravel\framework\src\Illuminate\Routing\Route.php:214
C:\XAMPP\htdocs\ictserve-031125\vendor\laravel\framework\src\Illuminate\Routing\Router.php:822
C:\XAMPP\htdocs\ictserve-031125\vendor\laravel\framework\src\Illuminate\Pipeline\Pipeline.php:180
C:\XAMPP\htdocs\ictserve-031125\vendor\laravel\framework\src\Illuminate\Pipeline\Pipeline.php:137
C:\XAMPP\htdocs\ictserve-031125\vendor\laravel\framework\src\Illuminate\Routing\Router.php:821
C:\XAMPP\htdocs\ictserve-031125\vendor\laravel\framework\src\Illuminate\Routing\Router.php:800
C:\XAMPP\htdocs\ictserve-031125\vendor\laravel\framework\src\Illuminate\Routing\Router.php:764
C:\XAMPP\htdocs\ictserve-031125\vendor\laravel\framework\src\Illuminate\Routing\Router.php:753
C:\XAMPP\htdocs\ictserve-031125\vendor\laravel\framework\src\Illuminate\Foundation\Http\Kernel.php:200
C:\XAMPP\htdocs\ictserve-031125\vendor\laravel\framework\src\Illuminate\Pipeline\Pipeline.php:180
C:\XAMPP\htdocs\ictserve-031125\vendor\laravel\framework\src\Illuminate\Pipeline\Pipeline.php:137
C:\XAMPP\htdocs\ictserve-031125\vendor\laravel\framework\src\Illuminate\Foundation\Http\Kernel.php:175
C:\XAMPP\htdocs\ictserve-031125\vendor\laravel\framework\src\Illuminate\Foundation\Http\Kernel.php:144
C:\XAMPP\htdocs\ictserve-031125\vendor\laravel\framework\src\Illuminate\Foundation\Testing\Concerns\MakesHttpRequests.php:607
C:\XAMPP\htdocs\ictserve-031125\vendor\livewire\livewire\src\Features\SupportTesting\InitialRender.php:33
C:\XAMPP\htdocs\ictserve-031125\vendor\livewire\livewire\src\Features\SupportTesting\RequestBroker.php:30
C:\XAMPP\htdocs\ictserve-031125\vendor\livewire\livewire\src\Features\SupportTesting\InitialRender.php:32
C:\XAMPP\htdocs\ictserve-031125\vendor\livewire\livewire\src\Features\SupportTesting\Render.php:24
C:\XAMPP\htdocs\ictserve-031125\vendor\livewire\livewire\src\Features\SupportTesting\InitialRender.php:31
C:\XAMPP\htdocs\ictserve-031125\vendor\livewire\livewire\src\Features\SupportTesting\InitialRender.php:17
C:\XAMPP\htdocs\ictserve-031125\vendor\livewire\livewire\src\Features\SupportTesting\Testable.php:44
C:\XAMPP\htdocs\ictserve-031125\vendor\livewire\livewire\src\LivewireManager.php:197
C:\XAMPP\htdocs\ictserve-031125\vendor\laravel\framework\src\Illuminate\Support\Facades\Facade.php:363
C:\XAMPP\htdocs\ictserve-031125\tests\Feature\Filament\AdminPanelResourceTest.php:369</error>
        </testcase>
        <testcase name="test_loan_application_table_can_be_filtered_by_status" file="C:\XAMPP\htdocs\ictserve-031125\tests\Feature\Filament\AdminPanelResourceTest.php" line="375" class="Tests\Feature\Filament\AdminPanelResourceTest" classname="Tests.Feature.Filament.AdminPanelResourceTest" assertions="0" time="3.435257">
          <error type="Livewire\Exceptions\ComponentNotFoundException">Tests\Feature\Filament\AdminPanelResourceTest::test_loan_application_table_can_be_filtered_by_status&#13;
Livewire\Exceptions\ComponentNotFoundException: Unable to find component: [App\Filament\Resources\Loans\LoanApplicationResource\Pages\ListLoanApplications]
&#13;
C:\XAMPP\htdocs\ictserve-031125\vendor\livewire\livewire\src\Mechanisms\ComponentRegistry.php:116
C:\XAMPP\htdocs\ictserve-031125\vendor\livewire\livewire\src\Mechanisms\ComponentRegistry.php:25
C:\XAMPP\htdocs\ictserve-031125\vendor\livewire\livewire\src\LivewireManager.php:58
C:\XAMPP\htdocs\ictserve-031125\vendor\livewire\livewire\src\Mechanisms\HandleComponents\HandleComponents.php:43
C:\XAMPP\htdocs\ictserve-031125\vendor\livewire\livewire\src\LivewireManager.php:73
C:\XAMPP\htdocs\ictserve-031125\vendor\livewire\volt\src\LivewireManager.php:23
C:\XAMPP\htdocs\ictserve-031125\storage\framework\views\80166b2776fe506ccbd12ed90957de4a.php:7
C:\XAMPP\htdocs\ictserve-031125\vendor\livewire\livewire\src\Mechanisms\ExtendBlade\ExtendedCompilerEngine.php:37
C:\XAMPP\htdocs\ictserve-031125\vendor\livewire\livewire\src\Mechanisms\ExtendBlade\ExtendedCompilerEngine.php:38
C:\XAMPP\htdocs\ictserve-031125\vendor\laravel\framework\src\Illuminate\View\Engines\CompilerEngine.php:76
C:\XAMPP\htdocs\ictserve-031125\vendor\livewire\livewire\src\Mechanisms\ExtendBlade\ExtendedCompilerEngine.php:16
C:\XAMPP\htdocs\ictserve-031125\vendor\laravel\framework\src\Illuminate\View\View.php:208
C:\XAMPP\htdocs\ictserve-031125\vendor\laravel\framework\src\Illuminate\View\View.php:191
C:\XAMPP\htdocs\ictserve-031125\vendor\laravel\framework\src\Illuminate\View\View.php:160
C:\XAMPP\htdocs\ictserve-031125\vendor\laravel\framework\src\Illuminate\View\Compilers\BladeCompiler.php:352
C:\XAMPP\htdocs\ictserve-031125\vendor\laravel\framework\src\Illuminate\Support\Facades\Facade.php:363
C:\XAMPP\htdocs\ictserve-031125\vendor\livewire\livewire\src\Features\SupportTesting\InitialRender.php:25
C:\XAMPP\htdocs\ictserve-031125\vendor\laravel\framework\src\Illuminate\Routing\CallableDispatcher.php:39
C:\XAMPP\htdocs\ictserve-031125\vendor\laravel\framework\src\Illuminate\Routing\Route.php:243
C:\XAMPP\htdocs\ictserve-031125\vendor\laravel\framework\src\Illuminate\Routing\Route.php:214
C:\XAMPP\htdocs\ictserve-031125\vendor\laravel\framework\src\Illuminate\Routing\Router.php:822
C:\XAMPP\htdocs\ictserve-031125\vendor\laravel\framework\src\Illuminate\Pipeline\Pipeline.php:180
C:\XAMPP\htdocs\ictserve-031125\vendor\laravel\framework\src\Illuminate\Pipeline\Pipeline.php:137
C:\XAMPP\htdocs\ictserve-031125\vendor\laravel\framework\src\Illuminate\Routing\Router.php:821
C:\XAMPP\htdocs\ictserve-031125\vendor\laravel\framework\src\Illuminate\Routing\Router.php:800
C:\XAMPP\htdocs\ictserve-031125\vendor\laravel\framework\src\Illuminate\Routing\Router.php:764
C:\XAMPP\htdocs\ictserve-031125\vendor\laravel\framework\src\Illuminate\Routing\Router.php:753
C:\XAMPP\htdocs\ictserve-031125\vendor\laravel\framework\src\Illuminate\Foundation\Http\Kernel.php:200
C:\XAMPP\htdocs\ictserve-031125\vendor\laravel\framework\src\Illuminate\Pipeline\Pipeline.php:180
C:\XAMPP\htdocs\ictserve-031125\vendor\laravel\framework\src\Illuminate\Pipeline\Pipeline.php:137
C:\XAMPP\htdocs\ictserve-031125\vendor\laravel\framework\src\Illuminate\Foundation\Http\Kernel.php:175
C:\XAMPP\htdocs\ictserve-031125\vendor\laravel\framework\src\Illuminate\Foundation\Http\Kernel.php:144
C:\XAMPP\htdocs\ictserve-031125\vendor\laravel\framework\src\Illuminate\Foundation\Testing\Concerns\MakesHttpRequests.php:607
C:\XAMPP\htdocs\ictserve-031125\vendor\livewire\livewire\src\Features\SupportTesting\InitialRender.php:33
C:\XAMPP\htdocs\ictserve-031125\vendor\livewire\livewire\src\Features\SupportTesting\RequestBroker.php:30
C:\XAMPP\htdocs\ictserve-031125\vendor\livewire\livewire\src\Features\SupportTesting\InitialRender.php:32
C:\XAMPP\htdocs\ictserve-031125\vendor\livewire\livewire\src\Features\SupportTesting\Render.php:24
C:\XAMPP\htdocs\ictserve-031125\vendor\livewire\livewire\src\Features\SupportTesting\InitialRender.php:31
C:\XAMPP\htdocs\ictserve-031125\vendor\livewire\livewire\src\Features\SupportTesting\InitialRender.php:17
C:\XAMPP\htdocs\ictserve-031125\vendor\livewire\livewire\src\Features\SupportTesting\Testable.php:44
C:\XAMPP\htdocs\ictserve-031125\vendor\livewire\livewire\src\LivewireManager.php:197
C:\XAMPP\htdocs\ictserve-031125\vendor\laravel\framework\src\Illuminate\Support\Facades\Facade.php:363
C:\XAMPP\htdocs\ictserve-031125\tests\Feature\Filament\AdminPanelResourceTest.php:389</error>
        </testcase>
        <testcase name="test_admin_can_perform_bulk_delete_on_assets" file="C:\XAMPP\htdocs\ictserve-031125\tests\Feature\Filament\AdminPanelResourceTest.php" line="399" class="Tests\Feature\Filament\AdminPanelResourceTest" classname="Tests.Feature.Filament.AdminPanelResourceTest" assertions="0" time="4.115431">
          <error type="Livewire\Exceptions\ComponentNotFoundException">Tests\Feature\Filament\AdminPanelResourceTest::test_admin_can_perform_bulk_delete_on_assets&#13;
Livewire\Exceptions\ComponentNotFoundException: Unable to find component: [App\Filament\Resources\Assets\AssetResource\Pages\ListAssets]
&#13;
C:\XAMPP\htdocs\ictserve-031125\vendor\livewire\livewire\src\Mechanisms\ComponentRegistry.php:116
C:\XAMPP\htdocs\ictserve-031125\vendor\livewire\livewire\src\Mechanisms\ComponentRegistry.php:25
C:\XAMPP\htdocs\ictserve-031125\vendor\livewire\livewire\src\LivewireManager.php:58
C:\XAMPP\htdocs\ictserve-031125\vendor\livewire\livewire\src\Mechanisms\HandleComponents\HandleComponents.php:43
C:\XAMPP\htdocs\ictserve-031125\vendor\livewire\livewire\src\LivewireManager.php:73
C:\XAMPP\htdocs\ictserve-031125\vendor\livewire\volt\src\LivewireManager.php:23
C:\XAMPP\htdocs\ictserve-031125\storage\framework\views\80166b2776fe506ccbd12ed90957de4a.php:7
C:\XAMPP\htdocs\ictserve-031125\vendor\livewire\livewire\src\Mechanisms\ExtendBlade\ExtendedCompilerEngine.php:37
C:\XAMPP\htdocs\ictserve-031125\vendor\livewire\livewire\src\Mechanisms\ExtendBlade\ExtendedCompilerEngine.php:38
C:\XAMPP\htdocs\ictserve-031125\vendor\laravel\framework\src\Illuminate\View\Engines\CompilerEngine.php:76
C:\XAMPP\htdocs\ictserve-031125\vendor\livewire\livewire\src\Mechanisms\ExtendBlade\ExtendedCompilerEngine.php:16
C:\XAMPP\htdocs\ictserve-031125\vendor\laravel\framework\src\Illuminate\View\View.php:208
C:\XAMPP\htdocs\ictserve-031125\vendor\laravel\framework\src\Illuminate\View\View.php:191
C:\XAMPP\htdocs\ictserve-031125\vendor\laravel\framework\src\Illuminate\View\View.php:160
C:\XAMPP\htdocs\ictserve-031125\vendor\laravel\framework\src\Illuminate\View\Compilers\BladeCompiler.php:352
C:\XAMPP\htdocs\ictserve-031125\vendor\laravel\framework\src\Illuminate\Support\Facades\Facade.php:363
C:\XAMPP\htdocs\ictserve-031125\vendor\livewire\livewire\src\Features\SupportTesting\InitialRender.php:25
C:\XAMPP\htdocs\ictserve-031125\vendor\laravel\framework\src\Illuminate\Routing\CallableDispatcher.php:39
C:\XAMPP\htdocs\ictserve-031125\vendor\laravel\framework\src\Illuminate\Routing\Route.php:243
C:\XAMPP\htdocs\ictserve-031125\vendor\laravel\framework\src\Illuminate\Routing\Route.php:214
C:\XAMPP\htdocs\ictserve-031125\vendor\laravel\framework\src\Illuminate\Routing\Router.php:822
C:\XAMPP\htdocs\ictserve-031125\vendor\laravel\framework\src\Illuminate\Pipeline\Pipeline.php:180
C:\XAMPP\htdocs\ictserve-031125\vendor\laravel\framework\src\Illuminate\Pipeline\Pipeline.php:137
C:\XAMPP\htdocs\ictserve-031125\vendor\laravel\framework\src\Illuminate\Routing\Router.php:821
C:\XAMPP\htdocs\ictserve-031125\vendor\laravel\framework\src\Illuminate\Routing\Router.php:800
C:\XAMPP\htdocs\ictserve-031125\vendor\laravel\framework\src\Illuminate\Routing\Router.php:764
C:\XAMPP\htdocs\ictserve-031125\vendor\laravel\framework\src\Illuminate\Routing\Router.php:753
C:\XAMPP\htdocs\ictserve-031125\vendor\laravel\framework\src\Illuminate\Foundation\Http\Kernel.php:200
C:\XAMPP\htdocs\ictserve-031125\vendor\laravel\framework\src\Illuminate\Pipeline\Pipeline.php:180
C:\XAMPP\htdocs\ictserve-031125\vendor\laravel\framework\src\Illuminate\Pipeline\Pipeline.php:137
C:\XAMPP\htdocs\ictserve-031125\vendor\laravel\framework\src\Illuminate\Foundation\Http\Kernel.php:175
C:\XAMPP\htdocs\ictserve-031125\vendor\laravel\framework\src\Illuminate\Foundation\Http\Kernel.php:144
C:\XAMPP\htdocs\ictserve-031125\vendor\laravel\framework\src\Illuminate\Foundation\Testing\Concerns\MakesHttpRequests.php:607
C:\XAMPP\htdocs\ictserve-031125\vendor\livewire\livewire\src\Features\SupportTesting\InitialRender.php:33
C:\XAMPP\htdocs\ictserve-031125\vendor\livewire\livewire\src\Features\SupportTesting\RequestBroker.php:30
C:\XAMPP\htdocs\ictserve-031125\vendor\livewire\livewire\src\Features\SupportTesting\InitialRender.php:32
C:\XAMPP\htdocs\ictserve-031125\vendor\livewire\livewire\src\Features\SupportTesting\Render.php:24
C:\XAMPP\htdocs\ictserve-031125\vendor\livewire\livewire\src\Features\SupportTesting\InitialRender.php:31
C:\XAMPP\htdocs\ictserve-031125\vendor\livewire\livewire\src\Features\SupportTesting\InitialRender.php:17
C:\XAMPP\htdocs\ictserve-031125\vendor\livewire\livewire\src\Features\SupportTesting\Testable.php:44
C:\XAMPP\htdocs\ictserve-031125\vendor\livewire\livewire\src\LivewireManager.php:197
C:\XAMPP\htdocs\ictserve-031125\vendor\laravel\framework\src\Illuminate\Support\Facades\Facade.php:363
C:\XAMPP\htdocs\ictserve-031125\tests\Feature\Filament\AdminPanelResourceTest.php:406</error>
        </testcase>
        <testcase name="test_asset_creation_validates_required_fields" file="C:\XAMPP\htdocs\ictserve-031125\tests\Feature\Filament\AdminPanelResourceTest.php" line="418" class="Tests\Feature\Filament\AdminPanelResourceTest" classname="Tests.Feature.Filament.AdminPanelResourceTest" assertions="0" time="3.479810">
          <error type="Livewire\Exceptions\ComponentNotFoundException">Tests\Feature\Filament\AdminPanelResourceTest::test_asset_creation_validates_required_fields&#13;
Livewire\Exceptions\ComponentNotFoundException: Unable to find component: [App\Filament\Resources\Assets\AssetResource\Pages\CreateAsset]
&#13;
C:\XAMPP\htdocs\ictserve-031125\vendor\livewire\livewire\src\Mechanisms\ComponentRegistry.php:116
C:\XAMPP\htdocs\ictserve-031125\vendor\livewire\livewire\src\Mechanisms\ComponentRegistry.php:25
C:\XAMPP\htdocs\ictserve-031125\vendor\livewire\livewire\src\LivewireManager.php:58
C:\XAMPP\htdocs\ictserve-031125\vendor\livewire\livewire\src\Mechanisms\HandleComponents\HandleComponents.php:43
C:\XAMPP\htdocs\ictserve-031125\vendor\livewire\livewire\src\LivewireManager.php:73
C:\XAMPP\htdocs\ictserve-031125\vendor\livewire\volt\src\LivewireManager.php:23
C:\XAMPP\htdocs\ictserve-031125\storage\framework\views\80166b2776fe506ccbd12ed90957de4a.php:7
C:\XAMPP\htdocs\ictserve-031125\vendor\livewire\livewire\src\Mechanisms\ExtendBlade\ExtendedCompilerEngine.php:37
C:\XAMPP\htdocs\ictserve-031125\vendor\livewire\livewire\src\Mechanisms\ExtendBlade\ExtendedCompilerEngine.php:38
C:\XAMPP\htdocs\ictserve-031125\vendor\laravel\framework\src\Illuminate\View\Engines\CompilerEngine.php:76
C:\XAMPP\htdocs\ictserve-031125\vendor\livewire\livewire\src\Mechanisms\ExtendBlade\ExtendedCompilerEngine.php:16
C:\XAMPP\htdocs\ictserve-031125\vendor\laravel\framework\src\Illuminate\View\View.php:208
C:\XAMPP\htdocs\ictserve-031125\vendor\laravel\framework\src\Illuminate\View\View.php:191
C:\XAMPP\htdocs\ictserve-031125\vendor\laravel\framework\src\Illuminate\View\View.php:160
C:\XAMPP\htdocs\ictserve-031125\vendor\laravel\framework\src\Illuminate\View\Compilers\BladeCompiler.php:352
C:\XAMPP\htdocs\ictserve-031125\vendor\laravel\framework\src\Illuminate\Support\Facades\Facade.php:363
C:\XAMPP\htdocs\ictserve-031125\vendor\livewire\livewire\src\Features\SupportTesting\InitialRender.php:25
C:\XAMPP\htdocs\ictserve-031125\vendor\laravel\framework\src\Illuminate\Routing\CallableDispatcher.php:39
C:\XAMPP\htdocs\ictserve-031125\vendor\laravel\framework\src\Illuminate\Routing\Route.php:243
C:\XAMPP\htdocs\ictserve-031125\vendor\laravel\framework\src\Illuminate\Routing\Route.php:214
C:\XAMPP\htdocs\ictserve-031125\vendor\laravel\framework\src\Illuminate\Routing\Router.php:822
C:\XAMPP\htdocs\ictserve-031125\vendor\laravel\framework\src\Illuminate\Pipeline\Pipeline.php:180
C:\XAMPP\htdocs\ictserve-031125\vendor\laravel\framework\src\Illuminate\Pipeline\Pipeline.php:137
C:\XAMPP\htdocs\ictserve-031125\vendor\laravel\framework\src\Illuminate\Routing\Router.php:821
C:\XAMPP\htdocs\ictserve-031125\vendor\laravel\framework\src\Illuminate\Routing\Router.php:800
C:\XAMPP\htdocs\ictserve-031125\vendor\laravel\framework\src\Illuminate\Routing\Router.php:764
C:\XAMPP\htdocs\ictserve-031125\vendor\laravel\framework\src\Illuminate\Routing\Router.php:753
C:\XAMPP\htdocs\ictserve-031125\vendor\laravel\framework\src\Illuminate\Foundation\Http\Kernel.php:200
C:\XAMPP\htdocs\ictserve-031125\vendor\laravel\framework\src\Illuminate\Pipeline\Pipeline.php:180
C:\XAMPP\htdocs\ictserve-031125\vendor\laravel\framework\src\Illuminate\Pipeline\Pipeline.php:137
C:\XAMPP\htdocs\ictserve-031125\vendor\laravel\framework\src\Illuminate\Foundation\Http\Kernel.php:175
C:\XAMPP\htdocs\ictserve-031125\vendor\laravel\framework\src\Illuminate\Foundation\Http\Kernel.php:144
C:\XAMPP\htdocs\ictserve-031125\vendor\laravel\framework\src\Illuminate\Foundation\Testing\Concerns\MakesHttpRequests.php:607
C:\XAMPP\htdocs\ictserve-031125\vendor\livewire\livewire\src\Features\SupportTesting\InitialRender.php:33
C:\XAMPP\htdocs\ictserve-031125\vendor\livewire\livewire\src\Features\SupportTesting\RequestBroker.php:30
C:\XAMPP\htdocs\ictserve-031125\vendor\livewire\livewire\src\Features\SupportTesting\InitialRender.php:32
C:\XAMPP\htdocs\ictserve-031125\vendor\livewire\livewire\src\Features\SupportTesting\Render.php:24
C:\XAMPP\htdocs\ictserve-031125\vendor\livewire\livewire\src\Features\SupportTesting\InitialRender.php:31
C:\XAMPP\htdocs\ictserve-031125\vendor\livewire\livewire\src\Features\SupportTesting\InitialRender.php:17
C:\XAMPP\htdocs\ictserve-031125\vendor\livewire\livewire\src\Features\SupportTesting\Testable.php:44
C:\XAMPP\htdocs\ictserve-031125\vendor\livewire\livewire\src\LivewireManager.php:197
C:\XAMPP\htdocs\ictserve-031125\vendor\laravel\framework\src\Illuminate\Support\Facades\Facade.php:363
C:\XAMPP\htdocs\ictserve-031125\tests\Feature\Filament\AdminPanelResourceTest.php:422</error>
        </testcase>
        <testcase name="test_asset_creation_validates_unique_asset_tag" file="C:\XAMPP\htdocs\ictserve-031125\tests\Feature\Filament\AdminPanelResourceTest.php" line="431" class="Tests\Feature\Filament\AdminPanelResourceTest" classname="Tests.Feature.Filament.AdminPanelResourceTest" assertions="0" time="2.938557">
          <error type="Livewire\Exceptions\ComponentNotFoundException">Tests\Feature\Filament\AdminPanelResourceTest::test_asset_creation_validates_unique_asset_tag&#13;
Livewire\Exceptions\ComponentNotFoundException: Unable to find component: [App\Filament\Resources\Assets\AssetResource\Pages\CreateAsset]
&#13;
C:\XAMPP\htdocs\ictserve-031125\vendor\livewire\livewire\src\Mechanisms\ComponentRegistry.php:116
C:\XAMPP\htdocs\ictserve-031125\vendor\livewire\livewire\src\Mechanisms\ComponentRegistry.php:25
C:\XAMPP\htdocs\ictserve-031125\vendor\livewire\livewire\src\LivewireManager.php:58
C:\XAMPP\htdocs\ictserve-031125\vendor\livewire\livewire\src\Mechanisms\HandleComponents\HandleComponents.php:43
C:\XAMPP\htdocs\ictserve-031125\vendor\livewire\livewire\src\LivewireManager.php:73
C:\XAMPP\htdocs\ictserve-031125\vendor\livewire\volt\src\LivewireManager.php:23
C:\XAMPP\htdocs\ictserve-031125\storage\framework\views\80166b2776fe506ccbd12ed90957de4a.php:7
C:\XAMPP\htdocs\ictserve-031125\vendor\livewire\livewire\src\Mechanisms\ExtendBlade\ExtendedCompilerEngine.php:37
C:\XAMPP\htdocs\ictserve-031125\vendor\livewire\livewire\src\Mechanisms\ExtendBlade\ExtendedCompilerEngine.php:38
C:\XAMPP\htdocs\ictserve-031125\vendor\laravel\framework\src\Illuminate\View\Engines\CompilerEngine.php:76
C:\XAMPP\htdocs\ictserve-031125\vendor\livewire\livewire\src\Mechanisms\ExtendBlade\ExtendedCompilerEngine.php:16
C:\XAMPP\htdocs\ictserve-031125\vendor\laravel\framework\src\Illuminate\View\View.php:208
C:\XAMPP\htdocs\ictserve-031125\vendor\laravel\framework\src\Illuminate\View\View.php:191
C:\XAMPP\htdocs\ictserve-031125\vendor\laravel\framework\src\Illuminate\View\View.php:160
C:\XAMPP\htdocs\ictserve-031125\vendor\laravel\framework\src\Illuminate\View\Compilers\BladeCompiler.php:352
C:\XAMPP\htdocs\ictserve-031125\vendor\laravel\framework\src\Illuminate\Support\Facades\Facade.php:363
C:\XAMPP\htdocs\ictserve-031125\vendor\livewire\livewire\src\Features\SupportTesting\InitialRender.php:25
C:\XAMPP\htdocs\ictserve-031125\vendor\laravel\framework\src\Illuminate\Routing\CallableDispatcher.php:39
C:\XAMPP\htdocs\ictserve-031125\vendor\laravel\framework\src\Illuminate\Routing\Route.php:243
C:\XAMPP\htdocs\ictserve-031125\vendor\laravel\framework\src\Illuminate\Routing\Route.php:214
C:\XAMPP\htdocs\ictserve-031125\vendor\laravel\framework\src\Illuminate\Routing\Router.php:822
C:\XAMPP\htdocs\ictserve-031125\vendor\laravel\framework\src\Illuminate\Pipeline\Pipeline.php:180
C:\XAMPP\htdocs\ictserve-031125\vendor\laravel\framework\src\Illuminate\Pipeline\Pipeline.php:137
C:\XAMPP\htdocs\ictserve-031125\vendor\laravel\framework\src\Illuminate\Routing\Router.php:821
C:\XAMPP\htdocs\ictserve-031125\vendor\laravel\framework\src\Illuminate\Routing\Router.php:800
C:\XAMPP\htdocs\ictserve-031125\vendor\laravel\framework\src\Illuminate\Routing\Router.php:764
C:\XAMPP\htdocs\ictserve-031125\vendor\laravel\framework\src\Illuminate\Routing\Router.php:753
C:\XAMPP\htdocs\ictserve-031125\vendor\laravel\framework\src\Illuminate\Foundation\Http\Kernel.php:200
C:\XAMPP\htdocs\ictserve-031125\vendor\laravel\framework\src\Illuminate\Pipeline\Pipeline.php:180
C:\XAMPP\htdocs\ictserve-031125\vendor\laravel\framework\src\Illuminate\Pipeline\Pipeline.php:137
C:\XAMPP\htdocs\ictserve-031125\vendor\laravel\framework\src\Illuminate\Foundation\Http\Kernel.php:175
C:\XAMPP\htdocs\ictserve-031125\vendor\laravel\framework\src\Illuminate\Foundation\Http\Kernel.php:144
C:\XAMPP\htdocs\ictserve-031125\vendor\laravel\framework\src\Illuminate\Foundation\Testing\Concerns\MakesHttpRequests.php:607
C:\XAMPP\htdocs\ictserve-031125\vendor\livewire\livewire\src\Features\SupportTesting\InitialRender.php:33
C:\XAMPP\htdocs\ictserve-031125\vendor\livewire\livewire\src\Features\SupportTesting\RequestBroker.php:30
C:\XAMPP\htdocs\ictserve-031125\vendor\livewire\livewire\src\Features\SupportTesting\InitialRender.php:32
C:\XAMPP\htdocs\ictserve-031125\vendor\livewire\livewire\src\Features\SupportTesting\Render.php:24
C:\XAMPP\htdocs\ictserve-031125\vendor\livewire\livewire\src\Features\SupportTesting\InitialRender.php:31
C:\XAMPP\htdocs\ictserve-031125\vendor\livewire\livewire\src\Features\SupportTesting\InitialRender.php:17
C:\XAMPP\htdocs\ictserve-031125\vendor\livewire\livewire\src\Features\SupportTesting\Testable.php:44
C:\XAMPP\htdocs\ictserve-031125\vendor\livewire\livewire\src\LivewireManager.php:197
C:\XAMPP\htdocs\ictserve-031125\vendor\laravel\framework\src\Illuminate\Support\Facades\Facade.php:363
C:\XAMPP\htdocs\ictserve-031125\tests\Feature\Filament\AdminPanelResourceTest.php:441</error>
        </testcase>
      </testsuite>
      <testsuite name="Tests\Feature\Filament\CrossModuleAdminIntegrationTest" file="C:\XAMPP\htdocs\ictserve-031125\tests\Feature\Filament\CrossModuleAdminIntegrationTest.php" tests="14" assertions="8" errors="11" failures="0" skipped="0" time="45.907666">
        <testcase name="test_asset_view_displays_current_loan_status" file="C:\XAMPP\htdocs\ictserve-031125\tests\Feature\Filament\CrossModuleAdminIntegrationTest.php" line="56" class="Tests\Feature\Filament\CrossModuleAdminIntegrationTest" classname="Tests.Feature.Filament.CrossModuleAdminIntegrationTest" assertions="0" time="2.927950">
          <error type="Livewire\Exceptions\ComponentNotFoundException">Tests\Feature\Filament\CrossModuleAdminIntegrationTest::test_asset_view_displays_current_loan_status&#13;
Livewire\Exceptions\ComponentNotFoundException: Unable to find component: [App\Filament\Resources\Assets\AssetResource\Pages\ViewAsset]
&#13;
C:\XAMPP\htdocs\ictserve-031125\vendor\livewire\livewire\src\Mechanisms\ComponentRegistry.php:116
C:\XAMPP\htdocs\ictserve-031125\vendor\livewire\livewire\src\Mechanisms\ComponentRegistry.php:25
C:\XAMPP\htdocs\ictserve-031125\vendor\livewire\livewire\src\LivewireManager.php:58
C:\XAMPP\htdocs\ictserve-031125\vendor\livewire\livewire\src\Mechanisms\HandleComponents\HandleComponents.php:43
C:\XAMPP\htdocs\ictserve-031125\vendor\livewire\livewire\src\LivewireManager.php:73
C:\XAMPP\htdocs\ictserve-031125\vendor\livewire\volt\src\LivewireManager.php:23
C:\XAMPP\htdocs\ictserve-031125\storage\framework\views\80166b2776fe506ccbd12ed90957de4a.php:7
C:\XAMPP\htdocs\ictserve-031125\vendor\livewire\livewire\src\Mechanisms\ExtendBlade\ExtendedCompilerEngine.php:37
C:\XAMPP\htdocs\ictserve-031125\vendor\livewire\livewire\src\Mechanisms\ExtendBlade\ExtendedCompilerEngine.php:38
C:\XAMPP\htdocs\ictserve-031125\vendor\laravel\framework\src\Illuminate\View\Engines\CompilerEngine.php:76
C:\XAMPP\htdocs\ictserve-031125\vendor\livewire\livewire\src\Mechanisms\ExtendBlade\ExtendedCompilerEngine.php:16
C:\XAMPP\htdocs\ictserve-031125\vendor\laravel\framework\src\Illuminate\View\View.php:208
C:\XAMPP\htdocs\ictserve-031125\vendor\laravel\framework\src\Illuminate\View\View.php:191
C:\XAMPP\htdocs\ictserve-031125\vendor\laravel\framework\src\Illuminate\View\View.php:160
C:\XAMPP\htdocs\ictserve-031125\vendor\laravel\framework\src\Illuminate\View\Compilers\BladeCompiler.php:352
C:\XAMPP\htdocs\ictserve-031125\vendor\laravel\framework\src\Illuminate\Support\Facades\Facade.php:363
C:\XAMPP\htdocs\ictserve-031125\vendor\livewire\livewire\src\Features\SupportTesting\InitialRender.php:25
C:\XAMPP\htdocs\ictserve-031125\vendor\laravel\framework\src\Illuminate\Routing\CallableDispatcher.php:39
C:\XAMPP\htdocs\ictserve-031125\vendor\laravel\framework\src\Illuminate\Routing\Route.php:243
C:\XAMPP\htdocs\ictserve-031125\vendor\laravel\framework\src\Illuminate\Routing\Route.php:214
C:\XAMPP\htdocs\ictserve-031125\vendor\laravel\framework\src\Illuminate\Routing\Router.php:822
C:\XAMPP\htdocs\ictserve-031125\vendor\laravel\framework\src\Illuminate\Pipeline\Pipeline.php:180
C:\XAMPP\htdocs\ictserve-031125\vendor\laravel\framework\src\Illuminate\Pipeline\Pipeline.php:137
C:\XAMPP\htdocs\ictserve-031125\vendor\laravel\framework\src\Illuminate\Routing\Router.php:821
C:\XAMPP\htdocs\ictserve-031125\vendor\laravel\framework\src\Illuminate\Routing\Router.php:800
C:\XAMPP\htdocs\ictserve-031125\vendor\laravel\framework\src\Illuminate\Routing\Router.php:764
C:\XAMPP\htdocs\ictserve-031125\vendor\laravel\framework\src\Illuminate\Routing\Router.php:753
C:\XAMPP\htdocs\ictserve-031125\vendor\laravel\framework\src\Illuminate\Foundation\Http\Kernel.php:200
C:\XAMPP\htdocs\ictserve-031125\vendor\laravel\framework\src\Illuminate\Pipeline\Pipeline.php:180
C:\XAMPP\htdocs\ictserve-031125\vendor\laravel\framework\src\Illuminate\Pipeline\Pipeline.php:137
C:\XAMPP\htdocs\ictserve-031125\vendor\laravel\framework\src\Illuminate\Foundation\Http\Kernel.php:175
C:\XAMPP\htdocs\ictserve-031125\vendor\laravel\framework\src\Illuminate\Foundation\Http\Kernel.php:144
C:\XAMPP\htdocs\ictserve-031125\vendor\laravel\framework\src\Illuminate\Foundation\Testing\Concerns\MakesHttpRequests.php:607
C:\XAMPP\htdocs\ictserve-031125\vendor\livewire\livewire\src\Features\SupportTesting\InitialRender.php:33
C:\XAMPP\htdocs\ictserve-031125\vendor\livewire\livewire\src\Features\SupportTesting\RequestBroker.php:30
C:\XAMPP\htdocs\ictserve-031125\vendor\livewire\livewire\src\Features\SupportTesting\InitialRender.php:32
C:\XAMPP\htdocs\ictserve-031125\vendor\livewire\livewire\src\Features\SupportTesting\Render.php:24
C:\XAMPP\htdocs\ictserve-031125\vendor\livewire\livewire\src\Features\SupportTesting\InitialRender.php:31
C:\XAMPP\htdocs\ictserve-031125\vendor\livewire\livewire\src\Features\SupportTesting\InitialRender.php:17
C:\XAMPP\htdocs\ictserve-031125\vendor\livewire\livewire\src\Features\SupportTesting\Testable.php:44
C:\XAMPP\htdocs\ictserve-031125\vendor\livewire\livewire\src\LivewireManager.php:197
C:\XAMPP\htdocs\ictserve-031125\vendor\laravel\framework\src\Illuminate\Support\Facades\Facade.php:363
C:\XAMPP\htdocs\ictserve-031125\tests\Feature\Filament\CrossModuleAdminIntegrationTest.php:81</error>
        </testcase>
        <testcase name="test_asset_view_displays_complete_loan_history" file="C:\XAMPP\htdocs\ictserve-031125\tests\Feature\Filament\CrossModuleAdminIntegrationTest.php" line="88" class="Tests\Feature\Filament\CrossModuleAdminIntegrationTest" classname="Tests.Feature.Filament.CrossModuleAdminIntegrationTest" assertions="0" time="3.208038">
          <error type="Livewire\Exceptions\ComponentNotFoundException">Tests\Feature\Filament\CrossModuleAdminIntegrationTest::test_asset_view_displays_complete_loan_history&#13;
Livewire\Exceptions\ComponentNotFoundException: Unable to find component: [App\Filament\Resources\Assets\AssetResource\Pages\ViewAsset]
&#13;
C:\XAMPP\htdocs\ictserve-031125\vendor\livewire\livewire\src\Mechanisms\ComponentRegistry.php:116
C:\XAMPP\htdocs\ictserve-031125\vendor\livewire\livewire\src\Mechanisms\ComponentRegistry.php:25
C:\XAMPP\htdocs\ictserve-031125\vendor\livewire\livewire\src\LivewireManager.php:58
C:\XAMPP\htdocs\ictserve-031125\vendor\livewire\livewire\src\Mechanisms\HandleComponents\HandleComponents.php:43
C:\XAMPP\htdocs\ictserve-031125\vendor\livewire\livewire\src\LivewireManager.php:73
C:\XAMPP\htdocs\ictserve-031125\vendor\livewire\volt\src\LivewireManager.php:23
C:\XAMPP\htdocs\ictserve-031125\storage\framework\views\80166b2776fe506ccbd12ed90957de4a.php:7
C:\XAMPP\htdocs\ictserve-031125\vendor\livewire\livewire\src\Mechanisms\ExtendBlade\ExtendedCompilerEngine.php:37
C:\XAMPP\htdocs\ictserve-031125\vendor\livewire\livewire\src\Mechanisms\ExtendBlade\ExtendedCompilerEngine.php:38
C:\XAMPP\htdocs\ictserve-031125\vendor\laravel\framework\src\Illuminate\View\Engines\CompilerEngine.php:76
C:\XAMPP\htdocs\ictserve-031125\vendor\livewire\livewire\src\Mechanisms\ExtendBlade\ExtendedCompilerEngine.php:16
C:\XAMPP\htdocs\ictserve-031125\vendor\laravel\framework\src\Illuminate\View\View.php:208
C:\XAMPP\htdocs\ictserve-031125\vendor\laravel\framework\src\Illuminate\View\View.php:191
C:\XAMPP\htdocs\ictserve-031125\vendor\laravel\framework\src\Illuminate\View\View.php:160
C:\XAMPP\htdocs\ictserve-031125\vendor\laravel\framework\src\Illuminate\View\Compilers\BladeCompiler.php:352
C:\XAMPP\htdocs\ictserve-031125\vendor\laravel\framework\src\Illuminate\Support\Facades\Facade.php:363
C:\XAMPP\htdocs\ictserve-031125\vendor\livewire\livewire\src\Features\SupportTesting\InitialRender.php:25
C:\XAMPP\htdocs\ictserve-031125\vendor\laravel\framework\src\Illuminate\Routing\CallableDispatcher.php:39
C:\XAMPP\htdocs\ictserve-031125\vendor\laravel\framework\src\Illuminate\Routing\Route.php:243
C:\XAMPP\htdocs\ictserve-031125\vendor\laravel\framework\src\Illuminate\Routing\Route.php:214
C:\XAMPP\htdocs\ictserve-031125\vendor\laravel\framework\src\Illuminate\Routing\Router.php:822
C:\XAMPP\htdocs\ictserve-031125\vendor\laravel\framework\src\Illuminate\Pipeline\Pipeline.php:180
C:\XAMPP\htdocs\ictserve-031125\vendor\laravel\framework\src\Illuminate\Pipeline\Pipeline.php:137
C:\XAMPP\htdocs\ictserve-031125\vendor\laravel\framework\src\Illuminate\Routing\Router.php:821
C:\XAMPP\htdocs\ictserve-031125\vendor\laravel\framework\src\Illuminate\Routing\Router.php:800
C:\XAMPP\htdocs\ictserve-031125\vendor\laravel\framework\src\Illuminate\Routing\Router.php:764
C:\XAMPP\htdocs\ictserve-031125\vendor\laravel\framework\src\Illuminate\Routing\Router.php:753
C:\XAMPP\htdocs\ictserve-031125\vendor\laravel\framework\src\Illuminate\Foundation\Http\Kernel.php:200
C:\XAMPP\htdocs\ictserve-031125\vendor\laravel\framework\src\Illuminate\Pipeline\Pipeline.php:180
C:\XAMPP\htdocs\ictserve-031125\vendor\laravel\framework\src\Illuminate\Pipeline\Pipeline.php:137
C:\XAMPP\htdocs\ictserve-031125\vendor\laravel\framework\src\Illuminate\Foundation\Http\Kernel.php:175
C:\XAMPP\htdocs\ictserve-031125\vendor\laravel\framework\src\Illuminate\Foundation\Http\Kernel.php:144
C:\XAMPP\htdocs\ictserve-031125\vendor\laravel\framework\src\Illuminate\Foundation\Testing\Concerns\MakesHttpRequests.php:607
C:\XAMPP\htdocs\ictserve-031125\vendor\livewire\livewire\src\Features\SupportTesting\InitialRender.php:33
C:\XAMPP\htdocs\ictserve-031125\vendor\livewire\livewire\src\Features\SupportTesting\RequestBroker.php:30
C:\XAMPP\htdocs\ictserve-031125\vendor\livewire\livewire\src\Features\SupportTesting\InitialRender.php:32
C:\XAMPP\htdocs\ictserve-031125\vendor\livewire\livewire\src\Features\SupportTesting\Render.php:24
C:\XAMPP\htdocs\ictserve-031125\vendor\livewire\livewire\src\Features\SupportTesting\InitialRender.php:31
C:\XAMPP\htdocs\ictserve-031125\vendor\livewire\livewire\src\Features\SupportTesting\InitialRender.php:17
C:\XAMPP\htdocs\ictserve-031125\vendor\livewire\livewire\src\Features\SupportTesting\Testable.php:44
C:\XAMPP\htdocs\ictserve-031125\vendor\livewire\livewire\src\LivewireManager.php:197
C:\XAMPP\htdocs\ictserve-031125\vendor\laravel\framework\src\Illuminate\Support\Facades\Facade.php:363
C:\XAMPP\htdocs\ictserve-031125\tests\Feature\Filament\CrossModuleAdminIntegrationTest.php:121</error>
        </testcase>
        <testcase name="test_loan_application_view_displays_asset_details" file="C:\XAMPP\htdocs\ictserve-031125\tests\Feature\Filament\CrossModuleAdminIntegrationTest.php" line="127" class="Tests\Feature\Filament\CrossModuleAdminIntegrationTest" classname="Tests.Feature.Filament.CrossModuleAdminIntegrationTest" assertions="0" time="4.116583">
          <error type="Livewire\Exceptions\ComponentNotFoundException">Tests\Feature\Filament\CrossModuleAdminIntegrationTest::test_loan_application_view_displays_asset_details&#13;
Livewire\Exceptions\ComponentNotFoundException: Unable to find component: [App\Filament\Resources\Loans\LoanApplicationResource\Pages\ViewLoanApplication]
&#13;
C:\XAMPP\htdocs\ictserve-031125\vendor\livewire\livewire\src\Mechanisms\ComponentRegistry.php:116
C:\XAMPP\htdocs\ictserve-031125\vendor\livewire\livewire\src\Mechanisms\ComponentRegistry.php:25
C:\XAMPP\htdocs\ictserve-031125\vendor\livewire\livewire\src\LivewireManager.php:58
C:\XAMPP\htdocs\ictserve-031125\vendor\livewire\livewire\src\Mechanisms\HandleComponents\HandleComponents.php:43
C:\XAMPP\htdocs\ictserve-031125\vendor\livewire\livewire\src\LivewireManager.php:73
C:\XAMPP\htdocs\ictserve-031125\vendor\livewire\volt\src\LivewireManager.php:23
C:\XAMPP\htdocs\ictserve-031125\storage\framework\views\80166b2776fe506ccbd12ed90957de4a.php:7
C:\XAMPP\htdocs\ictserve-031125\vendor\livewire\livewire\src\Mechanisms\ExtendBlade\ExtendedCompilerEngine.php:37
C:\XAMPP\htdocs\ictserve-031125\vendor\livewire\livewire\src\Mechanisms\ExtendBlade\ExtendedCompilerEngine.php:38
C:\XAMPP\htdocs\ictserve-031125\vendor\laravel\framework\src\Illuminate\View\Engines\CompilerEngine.php:76
C:\XAMPP\htdocs\ictserve-031125\vendor\livewire\livewire\src\Mechanisms\ExtendBlade\ExtendedCompilerEngine.php:16
C:\XAMPP\htdocs\ictserve-031125\vendor\laravel\framework\src\Illuminate\View\View.php:208
C:\XAMPP\htdocs\ictserve-031125\vendor\laravel\framework\src\Illuminate\View\View.php:191
C:\XAMPP\htdocs\ictserve-031125\vendor\laravel\framework\src\Illuminate\View\View.php:160
C:\XAMPP\htdocs\ictserve-031125\vendor\laravel\framework\src\Illuminate\View\Compilers\BladeCompiler.php:352
C:\XAMPP\htdocs\ictserve-031125\vendor\laravel\framework\src\Illuminate\Support\Facades\Facade.php:363
C:\XAMPP\htdocs\ictserve-031125\vendor\livewire\livewire\src\Features\SupportTesting\InitialRender.php:25
C:\XAMPP\htdocs\ictserve-031125\vendor\laravel\framework\src\Illuminate\Routing\CallableDispatcher.php:39
C:\XAMPP\htdocs\ictserve-031125\vendor\laravel\framework\src\Illuminate\Routing\Route.php:243
C:\XAMPP\htdocs\ictserve-031125\vendor\laravel\framework\src\Illuminate\Routing\Route.php:214
C:\XAMPP\htdocs\ictserve-031125\vendor\laravel\framework\src\Illuminate\Routing\Router.php:822
C:\XAMPP\htdocs\ictserve-031125\vendor\laravel\framework\src\Illuminate\Pipeline\Pipeline.php:180
C:\XAMPP\htdocs\ictserve-031125\vendor\laravel\framework\src\Illuminate\Pipeline\Pipeline.php:137
C:\XAMPP\htdocs\ictserve-031125\vendor\laravel\framework\src\Illuminate\Routing\Router.php:821
C:\XAMPP\htdocs\ictserve-031125\vendor\laravel\framework\src\Illuminate\Routing\Router.php:800
C:\XAMPP\htdocs\ictserve-031125\vendor\laravel\framework\src\Illuminate\Routing\Router.php:764
C:\XAMPP\htdocs\ictserve-031125\vendor\laravel\framework\src\Illuminate\Routing\Router.php:753
C:\XAMPP\htdocs\ictserve-031125\vendor\laravel\framework\src\Illuminate\Foundation\Http\Kernel.php:200
C:\XAMPP\htdocs\ictserve-031125\vendor\laravel\framework\src\Illuminate\Pipeline\Pipeline.php:180
C:\XAMPP\htdocs\ictserve-031125\vendor\laravel\framework\src\Illuminate\Pipeline\Pipeline.php:137
C:\XAMPP\htdocs\ictserve-031125\vendor\laravel\framework\src\Illuminate\Foundation\Http\Kernel.php:175
C:\XAMPP\htdocs\ictserve-031125\vendor\laravel\framework\src\Illuminate\Foundation\Http\Kernel.php:144
C:\XAMPP\htdocs\ictserve-031125\vendor\laravel\framework\src\Illuminate\Foundation\Testing\Concerns\MakesHttpRequests.php:607
C:\XAMPP\htdocs\ictserve-031125\vendor\livewire\livewire\src\Features\SupportTesting\InitialRender.php:33
C:\XAMPP\htdocs\ictserve-031125\vendor\livewire\livewire\src\Features\SupportTesting\RequestBroker.php:30
C:\XAMPP\htdocs\ictserve-031125\vendor\livewire\livewire\src\Features\SupportTesting\InitialRender.php:32
C:\XAMPP\htdocs\ictserve-031125\vendor\livewire\livewire\src\Features\SupportTesting\Render.php:24
C:\XAMPP\htdocs\ictserve-031125\vendor\livewire\livewire\src\Features\SupportTesting\InitialRender.php:31
C:\XAMPP\htdocs\ictserve-031125\vendor\livewire\livewire\src\Features\SupportTesting\InitialRender.php:17
C:\XAMPP\htdocs\ictserve-031125\vendor\livewire\livewire\src\Features\SupportTesting\Testable.php:44
C:\XAMPP\htdocs\ictserve-031125\vendor\livewire\livewire\src\LivewireManager.php:197
C:\XAMPP\htdocs\ictserve-031125\vendor\laravel\framework\src\Illuminate\Support\Facades\Facade.php:363
C:\XAMPP\htdocs\ictserve-031125\tests\Feature\Filament\CrossModuleAdminIntegrationTest.php:148</error>
        </testcase>
        <testcase name="test_loan_application_displays_multiple_assets" file="C:\XAMPP\htdocs\ictserve-031125\tests\Feature\Filament\CrossModuleAdminIntegrationTest.php" line="154" class="Tests\Feature\Filament\CrossModuleAdminIntegrationTest" classname="Tests.Feature.Filament.CrossModuleAdminIntegrationTest" assertions="0" time="4.469374">
          <error type="Livewire\Exceptions\ComponentNotFoundException">Tests\Feature\Filament\CrossModuleAdminIntegrationTest::test_loan_application_displays_multiple_assets&#13;
Livewire\Exceptions\ComponentNotFoundException: Unable to find component: [App\Filament\Resources\Loans\LoanApplicationResource\Pages\ViewLoanApplication]
&#13;
C:\XAMPP\htdocs\ictserve-031125\vendor\livewire\livewire\src\Mechanisms\ComponentRegistry.php:116
C:\XAMPP\htdocs\ictserve-031125\vendor\livewire\livewire\src\Mechanisms\ComponentRegistry.php:25
C:\XAMPP\htdocs\ictserve-031125\vendor\livewire\livewire\src\LivewireManager.php:58
C:\XAMPP\htdocs\ictserve-031125\vendor\livewire\livewire\src\Mechanisms\HandleComponents\HandleComponents.php:43
C:\XAMPP\htdocs\ictserve-031125\vendor\livewire\livewire\src\LivewireManager.php:73
C:\XAMPP\htdocs\ictserve-031125\vendor\livewire\volt\src\LivewireManager.php:23
C:\XAMPP\htdocs\ictserve-031125\storage\framework\views\80166b2776fe506ccbd12ed90957de4a.php:7
C:\XAMPP\htdocs\ictserve-031125\vendor\livewire\livewire\src\Mechanisms\ExtendBlade\ExtendedCompilerEngine.php:37
C:\XAMPP\htdocs\ictserve-031125\vendor\livewire\livewire\src\Mechanisms\ExtendBlade\ExtendedCompilerEngine.php:38
C:\XAMPP\htdocs\ictserve-031125\vendor\laravel\framework\src\Illuminate\View\Engines\CompilerEngine.php:76
C:\XAMPP\htdocs\ictserve-031125\vendor\livewire\livewire\src\Mechanisms\ExtendBlade\ExtendedCompilerEngine.php:16
C:\XAMPP\htdocs\ictserve-031125\vendor\laravel\framework\src\Illuminate\View\View.php:208
C:\XAMPP\htdocs\ictserve-031125\vendor\laravel\framework\src\Illuminate\View\View.php:191
C:\XAMPP\htdocs\ictserve-031125\vendor\laravel\framework\src\Illuminate\View\View.php:160
C:\XAMPP\htdocs\ictserve-031125\vendor\laravel\framework\src\Illuminate\View\Compilers\BladeCompiler.php:352
C:\XAMPP\htdocs\ictserve-031125\vendor\laravel\framework\src\Illuminate\Support\Facades\Facade.php:363
C:\XAMPP\htdocs\ictserve-031125\vendor\livewire\livewire\src\Features\SupportTesting\InitialRender.php:25
C:\XAMPP\htdocs\ictserve-031125\vendor\laravel\framework\src\Illuminate\Routing\CallableDispatcher.php:39
C:\XAMPP\htdocs\ictserve-031125\vendor\laravel\framework\src\Illuminate\Routing\Route.php:243
C:\XAMPP\htdocs\ictserve-031125\vendor\laravel\framework\src\Illuminate\Routing\Route.php:214
C:\XAMPP\htdocs\ictserve-031125\vendor\laravel\framework\src\Illuminate\Routing\Router.php:822
C:\XAMPP\htdocs\ictserve-031125\vendor\laravel\framework\src\Illuminate\Pipeline\Pipeline.php:180
C:\XAMPP\htdocs\ictserve-031125\vendor\laravel\framework\src\Illuminate\Pipeline\Pipeline.php:137
C:\XAMPP\htdocs\ictserve-031125\vendor\laravel\framework\src\Illuminate\Routing\Router.php:821
C:\XAMPP\htdocs\ictserve-031125\vendor\laravel\framework\src\Illuminate\Routing\Router.php:800
C:\XAMPP\htdocs\ictserve-031125\vendor\laravel\framework\src\Illuminate\Routing\Router.php:764
C:\XAMPP\htdocs\ictserve-031125\vendor\laravel\framework\src\Illuminate\Routing\Router.php:753
C:\XAMPP\htdocs\ictserve-031125\vendor\laravel\framework\src\Illuminate\Foundation\Http\Kernel.php:200
C:\XAMPP\htdocs\ictserve-031125\vendor\laravel\framework\src\Illuminate\Pipeline\Pipeline.php:180
C:\XAMPP\htdocs\ictserve-031125\vendor\laravel\framework\src\Illuminate\Pipeline\Pipeline.php:137
C:\XAMPP\htdocs\ictserve-031125\vendor\laravel\framework\src\Illuminate\Foundation\Http\Kernel.php:175
C:\XAMPP\htdocs\ictserve-031125\vendor\laravel\framework\src\Illuminate\Foundation\Http\Kernel.php:144
C:\XAMPP\htdocs\ictserve-031125\vendor\laravel\framework\src\Illuminate\Foundation\Testing\Concerns\MakesHttpRequests.php:607
C:\XAMPP\htdocs\ictserve-031125\vendor\livewire\livewire\src\Features\SupportTesting\InitialRender.php:33
C:\XAMPP\htdocs\ictserve-031125\vendor\livewire\livewire\src\Features\SupportTesting\RequestBroker.php:30
C:\XAMPP\htdocs\ictserve-031125\vendor\livewire\livewire\src\Features\SupportTesting\InitialRender.php:32
C:\XAMPP\htdocs\ictserve-031125\vendor\livewire\livewire\src\Features\SupportTesting\Render.php:24
C:\XAMPP\htdocs\ictserve-031125\vendor\livewire\livewire\src\Features\SupportTesting\InitialRender.php:31
C:\XAMPP\htdocs\ictserve-031125\vendor\livewire\livewire\src\Features\SupportTesting\InitialRender.php:17
C:\XAMPP\htdocs\ictserve-031125\vendor\livewire\livewire\src\Features\SupportTesting\Testable.php:44
C:\XAMPP\htdocs\ictserve-031125\vendor\livewire\livewire\src\LivewireManager.php:197
C:\XAMPP\htdocs\ictserve-031125\vendor\laravel\framework\src\Illuminate\Support\Facades\Facade.php:363
C:\XAMPP\htdocs\ictserve-031125\tests\Feature\Filament\CrossModuleAdminIntegrationTest.php:185</error>
        </testcase>
        <testcase name="test_asset_view_displays_related_helpdesk_tickets" file="C:\XAMPP\htdocs\ictserve-031125\tests\Feature\Filament\CrossModuleAdminIntegrationTest.php" line="195" class="Tests\Feature\Filament\CrossModuleAdminIntegrationTest" classname="Tests.Feature.Filament.CrossModuleAdminIntegrationTest" assertions="0" time="3.184420">
          <error type="Illuminate\Database\QueryException">Tests\Feature\Filament\CrossModuleAdminIntegrationTest::test_asset_view_displays_related_helpdesk_tickets&#13;
Illuminate\Database\QueryException: SQLSTATE[HY000]: General error: 1 table helpdesk_tickets has no column named category (Connection: sqlite, SQL: insert into "helpdesk_tickets" ("ticket_number", "user_id", "category_id", "subject", "description", "priority", "status", "damage_type", "asset_id", "category", "updated_at", "created_at") values (HD2025275008, 2, 1, Asset Maintenance Required, Sed quia alias quae. Dignissimos autem quod hic. Dolor ut autem odit pariatur aut., normal, closed, software, 1, maintenance, 2025-11-05 00:36:49, 2025-11-05 00:36:49))
&#13;
C:\XAMPP\htdocs\ictserve-031125\vendor\laravel\framework\src\Illuminate\Database\Connection.php:824
C:\XAMPP\htdocs\ictserve-031125\vendor\laravel\framework\src\Illuminate\Database\Connection.php:778
C:\XAMPP\htdocs\ictserve-031125\vendor\laravel\framework\src\Illuminate\Database\Connection.php:559
C:\XAMPP\htdocs\ictserve-031125\vendor\laravel\framework\src\Illuminate\Database\Connection.php:523
C:\XAMPP\htdocs\ictserve-031125\vendor\laravel\framework\src\Illuminate\Database\Query\Processors\Processor.php:32
C:\XAMPP\htdocs\ictserve-031125\vendor\laravel\framework\src\Illuminate\Database\Query\Builder.php:3853
C:\XAMPP\htdocs\ictserve-031125\vendor\laravel\framework\src\Illuminate\Database\Eloquent\Builder.php:2235
C:\XAMPP\htdocs\ictserve-031125\vendor\laravel\framework\src\Illuminate\Database\Eloquent\Model.php:1436
C:\XAMPP\htdocs\ictserve-031125\vendor\laravel\framework\src\Illuminate\Database\Eloquent\Model.php:1401
C:\XAMPP\htdocs\ictserve-031125\vendor\laravel\framework\src\Illuminate\Database\Eloquent\Model.php:1240
C:\XAMPP\htdocs\ictserve-031125\vendor\laravel\framework\src\Illuminate\Database\Eloquent\Factories\Factory.php:370
C:\XAMPP\htdocs\ictserve-031125\vendor\laravel\framework\src\Illuminate\Collections\Traits\EnumeratesValues.php:271
C:\XAMPP\htdocs\ictserve-031125\vendor\laravel\framework\src\Illuminate\Database\Eloquent\Factories\Factory.php:365
C:\XAMPP\htdocs\ictserve-031125\vendor\laravel\framework\src\Illuminate\Database\Eloquent\Factories\Factory.php:321
C:\XAMPP\htdocs\ictserve-031125\vendor\laravel\framework\src\Illuminate\Database\Eloquent\Factories\Factory.php:315
C:\XAMPP\htdocs\ictserve-031125\tests\Feature\Filament\CrossModuleAdminIntegrationTest.php:204</error>
        </testcase>
        <testcase name="test_asset_with_damage_report_shows_helpdesk_ticket_link" file="C:\XAMPP\htdocs\ictserve-031125\tests\Feature\Filament\CrossModuleAdminIntegrationTest.php" line="218" class="Tests\Feature\Filament\CrossModuleAdminIntegrationTest" classname="Tests.Feature.Filament.CrossModuleAdminIntegrationTest" assertions="0" time="3.068199">
          <error type="Illuminate\Database\QueryException">Tests\Feature\Filament\CrossModuleAdminIntegrationTest::test_asset_with_damage_report_shows_helpdesk_ticket_link&#13;
Illuminate\Database\QueryException: SQLSTATE[HY000]: General error: 1 table helpdesk_tickets has no column named category (Connection: sqlite, SQL: insert into "helpdesk_tickets" ("ticket_number", "user_id", "category_id", "subject", "description", "priority", "status", "damage_type", "asset_id", "category", "updated_at", "created_at") values (HD2025758161, 2, 1, Placeat aliquam consequatur dicta ullam voluptatem blanditiis., Voluptatibus voluptate quibusdam libero. Ipsum et totam illo quaerat voluptatibus ut. Similique quis ducimus harum nobis ea rerum ut., high, resolved, hardware, 1, maintenance, 2025-11-05 00:36:52, 2025-11-05 00:36:52))
&#13;
C:\XAMPP\htdocs\ictserve-031125\vendor\laravel\framework\src\Illuminate\Database\Connection.php:824
C:\XAMPP\htdocs\ictserve-031125\vendor\laravel\framework\src\Illuminate\Database\Connection.php:778
C:\XAMPP\htdocs\ictserve-031125\vendor\laravel\framework\src\Illuminate\Database\Connection.php:559
C:\XAMPP\htdocs\ictserve-031125\vendor\laravel\framework\src\Illuminate\Database\Connection.php:523
C:\XAMPP\htdocs\ictserve-031125\vendor\laravel\framework\src\Illuminate\Database\Query\Processors\Processor.php:32
C:\XAMPP\htdocs\ictserve-031125\vendor\laravel\framework\src\Illuminate\Database\Query\Builder.php:3853
C:\XAMPP\htdocs\ictserve-031125\vendor\laravel\framework\src\Illuminate\Database\Eloquent\Builder.php:2235
C:\XAMPP\htdocs\ictserve-031125\vendor\laravel\framework\src\Illuminate\Database\Eloquent\Model.php:1436
C:\XAMPP\htdocs\ictserve-031125\vendor\laravel\framework\src\Illuminate\Database\Eloquent\Model.php:1401
C:\XAMPP\htdocs\ictserve-031125\vendor\laravel\framework\src\Illuminate\Database\Eloquent\Model.php:1240
C:\XAMPP\htdocs\ictserve-031125\vendor\laravel\framework\src\Illuminate\Database\Eloquent\Factories\Factory.php:370
C:\XAMPP\htdocs\ictserve-031125\vendor\laravel\framework\src\Illuminate\Collections\Traits\EnumeratesValues.php:271
C:\XAMPP\htdocs\ictserve-031125\vendor\laravel\framework\src\Illuminate\Database\Eloquent\Factories\Factory.php:365
C:\XAMPP\htdocs\ictserve-031125\vendor\laravel\framework\src\Illuminate\Database\Eloquent\Factories\Factory.php:321
C:\XAMPP\htdocs\ictserve-031125\vendor\laravel\framework\src\Illuminate\Database\Eloquent\Factories\Factory.php:315
C:\XAMPP\htdocs\ictserve-031125\tests\Feature\Filament\CrossModuleAdminIntegrationTest.php:240</error>
        </testcase>
        <testcase name="test_asset_view_displays_transaction_history" file="C:\XAMPP\htdocs\ictserve-031125\tests\Feature\Filament\CrossModuleAdminIntegrationTest.php" line="257" class="Tests\Feature\Filament\CrossModuleAdminIntegrationTest" classname="Tests.Feature.Filament.CrossModuleAdminIntegrationTest" assertions="0" time="3.112681">
          <error type="Livewire\Exceptions\ComponentNotFoundException">Tests\Feature\Filament\CrossModuleAdminIntegrationTest::test_asset_view_displays_transaction_history&#13;
Livewire\Exceptions\ComponentNotFoundException: Unable to find component: [App\Filament\Resources\Assets\AssetResource\Pages\ViewAsset]
&#13;
C:\XAMPP\htdocs\ictserve-031125\vendor\livewire\livewire\src\Mechanisms\ComponentRegistry.php:116
C:\XAMPP\htdocs\ictserve-031125\vendor\livewire\livewire\src\Mechanisms\ComponentRegistry.php:25
C:\XAMPP\htdocs\ictserve-031125\vendor\livewire\livewire\src\LivewireManager.php:58
C:\XAMPP\htdocs\ictserve-031125\vendor\livewire\livewire\src\Mechanisms\HandleComponents\HandleComponents.php:43
C:\XAMPP\htdocs\ictserve-031125\vendor\livewire\livewire\src\LivewireManager.php:73
C:\XAMPP\htdocs\ictserve-031125\vendor\livewire\volt\src\LivewireManager.php:23
C:\XAMPP\htdocs\ictserve-031125\storage\framework\views\80166b2776fe506ccbd12ed90957de4a.php:7
C:\XAMPP\htdocs\ictserve-031125\vendor\livewire\livewire\src\Mechanisms\ExtendBlade\ExtendedCompilerEngine.php:37
C:\XAMPP\htdocs\ictserve-031125\vendor\livewire\livewire\src\Mechanisms\ExtendBlade\ExtendedCompilerEngine.php:38
C:\XAMPP\htdocs\ictserve-031125\vendor\laravel\framework\src\Illuminate\View\Engines\CompilerEngine.php:76
C:\XAMPP\htdocs\ictserve-031125\vendor\livewire\livewire\src\Mechanisms\ExtendBlade\ExtendedCompilerEngine.php:16
C:\XAMPP\htdocs\ictserve-031125\vendor\laravel\framework\src\Illuminate\View\View.php:208
C:\XAMPP\htdocs\ictserve-031125\vendor\laravel\framework\src\Illuminate\View\View.php:191
C:\XAMPP\htdocs\ictserve-031125\vendor\laravel\framework\src\Illuminate\View\View.php:160
C:\XAMPP\htdocs\ictserve-031125\vendor\laravel\framework\src\Illuminate\View\Compilers\BladeCompiler.php:352
C:\XAMPP\htdocs\ictserve-031125\vendor\laravel\framework\src\Illuminate\Support\Facades\Facade.php:363
C:\XAMPP\htdocs\ictserve-031125\vendor\livewire\livewire\src\Features\SupportTesting\InitialRender.php:25
C:\XAMPP\htdocs\ictserve-031125\vendor\laravel\framework\src\Illuminate\Routing\CallableDispatcher.php:39
C:\XAMPP\htdocs\ictserve-031125\vendor\laravel\framework\src\Illuminate\Routing\Route.php:243
C:\XAMPP\htdocs\ictserve-031125\vendor\laravel\framework\src\Illuminate\Routing\Route.php:214
C:\XAMPP\htdocs\ictserve-031125\vendor\laravel\framework\src\Illuminate\Routing\Router.php:822
C:\XAMPP\htdocs\ictserve-031125\vendor\laravel\framework\src\Illuminate\Pipeline\Pipeline.php:180
C:\XAMPP\htdocs\ictserve-031125\vendor\laravel\framework\src\Illuminate\Pipeline\Pipeline.php:137
C:\XAMPP\htdocs\ictserve-031125\vendor\laravel\framework\src\Illuminate\Routing\Router.php:821
C:\XAMPP\htdocs\ictserve-031125\vendor\laravel\framework\src\Illuminate\Routing\Router.php:800
C:\XAMPP\htdocs\ictserve-031125\vendor\laravel\framework\src\Illuminate\Routing\Router.php:764
C:\XAMPP\htdocs\ictserve-031125\vendor\laravel\framework\src\Illuminate\Routing\Router.php:753
C:\XAMPP\htdocs\ictserve-031125\vendor\laravel\framework\src\Illuminate\Foundation\Http\Kernel.php:200
C:\XAMPP\htdocs\ictserve-031125\vendor\laravel\framework\src\Illuminate\Pipeline\Pipeline.php:180
C:\XAMPP\htdocs\ictserve-031125\vendor\laravel\framework\src\Illuminate\Pipeline\Pipeline.php:137
C:\XAMPP\htdocs\ictserve-031125\vendor\laravel\framework\src\Illuminate\Foundation\Http\Kernel.php:175
C:\XAMPP\htdocs\ictserve-031125\vendor\laravel\framework\src\Illuminate\Foundation\Http\Kernel.php:144
C:\XAMPP\htdocs\ictserve-031125\vendor\laravel\framework\src\Illuminate\Foundation\Testing\Concerns\MakesHttpRequests.php:607
C:\XAMPP\htdocs\ictserve-031125\vendor\livewire\livewire\src\Features\SupportTesting\InitialRender.php:33
C:\XAMPP\htdocs\ictserve-031125\vendor\livewire\livewire\src\Features\SupportTesting\RequestBroker.php:30
C:\XAMPP\htdocs\ictserve-031125\vendor\livewire\livewire\src\Features\SupportTesting\InitialRender.php:32
C:\XAMPP\htdocs\ictserve-031125\vendor\livewire\livewire\src\Features\SupportTesting\Render.php:24
C:\XAMPP\htdocs\ictserve-031125\vendor\livewire\livewire\src\Features\SupportTesting\InitialRender.php:31
C:\XAMPP\htdocs\ictserve-031125\vendor\livewire\livewire\src\Features\SupportTesting\InitialRender.php:17
C:\XAMPP\htdocs\ictserve-031125\vendor\livewire\livewire\src\Features\SupportTesting\Testable.php:44
C:\XAMPP\htdocs\ictserve-031125\vendor\livewire\livewire\src\LivewireManager.php:197
C:\XAMPP\htdocs\ictserve-031125\vendor\laravel\framework\src\Illuminate\Support\Facades\Facade.php:363
C:\XAMPP\htdocs\ictserve-031125\tests\Feature\Filament\CrossModuleAdminIntegrationTest.php:290</error>
        </testcase>
        <testcase name="test_loan_application_view_displays_transaction_timeline" file="C:\XAMPP\htdocs\ictserve-031125\tests\Feature\Filament\CrossModuleAdminIntegrationTest.php" line="296" class="Tests\Feature\Filament\CrossModuleAdminIntegrationTest" classname="Tests.Feature.Filament.CrossModuleAdminIntegrationTest" assertions="0" time="4.206162">
          <error type="Livewire\Exceptions\ComponentNotFoundException">Tests\Feature\Filament\CrossModuleAdminIntegrationTest::test_loan_application_view_displays_transaction_timeline&#13;
Livewire\Exceptions\ComponentNotFoundException: Unable to find component: [App\Filament\Resources\Loans\LoanApplicationResource\Pages\ViewLoanApplication]
&#13;
C:\XAMPP\htdocs\ictserve-031125\vendor\livewire\livewire\src\Mechanisms\ComponentRegistry.php:116
C:\XAMPP\htdocs\ictserve-031125\vendor\livewire\livewire\src\Mechanisms\ComponentRegistry.php:25
C:\XAMPP\htdocs\ictserve-031125\vendor\livewire\livewire\src\LivewireManager.php:58
C:\XAMPP\htdocs\ictserve-031125\vendor\livewire\livewire\src\Mechanisms\HandleComponents\HandleComponents.php:43
C:\XAMPP\htdocs\ictserve-031125\vendor\livewire\livewire\src\LivewireManager.php:73
C:\XAMPP\htdocs\ictserve-031125\vendor\livewire\volt\src\LivewireManager.php:23
C:\XAMPP\htdocs\ictserve-031125\storage\framework\views\80166b2776fe506ccbd12ed90957de4a.php:7
C:\XAMPP\htdocs\ictserve-031125\vendor\livewire\livewire\src\Mechanisms\ExtendBlade\ExtendedCompilerEngine.php:37
C:\XAMPP\htdocs\ictserve-031125\vendor\livewire\livewire\src\Mechanisms\ExtendBlade\ExtendedCompilerEngine.php:38
C:\XAMPP\htdocs\ictserve-031125\vendor\laravel\framework\src\Illuminate\View\Engines\CompilerEngine.php:76
C:\XAMPP\htdocs\ictserve-031125\vendor\livewire\livewire\src\Mechanisms\ExtendBlade\ExtendedCompilerEngine.php:16
C:\XAMPP\htdocs\ictserve-031125\vendor\laravel\framework\src\Illuminate\View\View.php:208
C:\XAMPP\htdocs\ictserve-031125\vendor\laravel\framework\src\Illuminate\View\View.php:191
C:\XAMPP\htdocs\ictserve-031125\vendor\laravel\framework\src\Illuminate\View\View.php:160
C:\XAMPP\htdocs\ictserve-031125\vendor\laravel\framework\src\Illuminate\View\Compilers\BladeCompiler.php:352
C:\XAMPP\htdocs\ictserve-031125\vendor\laravel\framework\src\Illuminate\Support\Facades\Facade.php:363
C:\XAMPP\htdocs\ictserve-031125\vendor\livewire\livewire\src\Features\SupportTesting\InitialRender.php:25
C:\XAMPP\htdocs\ictserve-031125\vendor\laravel\framework\src\Illuminate\Routing\CallableDispatcher.php:39
C:\XAMPP\htdocs\ictserve-031125\vendor\laravel\framework\src\Illuminate\Routing\Route.php:243
C:\XAMPP\htdocs\ictserve-031125\vendor\laravel\framework\src\Illuminate\Routing\Route.php:214
C:\XAMPP\htdocs\ictserve-031125\vendor\laravel\framework\src\Illuminate\Routing\Router.php:822
C:\XAMPP\htdocs\ictserve-031125\vendor\laravel\framework\src\Illuminate\Pipeline\Pipeline.php:180
C:\XAMPP\htdocs\ictserve-031125\vendor\laravel\framework\src\Illuminate\Pipeline\Pipeline.php:137
C:\XAMPP\htdocs\ictserve-031125\vendor\laravel\framework\src\Illuminate\Routing\Router.php:821
C:\XAMPP\htdocs\ictserve-031125\vendor\laravel\framework\src\Illuminate\Routing\Router.php:800
C:\XAMPP\htdocs\ictserve-031125\vendor\laravel\framework\src\Illuminate\Routing\Router.php:764
C:\XAMPP\htdocs\ictserve-031125\vendor\laravel\framework\src\Illuminate\Routing\Router.php:753
C:\XAMPP\htdocs\ictserve-031125\vendor\laravel\framework\src\Illuminate\Foundation\Http\Kernel.php:200
C:\XAMPP\htdocs\ictserve-031125\vendor\laravel\framework\src\Illuminate\Pipeline\Pipeline.php:180
C:\XAMPP\htdocs\ictserve-031125\vendor\laravel\framework\src\Illuminate\Pipeline\Pipeline.php:137
C:\XAMPP\htdocs\ictserve-031125\vendor\laravel\framework\src\Illuminate\Foundation\Http\Kernel.php:175
C:\XAMPP\htdocs\ictserve-031125\vendor\laravel\framework\src\Illuminate\Foundation\Http\Kernel.php:144
C:\XAMPP\htdocs\ictserve-031125\vendor\laravel\framework\src\Illuminate\Foundation\Testing\Concerns\MakesHttpRequests.php:607
C:\XAMPP\htdocs\ictserve-031125\vendor\livewire\livewire\src\Features\SupportTesting\InitialRender.php:33
C:\XAMPP\htdocs\ictserve-031125\vendor\livewire\livewire\src\Features\SupportTesting\RequestBroker.php:30
C:\XAMPP\htdocs\ictserve-031125\vendor\livewire\livewire\src\Features\SupportTesting\InitialRender.php:32
C:\XAMPP\htdocs\ictserve-031125\vendor\livewire\livewire\src\Features\SupportTesting\Render.php:24
C:\XAMPP\htdocs\ictserve-031125\vendor\livewire\livewire\src\Features\SupportTesting\InitialRender.php:31
C:\XAMPP\htdocs\ictserve-031125\vendor\livewire\livewire\src\Features\SupportTesting\InitialRender.php:17
C:\XAMPP\htdocs\ictserve-031125\vendor\livewire\livewire\src\Features\SupportTesting\Testable.php:44
C:\XAMPP\htdocs\ictserve-031125\vendor\livewire\livewire\src\LivewireManager.php:197
C:\XAMPP\htdocs\ictserve-031125\vendor\laravel\framework\src\Illuminate\Support\Facades\Facade.php:363
C:\XAMPP\htdocs\ictserve-031125\tests\Feature\Filament\CrossModuleAdminIntegrationTest.php:322</error>
        </testcase>
        <testcase name="test_division_data_is_consistent_across_modules" file="C:\XAMPP\htdocs\ictserve-031125\tests\Feature\Filament\CrossModuleAdminIntegrationTest.php" line="332" class="Tests\Feature\Filament\CrossModuleAdminIntegrationTest" classname="Tests.Feature.Filament.CrossModuleAdminIntegrationTest" assertions="0" time="4.734918">
          <error type="Illuminate\Database\QueryException">Tests\Feature\Filament\CrossModuleAdminIntegrationTest::test_division_data_is_consistent_across_modules&#13;
Illuminate\Database\QueryException: SQLSTATE[HY000]: General error: 1 table divisions has no column named name (Connection: sqlite, SQL: insert into "divisions" ("code", "name_ms", "name_en", "description_ms", "description_en", "parent_id", "is_active", "name", "updated_at", "created_at") values (mk-703, Bahagian Kewangan, Finance Division, Menguruskan kewangan dan perakaunan, Manages finance and accounting, ?, 1, ICT Division, 2025-11-05 00:37:04, 2025-11-05 00:37:04))
&#13;
C:\XAMPP\htdocs\ictserve-031125\vendor\laravel\framework\src\Illuminate\Database\Connection.php:824
C:\XAMPP\htdocs\ictserve-031125\vendor\laravel\framework\src\Illuminate\Database\Connection.php:778
C:\XAMPP\htdocs\ictserve-031125\vendor\laravel\framework\src\Illuminate\Database\Connection.php:559
C:\XAMPP\htdocs\ictserve-031125\vendor\laravel\framework\src\Illuminate\Database\Connection.php:523
C:\XAMPP\htdocs\ictserve-031125\vendor\laravel\framework\src\Illuminate\Database\Query\Processors\Processor.php:32
C:\XAMPP\htdocs\ictserve-031125\vendor\laravel\framework\src\Illuminate\Database\Query\Builder.php:3853
C:\XAMPP\htdocs\ictserve-031125\vendor\laravel\framework\src\Illuminate\Database\Eloquent\Builder.php:2235
C:\XAMPP\htdocs\ictserve-031125\vendor\laravel\framework\src\Illuminate\Database\Eloquent\Model.php:1436
C:\XAMPP\htdocs\ictserve-031125\vendor\laravel\framework\src\Illuminate\Database\Eloquent\Model.php:1401
C:\XAMPP\htdocs\ictserve-031125\vendor\laravel\framework\src\Illuminate\Database\Eloquent\Model.php:1240
C:\XAMPP\htdocs\ictserve-031125\vendor\laravel\framework\src\Illuminate\Database\Eloquent\Factories\Factory.php:370
C:\XAMPP\htdocs\ictserve-031125\vendor\laravel\framework\src\Illuminate\Collections\Traits\EnumeratesValues.php:271
C:\XAMPP\htdocs\ictserve-031125\vendor\laravel\framework\src\Illuminate\Database\Eloquent\Factories\Factory.php:365
C:\XAMPP\htdocs\ictserve-031125\vendor\laravel\framework\src\Illuminate\Database\Eloquent\Factories\Factory.php:321
C:\XAMPP\htdocs\ictserve-031125\vendor\laravel\framework\src\Illuminate\Database\Eloquent\Factories\Factory.php:315
C:\XAMPP\htdocs\ictserve-031125\tests\Feature\Filament\CrossModuleAdminIntegrationTest.php:334</error>
        </testcase>
        <testcase name="test_user_data_is_consistent_across_modules" file="C:\XAMPP\htdocs\ictserve-031125\tests\Feature\Filament\CrossModuleAdminIntegrationTest.php" line="358" class="Tests\Feature\Filament\CrossModuleAdminIntegrationTest" classname="Tests.Feature.Filament.CrossModuleAdminIntegrationTest" assertions="2" time="2.679607"/>
        <testcase name="test_asset_search_includes_loan_application_data" file="C:\XAMPP\htdocs\ictserve-031125\tests\Feature\Filament\CrossModuleAdminIntegrationTest.php" line="389" class="Tests\Feature\Filament\CrossModuleAdminIntegrationTest" classname="Tests.Feature.Filament.CrossModuleAdminIntegrationTest" assertions="0" time="2.553924">
          <error type="Livewire\Exceptions\ComponentNotFoundException">Tests\Feature\Filament\CrossModuleAdminIntegrationTest::test_asset_search_includes_loan_application_data&#13;
Livewire\Exceptions\ComponentNotFoundException: Unable to find component: [App\Filament\Resources\Assets\AssetResource\Pages\ListAssets]
&#13;
C:\XAMPP\htdocs\ictserve-031125\vendor\livewire\livewire\src\Mechanisms\ComponentRegistry.php:116
C:\XAMPP\htdocs\ictserve-031125\vendor\livewire\livewire\src\Mechanisms\ComponentRegistry.php:25
C:\XAMPP\htdocs\ictserve-031125\vendor\livewire\livewire\src\LivewireManager.php:58
C:\XAMPP\htdocs\ictserve-031125\vendor\livewire\livewire\src\Mechanisms\HandleComponents\HandleComponents.php:43
C:\XAMPP\htdocs\ictserve-031125\vendor\livewire\livewire\src\LivewireManager.php:73
C:\XAMPP\htdocs\ictserve-031125\vendor\livewire\volt\src\LivewireManager.php:23
C:\XAMPP\htdocs\ictserve-031125\storage\framework\views\80166b2776fe506ccbd12ed90957de4a.php:7
C:\XAMPP\htdocs\ictserve-031125\vendor\livewire\livewire\src\Mechanisms\ExtendBlade\ExtendedCompilerEngine.php:37
C:\XAMPP\htdocs\ictserve-031125\vendor\livewire\livewire\src\Mechanisms\ExtendBlade\ExtendedCompilerEngine.php:38
C:\XAMPP\htdocs\ictserve-031125\vendor\laravel\framework\src\Illuminate\View\Engines\CompilerEngine.php:76
C:\XAMPP\htdocs\ictserve-031125\vendor\livewire\livewire\src\Mechanisms\ExtendBlade\ExtendedCompilerEngine.php:16
C:\XAMPP\htdocs\ictserve-031125\vendor\laravel\framework\src\Illuminate\View\View.php:208
C:\XAMPP\htdocs\ictserve-031125\vendor\laravel\framework\src\Illuminate\View\View.php:191
C:\XAMPP\htdocs\ictserve-031125\vendor\laravel\framework\src\Illuminate\View\View.php:160
C:\XAMPP\htdocs\ictserve-031125\vendor\laravel\framework\src\Illuminate\View\Compilers\BladeCompiler.php:352
C:\XAMPP\htdocs\ictserve-031125\vendor\laravel\framework\src\Illuminate\Support\Facades\Facade.php:363
C:\XAMPP\htdocs\ictserve-031125\vendor\livewire\livewire\src\Features\SupportTesting\InitialRender.php:25
C:\XAMPP\htdocs\ictserve-031125\vendor\laravel\framework\src\Illuminate\Routing\CallableDispatcher.php:39
C:\XAMPP\htdocs\ictserve-031125\vendor\laravel\framework\src\Illuminate\Routing\Route.php:243
C:\XAMPP\htdocs\ictserve-031125\vendor\laravel\framework\src\Illuminate\Routing\Route.php:214
C:\XAMPP\htdocs\ictserve-031125\vendor\laravel\framework\src\Illuminate\Routing\Router.php:822
C:\XAMPP\htdocs\ictserve-031125\vendor\laravel\framework\src\Illuminate\Pipeline\Pipeline.php:180
C:\XAMPP\htdocs\ictserve-031125\vendor\laravel\framework\src\Illuminate\Pipeline\Pipeline.php:137
C:\XAMPP\htdocs\ictserve-031125\vendor\laravel\framework\src\Illuminate\Routing\Router.php:821
C:\XAMPP\htdocs\ictserve-031125\vendor\laravel\framework\src\Illuminate\Routing\Router.php:800
C:\XAMPP\htdocs\ictserve-031125\vendor\laravel\framework\src\Illuminate\Routing\Router.php:764
C:\XAMPP\htdocs\ictserve-031125\vendor\laravel\framework\src\Illuminate\Routing\Router.php:753
C:\XAMPP\htdocs\ictserve-031125\vendor\laravel\framework\src\Illuminate\Foundation\Http\Kernel.php:200
C:\XAMPP\htdocs\ictserve-031125\vendor\laravel\framework\src\Illuminate\Pipeline\Pipeline.php:180
C:\XAMPP\htdocs\ictserve-031125\vendor\laravel\framework\src\Illuminate\Pipeline\Pipeline.php:137
C:\XAMPP\htdocs\ictserve-031125\vendor\laravel\framework\src\Illuminate\Foundation\Http\Kernel.php:175
C:\XAMPP\htdocs\ictserve-031125\vendor\laravel\framework\src\Illuminate\Foundation\Http\Kernel.php:144
C:\XAMPP\htdocs\ictserve-031125\vendor\laravel\framework\src\Illuminate\Foundation\Testing\Concerns\MakesHttpRequests.php:607
C:\XAMPP\htdocs\ictserve-031125\vendor\livewire\livewire\src\Features\SupportTesting\InitialRender.php:33
C:\XAMPP\htdocs\ictserve-031125\vendor\livewire\livewire\src\Features\SupportTesting\RequestBroker.php:30
C:\XAMPP\htdocs\ictserve-031125\vendor\livewire\livewire\src\Features\SupportTesting\InitialRender.php:32
C:\XAMPP\htdocs\ictserve-031125\vendor\livewire\livewire\src\Features\SupportTesting\Render.php:24
C:\XAMPP\htdocs\ictserve-031125\vendor\livewire\livewire\src\Features\SupportTesting\InitialRender.php:31
C:\XAMPP\htdocs\ictserve-031125\vendor\livewire\livewire\src\Features\SupportTesting\InitialRender.php:17
C:\XAMPP\htdocs\ictserve-031125\vendor\livewire\livewire\src\Features\SupportTesting\Testable.php:44
C:\XAMPP\htdocs\ictserve-031125\vendor\livewire\livewire\src\LivewireManager.php:197
C:\XAMPP\htdocs\ictserve-031125\vendor\laravel\framework\src\Illuminate\Support\Facades\Facade.php:363
C:\XAMPP\htdocs\ictserve-031125\tests\Feature\Filament\CrossModuleAdminIntegrationTest.php:413</error>
        </testcase>
        <testcase name="test_loan_application_search_includes_asset_data" file="C:\XAMPP\htdocs\ictserve-031125\tests\Feature\Filament\CrossModuleAdminIntegrationTest.php" line="418" class="Tests\Feature\Filament\CrossModuleAdminIntegrationTest" classname="Tests.Feature.Filament.CrossModuleAdminIntegrationTest" assertions="0" time="2.732705">
          <error type="Livewire\Exceptions\ComponentNotFoundException">Tests\Feature\Filament\CrossModuleAdminIntegrationTest::test_loan_application_search_includes_asset_data&#13;
Livewire\Exceptions\ComponentNotFoundException: Unable to find component: [App\Filament\Resources\Loans\LoanApplicationResource\Pages\ListLoanApplications]
&#13;
C:\XAMPP\htdocs\ictserve-031125\vendor\livewire\livewire\src\Mechanisms\ComponentRegistry.php:116
C:\XAMPP\htdocs\ictserve-031125\vendor\livewire\livewire\src\Mechanisms\ComponentRegistry.php:25
C:\XAMPP\htdocs\ictserve-031125\vendor\livewire\livewire\src\LivewireManager.php:58
C:\XAMPP\htdocs\ictserve-031125\vendor\livewire\livewire\src\Mechanisms\HandleComponents\HandleComponents.php:43
C:\XAMPP\htdocs\ictserve-031125\vendor\livewire\livewire\src\LivewireManager.php:73
C:\XAMPP\htdocs\ictserve-031125\vendor\livewire\volt\src\LivewireManager.php:23
C:\XAMPP\htdocs\ictserve-031125\storage\framework\views\80166b2776fe506ccbd12ed90957de4a.php:7
C:\XAMPP\htdocs\ictserve-031125\vendor\livewire\livewire\src\Mechanisms\ExtendBlade\ExtendedCompilerEngine.php:37
C:\XAMPP\htdocs\ictserve-031125\vendor\livewire\livewire\src\Mechanisms\ExtendBlade\ExtendedCompilerEngine.php:38
C:\XAMPP\htdocs\ictserve-031125\vendor\laravel\framework\src\Illuminate\View\Engines\CompilerEngine.php:76
C:\XAMPP\htdocs\ictserve-031125\vendor\livewire\livewire\src\Mechanisms\ExtendBlade\ExtendedCompilerEngine.php:16
C:\XAMPP\htdocs\ictserve-031125\vendor\laravel\framework\src\Illuminate\View\View.php:208
C:\XAMPP\htdocs\ictserve-031125\vendor\laravel\framework\src\Illuminate\View\View.php:191
C:\XAMPP\htdocs\ictserve-031125\vendor\laravel\framework\src\Illuminate\View\View.php:160
C:\XAMPP\htdocs\ictserve-031125\vendor\laravel\framework\src\Illuminate\View\Compilers\BladeCompiler.php:352
C:\XAMPP\htdocs\ictserve-031125\vendor\laravel\framework\src\Illuminate\Support\Facades\Facade.php:363
C:\XAMPP\htdocs\ictserve-031125\vendor\livewire\livewire\src\Features\SupportTesting\InitialRender.php:25
C:\XAMPP\htdocs\ictserve-031125\vendor\laravel\framework\src\Illuminate\Routing\CallableDispatcher.php:39
C:\XAMPP\htdocs\ictserve-031125\vendor\laravel\framework\src\Illuminate\Routing\Route.php:243
C:\XAMPP\htdocs\ictserve-031125\vendor\laravel\framework\src\Illuminate\Routing\Route.php:214
C:\XAMPP\htdocs\ictserve-031125\vendor\laravel\framework\src\Illuminate\Routing\Router.php:822
C:\XAMPP\htdocs\ictserve-031125\vendor\laravel\framework\src\Illuminate\Pipeline\Pipeline.php:180
C:\XAMPP\htdocs\ictserve-031125\vendor\laravel\framework\src\Illuminate\Pipeline\Pipeline.php:137
C:\XAMPP\htdocs\ictserve-031125\vendor\laravel\framework\src\Illuminate\Routing\Router.php:821
C:\XAMPP\htdocs\ictserve-031125\vendor\laravel\framework\src\Illuminate\Routing\Router.php:800
C:\XAMPP\htdocs\ictserve-031125\vendor\laravel\framework\src\Illuminate\Routing\Router.php:764
C:\XAMPP\htdocs\ictserve-031125\vendor\laravel\framework\src\Illuminate\Routing\Router.php:753
C:\XAMPP\htdocs\ictserve-031125\vendor\laravel\framework\src\Illuminate\Foundation\Http\Kernel.php:200
C:\XAMPP\htdocs\ictserve-031125\vendor\laravel\framework\src\Illuminate\Pipeline\Pipeline.php:180
C:\XAMPP\htdocs\ictserve-031125\vendor\laravel\framework\src\Illuminate\Pipeline\Pipeline.php:137
C:\XAMPP\htdocs\ictserve-031125\vendor\laravel\framework\src\Illuminate\Foundation\Http\Kernel.php:175
C:\XAMPP\htdocs\ictserve-031125\vendor\laravel\framework\src\Illuminate\Foundation\Http\Kernel.php:144
C:\XAMPP\htdocs\ictserve-031125\vendor\laravel\framework\src\Illuminate\Foundation\Testing\Concerns\MakesHttpRequests.php:607
C:\XAMPP\htdocs\ictserve-031125\vendor\livewire\livewire\src\Features\SupportTesting\InitialRender.php:33
C:\XAMPP\htdocs\ictserve-031125\vendor\livewire\livewire\src\Features\SupportTesting\RequestBroker.php:30
C:\XAMPP\htdocs\ictserve-031125\vendor\livewire\livewire\src\Features\SupportTesting\InitialRender.php:32
C:\XAMPP\htdocs\ictserve-031125\vendor\livewire\livewire\src\Features\SupportTesting\Render.php:24
C:\XAMPP\htdocs\ictserve-031125\vendor\livewire\livewire\src\Features\SupportTesting\InitialRender.php:31
C:\XAMPP\htdocs\ictserve-031125\vendor\livewire\livewire\src\Features\SupportTesting\InitialRender.php:17
C:\XAMPP\htdocs\ictserve-031125\vendor\livewire\livewire\src\Features\SupportTesting\Testable.php:44
C:\XAMPP\htdocs\ictserve-031125\vendor\livewire\livewire\src\LivewireManager.php:197
C:\XAMPP\htdocs\ictserve-031125\vendor\laravel\framework\src\Illuminate\Support\Facades\Facade.php:363
C:\XAMPP\htdocs\ictserve-031125\tests\Feature\Filament\CrossModuleAdminIntegrationTest.php:439</error>
        </testcase>
        <testcase name="test_deleting_asset_preserves_loan_history" file="C:\XAMPP\htdocs\ictserve-031125\tests\Feature\Filament\CrossModuleAdminIntegrationTest.php" line="448" class="Tests\Feature\Filament\CrossModuleAdminIntegrationTest" classname="Tests.Feature.Filament.CrossModuleAdminIntegrationTest" assertions="2" time="2.434336"/>
        <testcase name="test_cross_module_referential_integrity_is_maintained" file="C:\XAMPP\htdocs\ictserve-031125\tests\Feature\Filament\CrossModuleAdminIntegrationTest.php" line="478" class="Tests\Feature\Filament\CrossModuleAdminIntegrationTest" classname="Tests.Feature.Filament.CrossModuleAdminIntegrationTest" assertions="4" time="2.478771"/>
      </testsuite>
      <testsuite name="Tests\Feature\Filament\DashboardWidgetTest" file="C:\XAMPP\htdocs\ictserve-031125\tests\Feature\Filament\DashboardWidgetTest.php" tests="17" assertions="24" errors="7" failures="3" skipped="0" time="78.772644">
        <testcase name="test_unified_dashboard_overview_displays_loan_statistics" file="C:\XAMPP\htdocs\ictserve-031125\tests\Feature\Filament\DashboardWidgetTest.php" line="58" class="Tests\Feature\Filament\DashboardWidgetTest" classname="Tests.Feature.Filament.DashboardWidgetTest" assertions="0" time="3.198708">
          <error type="Illuminate\View\ViewException">Tests\Feature\Filament\DashboardWidgetTest::test_unified_dashboard_overview_displays_loan_statistics&#13;
Illuminate\View\ViewException: App\Filament\Widgets\UnifiedDashboardOverview::getHealthColor(): Return value must be of type Filament\Support\Colors\Color, array returned (View: C:\XAMPP\htdocs\ictserve-031125\vendor\filament\widgets\resources\views\stats-overview-widget.blade.php) (View: C:\XAMPP\htdocs\ictserve-031125\vendor\filament\widgets\resources\views\stats-overview-widget.blade.php)
&#13;
C:\XAMPP\htdocs\ictserve-031125\app\Filament\Widgets\UnifiedDashboardOverview.php:82
C:\XAMPP\htdocs\ictserve-031125\vendor\livewire\livewire\src\Mechanisms\ExtendBlade\ExtendedCompilerEngine.php:58
C:\XAMPP\htdocs\ictserve-031125\vendor\livewire\livewire\src\Mechanisms\ExtendBlade\ExtendedCompilerEngine.php:40
C:\XAMPP\htdocs\ictserve-031125\vendor\laravel\framework\src\Illuminate\View\Engines\CompilerEngine.php:76
C:\XAMPP\htdocs\ictserve-031125\vendor\livewire\livewire\src\Mechanisms\ExtendBlade\ExtendedCompilerEngine.php:16
C:\XAMPP\htdocs\ictserve-031125\vendor\laravel\framework\src\Illuminate\View\View.php:208
C:\XAMPP\htdocs\ictserve-031125\vendor\laravel\framework\src\Illuminate\View\View.php:191
C:\XAMPP\htdocs\ictserve-031125\vendor\laravel\framework\src\Illuminate\View\View.php:160
C:\XAMPP\htdocs\ictserve-031125\vendor\laravel\framework\src\Illuminate\View\Compilers\BladeCompiler.php:352
C:\XAMPP\htdocs\ictserve-031125\vendor\laravel\framework\src\Illuminate\Support\Facades\Facade.php:363
C:\XAMPP\htdocs\ictserve-031125\vendor\livewire\livewire\src\Features\SupportTesting\InitialRender.php:25
C:\XAMPP\htdocs\ictserve-031125\vendor\laravel\framework\src\Illuminate\Routing\CallableDispatcher.php:39
C:\XAMPP\htdocs\ictserve-031125\vendor\laravel\framework\src\Illuminate\Routing\Route.php:243
C:\XAMPP\htdocs\ictserve-031125\vendor\laravel\framework\src\Illuminate\Routing\Route.php:214
C:\XAMPP\htdocs\ictserve-031125\vendor\laravel\framework\src\Illuminate\Routing\Router.php:822
C:\XAMPP\htdocs\ictserve-031125\vendor\laravel\framework\src\Illuminate\Pipeline\Pipeline.php:180
C:\XAMPP\htdocs\ictserve-031125\vendor\laravel\framework\src\Illuminate\Pipeline\Pipeline.php:137
C:\XAMPP\htdocs\ictserve-031125\vendor\laravel\framework\src\Illuminate\Routing\Router.php:821
C:\XAMPP\htdocs\ictserve-031125\vendor\laravel\framework\src\Illuminate\Routing\Router.php:800
C:\XAMPP\htdocs\ictserve-031125\vendor\laravel\framework\src\Illuminate\Routing\Router.php:764
C:\XAMPP\htdocs\ictserve-031125\vendor\laravel\framework\src\Illuminate\Routing\Router.php:753
C:\XAMPP\htdocs\ictserve-031125\vendor\laravel\framework\src\Illuminate\Foundation\Http\Kernel.php:200
C:\XAMPP\htdocs\ictserve-031125\vendor\laravel\framework\src\Illuminate\Pipeline\Pipeline.php:180
C:\XAMPP\htdocs\ictserve-031125\vendor\laravel\framework\src\Illuminate\Pipeline\Pipeline.php:137
C:\XAMPP\htdocs\ictserve-031125\vendor\laravel\framework\src\Illuminate\Foundation\Http\Kernel.php:175
C:\XAMPP\htdocs\ictserve-031125\vendor\laravel\framework\src\Illuminate\Foundation\Http\Kernel.php:144
C:\XAMPP\htdocs\ictserve-031125\vendor\laravel\framework\src\Illuminate\Foundation\Testing\Concerns\MakesHttpRequests.php:607
C:\XAMPP\htdocs\ictserve-031125\vendor\livewire\livewire\src\Features\SupportTesting\InitialRender.php:33
C:\XAMPP\htdocs\ictserve-031125\vendor\livewire\livewire\src\Features\SupportTesting\RequestBroker.php:30
C:\XAMPP\htdocs\ictserve-031125\vendor\livewire\livewire\src\Features\SupportTesting\InitialRender.php:32
C:\XAMPP\htdocs\ictserve-031125\vendor\livewire\livewire\src\Features\SupportTesting\Render.php:24
C:\XAMPP\htdocs\ictserve-031125\vendor\livewire\livewire\src\Features\SupportTesting\InitialRender.php:31
C:\XAMPP\htdocs\ictserve-031125\vendor\livewire\livewire\src\Features\SupportTesting\InitialRender.php:17
C:\XAMPP\htdocs\ictserve-031125\vendor\livewire\livewire\src\Features\SupportTesting\Testable.php:44
C:\XAMPP\htdocs\ictserve-031125\vendor\livewire\livewire\src\LivewireManager.php:197
C:\XAMPP\htdocs\ictserve-031125\vendor\laravel\framework\src\Illuminate\Support\Facades\Facade.php:363
C:\XAMPP\htdocs\ictserve-031125\tests\Feature\Filament\DashboardWidgetTest.php:78</error>
        </testcase>
        <testcase name="test_unified_dashboard_overview_displays_asset_statistics" file="C:\XAMPP\htdocs\ictserve-031125\tests\Feature\Filament\DashboardWidgetTest.php" line="86" class="Tests\Feature\Filament\DashboardWidgetTest" classname="Tests.Feature.Filament.DashboardWidgetTest" assertions="0" time="2.329589">
          <error type="Illuminate\View\ViewException">Tests\Feature\Filament\DashboardWidgetTest::test_unified_dashboard_overview_displays_asset_statistics&#13;
Illuminate\View\ViewException: App\Filament\Widgets\UnifiedDashboardOverview::getHealthColor(): Return value must be of type Filament\Support\Colors\Color, array returned (View: C:\XAMPP\htdocs\ictserve-031125\vendor\filament\widgets\resources\views\stats-overview-widget.blade.php) (View: C:\XAMPP\htdocs\ictserve-031125\vendor\filament\widgets\resources\views\stats-overview-widget.blade.php)
&#13;
C:\XAMPP\htdocs\ictserve-031125\app\Filament\Widgets\UnifiedDashboardOverview.php:82
C:\XAMPP\htdocs\ictserve-031125\vendor\livewire\livewire\src\Mechanisms\ExtendBlade\ExtendedCompilerEngine.php:58
C:\XAMPP\htdocs\ictserve-031125\vendor\livewire\livewire\src\Mechanisms\ExtendBlade\ExtendedCompilerEngine.php:40
C:\XAMPP\htdocs\ictserve-031125\vendor\laravel\framework\src\Illuminate\View\Engines\CompilerEngine.php:76
C:\XAMPP\htdocs\ictserve-031125\vendor\livewire\livewire\src\Mechanisms\ExtendBlade\ExtendedCompilerEngine.php:16
C:\XAMPP\htdocs\ictserve-031125\vendor\laravel\framework\src\Illuminate\View\View.php:208
C:\XAMPP\htdocs\ictserve-031125\vendor\laravel\framework\src\Illuminate\View\View.php:191
C:\XAMPP\htdocs\ictserve-031125\vendor\laravel\framework\src\Illuminate\View\View.php:160
C:\XAMPP\htdocs\ictserve-031125\vendor\laravel\framework\src\Illuminate\View\Compilers\BladeCompiler.php:352
C:\XAMPP\htdocs\ictserve-031125\vendor\laravel\framework\src\Illuminate\Support\Facades\Facade.php:363
C:\XAMPP\htdocs\ictserve-031125\vendor\livewire\livewire\src\Features\SupportTesting\InitialRender.php:25
C:\XAMPP\htdocs\ictserve-031125\vendor\laravel\framework\src\Illuminate\Routing\CallableDispatcher.php:39
C:\XAMPP\htdocs\ictserve-031125\vendor\laravel\framework\src\Illuminate\Routing\Route.php:243
C:\XAMPP\htdocs\ictserve-031125\vendor\laravel\framework\src\Illuminate\Routing\Route.php:214
C:\XAMPP\htdocs\ictserve-031125\vendor\laravel\framework\src\Illuminate\Routing\Router.php:822
C:\XAMPP\htdocs\ictserve-031125\vendor\laravel\framework\src\Illuminate\Pipeline\Pipeline.php:180
C:\XAMPP\htdocs\ictserve-031125\vendor\laravel\framework\src\Illuminate\Pipeline\Pipeline.php:137
C:\XAMPP\htdocs\ictserve-031125\vendor\laravel\framework\src\Illuminate\Routing\Router.php:821
C:\XAMPP\htdocs\ictserve-031125\vendor\laravel\framework\src\Illuminate\Routing\Router.php:800
C:\XAMPP\htdocs\ictserve-031125\vendor\laravel\framework\src\Illuminate\Routing\Router.php:764
C:\XAMPP\htdocs\ictserve-031125\vendor\laravel\framework\src\Illuminate\Routing\Router.php:753
C:\XAMPP\htdocs\ictserve-031125\vendor\laravel\framework\src\Illuminate\Foundation\Http\Kernel.php:200
C:\XAMPP\htdocs\ictserve-031125\vendor\laravel\framework\src\Illuminate\Pipeline\Pipeline.php:180
C:\XAMPP\htdocs\ictserve-031125\vendor\laravel\framework\src\Illuminate\Pipeline\Pipeline.php:137
C:\XAMPP\htdocs\ictserve-031125\vendor\laravel\framework\src\Illuminate\Foundation\Http\Kernel.php:175
C:\XAMPP\htdocs\ictserve-031125\vendor\laravel\framework\src\Illuminate\Foundation\Http\Kernel.php:144
C:\XAMPP\htdocs\ictserve-031125\vendor\laravel\framework\src\Illuminate\Foundation\Testing\Concerns\MakesHttpRequests.php:607
C:\XAMPP\htdocs\ictserve-031125\vendor\livewire\livewire\src\Features\SupportTesting\InitialRender.php:33
C:\XAMPP\htdocs\ictserve-031125\vendor\livewire\livewire\src\Features\SupportTesting\RequestBroker.php:30
C:\XAMPP\htdocs\ictserve-031125\vendor\livewire\livewire\src\Features\SupportTesting\InitialRender.php:32
C:\XAMPP\htdocs\ictserve-031125\vendor\livewire\livewire\src\Features\SupportTesting\Render.php:24
C:\XAMPP\htdocs\ictserve-031125\vendor\livewire\livewire\src\Features\SupportTesting\InitialRender.php:31
C:\XAMPP\htdocs\ictserve-031125\vendor\livewire\livewire\src\Features\SupportTesting\InitialRender.php:17
C:\XAMPP\htdocs\ictserve-031125\vendor\livewire\livewire\src\Features\SupportTesting\Testable.php:44
C:\XAMPP\htdocs\ictserve-031125\vendor\livewire\livewire\src\LivewireManager.php:197
C:\XAMPP\htdocs\ictserve-031125\vendor\laravel\framework\src\Illuminate\Support\Facades\Facade.php:363
C:\XAMPP\htdocs\ictserve-031125\tests\Feature\Filament\DashboardWidgetTest.php:106</error>
        </testcase>
        <testcase name="test_unified_dashboard_calculates_utilization_rate" file="C:\XAMPP\htdocs\ictserve-031125\tests\Feature\Filament\DashboardWidgetTest.php" line="114" class="Tests\Feature\Filament\DashboardWidgetTest" classname="Tests.Feature.Filament.DashboardWidgetTest" assertions="0" time="2.384302">
          <error type="Illuminate\View\ViewException">Tests\Feature\Filament\DashboardWidgetTest::test_unified_dashboard_calculates_utilization_rate&#13;
Illuminate\View\ViewException: App\Filament\Widgets\UnifiedDashboardOverview::getHealthColor(): Return value must be of type Filament\Support\Colors\Color, array returned (View: C:\XAMPP\htdocs\ictserve-031125\vendor\filament\widgets\resources\views\stats-overview-widget.blade.php) (View: C:\XAMPP\htdocs\ictserve-031125\vendor\filament\widgets\resources\views\stats-overview-widget.blade.php)
&#13;
C:\XAMPP\htdocs\ictserve-031125\app\Filament\Widgets\UnifiedDashboardOverview.php:82
C:\XAMPP\htdocs\ictserve-031125\vendor\livewire\livewire\src\Mechanisms\ExtendBlade\ExtendedCompilerEngine.php:58
C:\XAMPP\htdocs\ictserve-031125\vendor\livewire\livewire\src\Mechanisms\ExtendBlade\ExtendedCompilerEngine.php:40
C:\XAMPP\htdocs\ictserve-031125\vendor\laravel\framework\src\Illuminate\View\Engines\CompilerEngine.php:76
C:\XAMPP\htdocs\ictserve-031125\vendor\livewire\livewire\src\Mechanisms\ExtendBlade\ExtendedCompilerEngine.php:16
C:\XAMPP\htdocs\ictserve-031125\vendor\laravel\framework\src\Illuminate\View\View.php:208
C:\XAMPP\htdocs\ictserve-031125\vendor\laravel\framework\src\Illuminate\View\View.php:191
C:\XAMPP\htdocs\ictserve-031125\vendor\laravel\framework\src\Illuminate\View\View.php:160
C:\XAMPP\htdocs\ictserve-031125\vendor\laravel\framework\src\Illuminate\View\Compilers\BladeCompiler.php:352
C:\XAMPP\htdocs\ictserve-031125\vendor\laravel\framework\src\Illuminate\Support\Facades\Facade.php:363
C:\XAMPP\htdocs\ictserve-031125\vendor\livewire\livewire\src\Features\SupportTesting\InitialRender.php:25
C:\XAMPP\htdocs\ictserve-031125\vendor\laravel\framework\src\Illuminate\Routing\CallableDispatcher.php:39
C:\XAMPP\htdocs\ictserve-031125\vendor\laravel\framework\src\Illuminate\Routing\Route.php:243
C:\XAMPP\htdocs\ictserve-031125\vendor\laravel\framework\src\Illuminate\Routing\Route.php:214
C:\XAMPP\htdocs\ictserve-031125\vendor\laravel\framework\src\Illuminate\Routing\Router.php:822
C:\XAMPP\htdocs\ictserve-031125\vendor\laravel\framework\src\Illuminate\Pipeline\Pipeline.php:180
C:\XAMPP\htdocs\ictserve-031125\vendor\laravel\framework\src\Illuminate\Pipeline\Pipeline.php:137
C:\XAMPP\htdocs\ictserve-031125\vendor\laravel\framework\src\Illuminate\Routing\Router.php:821
C:\XAMPP\htdocs\ictserve-031125\vendor\laravel\framework\src\Illuminate\Routing\Router.php:800
C:\XAMPP\htdocs\ictserve-031125\vendor\laravel\framework\src\Illuminate\Routing\Router.php:764
C:\XAMPP\htdocs\ictserve-031125\vendor\laravel\framework\src\Illuminate\Routing\Router.php:753
C:\XAMPP\htdocs\ictserve-031125\vendor\laravel\framework\src\Illuminate\Foundation\Http\Kernel.php:200
C:\XAMPP\htdocs\ictserve-031125\vendor\laravel\framework\src\Illuminate\Pipeline\Pipeline.php:180
C:\XAMPP\htdocs\ictserve-031125\vendor\laravel\framework\src\Illuminate\Pipeline\Pipeline.php:137
C:\XAMPP\htdocs\ictserve-031125\vendor\laravel\framework\src\Illuminate\Foundation\Http\Kernel.php:175
C:\XAMPP\htdocs\ictserve-031125\vendor\laravel\framework\src\Illuminate\Foundation\Http\Kernel.php:144
C:\XAMPP\htdocs\ictserve-031125\vendor\laravel\framework\src\Illuminate\Foundation\Testing\Concerns\MakesHttpRequests.php:607
C:\XAMPP\htdocs\ictserve-031125\vendor\livewire\livewire\src\Features\SupportTesting\InitialRender.php:33
C:\XAMPP\htdocs\ictserve-031125\vendor\livewire\livewire\src\Features\SupportTesting\RequestBroker.php:30
C:\XAMPP\htdocs\ictserve-031125\vendor\livewire\livewire\src\Features\SupportTesting\InitialRender.php:32
C:\XAMPP\htdocs\ictserve-031125\vendor\livewire\livewire\src\Features\SupportTesting\Render.php:24
C:\XAMPP\htdocs\ictserve-031125\vendor\livewire\livewire\src\Features\SupportTesting\InitialRender.php:31
C:\XAMPP\htdocs\ictserve-031125\vendor\livewire\livewire\src\Features\SupportTesting\InitialRender.php:17
C:\XAMPP\htdocs\ictserve-031125\vendor\livewire\livewire\src\Features\SupportTesting\Testable.php:44
C:\XAMPP\htdocs\ictserve-031125\vendor\livewire\livewire\src\LivewireManager.php:197
C:\XAMPP\htdocs\ictserve-031125\vendor\laravel\framework\src\Illuminate\Support\Facades\Facade.php:363
C:\XAMPP\htdocs\ictserve-031125\tests\Feature\Filament\DashboardWidgetTest.php:130</error>
        </testcase>
        <testcase name="test_asset_utilization_widget_displays_category_breakdown" file="C:\XAMPP\htdocs\ictserve-031125\tests\Feature\Filament\DashboardWidgetTest.php" line="141" class="Tests\Feature\Filament\DashboardWidgetTest" classname="Tests.Feature.Filament.DashboardWidgetTest" assertions="2" time="4.367566">
          <failure type="PHPUnit\Framework\ExpectationFailedException">Tests\Feature\Filament\DashboardWidgetTest::test_asset_utilization_widget_displays_category_breakdown&#13;
Failed asserting that '&lt;div wire:snapshot="" wire:effects="" wire:id="V6oSQCAFaisXYcp11ScF"\n
    class="fi-wi-widget fi-grid-col lg:fi-grid-col-span fi-wi-stats-overview" style="--col-span-lg: 1 / -1;" wire:poll.300s=""\n
&gt;\n
    &lt;div class="fi-sc  fi-sc-has-gap fi-grid" style="--cols-default: repeat(1, minmax(0, 1fr));" x-data="filamentSchema({ livewireId: 'V6oSQCAFaisXYcp11ScF' })" x-on:form-validation-error.window="handleFormValidationError"&gt;\n
                                                \n
        &lt;div\n
                                        x-data="filamentSchemaComponent({\n
                    path: '',\n
                    containerPath: '',\n
                    $wire,\n
                })"\n
                                                        class="fi-grid-col" style="--col-span-default: span 1 / span 1;"        &gt;\n
                            &lt;div\n
                    class="fi-sc-component fi-grid-ctn"\n
                &gt;\n
                    &lt;div\n
    class="fi-sc-section"\n
&gt;\n
    &lt;!--[if BLOCK]&gt;&lt;![endif]--&gt;&lt;!--[if ENDBLOCK]&gt;&lt;![endif]--&gt;\n
\n
    &lt;!--[if BLOCK]&gt;&lt;![endif]--&gt;&lt;!--[if ENDBLOCK]&gt;&lt;![endif]--&gt;\n
\n
    &lt;section\n
    \n
    x-data="{\n
        isCollapsed:  false ,\n
    }"\n
        class="fi-section fi-section-not-contained"\n
&gt;\n
    &lt;!--[if BLOCK]&gt;&lt;![endif]--&gt;&lt;!--[if ENDBLOCK]&gt;&lt;![endif]--&gt;\n
\n
    &lt;!--[if BLOCK]&gt;&lt;![endif]--&gt;        &lt;div\n
                        class="fi-section-content-ctn"\n
        &gt;\n
            &lt;!--[if BLOCK]&gt;&lt;![endif]--&gt;                &lt;div class="fi-sc  fi-sc-has-gap fi-grid @xl:fi-grid-cols !@lg:fi-grid-cols  fi-section-content" style="--cols-cxl: repeat(3, minmax(0, 1fr)); --cols-nclg: repeat(3, minmax(0, 1fr)); --cols-default: repeat(1, minmax(0, 1fr));"&gt;\n
                                                \n
        &lt;div\n
                                        x-data="filamentSchemaComponent({\n
                    path: '',\n
                    containerPath: '',\n
                    $wire,\n
                })"\n
                                                        class="fi-grid-col" style="--col-span-default: span 1 / span 1;"        &gt;\n
                            &lt;div\n
                    class="fi-sc-component"\n
                &gt;\n
                    &lt;div\n
        class="fi-wi-stats-overview-stat"\n
&gt;\n
    &lt;div class="fi-wi-stats-overview-stat-content"&gt;\n
        &lt;div class="fi-wi-stats-overview-stat-label-ctn"&gt;\n
            \n
\n
            &lt;span class="fi-wi-stats-overview-stat-label"&gt;\n
                Jumlah Aset\n
            &lt;/span&gt;\n
        &lt;/div&gt;\n
\n
        &lt;div class="fi-wi-stats-overview-stat-value"&gt;\n
            15\n
        &lt;/div&gt;\n
\n
        &lt;!--[if BLOCK]&gt;&lt;![endif]--&gt;            &lt;div\n
                class="fi-wi-stats-overview-stat-description fi-color" style="--color-50: oklch(0.97 0.014 254.604); --color-100: oklch(0.932 0.032 255.585); --color-200: oklch(0.882 0.059 254.128); --color-300: oklch(0.809 0.105 251.813); --color-400: oklch(0.707 0.165 254.624); --color-500: oklch(0.623 0.214 259.815); --color-600: oklch(0.546 0.245 262.881); --color-700: oklch(0.488 0.243 264.376); --color-800: oklch(0.424 0.199 265.638); --color-900: oklch(0.379 0.146 265.522); --color-950: oklch(0.282 0.091 267.935); --text: var(--color-600); --dark-text: var(--color-400);"\n
            &gt;\n
                &lt;!--[if BLOCK]&gt;&lt;![endif]--&gt;&lt;!--[if ENDBLOCK]&gt;&lt;![endif]--&gt;\n
\n
                &lt;span&gt;\n
                    Inventori berdaftar\n
                &lt;/span&gt;\n
\n
                &lt;!--[if BLOCK]&gt;&lt;![endif]--&gt;&lt;!--[if ENDBLOCK]&gt;&lt;![endif]--&gt;\n
            &lt;/div&gt;\n
        &lt;!--[if ENDBLOCK]&gt;&lt;![endif]--&gt;\n
    &lt;/div&gt;\n
\n
    &lt;!--[if BLOCK]&gt;&lt;![endif]--&gt;&lt;!--[if ENDBLOCK]&gt;&lt;![endif]--&gt;\n
&lt;/div&gt;\n
                &lt;/div&gt;\n
                    &lt;/div&gt;\n
\n
                                                                        \n
        &lt;div\n
                                        x-data="filamentSchemaComponent({\n
                    path: '',\n
                    containerPath: '',\n
                    $wire,\n
                })"\n
                                                        class="fi-grid-col" style="--col-span-default: span 1 / span 1;"        &gt;\n
                            &lt;div\n
                    class="fi-sc-component"\n
                &gt;\n
                    &lt;div\n
        class="fi-wi-stats-overview-stat"\n
&gt;\n
    &lt;div class="fi-wi-stats-overview-stat-content"&gt;\n
        &lt;div class="fi-wi-stats-overview-stat-label-ctn"&gt;\n
            \n
\n
            &lt;span class="fi-wi-stats-overview-stat-label"&gt;\n
                Digunakan\n
            &lt;/span&gt;\n
        &lt;/div&gt;\n
\n
        &lt;div class="fi-wi-stats-overview-stat-value"&gt;\n
            15\n
        &lt;/div&gt;\n
\n
        &lt;!--[if BLOCK]&gt;&lt;![endif]--&gt;            &lt;div\n
                class="fi-wi-stats-overview-stat-description fi-color" style="--color-50: oklch(0.987 0.022 95.277); --color-100: oklch(0.962 0.059 95.617); --color-200: oklch(0.924 0.12 95.746); --color-300: oklch(0.879 0.169 91.605); --color-400: oklch(0.828 0.189 84.429); --color-500: oklch(0.769 0.188 70.08); --color-600: oklch(0.666 0.179 58.318); --color-700: oklch(0.555 0.163 48.998); --color-800: oklch(0.473 0.137 46.201); --color-900: oklch(0.414 0.112 45.904); --color-950: oklch(0.279 0.077 45.635); --text: var(--color-700); --dark-text: var(--color-400);"\n
            &gt;\n
                &lt;!--[if BLOCK]&gt;&lt;![endif]--&gt;&lt;!--[if ENDBLOCK]&gt;&lt;![endif]--&gt;\n
\n
                &lt;span&gt;\n
                    Sedang dipinjam\n
                &lt;/span&gt;\n
\n
                &lt;!--[if BLOCK]&gt;&lt;![endif]--&gt;&lt;!--[if ENDBLOCK]&gt;&lt;![endif]--&gt;\n
            &lt;/div&gt;\n
        &lt;!--[if ENDBLOCK]&gt;&lt;![endif]--&gt;\n
    &lt;/div&gt;\n
\n
    &lt;!--[if BLOCK]&gt;&lt;![endif]--&gt;&lt;!--[if ENDBLOCK]&gt;&lt;![endif]--&gt;\n
&lt;/div&gt;\n
                &lt;/div&gt;\n
                    &lt;/div&gt;\n
\n
                                                                        \n
        &lt;div\n
                                        x-data="filamentSchemaComponent({\n
                    path: '',\n
                    containerPath: '',\n
                    $wire,\n
                })"\n
                                                        class="fi-grid-col" style="--col-span-default: span 1 / span 1;"        &gt;\n
                            &lt;div\n
                    class="fi-sc-component"\n
                &gt;\n
                    &lt;div\n
        class="fi-wi-stats-overview-stat"\n
&gt;\n
    &lt;div class="fi-wi-stats-overview-stat-content"&gt;\n
        &lt;div class="fi-wi-stats-overview-stat-label-ctn"&gt;\n
            \n
\n
            &lt;span class="fi-wi-stats-overview-stat-label"&gt;\n
                Ketersediaan\n
            &lt;/span&gt;\n
        &lt;/div&gt;\n
\n
        &lt;div class="fi-wi-stats-overview-stat-value"&gt;\n
            0\n
        &lt;/div&gt;\n
\n
        &lt;!--[if BLOCK]&gt;&lt;![endif]--&gt;            &lt;div\n
                class="fi-wi-stats-overview-stat-description fi-color" style="--color-50: oklch(0.979 0.021 166.113); --color-100: oklch(0.95 0.052 163.051); --color-200: oklch(0.905 0.093 164.15); --color-300: oklch(0.845 0.143 164.978); --color-400: oklch(0.765 0.177 163.223); --color-500: oklch(0.696 0.17 162.48); --color-600: oklch(0.596 0.145 163.225); --color-700: oklch(0.508 0.118 165.612); --color-800: oklch(0.432 0.095 166.913); --color-900: oklch(0.378 0.077 168.94); --color-950: oklch(0.262 0.051 172.552); --text: var(--color-700); --dark-text: var(--color-400);"\n
            &gt;\n
                &lt;!--[if BLOCK]&gt;&lt;![endif]--&gt;&lt;!--[if ENDBLOCK]&gt;&lt;![endif]--&gt;\n
\n
                &lt;span&gt;\n
                    Sedia untuk pinjaman\n
                &lt;/span&gt;\n
\n
                &lt;!--[if BLOCK]&gt;&lt;![endif]--&gt;&lt;!--[if ENDBLOCK]&gt;&lt;![endif]--&gt;\n
            &lt;/div&gt;\n
        &lt;!--[if ENDBLOCK]&gt;&lt;![endif]--&gt;\n
    &lt;/div&gt;\n
\n
    &lt;!--[if BLOCK]&gt;&lt;![endif]--&gt;&lt;!--[if ENDBLOCK]&gt;&lt;![endif]--&gt;\n
&lt;/div&gt;\n
                &lt;/div&gt;\n
                    &lt;/div&gt;\n
\n
                                                                        \n
        &lt;div\n
                                        x-data="filamentSchemaComponent({\n
                    path: '',\n
                    containerPath: '',\n
                    $wire,\n
                })"\n
                                                        class="fi-grid-col" style="--col-span-default: span 1 / span 1;"        &gt;\n
                            &lt;div\n
                    class="fi-sc-component"\n
                &gt;\n
                    &lt;div\n
        class="fi-wi-stats-overview-stat"\n
&gt;\n
    &lt;div class="fi-wi-stats-overview-stat-content"&gt;\n
        &lt;div class="fi-wi-stats-overview-stat-label-ctn"&gt;\n
            \n
\n
            &lt;span class="fi-wi-stats-overview-stat-label"&gt;\n
                Penyelenggaraan\n
            &lt;/span&gt;\n
        &lt;/div&gt;\n
\n
        &lt;div class="fi-wi-stats-overview-stat-value"&gt;\n
            0\n
        &lt;/div&gt;\n
\n
        &lt;!--[if BLOCK]&gt;&lt;![endif]--&gt;            &lt;div\n
                class="fi-wi-stats-overview-stat-description fi-color" style="--color-50: oklch(0.969 0.015 12.422); --color-100: oklch(0.941 0.03 12.58); --color-200: oklch(0.892 0.058 10.001); --color-300: oklch(0.81 0.117 11.638); --color-400: oklch(0.712 0.194 13.428); --color-500: oklch(0.645 0.246 16.439); --color-600: oklch(0.586 0.253 17.585); --color-700: oklch(0.514 0.222 16.935); --color-800: oklch(0.455 0.188 13.697); --color-900: oklch(0.41 0.159 10.272); --color-950: oklch(0.271 0.105 12.094); --text: var(--color-600); --dark-text: var(--color-400);"\n
            &gt;\n
                &lt;!--[if BLOCK]&gt;&lt;![endif]--&gt;&lt;!--[if ENDBLOCK]&gt;&lt;![endif]--&gt;\n
\n
                &lt;span&gt;\n
                    Perlu perhatian\n
                &lt;/span&gt;\n
\n
                &lt;!--[if BLOCK]&gt;&lt;![endif]--&gt;&lt;!--[if ENDBLOCK]&gt;&lt;![endif]--&gt;\n
            &lt;/div&gt;\n
        &lt;!--[if ENDBLOCK]&gt;&lt;![endif]--&gt;\n
    &lt;/div&gt;\n
\n
    &lt;!--[if BLOCK]&gt;&lt;![endif]--&gt;&lt;!--[if ENDBLOCK]&gt;&lt;![endif]--&gt;\n
&lt;/div&gt;\n
                &lt;/div&gt;\n
                    &lt;/div&gt;\n
\n
                                                                        \n
        &lt;div\n
                                        x-data="filamentSchemaComponent({\n
                    path: '',\n
                    containerPath: '',\n
                    $wire,\n
                })"\n
                                                        class="fi-grid-col" style="--col-span-default: span 1 / span 1;"        &gt;\n
                            &lt;div\n
                    class="fi-sc-component"\n
                &gt;\n
                    &lt;div\n
        class="fi-wi-stats-overview-stat"\n
&gt;\n
    &lt;div class="fi-wi-stats-overview-stat-content"&gt;\n
        &lt;div class="fi-wi-stats-overview-stat-label-ctn"&gt;\n
            \n
\n
            &lt;span class="fi-wi-stats-overview-stat-label"&gt;\n
                Kadar Penggunaan\n
            &lt;/span&gt;\n
        &lt;/div&gt;\n
\n
        &lt;div class="fi-wi-stats-overview-stat-value"&gt;\n
            100%\n
        &lt;/div&gt;\n
\n
        &lt;!--[if BLOCK]&gt;&lt;![endif]--&gt;            &lt;div\n
                class="fi-wi-stats-overview-stat-description fi-color" style="--color-50: oklch(0.987 0.022 95.277); --color-100: oklch(0.962 0.059 95.617); --color-200: oklch(0.924 0.12 95.746); --color-300: oklch(0.879 0.169 91.605); --color-400: oklch(0.828 0.189 84.429); --color-500: oklch(0.769 0.188 70.08); --color-600: oklch(0.666 0.179 58.318); --color-700: oklch(0.555 0.163 48.998); --color-800: oklch(0.473 0.137 46.201); --color-900: oklch(0.414 0.112 45.904); --color-950: oklch(0.279 0.077 45.635); --text: var(--color-700); --dark-text: var(--color-400);"\n
            &gt;\n
                &lt;!--[if BLOCK]&gt;&lt;![endif]--&gt;&lt;!--[if ENDBLOCK]&gt;&lt;![endif]--&gt;\n
\n
                &lt;span&gt;\n
                    Peratus aset sedang digunakan\n
                &lt;/span&gt;\n
\n
                &lt;!--[if BLOCK]&gt;&lt;![endif]--&gt;&lt;!--[if ENDBLOCK]&gt;&lt;![endif]--&gt;\n
            &lt;/div&gt;\n
        &lt;!--[if ENDBLOCK]&gt;&lt;![endif]--&gt;\n
    &lt;/div&gt;\n
\n
    &lt;!--[if BLOCK]&gt;&lt;![endif]--&gt;&lt;!--[if ENDBLOCK]&gt;&lt;![endif]--&gt;\n
&lt;/div&gt;\n
                &lt;/div&gt;\n
                    &lt;/div&gt;\n
\n
                                            &lt;/div&gt;\n
            &lt;!--[if ENDBLOCK]&gt;&lt;![endif]--&gt;\n
\n
            &lt;!--[if BLOCK]&gt;&lt;![endif]--&gt;&lt;!--[if ENDBLOCK]&gt;&lt;![endif]--&gt;\n
        &lt;/div&gt;\n
    &lt;!--[if ENDBLOCK]&gt;&lt;![endif]--&gt;\n
&lt;/section&gt;\n
\n
    &lt;!--[if BLOCK]&gt;&lt;![endif]--&gt;&lt;!--[if ENDBLOCK]&gt;&lt;![endif]--&gt;\n
&lt;/div&gt;\n
                &lt;/div&gt;\n
                    &lt;/div&gt;\n
\n
                                            &lt;/div&gt;\n
&lt;/div&gt;\n
' [ASCII](length: 11918) contains "Laptops" [ASCII](length: 7).
&#13;
C:\XAMPP\htdocs\ictserve-031125\vendor\livewire\livewire\src\Features\SupportTesting\MakesAssertions.php:14
C:\XAMPP\htdocs\ictserve-031125\tests\Feature\Filament\DashboardWidgetTest.php:161</failure>
        </testcase>
        <testcase name="test_asset_utilization_widget_shows_availability_status" file="C:\XAMPP\htdocs\ictserve-031125\tests\Feature\Filament\DashboardWidgetTest.php" line="167" class="Tests\Feature\Filament\DashboardWidgetTest" classname="Tests.Feature.Filament.DashboardWidgetTest" assertions="3" time="4.095041"/>
        <testcase name="test_loan_approval_queue_widget_displays_pending_approvals" file="C:\XAMPP\htdocs\ictserve-031125\tests\Feature\Filament\DashboardWidgetTest.php" line="193" class="Tests\Feature\Filament\DashboardWidgetTest" classname="Tests.Feature.Filament.DashboardWidgetTest" assertions="7" time="21.705730"/>
        <testcase name="test_loan_approval_queue_widget_shows_applicant_details" file="C:\XAMPP\htdocs\ictserve-031125\tests\Feature\Filament\DashboardWidgetTest.php" line="221" class="Tests\Feature\Filament\DashboardWidgetTest" classname="Tests.Feature.Filament.DashboardWidgetTest" assertions="3" time="3.398170"/>
        <testcase name="test_loan_approval_queue_widget_displays_priority_indicators" file="C:\XAMPP\htdocs\ictserve-031125\tests\Feature\Filament\DashboardWidgetTest.php" line="241" class="Tests\Feature\Filament\DashboardWidgetTest" classname="Tests.Feature.Filament.DashboardWidgetTest" assertions="3" time="2.924996"/>
        <testcase name="test_unified_analytics_dashboard_is_accessible_to_admin" file="C:\XAMPP\htdocs\ictserve-031125\tests\Feature\Filament\DashboardWidgetTest.php" line="270" class="Tests\Feature\Filament\DashboardWidgetTest" classname="Tests.Feature.Filament.DashboardWidgetTest" assertions="1" time="3.291366">
          <failure type="PHPUnit\Framework\ExpectationFailedException">Tests\Feature\Filament\DashboardWidgetTest::test_unified_analytics_dashboard_is_accessible_to_admin&#13;
Expected response status code [&gt;=200, &lt;300] but received 403.
Failed asserting that false is true.
&#13;
C:\XAMPP\htdocs\ictserve-031125\vendor\laravel\framework\src\Illuminate\Testing\TestResponseAssert.php:45
C:\XAMPP\htdocs\ictserve-031125\vendor\laravel\framework\src\Illuminate\Testing\TestResponse.php:103
C:\XAMPP\htdocs\ictserve-031125\tests\Feature\Filament\DashboardWidgetTest.php:276</failure>
        </testcase>
        <testcase name="test_unified_analytics_dashboard_is_accessible_to_superuser" file="C:\XAMPP\htdocs\ictserve-031125\tests\Feature\Filament\DashboardWidgetTest.php" line="279" class="Tests\Feature\Filament\DashboardWidgetTest" classname="Tests.Feature.Filament.DashboardWidgetTest" assertions="1" time="4.467045">
          <failure type="PHPUnit\Framework\ExpectationFailedException">Tests\Feature\Filament\DashboardWidgetTest::test_unified_analytics_dashboard_is_accessible_to_superuser&#13;
Expected response status code [&gt;=200, &lt;300] but received 403.
Failed asserting that false is true.
&#13;
C:\XAMPP\htdocs\ictserve-031125\vendor\laravel\framework\src\Illuminate\Testing\TestResponseAssert.php:45
C:\XAMPP\htdocs\ictserve-031125\vendor\laravel\framework\src\Illuminate\Testing\TestResponse.php:103
C:\XAMPP\htdocs\ictserve-031125\tests\Feature\Filament\DashboardWidgetTest.php:285</failure>
        </testcase>
        <testcase name="test_unified_analytics_dashboard_is_not_accessible_to_staff" file="C:\XAMPP\htdocs\ictserve-031125\tests\Feature\Filament\DashboardWidgetTest.php" line="288" class="Tests\Feature\Filament\DashboardWidgetTest" classname="Tests.Feature.Filament.DashboardWidgetTest" assertions="1" time="3.970942"/>
        <testcase name="test_unified_analytics_dashboard_displays_cross_module_metrics" file="C:\XAMPP\htdocs\ictserve-031125\tests\Feature\Filament\DashboardWidgetTest.php" line="300" class="Tests\Feature\Filament\DashboardWidgetTest" classname="Tests.Feature.Filament.DashboardWidgetTest" assertions="0" time="4.199400">
          <error type="Illuminate\View\ViewException">Tests\Feature\Filament\DashboardWidgetTest::test_unified_analytics_dashboard_displays_cross_module_metrics&#13;
Illuminate\View\ViewException: App\Filament\Widgets\UnifiedDashboardOverview::getHealthColor(): Return value must be of type Filament\Support\Colors\Color, array returned (View: C:\XAMPP\htdocs\ictserve-031125\vendor\filament\widgets\resources\views\stats-overview-widget.blade.php) (View: C:\XAMPP\htdocs\ictserve-031125\vendor\filament\widgets\resources\views\stats-overview-widget.blade.php) (View: C:\XAMPP\htdocs\ictserve-031125\vendor\filament\widgets\resources\views\stats-overview-widget.blade.php)
&#13;
C:\XAMPP\htdocs\ictserve-031125\app\Filament\Widgets\UnifiedDashboardOverview.php:82
C:\XAMPP\htdocs\ictserve-031125\vendor\livewire\livewire\src\Mechanisms\ExtendBlade\ExtendedCompilerEngine.php:58
C:\XAMPP\htdocs\ictserve-031125\vendor\livewire\livewire\src\Mechanisms\ExtendBlade\ExtendedCompilerEngine.php:40
C:\XAMPP\htdocs\ictserve-031125\vendor\laravel\framework\src\Illuminate\View\Engines\CompilerEngine.php:76
C:\XAMPP\htdocs\ictserve-031125\vendor\livewire\livewire\src\Mechanisms\ExtendBlade\ExtendedCompilerEngine.php:16
C:\XAMPP\htdocs\ictserve-031125\vendor\laravel\framework\src\Illuminate\View\View.php:208
C:\XAMPP\htdocs\ictserve-031125\vendor\laravel\framework\src\Illuminate\View\View.php:191
C:\XAMPP\htdocs\ictserve-031125\vendor\laravel\framework\src\Illuminate\View\View.php:160
C:\XAMPP\htdocs\ictserve-031125\vendor\laravel\framework\src\Illuminate\View\Compilers\BladeCompiler.php:352
C:\XAMPP\htdocs\ictserve-031125\vendor\laravel\framework\src\Illuminate\Support\Facades\Facade.php:363
C:\XAMPP\htdocs\ictserve-031125\vendor\livewire\livewire\src\Features\SupportTesting\InitialRender.php:25
C:\XAMPP\htdocs\ictserve-031125\vendor\laravel\framework\src\Illuminate\Routing\CallableDispatcher.php:39
C:\XAMPP\htdocs\ictserve-031125\vendor\laravel\framework\src\Illuminate\Routing\Route.php:243
C:\XAMPP\htdocs\ictserve-031125\vendor\laravel\framework\src\Illuminate\Routing\Route.php:214
C:\XAMPP\htdocs\ictserve-031125\vendor\laravel\framework\src\Illuminate\Routing\Router.php:822
C:\XAMPP\htdocs\ictserve-031125\vendor\laravel\framework\src\Illuminate\Pipeline\Pipeline.php:180
C:\XAMPP\htdocs\ictserve-031125\vendor\laravel\framework\src\Illuminate\Pipeline\Pipeline.php:137
C:\XAMPP\htdocs\ictserve-031125\vendor\laravel\framework\src\Illuminate\Routing\Router.php:821
C:\XAMPP\htdocs\ictserve-031125\vendor\laravel\framework\src\Illuminate\Routing\Router.php:800
C:\XAMPP\htdocs\ictserve-031125\vendor\laravel\framework\src\Illuminate\Routing\Router.php:764
C:\XAMPP\htdocs\ictserve-031125\vendor\laravel\framework\src\Illuminate\Routing\Router.php:753
C:\XAMPP\htdocs\ictserve-031125\vendor\laravel\framework\src\Illuminate\Foundation\Http\Kernel.php:200
C:\XAMPP\htdocs\ictserve-031125\vendor\laravel\framework\src\Illuminate\Pipeline\Pipeline.php:180
C:\XAMPP\htdocs\ictserve-031125\vendor\laravel\framework\src\Illuminate\Pipeline\Pipeline.php:137
C:\XAMPP\htdocs\ictserve-031125\vendor\laravel\framework\src\Illuminate\Foundation\Http\Kernel.php:175
C:\XAMPP\htdocs\ictserve-031125\vendor\laravel\framework\src\Illuminate\Foundation\Http\Kernel.php:144
C:\XAMPP\htdocs\ictserve-031125\vendor\laravel\framework\src\Illuminate\Foundation\Testing\Concerns\MakesHttpRequests.php:607
C:\XAMPP\htdocs\ictserve-031125\vendor\livewire\livewire\src\Features\SupportTesting\InitialRender.php:33
C:\XAMPP\htdocs\ictserve-031125\vendor\livewire\livewire\src\Features\SupportTesting\RequestBroker.php:30
C:\XAMPP\htdocs\ictserve-031125\vendor\livewire\livewire\src\Features\SupportTesting\InitialRender.php:32
C:\XAMPP\htdocs\ictserve-031125\vendor\livewire\livewire\src\Features\SupportTesting\Render.php:24
C:\XAMPP\htdocs\ictserve-031125\vendor\livewire\livewire\src\Features\SupportTesting\InitialRender.php:31
C:\XAMPP\htdocs\ictserve-031125\vendor\livewire\livewire\src\Features\SupportTesting\InitialRender.php:17
C:\XAMPP\htdocs\ictserve-031125\vendor\livewire\livewire\src\Features\SupportTesting\Testable.php:44
C:\XAMPP\htdocs\ictserve-031125\vendor\livewire\livewire\src\LivewireManager.php:197
C:\XAMPP\htdocs\ictserve-031125\vendor\laravel\framework\src\Illuminate\Support\Facades\Facade.php:363
C:\XAMPP\htdocs\ictserve-031125\tests\Feature\Filament\DashboardWidgetTest.php:311</error>
        </testcase>
        <testcase name="test_dashboard_widgets_can_be_refreshed" file="C:\XAMPP\htdocs\ictserve-031125\tests\Feature\Filament\DashboardWidgetTest.php" line="321" class="Tests\Feature\Filament\DashboardWidgetTest" classname="Tests.Feature.Filament.DashboardWidgetTest" assertions="0" time="2.753588">
          <error type="Illuminate\View\ViewException">Tests\Feature\Filament\DashboardWidgetTest::test_dashboard_widgets_can_be_refreshed&#13;
Illuminate\View\ViewException: App\Filament\Widgets\UnifiedDashboardOverview::getHealthColor(): Return value must be of type Filament\Support\Colors\Color, array returned (View: C:\XAMPP\htdocs\ictserve-031125\vendor\filament\widgets\resources\views\stats-overview-widget.blade.php) (View: C:\XAMPP\htdocs\ictserve-031125\vendor\filament\widgets\resources\views\stats-overview-widget.blade.php)
&#13;
C:\XAMPP\htdocs\ictserve-031125\app\Filament\Widgets\UnifiedDashboardOverview.php:82
C:\XAMPP\htdocs\ictserve-031125\vendor\livewire\livewire\src\Mechanisms\ExtendBlade\ExtendedCompilerEngine.php:58
C:\XAMPP\htdocs\ictserve-031125\vendor\livewire\livewire\src\Mechanisms\ExtendBlade\ExtendedCompilerEngine.php:40
C:\XAMPP\htdocs\ictserve-031125\vendor\laravel\framework\src\Illuminate\View\Engines\CompilerEngine.php:76
C:\XAMPP\htdocs\ictserve-031125\vendor\livewire\livewire\src\Mechanisms\ExtendBlade\ExtendedCompilerEngine.php:16
C:\XAMPP\htdocs\ictserve-031125\vendor\laravel\framework\src\Illuminate\View\View.php:208
C:\XAMPP\htdocs\ictserve-031125\vendor\laravel\framework\src\Illuminate\View\View.php:191
C:\XAMPP\htdocs\ictserve-031125\vendor\laravel\framework\src\Illuminate\View\View.php:160
C:\XAMPP\htdocs\ictserve-031125\vendor\laravel\framework\src\Illuminate\View\Compilers\BladeCompiler.php:352
C:\XAMPP\htdocs\ictserve-031125\vendor\laravel\framework\src\Illuminate\Support\Facades\Facade.php:363
C:\XAMPP\htdocs\ictserve-031125\vendor\livewire\livewire\src\Features\SupportTesting\InitialRender.php:25
C:\XAMPP\htdocs\ictserve-031125\vendor\laravel\framework\src\Illuminate\Routing\CallableDispatcher.php:39
C:\XAMPP\htdocs\ictserve-031125\vendor\laravel\framework\src\Illuminate\Routing\Route.php:243
C:\XAMPP\htdocs\ictserve-031125\vendor\laravel\framework\src\Illuminate\Routing\Route.php:214
C:\XAMPP\htdocs\ictserve-031125\vendor\laravel\framework\src\Illuminate\Routing\Router.php:822
C:\XAMPP\htdocs\ictserve-031125\vendor\laravel\framework\src\Illuminate\Pipeline\Pipeline.php:180
C:\XAMPP\htdocs\ictserve-031125\vendor\laravel\framework\src\Illuminate\Pipeline\Pipeline.php:137
C:\XAMPP\htdocs\ictserve-031125\vendor\laravel\framework\src\Illuminate\Routing\Router.php:821
C:\XAMPP\htdocs\ictserve-031125\vendor\laravel\framework\src\Illuminate\Routing\Router.php:800
C:\XAMPP\htdocs\ictserve-031125\vendor\laravel\framework\src\Illuminate\Routing\Router.php:764
C:\XAMPP\htdocs\ictserve-031125\vendor\laravel\framework\src\Illuminate\Routing\Router.php:753
C:\XAMPP\htdocs\ictserve-031125\vendor\laravel\framework\src\Illuminate\Foundation\Http\Kernel.php:200
C:\XAMPP\htdocs\ictserve-031125\vendor\laravel\framework\src\Illuminate\Pipeline\Pipeline.php:180
C:\XAMPP\htdocs\ictserve-031125\vendor\laravel\framework\src\Illuminate\Pipeline\Pipeline.php:137
C:\XAMPP\htdocs\ictserve-031125\vendor\laravel\framework\src\Illuminate\Foundation\Http\Kernel.php:175
C:\XAMPP\htdocs\ictserve-031125\vendor\laravel\framework\src\Illuminate\Foundation\Http\Kernel.php:144
C:\XAMPP\htdocs\ictserve-031125\vendor\laravel\framework\src\Illuminate\Foundation\Testing\Concerns\MakesHttpRequests.php:607
C:\XAMPP\htdocs\ictserve-031125\vendor\livewire\livewire\src\Features\SupportTesting\InitialRender.php:33
C:\XAMPP\htdocs\ictserve-031125\vendor\livewire\livewire\src\Features\SupportTesting\RequestBroker.php:30
C:\XAMPP\htdocs\ictserve-031125\vendor\livewire\livewire\src\Features\SupportTesting\InitialRender.php:32
C:\XAMPP\htdocs\ictserve-031125\vendor\livewire\livewire\src\Features\SupportTesting\Render.php:24
C:\XAMPP\htdocs\ictserve-031125\vendor\livewire\livewire\src\Features\SupportTesting\InitialRender.php:31
C:\XAMPP\htdocs\ictserve-031125\vendor\livewire\livewire\src\Features\SupportTesting\InitialRender.php:17
C:\XAMPP\htdocs\ictserve-031125\vendor\livewire\livewire\src\Features\SupportTesting\Testable.php:44
C:\XAMPP\htdocs\ictserve-031125\vendor\livewire\livewire\src\LivewireManager.php:197
C:\XAMPP\htdocs\ictserve-031125\vendor\laravel\framework\src\Illuminate\Support\Facades\Facade.php:363
C:\XAMPP\htdocs\ictserve-031125\tests\Feature\Filament\DashboardWidgetTest.php:325</error>
        </testcase>
        <testcase name="test_widgets_display_empty_state_when_no_data" file="C:\XAMPP\htdocs\ictserve-031125\tests\Feature\Filament\DashboardWidgetTest.php" line="335" class="Tests\Feature\Filament\DashboardWidgetTest" classname="Tests.Feature.Filament.DashboardWidgetTest" assertions="0" time="2.548196">
          <error type="Illuminate\View\ViewException">Tests\Feature\Filament\DashboardWidgetTest::test_widgets_display_empty_state_when_no_data&#13;
Illuminate\View\ViewException: App\Filament\Widgets\UnifiedDashboardOverview::getHealthColor(): Return value must be of type Filament\Support\Colors\Color, array returned (View: C:\XAMPP\htdocs\ictserve-031125\vendor\filament\widgets\resources\views\stats-overview-widget.blade.php) (View: C:\XAMPP\htdocs\ictserve-031125\vendor\filament\widgets\resources\views\stats-overview-widget.blade.php)
&#13;
C:\XAMPP\htdocs\ictserve-031125\app\Filament\Widgets\UnifiedDashboardOverview.php:82
C:\XAMPP\htdocs\ictserve-031125\vendor\livewire\livewire\src\Mechanisms\ExtendBlade\ExtendedCompilerEngine.php:58
C:\XAMPP\htdocs\ictserve-031125\vendor\livewire\livewire\src\Mechanisms\ExtendBlade\ExtendedCompilerEngine.php:40
C:\XAMPP\htdocs\ictserve-031125\vendor\laravel\framework\src\Illuminate\View\Engines\CompilerEngine.php:76
C:\XAMPP\htdocs\ictserve-031125\vendor\livewire\livewire\src\Mechanisms\ExtendBlade\ExtendedCompilerEngine.php:16
C:\XAMPP\htdocs\ictserve-031125\vendor\laravel\framework\src\Illuminate\View\View.php:208
C:\XAMPP\htdocs\ictserve-031125\vendor\laravel\framework\src\Illuminate\View\View.php:191
C:\XAMPP\htdocs\ictserve-031125\vendor\laravel\framework\src\Illuminate\View\View.php:160
C:\XAMPP\htdocs\ictserve-031125\vendor\laravel\framework\src\Illuminate\View\Compilers\BladeCompiler.php:352
C:\XAMPP\htdocs\ictserve-031125\vendor\laravel\framework\src\Illuminate\Support\Facades\Facade.php:363
C:\XAMPP\htdocs\ictserve-031125\vendor\livewire\livewire\src\Features\SupportTesting\InitialRender.php:25
C:\XAMPP\htdocs\ictserve-031125\vendor\laravel\framework\src\Illuminate\Routing\CallableDispatcher.php:39
C:\XAMPP\htdocs\ictserve-031125\vendor\laravel\framework\src\Illuminate\Routing\Route.php:243
C:\XAMPP\htdocs\ictserve-031125\vendor\laravel\framework\src\Illuminate\Routing\Route.php:214
C:\XAMPP\htdocs\ictserve-031125\vendor\laravel\framework\src\Illuminate\Routing\Router.php:822
C:\XAMPP\htdocs\ictserve-031125\vendor\laravel\framework\src\Illuminate\Pipeline\Pipeline.php:180
C:\XAMPP\htdocs\ictserve-031125\vendor\laravel\framework\src\Illuminate\Pipeline\Pipeline.php:137
C:\XAMPP\htdocs\ictserve-031125\vendor\laravel\framework\src\Illuminate\Routing\Router.php:821
C:\XAMPP\htdocs\ictserve-031125\vendor\laravel\framework\src\Illuminate\Routing\Router.php:800
C:\XAMPP\htdocs\ictserve-031125\vendor\laravel\framework\src\Illuminate\Routing\Router.php:764
C:\XAMPP\htdocs\ictserve-031125\vendor\laravel\framework\src\Illuminate\Routing\Router.php:753
C:\XAMPP\htdocs\ictserve-031125\vendor\laravel\framework\src\Illuminate\Foundation\Http\Kernel.php:200
C:\XAMPP\htdocs\ictserve-031125\vendor\laravel\framework\src\Illuminate\Pipeline\Pipeline.php:180
C:\XAMPP\htdocs\ictserve-031125\vendor\laravel\framework\src\Illuminate\Pipeline\Pipeline.php:137
C:\XAMPP\htdocs\ictserve-031125\vendor\laravel\framework\src\Illuminate\Foundation\Http\Kernel.php:175
C:\XAMPP\htdocs\ictserve-031125\vendor\laravel\framework\src\Illuminate\Foundation\Http\Kernel.php:144
C:\XAMPP\htdocs\ictserve-031125\vendor\laravel\framework\src\Illuminate\Foundation\Testing\Concerns\MakesHttpRequests.php:607
C:\XAMPP\htdocs\ictserve-031125\vendor\livewire\livewire\src\Features\SupportTesting\InitialRender.php:33
C:\XAMPP\htdocs\ictserve-031125\vendor\livewire\livewire\src\Features\SupportTesting\RequestBroker.php:30
C:\XAMPP\htdocs\ictserve-031125\vendor\livewire\livewire\src\Features\SupportTesting\InitialRender.php:32
C:\XAMPP\htdocs\ictserve-031125\vendor\livewire\livewire\src\Features\SupportTesting\Render.php:24
C:\XAMPP\htdocs\ictserve-031125\vendor\livewire\livewire\src\Features\SupportTesting\InitialRender.php:31
C:\XAMPP\htdocs\ictserve-031125\vendor\livewire\livewire\src\Features\SupportTesting\InitialRender.php:17
C:\XAMPP\htdocs\ictserve-031125\vendor\livewire\livewire\src\Features\SupportTesting\Testable.php:44
C:\XAMPP\htdocs\ictserve-031125\vendor\livewire\livewire\src\LivewireManager.php:197
C:\XAMPP\htdocs\ictserve-031125\vendor\laravel\framework\src\Illuminate\Support\Facades\Facade.php:363
C:\XAMPP\htdocs\ictserve-031125\tests\Feature\Filament\DashboardWidgetTest.php:340</error>
        </testcase>
        <testcase name="test_dashboard_widgets_load_efficiently_with_large_dataset" file="C:\XAMPP\htdocs\ictserve-031125\tests\Feature\Filament\DashboardWidgetTest.php" line="350" class="Tests\Feature\Filament\DashboardWidgetTest" classname="Tests.Feature.Filament.DashboardWidgetTest" assertions="0" time="4.584172">
          <error type="Illuminate\View\ViewException">Tests\Feature\Filament\DashboardWidgetTest::test_dashboard_widgets_load_efficiently_with_large_dataset&#13;
Illuminate\View\ViewException: App\Filament\Widgets\UnifiedDashboardOverview::getHealthColor(): Return value must be of type Filament\Support\Colors\Color, array returned (View: C:\XAMPP\htdocs\ictserve-031125\vendor\filament\widgets\resources\views\stats-overview-widget.blade.php) (View: C:\XAMPP\htdocs\ictserve-031125\vendor\filament\widgets\resources\views\stats-overview-widget.blade.php)
&#13;
C:\XAMPP\htdocs\ictserve-031125\app\Filament\Widgets\UnifiedDashboardOverview.php:82
C:\XAMPP\htdocs\ictserve-031125\vendor\livewire\livewire\src\Mechanisms\ExtendBlade\ExtendedCompilerEngine.php:58
C:\XAMPP\htdocs\ictserve-031125\vendor\livewire\livewire\src\Mechanisms\ExtendBlade\ExtendedCompilerEngine.php:40
C:\XAMPP\htdocs\ictserve-031125\vendor\laravel\framework\src\Illuminate\View\Engines\CompilerEngine.php:76
C:\XAMPP\htdocs\ictserve-031125\vendor\livewire\livewire\src\Mechanisms\ExtendBlade\ExtendedCompilerEngine.php:16
C:\XAMPP\htdocs\ictserve-031125\vendor\laravel\framework\src\Illuminate\View\View.php:208
C:\XAMPP\htdocs\ictserve-031125\vendor\laravel\framework\src\Illuminate\View\View.php:191
C:\XAMPP\htdocs\ictserve-031125\vendor\laravel\framework\src\Illuminate\View\View.php:160
C:\XAMPP\htdocs\ictserve-031125\vendor\laravel\framework\src\Illuminate\View\Compilers\BladeCompiler.php:352
C:\XAMPP\htdocs\ictserve-031125\vendor\laravel\framework\src\Illuminate\Support\Facades\Facade.php:363
C:\XAMPP\htdocs\ictserve-031125\vendor\livewire\livewire\src\Features\SupportTesting\InitialRender.php:25
C:\XAMPP\htdocs\ictserve-031125\vendor\laravel\framework\src\Illuminate\Routing\CallableDispatcher.php:39
C:\XAMPP\htdocs\ictserve-031125\vendor\laravel\framework\src\Illuminate\Routing\Route.php:243
C:\XAMPP\htdocs\ictserve-031125\vendor\laravel\framework\src\Illuminate\Routing\Route.php:214
C:\XAMPP\htdocs\ictserve-031125\vendor\laravel\framework\src\Illuminate\Routing\Router.php:822
C:\XAMPP\htdocs\ictserve-031125\vendor\laravel\framework\src\Illuminate\Pipeline\Pipeline.php:180
C:\XAMPP\htdocs\ictserve-031125\vendor\laravel\framework\src\Illuminate\Pipeline\Pipeline.php:137
C:\XAMPP\htdocs\ictserve-031125\vendor\laravel\framework\src\Illuminate\Routing\Router.php:821
C:\XAMPP\htdocs\ictserve-031125\vendor\laravel\framework\src\Illuminate\Routing\Router.php:800
C:\XAMPP\htdocs\ictserve-031125\vendor\laravel\framework\src\Illuminate\Routing\Router.php:764
C:\XAMPP\htdocs\ictserve-031125\vendor\laravel\framework\src\Illuminate\Routing\Router.php:753
C:\XAMPP\htdocs\ictserve-031125\vendor\laravel\framework\src\Illuminate\Foundation\Http\Kernel.php:200
C:\XAMPP\htdocs\ictserve-031125\vendor\laravel\framework\src\Illuminate\Pipeline\Pipeline.php:180
C:\XAMPP\htdocs\ictserve-031125\vendor\laravel\framework\src\Illuminate\Pipeline\Pipeline.php:137
C:\XAMPP\htdocs\ictserve-031125\vendor\laravel\framework\src\Illuminate\Foundation\Http\Kernel.php:175
C:\XAMPP\htdocs\ictserve-031125\vendor\laravel\framework\src\Illuminate\Foundation\Http\Kernel.php:144
C:\XAMPP\htdocs\ictserve-031125\vendor\laravel\framework\src\Illuminate\Foundation\Testing\Concerns\MakesHttpRequests.php:607
C:\XAMPP\htdocs\ictserve-031125\vendor\livewire\livewire\src\Features\SupportTesting\InitialRender.php:33
C:\XAMPP\htdocs\ictserve-031125\vendor\livewire\livewire\src\Features\SupportTesting\RequestBroker.php:30
C:\XAMPP\htdocs\ictserve-031125\vendor\livewire\livewire\src\Features\SupportTesting\InitialRender.php:32
C:\XAMPP\htdocs\ictserve-031125\vendor\livewire\livewire\src\Features\SupportTesting\Render.php:24
C:\XAMPP\htdocs\ictserve-031125\vendor\livewire\livewire\src\Features\SupportTesting\InitialRender.php:31
C:\XAMPP\htdocs\ictserve-031125\vendor\livewire\livewire\src\Features\SupportTesting\InitialRender.php:17
C:\XAMPP\htdocs\ictserve-031125\vendor\livewire\livewire\src\Features\SupportTesting\Testable.php:44
C:\XAMPP\htdocs\ictserve-031125\vendor\livewire\livewire\src\LivewireManager.php:197
C:\XAMPP\htdocs\ictserve-031125\vendor\laravel\framework\src\Illuminate\Support\Facades\Facade.php:363
C:\XAMPP\htdocs\ictserve-031125\tests\Feature\Filament\DashboardWidgetTest.php:363</error>
        </testcase>
        <testcase name="test_widgets_respect_role_based_access_control" file="C:\XAMPP\htdocs\ictserve-031125\tests\Feature\Filament\DashboardWidgetTest.php" line="378" class="Tests\Feature\Filament\DashboardWidgetTest" classname="Tests.Feature.Filament.DashboardWidgetTest" assertions="1" time="4.351380"/>
        <testcase name="test_approver_can_view_approval_queue_widget" file="C:\XAMPP\htdocs\ictserve-031125\tests\Feature\Filament\DashboardWidgetTest.php" line="391" class="Tests\Feature\Filament\DashboardWidgetTest" classname="Tests.Feature.Filament.DashboardWidgetTest" assertions="2" time="4.202452"/>
      </testsuite>
      <testsuite name="Tests\Feature\HelpdeskTicketPolicyTest" file="C:\XAMPP\htdocs\ictserve-031125\tests\Feature\HelpdeskTicketPolicyTest.php" tests="19" assertions="41" errors="0" failures="0" skipped="0" time="65.153270">
        <testcase name="test_staff_can_view_their_own_authenticated_ticket" file="C:\XAMPP\htdocs\ictserve-031125\tests\Feature\HelpdeskTicketPolicyTest.php" line="37" class="Tests\Feature\HelpdeskTicketPolicyTest" classname="Tests.Feature.HelpdeskTicketPolicyTest" assertions="1" time="3.198400"/>
        <testcase name="test_staff_can_view_guest_ticket_with_matching_email" file="C:\XAMPP\htdocs\ictserve-031125\tests\Feature\HelpdeskTicketPolicyTest.php" line="45" class="Tests\Feature\HelpdeskTicketPolicyTest" classname="Tests.Feature.HelpdeskTicketPolicyTest" assertions="1" time="4.045230"/>
        <testcase name="test_staff_cannot_view_other_users_ticket" file="C:\XAMPP\htdocs\ictserve-031125\tests\Feature\HelpdeskTicketPolicyTest.php" line="60" class="Tests\Feature\HelpdeskTicketPolicyTest" classname="Tests.Feature.HelpdeskTicketPolicyTest" assertions="1" time="2.817843"/>
        <testcase name="test_admin_can_view_any_ticket" file="C:\XAMPP\htdocs\ictserve-031125\tests\Feature\HelpdeskTicketPolicyTest.php" line="69" class="Tests\Feature\HelpdeskTicketPolicyTest" classname="Tests.Feature.HelpdeskTicketPolicyTest" assertions="1" time="2.749804"/>
        <testcase name="test_superuser_can_view_any_ticket" file="C:\XAMPP\htdocs\ictserve-031125\tests\Feature\HelpdeskTicketPolicyTest.php" line="78" class="Tests\Feature\HelpdeskTicketPolicyTest" classname="Tests.Feature.HelpdeskTicketPolicyTest" assertions="1" time="3.570472"/>
        <testcase name="test_all_authenticated_users_can_create_tickets" file="C:\XAMPP\htdocs\ictserve-031125\tests\Feature\HelpdeskTicketPolicyTest.php" line="87" class="Tests\Feature\HelpdeskTicketPolicyTest" classname="Tests.Feature.HelpdeskTicketPolicyTest" assertions="4" time="4.586702"/>
        <testcase name="test_only_admin_and_superuser_can_update_tickets" file="C:\XAMPP\htdocs\ictserve-031125\tests\Feature\HelpdeskTicketPolicyTest.php" line="100" class="Tests\Feature\HelpdeskTicketPolicyTest" classname="Tests.Feature.HelpdeskTicketPolicyTest" assertions="3" time="3.244335"/>
        <testcase name="test_only_superuser_can_delete_tickets" file="C:\XAMPP\htdocs\ictserve-031125\tests\Feature\HelpdeskTicketPolicyTest.php" line="112" class="Tests\Feature\HelpdeskTicketPolicyTest" classname="Tests.Feature.HelpdeskTicketPolicyTest" assertions="3" time="3.374003"/>
        <testcase name="test_user_can_claim_guest_ticket_with_matching_email" file="C:\XAMPP\htdocs\ictserve-031125\tests\Feature\HelpdeskTicketPolicyTest.php" line="124" class="Tests\Feature\HelpdeskTicketPolicyTest" classname="Tests.Feature.HelpdeskTicketPolicyTest" assertions="2" time="3.328416"/>
        <testcase name="test_user_cannot_claim_guest_ticket_with_different_email" file="C:\XAMPP\htdocs\ictserve-031125\tests\Feature\HelpdeskTicketPolicyTest.php" line="140" class="Tests\Feature\HelpdeskTicketPolicyTest" classname="Tests.Feature.HelpdeskTicketPolicyTest" assertions="2" time="2.600339"/>
        <testcase name="test_user_cannot_claim_authenticated_ticket" file="C:\XAMPP\htdocs\ictserve-031125\tests\Feature\HelpdeskTicketPolicyTest.php" line="156" class="Tests\Feature\HelpdeskTicketPolicyTest" classname="Tests.Feature.HelpdeskTicketPolicyTest" assertions="2" time="2.737907"/>
        <testcase name="test_only_admin_and_superuser_can_view_internal_comments" file="C:\XAMPP\htdocs\ictserve-031125\tests\Feature\HelpdeskTicketPolicyTest.php" line="171" class="Tests\Feature\HelpdeskTicketPolicyTest" classname="Tests.Feature.HelpdeskTicketPolicyTest" assertions="4" time="4.753008"/>
        <testcase name="test_user_can_add_comment_to_their_own_ticket" file="C:\XAMPP\htdocs\ictserve-031125\tests\Feature\HelpdeskTicketPolicyTest.php" line="185" class="Tests\Feature\HelpdeskTicketPolicyTest" classname="Tests.Feature.HelpdeskTicketPolicyTest" assertions="1" time="4.549530"/>
        <testcase name="test_user_can_add_comment_to_guest_ticket_with_matching_email" file="C:\XAMPP\htdocs\ictserve-031125\tests\Feature\HelpdeskTicketPolicyTest.php" line="193" class="Tests\Feature\HelpdeskTicketPolicyTest" classname="Tests.Feature.HelpdeskTicketPolicyTest" assertions="1" time="4.228291"/>
        <testcase name="test_user_cannot_add_comment_to_other_users_ticket" file="C:\XAMPP\htdocs\ictserve-031125\tests\Feature\HelpdeskTicketPolicyTest.php" line="208" class="Tests\Feature\HelpdeskTicketPolicyTest" classname="Tests.Feature.HelpdeskTicketPolicyTest" assertions="1" time="3.021850"/>
        <testcase name="test_admin_can_add_comment_to_any_ticket" file="C:\XAMPP\htdocs\ictserve-031125\tests\Feature\HelpdeskTicketPolicyTest.php" line="217" class="Tests\Feature\HelpdeskTicketPolicyTest" classname="Tests.Feature.HelpdeskTicketPolicyTest" assertions="1" time="2.684981"/>
        <testcase name="test_only_superuser_can_restore_tickets" file="C:\XAMPP\htdocs\ictserve-031125\tests\Feature\HelpdeskTicketPolicyTest.php" line="226" class="Tests\Feature\HelpdeskTicketPolicyTest" classname="Tests.Feature.HelpdeskTicketPolicyTest" assertions="3" time="3.190095"/>
        <testcase name="test_only_superuser_can_force_delete_tickets" file="C:\XAMPP\htdocs\ictserve-031125\tests\Feature\HelpdeskTicketPolicyTest.php" line="238" class="Tests\Feature\HelpdeskTicketPolicyTest" classname="Tests.Feature.HelpdeskTicketPolicyTest" assertions="3" time="2.677777"/>
        <testcase name="test_hybrid_access_logic_for_guest_and_authenticated_submissions" file="C:\XAMPP\htdocs\ictserve-031125\tests\Feature\HelpdeskTicketPolicyTest.php" line="250" class="Tests\Feature\HelpdeskTicketPolicyTest" classname="Tests.Feature.HelpdeskTicketPolicyTest" assertions="6" time="3.794289"/>
      </testsuite>
      <testsuite name="Tests\Feature\HybridHelpdeskWorkflowTest" file="C:\XAMPP\htdocs\ictserve-031125\tests\Feature\HybridHelpdeskWorkflowTest.php" tests="5" assertions="19" errors="0" failures="0" skipped="0" time="11.933674">
        <testcase name="guest_ticket_creation_persists_enhanced_fields" file="C:\XAMPP\htdocs\ictserve-031125\tests\Feature\HybridHelpdeskWorkflowTest.php" line="40" class="Tests\Feature\HybridHelpdeskWorkflowTest" classname="Tests.Feature.HybridHelpdeskWorkflowTest" assertions="5" time="3.247853"/>
        <testcase name="authenticated_ticket_creation_stores_internal_notes" file="C:\XAMPP\htdocs\ictserve-031125\tests\Feature\HybridHelpdeskWorkflowTest.php" line="76" class="Tests\Feature\HybridHelpdeskWorkflowTest" classname="Tests.Feature.HybridHelpdeskWorkflowTest" assertions="3" time="2.005720"/>
        <testcase name="ticket_claiming_process_attaches_authenticated_user_and_logs_comment" file="C:\XAMPP\htdocs\ictserve-031125\tests\Feature\HybridHelpdeskWorkflowTest.php" line="107" class="Tests\Feature\HybridHelpdeskWorkflowTest" classname="Tests.Feature.HybridHelpdeskWorkflowTest" assertions="3" time="1.799010"/>
        <testcase name="get_user_accessible_tickets_returns_owned_and_email_matched_records" file="C:\XAMPP\htdocs\ictserve-031125\tests\Feature\HybridHelpdeskWorkflowTest.php" line="126" class="Tests\Feature\HybridHelpdeskWorkflowTest" classname="Tests.Feature.HybridHelpdeskWorkflowTest" assertions="3" time="2.443817"/>
        <testcase name="cross_module_integration_is_created_when_ticket_links_to_asset_loan" file="C:\XAMPP\htdocs\ictserve-031125\tests\Feature\HybridHelpdeskWorkflowTest.php" line="156" class="Tests\Feature\HybridHelpdeskWorkflowTest" classname="Tests.Feature.HybridHelpdeskWorkflowTest" assertions="5" time="2.437275"/>
      </testsuite>
      <testsuite name="Tests\Feature\Integration\HelpdeskIntegrationTest" file="C:\XAMPP\htdocs\ictserve-031125\tests\Feature\Integration\HelpdeskIntegrationTest.php" tests="8" assertions="36" errors="0" failures="0" skipped="0" time="43.733559">
        <testcase name="it_completes_guest_workflow_end_to_end" file="C:\XAMPP\htdocs\ictserve-031125\tests\Feature\Integration\HelpdeskIntegrationTest.php" line="43" class="Tests\Feature\Integration\HelpdeskIntegrationTest" classname="Tests.Feature.Integration.HelpdeskIntegrationTest" assertions="8" time="3.253035"/>
        <testcase name="it_completes_authenticated_workflow_end_to_end" file="C:\XAMPP\htdocs\ictserve-031125\tests\Feature\Integration\HelpdeskIntegrationTest.php" line="85" class="Tests\Feature\Integration\HelpdeskIntegrationTest" classname="Tests.Feature.Integration.HelpdeskIntegrationTest" assertions="10" time="4.101528"/>
        <testcase name="it_allows_ticket_claiming_by_authenticated_users" file="C:\XAMPP\htdocs\ictserve-031125\tests\Feature\Integration\HelpdeskIntegrationTest.php" line="129" class="Tests\Feature\Integration\HelpdeskIntegrationTest" classname="Tests.Feature.Integration.HelpdeskIntegrationTest" assertions="6" time="4.121376"/>
        <testcase name="it_handles_cross_module_integration_with_asset_damage" file="C:\XAMPP\htdocs\ictserve-031125\tests\Feature\Integration\HelpdeskIntegrationTest.php" line="172" class="Tests\Feature\Integration\HelpdeskIntegrationTest" classname="Tests.Feature.Integration.HelpdeskIntegrationTest" assertions="1" time="4.144351"/>
        <testcase name="it_creates_cross_module_integration_when_asset_selected" file="C:\XAMPP\htdocs\ictserve-031125\tests\Feature\Integration\HelpdeskIntegrationTest.php" line="200" class="Tests\Feature\Integration\HelpdeskIntegrationTest" classname="Tests.Feature.Integration.HelpdeskIntegrationTest" assertions="4" time="7.204412"/>
        <testcase name="it_provides_user_accessible_tickets_for_hybrid_access" file="C:\XAMPP\htdocs\ictserve-031125\tests\Feature\Integration\HelpdeskIntegrationTest.php" line="251" class="Tests\Feature\Integration\HelpdeskIntegrationTest" classname="Tests.Feature.Integration.HelpdeskIntegrationTest" assertions="4" time="7.185477"/>
        <testcase name="it_validates_wcag_compliance_for_ticket_forms" file="C:\XAMPP\htdocs\ictserve-031125\tests\Feature\Integration\HelpdeskIntegrationTest.php" line="315" class="Tests\Feature\Integration\HelpdeskIntegrationTest" classname="Tests.Feature.Integration.HelpdeskIntegrationTest" assertions="1" time="6.491832"/>
        <testcase name="it_maintains_performance_targets" file="C:\XAMPP\htdocs\ictserve-031125\tests\Feature\Integration\HelpdeskIntegrationTest.php" line="328" class="Tests\Feature\Integration\HelpdeskIntegrationTest" classname="Tests.Feature.Integration.HelpdeskIntegrationTest" assertions="2" time="7.231548"/>
      </testsuite>
      <testsuite name="Tests\Feature\LanguageControllerTest" file="C:\XAMPP\htdocs\ictserve-031125\tests\Feature\LanguageControllerTest.php" tests="10" assertions="25" errors="0" failures="0" skipped="0" time="62.544648">
        <testcase name="test_change_locale_with_valid_locale" file="C:\XAMPP\htdocs\ictserve-031125\tests\Feature\LanguageControllerTest.php" line="43" class="Tests\Feature\LanguageControllerTest" classname="Tests.Feature.LanguageControllerTest" assertions="4" time="9.566548"/>
        <testcase name="test_change_locale_with_invalid_locale" file="C:\XAMPP\htdocs\ictserve-031125\tests\Feature\LanguageControllerTest.php" line="61" class="Tests\Feature\LanguageControllerTest" classname="Tests.Feature.LanguageControllerTest" assertions="1" time="5.710237"/>
        <testcase name="test_session_stored_after_locale_change" file="C:\XAMPP\htdocs\ictserve-031125\tests\Feature\LanguageControllerTest.php" line="75" class="Tests\Feature\LanguageControllerTest" classname="Tests.Feature.LanguageControllerTest" assertions="1" time="5.286584"/>
        <testcase name="test_cookie_persisted_after_locale_change" file="C:\XAMPP\htdocs\ictserve-031125\tests\Feature\LanguageControllerTest.php" line="91" class="Tests\Feature\LanguageControllerTest" classname="Tests.Feature.LanguageControllerTest" assertions="2" time="5.720221"/>
        <testcase name="test_redirect_back_to_previous_page" file="C:\XAMPP\htdocs\ictserve-031125\tests\Feature\LanguageControllerTest.php" line="107" class="Tests\Feature\LanguageControllerTest" classname="Tests.Feature.LanguageControllerTest" assertions="2" time="6.183084"/>
        <testcase name="test_success_message_displayed" file="C:\XAMPP\htdocs\ictserve-031125\tests\Feature\LanguageControllerTest.php" line="123" class="Tests\Feature\LanguageControllerTest" classname="Tests.Feature.LanguageControllerTest" assertions="1" time="7.279553"/>
        <testcase name="test_locale_change_works_for_guest_users" file="C:\XAMPP\htdocs\ictserve-031125\tests\Feature\LanguageControllerTest.php" line="139" class="Tests\Feature\LanguageControllerTest" classname="Tests.Feature.LanguageControllerTest" assertions="4" time="6.206504"/>
        <testcase name="test_locale_change_works_for_authenticated_users" file="C:\XAMPP\htdocs\ictserve-031125\tests\Feature\LanguageControllerTest.php" line="157" class="Tests\Feature\LanguageControllerTest" classname="Tests.Feature.LanguageControllerTest" assertions="4" time="6.268107"/>
        <testcase name="test_switching_between_locales_multiple_times" file="C:\XAMPP\htdocs\ictserve-031125\tests\Feature\LanguageControllerTest.php" line="177" class="Tests\Feature\LanguageControllerTest" classname="Tests.Feature.LanguageControllerTest" assertions="4" time="4.208381"/>
        <testcase name="test_cookie_expiration_is_one_year" file="C:\XAMPP\htdocs\ictserve-031125\tests\Feature\LanguageControllerTest.php" line="202" class="Tests\Feature\LanguageControllerTest" classname="Tests.Feature.LanguageControllerTest" assertions="2" time="6.115428"/>
      </testsuite>
      <testsuite name="Tests\Feature\Livewire\Assets\AssetAvailabilityCalendarTest" file="C:\XAMPP\htdocs\ictserve-031125\tests\Feature\Livewire\Assets\AssetAvailabilityCalendarTest.php" tests="1" assertions="1" errors="0" failures="0" skipped="0" time="7.016662">
        <testcase name="test_renders_successfully" file="C:\XAMPP\htdocs\ictserve-031125\tests\Feature\Livewire\Assets\AssetAvailabilityCalendarTest.php" line="14" class="Tests\Feature\Livewire\Assets\AssetAvailabilityCalendarTest" classname="Tests.Feature.Livewire.Assets.AssetAvailabilityCalendarTest" assertions="1" time="7.016662"/>
      </testsuite>
      <testsuite name="Tests\Feature\Livewire\GuestLoanApplicationTest" file="C:\XAMPP\htdocs\ictserve-031125\tests\Feature\Livewire\GuestLoanApplicationTest.php" tests="27" assertions="38" errors="13" failures="6" skipped="0" time="69.832888">
        <testcase name="test_guest_can_access_application_page_without_authentication" file="C:\XAMPP\htdocs\ictserve-031125\tests\Feature\Livewire\GuestLoanApplicationTest.php" line="73" class="Tests\Feature\Livewire\GuestLoanApplicationTest" classname="Tests.Feature.Livewire.GuestLoanApplicationTest" assertions="3" time="3.167519"/>
        <testcase name="test_component_renders_with_required_form_fields" file="C:\XAMPP\htdocs\ictserve-031125\tests\Feature\Livewire\GuestLoanApplicationTest.php" line="86" class="Tests\Feature\Livewire\GuestLoanApplicationTest" classname="Tests.Feature.Livewire.GuestLoanApplicationTest" assertions="8" time="3.075801"/>
        <testcase name="test_form_validation_for_required_fields" file="C:\XAMPP\htdocs\ictserve-031125\tests\Feature\Livewire\GuestLoanApplicationTest.php" line="103" class="Tests\Feature\Livewire\GuestLoanApplicationTest" classname="Tests.Feature.Livewire.GuestLoanApplicationTest" assertions="0" time="3.512182">
          <error type="Livewire\Exceptions\PublicPropertyNotFoundException">Tests\Feature\Livewire\GuestLoanApplicationTest::test_form_validation_for_required_fields&#13;
Livewire\Exceptions\PublicPropertyNotFoundException: Unable to set component data. Public property [$applicant_name] not found on component: [guest-loan-application]
&#13;
C:\XAMPP\htdocs\ictserve-031125\vendor\livewire\livewire\src\Mechanisms\HandleComponents\HandleComponents.php:336
C:\XAMPP\htdocs\ictserve-031125\vendor\livewire\livewire\src\Mechanisms\HandleComponents\HandleComponents.php:318
C:\XAMPP\htdocs\ictserve-031125\vendor\livewire\livewire\src\Mechanisms\HandleComponents\HandleComponents.php:98
C:\XAMPP\htdocs\ictserve-031125\vendor\livewire\livewire\src\LivewireManager.php:102
C:\XAMPP\htdocs\ictserve-031125\vendor\livewire\volt\src\LivewireManager.php:35
C:\XAMPP\htdocs\ictserve-031125\vendor\livewire\livewire\src\Mechanisms\HandleRequests\HandleRequests.php:94
C:\XAMPP\htdocs\ictserve-031125\vendor\laravel\framework\src\Illuminate\Routing\ControllerDispatcher.php:46
C:\XAMPP\htdocs\ictserve-031125\vendor\laravel\framework\src\Illuminate\Routing\Route.php:265
C:\XAMPP\htdocs\ictserve-031125\vendor\laravel\framework\src\Illuminate\Routing\Route.php:211
C:\XAMPP\htdocs\ictserve-031125\vendor\laravel\framework\src\Illuminate\Routing\Router.php:822
C:\XAMPP\htdocs\ictserve-031125\vendor\laravel\framework\src\Illuminate\Pipeline\Pipeline.php:180
C:\XAMPP\htdocs\ictserve-031125\vendor\laravel\framework\src\Illuminate\Pipeline\Pipeline.php:137
C:\XAMPP\htdocs\ictserve-031125\vendor\laravel\framework\src\Illuminate\Routing\Router.php:821
C:\XAMPP\htdocs\ictserve-031125\vendor\laravel\framework\src\Illuminate\Routing\Router.php:800
C:\XAMPP\htdocs\ictserve-031125\vendor\laravel\framework\src\Illuminate\Routing\Router.php:764
C:\XAMPP\htdocs\ictserve-031125\vendor\laravel\framework\src\Illuminate\Routing\Router.php:753
C:\XAMPP\htdocs\ictserve-031125\vendor\laravel\framework\src\Illuminate\Foundation\Http\Kernel.php:200
C:\XAMPP\htdocs\ictserve-031125\vendor\laravel\framework\src\Illuminate\Pipeline\Pipeline.php:180
C:\XAMPP\htdocs\ictserve-031125\vendor\laravel\framework\src\Illuminate\Pipeline\Pipeline.php:137
C:\XAMPP\htdocs\ictserve-031125\vendor\laravel\framework\src\Illuminate\Foundation\Http\Kernel.php:175
C:\XAMPP\htdocs\ictserve-031125\vendor\laravel\framework\src\Illuminate\Foundation\Http\Kernel.php:144
C:\XAMPP\htdocs\ictserve-031125\vendor\laravel\framework\src\Illuminate\Foundation\Testing\Concerns\MakesHttpRequests.php:607
C:\XAMPP\htdocs\ictserve-031125\vendor\livewire\livewire\src\Features\SupportTesting\SubsequentRender.php:36
C:\XAMPP\htdocs\ictserve-031125\vendor\livewire\livewire\src\Features\SupportTesting\RequestBroker.php:30
C:\XAMPP\htdocs\ictserve-031125\vendor\livewire\livewire\src\Features\SupportTesting\SubsequentRender.php:35
C:\XAMPP\htdocs\ictserve-031125\vendor\livewire\livewire\src\Features\SupportTesting\Render.php:24
C:\XAMPP\htdocs\ictserve-031125\vendor\livewire\livewire\src\Features\SupportTesting\SubsequentRender.php:34
C:\XAMPP\htdocs\ictserve-031125\vendor\livewire\livewire\src\Features\SupportTesting\SubsequentRender.php:16
C:\XAMPP\htdocs\ictserve-031125\vendor\livewire\livewire\src\Features\SupportTesting\Testable.php:252
C:\XAMPP\htdocs\ictserve-031125\vendor\livewire\livewire\src\Features\SupportTesting\Testable.php:191
C:\XAMPP\htdocs\ictserve-031125\vendor\livewire\livewire\src\Features\SupportTesting\Testable.php:170
C:\XAMPP\htdocs\ictserve-031125\tests\Feature\Livewire\GuestLoanApplicationTest.php:106</error>
        </testcase>
        <testcase name="test_real_time_validation_with_debounced_input" file="C:\XAMPP\htdocs\ictserve-031125\tests\Feature\Livewire\GuestLoanApplicationTest.php" line="117" class="Tests\Feature\Livewire\GuestLoanApplicationTest" classname="Tests.Feature.Livewire.GuestLoanApplicationTest" assertions="0" time="2.256114">
          <error type="Livewire\Exceptions\PublicPropertyNotFoundException">Tests\Feature\Livewire\GuestLoanApplicationTest::test_real_time_validation_with_debounced_input&#13;
Livewire\Exceptions\PublicPropertyNotFoundException: Unable to set component data. Public property [$applicant_email] not found on component: [guest-loan-application]
&#13;
C:\XAMPP\htdocs\ictserve-031125\vendor\livewire\livewire\src\Mechanisms\HandleComponents\HandleComponents.php:336
C:\XAMPP\htdocs\ictserve-031125\vendor\livewire\livewire\src\Mechanisms\HandleComponents\HandleComponents.php:318
C:\XAMPP\htdocs\ictserve-031125\vendor\livewire\livewire\src\Mechanisms\HandleComponents\HandleComponents.php:98
C:\XAMPP\htdocs\ictserve-031125\vendor\livewire\livewire\src\LivewireManager.php:102
C:\XAMPP\htdocs\ictserve-031125\vendor\livewire\volt\src\LivewireManager.php:35
C:\XAMPP\htdocs\ictserve-031125\vendor\livewire\livewire\src\Mechanisms\HandleRequests\HandleRequests.php:94
C:\XAMPP\htdocs\ictserve-031125\vendor\laravel\framework\src\Illuminate\Routing\ControllerDispatcher.php:46
C:\XAMPP\htdocs\ictserve-031125\vendor\laravel\framework\src\Illuminate\Routing\Route.php:265
C:\XAMPP\htdocs\ictserve-031125\vendor\laravel\framework\src\Illuminate\Routing\Route.php:211
C:\XAMPP\htdocs\ictserve-031125\vendor\laravel\framework\src\Illuminate\Routing\Router.php:822
C:\XAMPP\htdocs\ictserve-031125\vendor\laravel\framework\src\Illuminate\Pipeline\Pipeline.php:180
C:\XAMPP\htdocs\ictserve-031125\vendor\laravel\framework\src\Illuminate\Pipeline\Pipeline.php:137
C:\XAMPP\htdocs\ictserve-031125\vendor\laravel\framework\src\Illuminate\Routing\Router.php:821
C:\XAMPP\htdocs\ictserve-031125\vendor\laravel\framework\src\Illuminate\Routing\Router.php:800
C:\XAMPP\htdocs\ictserve-031125\vendor\laravel\framework\src\Illuminate\Routing\Router.php:764
C:\XAMPP\htdocs\ictserve-031125\vendor\laravel\framework\src\Illuminate\Routing\Router.php:753
C:\XAMPP\htdocs\ictserve-031125\vendor\laravel\framework\src\Illuminate\Foundation\Http\Kernel.php:200
C:\XAMPP\htdocs\ictserve-031125\vendor\laravel\framework\src\Illuminate\Pipeline\Pipeline.php:180
C:\XAMPP\htdocs\ictserve-031125\vendor\laravel\framework\src\Illuminate\Pipeline\Pipeline.php:137
C:\XAMPP\htdocs\ictserve-031125\vendor\laravel\framework\src\Illuminate\Foundation\Http\Kernel.php:175
C:\XAMPP\htdocs\ictserve-031125\vendor\laravel\framework\src\Illuminate\Foundation\Http\Kernel.php:144
C:\XAMPP\htdocs\ictserve-031125\vendor\laravel\framework\src\Illuminate\Foundation\Testing\Concerns\MakesHttpRequests.php:607
C:\XAMPP\htdocs\ictserve-031125\vendor\livewire\livewire\src\Features\SupportTesting\SubsequentRender.php:36
C:\XAMPP\htdocs\ictserve-031125\vendor\livewire\livewire\src\Features\SupportTesting\RequestBroker.php:30
C:\XAMPP\htdocs\ictserve-031125\vendor\livewire\livewire\src\Features\SupportTesting\SubsequentRender.php:35
C:\XAMPP\htdocs\ictserve-031125\vendor\livewire\livewire\src\Features\SupportTesting\Render.php:24
C:\XAMPP\htdocs\ictserve-031125\vendor\livewire\livewire\src\Features\SupportTesting\SubsequentRender.php:34
C:\XAMPP\htdocs\ictserve-031125\vendor\livewire\livewire\src\Features\SupportTesting\SubsequentRender.php:16
C:\XAMPP\htdocs\ictserve-031125\vendor\livewire\livewire\src\Features\SupportTesting\Testable.php:252
C:\XAMPP\htdocs\ictserve-031125\vendor\livewire\livewire\src\Features\SupportTesting\Testable.php:191
C:\XAMPP\htdocs\ictserve-031125\vendor\livewire\livewire\src\Features\SupportTesting\Testable.php:170
C:\XAMPP\htdocs\ictserve-031125\tests\Feature\Livewire\GuestLoanApplicationTest.php:120</error>
        </testcase>
        <testcase name="test_successful_form_submission" file="C:\XAMPP\htdocs\ictserve-031125\tests\Feature\Livewire\GuestLoanApplicationTest.php" line="130" class="Tests\Feature\Livewire\GuestLoanApplicationTest" classname="Tests.Feature.Livewire.GuestLoanApplicationTest" assertions="0" time="2.181902">
          <error type="Livewire\Exceptions\PublicPropertyNotFoundException">Tests\Feature\Livewire\GuestLoanApplicationTest::test_successful_form_submission&#13;
Livewire\Exceptions\PublicPropertyNotFoundException: Unable to set component data. Public property [$applicant_name] not found on component: [guest-loan-application]
&#13;
C:\XAMPP\htdocs\ictserve-031125\vendor\livewire\livewire\src\Mechanisms\HandleComponents\HandleComponents.php:336
C:\XAMPP\htdocs\ictserve-031125\vendor\livewire\livewire\src\Mechanisms\HandleComponents\HandleComponents.php:318
C:\XAMPP\htdocs\ictserve-031125\vendor\livewire\livewire\src\Mechanisms\HandleComponents\HandleComponents.php:98
C:\XAMPP\htdocs\ictserve-031125\vendor\livewire\livewire\src\LivewireManager.php:102
C:\XAMPP\htdocs\ictserve-031125\vendor\livewire\volt\src\LivewireManager.php:35
C:\XAMPP\htdocs\ictserve-031125\vendor\livewire\livewire\src\Mechanisms\HandleRequests\HandleRequests.php:94
C:\XAMPP\htdocs\ictserve-031125\vendor\laravel\framework\src\Illuminate\Routing\ControllerDispatcher.php:46
C:\XAMPP\htdocs\ictserve-031125\vendor\laravel\framework\src\Illuminate\Routing\Route.php:265
C:\XAMPP\htdocs\ictserve-031125\vendor\laravel\framework\src\Illuminate\Routing\Route.php:211
C:\XAMPP\htdocs\ictserve-031125\vendor\laravel\framework\src\Illuminate\Routing\Router.php:822
C:\XAMPP\htdocs\ictserve-031125\vendor\laravel\framework\src\Illuminate\Pipeline\Pipeline.php:180
C:\XAMPP\htdocs\ictserve-031125\vendor\laravel\framework\src\Illuminate\Pipeline\Pipeline.php:137
C:\XAMPP\htdocs\ictserve-031125\vendor\laravel\framework\src\Illuminate\Routing\Router.php:821
C:\XAMPP\htdocs\ictserve-031125\vendor\laravel\framework\src\Illuminate\Routing\Router.php:800
C:\XAMPP\htdocs\ictserve-031125\vendor\laravel\framework\src\Illuminate\Routing\Router.php:764
C:\XAMPP\htdocs\ictserve-031125\vendor\laravel\framework\src\Illuminate\Routing\Router.php:753
C:\XAMPP\htdocs\ictserve-031125\vendor\laravel\framework\src\Illuminate\Foundation\Http\Kernel.php:200
C:\XAMPP\htdocs\ictserve-031125\vendor\laravel\framework\src\Illuminate\Pipeline\Pipeline.php:180
C:\XAMPP\htdocs\ictserve-031125\vendor\laravel\framework\src\Illuminate\Pipeline\Pipeline.php:137
C:\XAMPP\htdocs\ictserve-031125\vendor\laravel\framework\src\Illuminate\Foundation\Http\Kernel.php:175
C:\XAMPP\htdocs\ictserve-031125\vendor\laravel\framework\src\Illuminate\Foundation\Http\Kernel.php:144
C:\XAMPP\htdocs\ictserve-031125\vendor\laravel\framework\src\Illuminate\Foundation\Testing\Concerns\MakesHttpRequests.php:607
C:\XAMPP\htdocs\ictserve-031125\vendor\livewire\livewire\src\Features\SupportTesting\SubsequentRender.php:36
C:\XAMPP\htdocs\ictserve-031125\vendor\livewire\livewire\src\Features\SupportTesting\RequestBroker.php:30
C:\XAMPP\htdocs\ictserve-031125\vendor\livewire\livewire\src\Features\SupportTesting\SubsequentRender.php:35
C:\XAMPP\htdocs\ictserve-031125\vendor\livewire\livewire\src\Features\SupportTesting\Render.php:24
C:\XAMPP\htdocs\ictserve-031125\vendor\livewire\livewire\src\Features\SupportTesting\SubsequentRender.php:34
C:\XAMPP\htdocs\ictserve-031125\vendor\livewire\livewire\src\Features\SupportTesting\SubsequentRender.php:16
C:\XAMPP\htdocs\ictserve-031125\vendor\livewire\livewire\src\Features\SupportTesting\Testable.php:252
C:\XAMPP\htdocs\ictserve-031125\vendor\livewire\livewire\src\Features\SupportTesting\Testable.php:191
C:\XAMPP\htdocs\ictserve-031125\vendor\livewire\livewire\src\Features\SupportTesting\Testable.php:170
C:\XAMPP\htdocs\ictserve-031125\tests\Feature\Livewire\GuestLoanApplicationTest.php:135</error>
        </testcase>
        <testcase name="test_asset_availability_checking" file="C:\XAMPP\htdocs\ictserve-031125\tests\Feature\Livewire\GuestLoanApplicationTest.php" line="167" class="Tests\Feature\Livewire\GuestLoanApplicationTest" classname="Tests.Feature.Livewire.GuestLoanApplicationTest" assertions="0" time="2.501575">
          <error type="Livewire\Exceptions\PublicPropertyNotFoundException">Tests\Feature\Livewire\GuestLoanApplicationTest::test_asset_availability_checking&#13;
Livewire\Exceptions\PublicPropertyNotFoundException: Unable to set component data. Public property [$loan_start_date] not found on component: [guest-loan-application]
&#13;
C:\XAMPP\htdocs\ictserve-031125\vendor\livewire\livewire\src\Mechanisms\HandleComponents\HandleComponents.php:336
C:\XAMPP\htdocs\ictserve-031125\vendor\livewire\livewire\src\Mechanisms\HandleComponents\HandleComponents.php:318
C:\XAMPP\htdocs\ictserve-031125\vendor\livewire\livewire\src\Mechanisms\HandleComponents\HandleComponents.php:98
C:\XAMPP\htdocs\ictserve-031125\vendor\livewire\livewire\src\LivewireManager.php:102
C:\XAMPP\htdocs\ictserve-031125\vendor\livewire\volt\src\LivewireManager.php:35
C:\XAMPP\htdocs\ictserve-031125\vendor\livewire\livewire\src\Mechanisms\HandleRequests\HandleRequests.php:94
C:\XAMPP\htdocs\ictserve-031125\vendor\laravel\framework\src\Illuminate\Routing\ControllerDispatcher.php:46
C:\XAMPP\htdocs\ictserve-031125\vendor\laravel\framework\src\Illuminate\Routing\Route.php:265
C:\XAMPP\htdocs\ictserve-031125\vendor\laravel\framework\src\Illuminate\Routing\Route.php:211
C:\XAMPP\htdocs\ictserve-031125\vendor\laravel\framework\src\Illuminate\Routing\Router.php:822
C:\XAMPP\htdocs\ictserve-031125\vendor\laravel\framework\src\Illuminate\Pipeline\Pipeline.php:180
C:\XAMPP\htdocs\ictserve-031125\vendor\laravel\framework\src\Illuminate\Pipeline\Pipeline.php:137
C:\XAMPP\htdocs\ictserve-031125\vendor\laravel\framework\src\Illuminate\Routing\Router.php:821
C:\XAMPP\htdocs\ictserve-031125\vendor\laravel\framework\src\Illuminate\Routing\Router.php:800
C:\XAMPP\htdocs\ictserve-031125\vendor\laravel\framework\src\Illuminate\Routing\Router.php:764
C:\XAMPP\htdocs\ictserve-031125\vendor\laravel\framework\src\Illuminate\Routing\Router.php:753
C:\XAMPP\htdocs\ictserve-031125\vendor\laravel\framework\src\Illuminate\Foundation\Http\Kernel.php:200
C:\XAMPP\htdocs\ictserve-031125\vendor\laravel\framework\src\Illuminate\Pipeline\Pipeline.php:180
C:\XAMPP\htdocs\ictserve-031125\vendor\laravel\framework\src\Illuminate\Pipeline\Pipeline.php:137
C:\XAMPP\htdocs\ictserve-031125\vendor\laravel\framework\src\Illuminate\Foundation\Http\Kernel.php:175
C:\XAMPP\htdocs\ictserve-031125\vendor\laravel\framework\src\Illuminate\Foundation\Http\Kernel.php:144
C:\XAMPP\htdocs\ictserve-031125\vendor\laravel\framework\src\Illuminate\Foundation\Testing\Concerns\MakesHttpRequests.php:607
C:\XAMPP\htdocs\ictserve-031125\vendor\livewire\livewire\src\Features\SupportTesting\SubsequentRender.php:36
C:\XAMPP\htdocs\ictserve-031125\vendor\livewire\livewire\src\Features\SupportTesting\RequestBroker.php:30
C:\XAMPP\htdocs\ictserve-031125\vendor\livewire\livewire\src\Features\SupportTesting\SubsequentRender.php:35
C:\XAMPP\htdocs\ictserve-031125\vendor\livewire\livewire\src\Features\SupportTesting\Render.php:24
C:\XAMPP\htdocs\ictserve-031125\vendor\livewire\livewire\src\Features\SupportTesting\SubsequentRender.php:34
C:\XAMPP\htdocs\ictserve-031125\vendor\livewire\livewire\src\Features\SupportTesting\SubsequentRender.php:16
C:\XAMPP\htdocs\ictserve-031125\vendor\livewire\livewire\src\Features\SupportTesting\Testable.php:252
C:\XAMPP\htdocs\ictserve-031125\vendor\livewire\livewire\src\Features\SupportTesting\Testable.php:191
C:\XAMPP\htdocs\ictserve-031125\vendor\livewire\livewire\src\Features\SupportTesting\Testable.php:170
C:\XAMPP\htdocs\ictserve-031125\tests\Feature\Livewire\GuestLoanApplicationTest.php:172</error>
        </testcase>
        <testcase name="test_loading_states_during_submission" file="C:\XAMPP\htdocs\ictserve-031125\tests\Feature\Livewire\GuestLoanApplicationTest.php" line="189" class="Tests\Feature\Livewire\GuestLoanApplicationTest" classname="Tests.Feature.Livewire.GuestLoanApplicationTest" assertions="0" time="2.279513">
          <error type="Livewire\Exceptions\PublicPropertyNotFoundException">Tests\Feature\Livewire\GuestLoanApplicationTest::test_loading_states_during_submission&#13;
Livewire\Exceptions\PublicPropertyNotFoundException: Unable to set component data. Public property [$applicant_name] not found on component: [guest-loan-application]
&#13;
C:\XAMPP\htdocs\ictserve-031125\vendor\livewire\livewire\src\Mechanisms\HandleComponents\HandleComponents.php:336
C:\XAMPP\htdocs\ictserve-031125\vendor\livewire\livewire\src\Mechanisms\HandleComponents\HandleComponents.php:318
C:\XAMPP\htdocs\ictserve-031125\vendor\livewire\livewire\src\Mechanisms\HandleComponents\HandleComponents.php:98
C:\XAMPP\htdocs\ictserve-031125\vendor\livewire\livewire\src\LivewireManager.php:102
C:\XAMPP\htdocs\ictserve-031125\vendor\livewire\volt\src\LivewireManager.php:35
C:\XAMPP\htdocs\ictserve-031125\vendor\livewire\livewire\src\Mechanisms\HandleRequests\HandleRequests.php:94
C:\XAMPP\htdocs\ictserve-031125\vendor\laravel\framework\src\Illuminate\Routing\ControllerDispatcher.php:46
C:\XAMPP\htdocs\ictserve-031125\vendor\laravel\framework\src\Illuminate\Routing\Route.php:265
C:\XAMPP\htdocs\ictserve-031125\vendor\laravel\framework\src\Illuminate\Routing\Route.php:211
C:\XAMPP\htdocs\ictserve-031125\vendor\laravel\framework\src\Illuminate\Routing\Router.php:822
C:\XAMPP\htdocs\ictserve-031125\vendor\laravel\framework\src\Illuminate\Pipeline\Pipeline.php:180
C:\XAMPP\htdocs\ictserve-031125\vendor\laravel\framework\src\Illuminate\Pipeline\Pipeline.php:137
C:\XAMPP\htdocs\ictserve-031125\vendor\laravel\framework\src\Illuminate\Routing\Router.php:821
C:\XAMPP\htdocs\ictserve-031125\vendor\laravel\framework\src\Illuminate\Routing\Router.php:800
C:\XAMPP\htdocs\ictserve-031125\vendor\laravel\framework\src\Illuminate\Routing\Router.php:764
C:\XAMPP\htdocs\ictserve-031125\vendor\laravel\framework\src\Illuminate\Routing\Router.php:753
C:\XAMPP\htdocs\ictserve-031125\vendor\laravel\framework\src\Illuminate\Foundation\Http\Kernel.php:200
C:\XAMPP\htdocs\ictserve-031125\vendor\laravel\framework\src\Illuminate\Pipeline\Pipeline.php:180
C:\XAMPP\htdocs\ictserve-031125\vendor\laravel\framework\src\Illuminate\Pipeline\Pipeline.php:137
C:\XAMPP\htdocs\ictserve-031125\vendor\laravel\framework\src\Illuminate\Foundation\Http\Kernel.php:175
C:\XAMPP\htdocs\ictserve-031125\vendor\laravel\framework\src\Illuminate\Foundation\Http\Kernel.php:144
C:\XAMPP\htdocs\ictserve-031125\vendor\laravel\framework\src\Illuminate\Foundation\Testing\Concerns\MakesHttpRequests.php:607
C:\XAMPP\htdocs\ictserve-031125\vendor\livewire\livewire\src\Features\SupportTesting\SubsequentRender.php:36
C:\XAMPP\htdocs\ictserve-031125\vendor\livewire\livewire\src\Features\SupportTesting\RequestBroker.php:30
C:\XAMPP\htdocs\ictserve-031125\vendor\livewire\livewire\src\Features\SupportTesting\SubsequentRender.php:35
C:\XAMPP\htdocs\ictserve-031125\vendor\livewire\livewire\src\Features\SupportTesting\Render.php:24
C:\XAMPP\htdocs\ictserve-031125\vendor\livewire\livewire\src\Features\SupportTesting\SubsequentRender.php:34
C:\XAMPP\htdocs\ictserve-031125\vendor\livewire\livewire\src\Features\SupportTesting\SubsequentRender.php:16
C:\XAMPP\htdocs\ictserve-031125\vendor\livewire\livewire\src\Features\SupportTesting\Testable.php:252
C:\XAMPP\htdocs\ictserve-031125\vendor\livewire\livewire\src\Features\SupportTesting\Testable.php:191
C:\XAMPP\htdocs\ictserve-031125\vendor\livewire\livewire\src\Features\SupportTesting\Testable.php:170
C:\XAMPP\htdocs\ictserve-031125\tests\Feature\Livewire\GuestLoanApplicationTest.php:192</error>
        </testcase>
        <testcase name="test_form_has_proper_semantic_html_structure" file="C:\XAMPP\htdocs\ictserve-031125\tests\Feature\Livewire\GuestLoanApplicationTest.php" line="215" class="Tests\Feature\Livewire\GuestLoanApplicationTest" classname="Tests.Feature.Livewire.GuestLoanApplicationTest" assertions="4" time="2.173376">
          <failure type="PHPUnit\Framework\ExpectationFailedException">Tests\Feature\Livewire\GuestLoanApplicationTest::test_form_has_proper_semantic_html_structure&#13;
Failed asserting that '&lt;!DOCTYPE html&gt;\n
&lt;html lang="en"&gt;\n
    &lt;head&gt;\n
        &lt;meta charset="utf-8"&gt;\n
        &lt;meta name="viewport" content="width=device-width, initial-scale=1"&gt;\n
        &lt;meta name="csrf-token" content="whA1kXi3Elvn3UbEEVKRX3iMDyKbCOI8fP0GiSvB"&gt;\n
\n
        &lt;title&gt;ICTServe&lt;/title&gt;\n
\n
        &lt;link rel="preconnect" href="https://fonts.bunny.net"&gt;\n
        &lt;link href="https://fonts.bunny.net/css?family=figtree:400,500,600&amp;display=swap" rel="stylesheet" /&gt;\n
\n
        &lt;script type="module" src="http://[::1]:5173/@vite/client" data-navigate-track="reload"&gt;&lt;/script&gt;&lt;link rel="stylesheet" href="http://[::1]:5173/resources/css/app.css" data-navigate-track="reload" /&gt;&lt;script type="module" src="http://[::1]:5173/resources/js/app.js" data-navigate-track="reload"&gt;&lt;/script&gt;    &lt;!-- Livewire Styles --&gt;&lt;style &gt;[wire\:loading][wire\:loading], [wire\:loading\.delay][wire\:loading\.delay], [wire\:loading\.inline-block][wire\:loading\.inline-block], [wire\:loading\.inline][wire\:loading\.inline], [wire\:loading\.block][wire\:loading\.block], [wire\:loading\.flex][wire\:loading\.flex], [wire\:loading\.table][wire\:loading\.table], [wire\:loading\.grid][wire\:loading\.grid], [wire\:loading\.inline-flex][wire\:loading\.inline-flex] {display: none;}[wire\:loading\.delay\.none][wire\:loading\.delay\.none], [wire\:loading\.delay\.shortest][wire\:loading\.delay\.shortest], [wire\:loading\.delay\.shorter][wire\:loading\.delay\.shorter], [wire\:loading\.delay\.short][wire\:loading\.delay\.short], [wire\:loading\.delay\.default][wire\:loading\.delay\.default], [wire\:loading\.delay\.long][wire\:loading\.delay\.long], [wire\:loading\.delay\.longer][wire\:loading\.delay\.longer], [wire\:loading\.delay\.longest][wire\:loading\.delay\.longest] {display: none;}[wire\:offline][wire\:offline] {display: none;}[wire\:dirty]:not(textarea):not(input):not(select) {display: none;}:root {--livewire-progress-bar-color: #2299dd;}[x-cloak] {display: none !important;}[wire\:cloak] {display: none !important;}&lt;/style&gt;\n
&lt;/head&gt;\n
    &lt;body class="font-sans antialiased text-gray-900 bg-slate-50"&gt;\n
        &lt;div class="min-h-screen flex flex-col"&gt;\n
            &lt;nav aria-label="common.skip_links" class="sr-only focus-within:not-sr-only"&gt;\n
    &lt;ul class="fixed top-0 left-0 z-50 bg-motac-blue text-white p-4 rounded-br-lg shadow-lg"&gt;\n
        &lt;li class="mb-2"&gt;\n
            &lt;a href="#main-content"\n
                class="block px-4 py-2 bg-white text-motac-blue rounded-md hover:bg-gray-100 focus:outline-none focus:ring-4 focus:ring-white focus:ring-offset-2 focus:ring-offset-motac-blue min-h-[44px] flex items-center font-medium"\n
                accesskey="m"&gt;\n
                common.skip_to_main_content &lt;span class="ml-2 text-sm"&gt;(Alt+M)&lt;/span&gt;\n
            &lt;/a&gt;\n
        &lt;/li&gt;\n
        &lt;li class="mb-2"&gt;\n
            &lt;a href="#sidebar-navigation"\n
                class="block px-4 py-2 bg-white text-motac-blue rounded-md hover:bg-gray-100 focus:outline-none focus:ring-4 focus:ring-white focus:ring-offset-2 focus:ring-offset-motac-blue min-h-[44px] flex items-center font-medium"\n
                accesskey="s"&gt;\n
                common.skip_to_sidebar &lt;span class="ml-2 text-sm"&gt;(Alt+S)&lt;/span&gt;\n
            &lt;/a&gt;\n
        &lt;/li&gt;\n
        &lt;li&gt;\n
            &lt;a href="#user-menu"\n
                class="block px-4 py-2 bg-white text-motac-blue rounded-md hover:bg-gray-100 focus:outline-none focus:ring-4 focus:ring-white focus:ring-offset-2 focus:ring-offset-motac-blue min-h-[44px] flex items-center font-medium"\n
                accesskey="u"&gt;\n
                common.skip_to_user_menu &lt;span class="ml-2 text-sm"&gt;(Alt+U)&lt;/span&gt;\n
            &lt;/a&gt;\n
        &lt;/li&gt;\n
    &lt;/ul&gt;\n
&lt;/nav&gt;\n
            &lt;header class="bg-white shadow-md" role="banner"&gt;\n
    &lt;div class="max-w-7xl mx-auto px-4 sm:px-6 lg:px-8"&gt;\n
        &lt;div class="flex justify-between items-center h-16"&gt;\n
            \n
            &lt;div class="flex items-center"&gt;\n
                &lt;a href="http://localhost:8000"\n
                    class="flex items-center focus:outline-none focus:ring-2 focus:ring-blue-600 focus:ring-offset-2 rounded-md p-2"\n
                    aria-label="Home"&gt;\n
                    &lt;svg viewBox="0 0 316 316" xmlns="http://www.w3.org/2000/svg" class="h-10 w-auto"&gt;\n
    &lt;path d="M305.8 81.125C305.77 80.995 305.69 80.885 305.65 80.755C305.56 80.525 305.49 80.285 305.37 80.075C305.29 79.935 305.17 79.815 305.07 79.685C304.94 79.515 304.83 79.325 304.68 79.175C304.55 79.045 304.39 78.955 304.25 78.845C304.09 78.715 303.95 78.575 303.77 78.475L251.32 48.275C249.97 47.495 248.31 47.495 246.96 48.275L194.51 78.475C194.33 78.575 194.19 78.725 194.03 78.845C193.89 78.955 193.73 79.045 193.6 79.175C193.45 79.325 193.34 79.515 193.21 79.685C193.11 79.815 192.99 79.935 192.91 80.075C192.79 80.285 192.71 80.525 192.63 80.755C192.58 80.875 192.51 80.995 192.48 81.125C192.38 81.495 192.33 81.875 192.33 82.265V139.625L148.62 164.795V52.575C148.62 52.185 148.57 51.805 148.47 51.435C148.44 51.305 148.36 51.195 148.32 51.065C148.23 50.835 148.16 50.595 148.04 50.385C147.96 50.245 147.84 50.125 147.74 49.995C147.61 49.825 147.5 49.635 147.35 49.485C147.22 49.355 147.06 49.265 146.92 49.155C146.76 49.025 146.62 48.885 146.44 48.785L93.99 18.585C92.64 17.805 90.98 17.805 89.63 18.585L37.18 48.785C37 48.885 36.86 49.035 36.7 49.155C36.56 49.265 36.4 49.355 36.27 49.485C36.12 49.635 36.01 49.825 35.88 49.995C35.78 50.125 35.66 50.245 35.58 50.385C35.46 50.595 35.38 50.835 35.3 51.065C35.25 51.185 35.18 51.305 35.15 51.435C35.05 51.805 35 52.185 35 52.575V232.235C35 233.795 35.84 235.245 37.19 236.025L142.1 296.425C142.33 296.555 142.58 296.635 142.82 296.725C142.93 296.765 143.04 296.835 143.16 296.865C143.53 296.965 143.9 297.015 144.28 297.015C144.66 297.015 145.03 296.965 145.4 296.865C145.5 296.835 145.59 296.775 145.69 296.745C145.95 296.655 146.21 296.565 146.45 296.435L251.36 236.035C252.72 235.255 253.55 233.815 253.55 232.245V174.885L303.81 145.945C305.17 145.165 306 143.725 306 142.155V82.265C305.95 81.875 305.89 81.495 305.8 81.125ZM144.2 227.205L100.57 202.515L146.39 176.135L196.66 147.195L240.33 172.335L208.29 190.625L144.2 227.205ZM244.75 114.995V164.795L226.39 154.225L201.03 139.625V89.825L219.39 100.395L244.75 114.995ZM249.12 57.105L292.81 82.265L249.12 107.425L205.43 82.265L249.12 57.105ZM114.49 184.425L96.13 194.995V85.305L121.49 70.705L139.85 60.135V169.815L114.49 184.425ZM91.76 27.425L135.45 52.585L91.76 77.745L48.07 52.585L91.76 27.425ZM43.67 60.135L62.03 70.705L87.39 85.305V202.545V202.555V202.565C87.39 202.735 87.44 202.895 87.46 203.055C87.49 203.265 87.49 203.485 87.55 203.695V203.705C87.6 203.875 87.69 204.035 87.76 204.195C87.84 204.375 87.89 204.575 87.99 204.745C87.99 204.745 87.99 204.755 88 204.755C88.09 204.905 88.22 205.035 88.33 205.175C88.45 205.335 88.55 205.495 88.69 205.635L88.7 205.645C88.82 205.765 88.98 205.855 89.12 205.965C89.28 206.085 89.42 206.225 89.59 206.325C89.6 206.325 89.6 206.325 89.61 206.335C89.62 206.335 89.62 206.345 89.63 206.345L139.87 234.775V285.065L43.67 229.705V60.135ZM244.75 229.705L148.58 285.075V234.775L219.8 194.115L244.75 179.875V229.705ZM297.2 139.625L253.49 164.795V114.995L278.85 100.395L297.21 89.825V139.625H297.2Z"/&gt;\n
&lt;/svg&gt;\n
                    &lt;span class="ml-3 text-xl font-bold text-gray-900"&gt;ICTServe&lt;/span&gt;\n
                &lt;/a&gt;\n
            &lt;/div&gt;\n
\n
            \n
            &lt;nav class="hidden md:flex space-x-8" role="navigation" aria-label="Main navigation"&gt;\n
                &lt;a href="http://localhost:8000"\n
                    class="inline-flex items-center px-3 py-2 text-sm font-medium text-gray-700 hover:text-blue-600 focus:outline-none focus:ring-2 focus:ring-blue-600 focus:ring-offset-2 rounded-md transition-colors duration-200"\n
                    aria-current="false"&gt;\n
                    Home\n
                &lt;/a&gt;\n
\n
                                    &lt;a href="http://localhost:8000/helpdesk/submit"\n
                        class="inline-flex items-center px-3 py-2 text-sm font-medium text-gray-700 hover:text-blue-600 focus:outline-none focus:ring-2 focus:ring-blue-600 focus:ring-offset-2 rounded-md transition-colors duration-200"\n
                        aria-current="false"&gt;\n
                        Helpdesk\n
                    &lt;/a&gt;\n
                \n
                                    &lt;a href="http://localhost:8000/loan/create"\n
                        class="inline-flex items-center px-3 py-2 text-sm font-medium text-gray-700 hover:text-blue-600 focus:outline-none focus:ring-2 focus:ring-blue-600 focus:ring-offset-2 rounded-md transition-colors duration-200"\n
                        aria-current="page"&gt;\n
                        Asset Loan\n
                    &lt;/a&gt;\n
                            &lt;/nav&gt;\n
\n
            \n
            &lt;div class="flex items-center space-x-3"&gt;\n
                \n
                &lt;div class="relative" x-data="{ open: false }" @click.outside="open = false" @keydown.escape.window="open = false"&gt;\n
    \n
    &lt;button type="button" @click="open = !open"\n
        class="inline-flex items-center justify-center min-h-[44px] min-w-[44px] px-4 py-2 text-sm font-medium text-gray-700 bg-white border border-gray-300 rounded-md hover:bg-gray-50 focus:outline-none focus:ring-2 focus:ring-blue-600 focus:ring-offset-2 transition-colors duration-150"\n
        aria-haspopup="menu"\n
        :aria-expanded="open.toString()"\n
        aria-controls="language-menu"\n
        aria-label="Language switcher"&gt;\n
        \n
        &lt;svg class="w-5 h-5 mr-2" fill="none" stroke="currentColor" viewBox="0 0 24 24" aria-hidden="true"&gt;\n
            &lt;path stroke-linecap="round" stroke-linejoin="round" stroke-width="2"\n
                d="M3 5h12M9 3v2m1 14h9m-9 0a7 7 0 110-14 7 7 0 010 14zm0 0c1.657 0 3-3.134 3-7s-1.343-7-3-7-3 3.134-3 7 1.343 7 3 7z" /&gt;\n
        &lt;/svg&gt;\n
\n
        \n
        &lt;span class="hidden sm:inline"&gt;\n
            English\n
        &lt;/span&gt;\n
\n
        \n
        &lt;span class="inline sm:hidden font-semibold"&gt;\n
            EN\n
        &lt;/span&gt;\n
\n
        \n
        &lt;svg class="w-4 h-4 ml-2 transition-transform duration-150" :class="{ 'rotate-180': open }" fill="none"\n
            stroke="currentColor" viewBox="0 0 24 24" aria-hidden="true"&gt;\n
            &lt;path stroke-linecap="round" stroke-linejoin="round" stroke-width="2" d="M19 9l-7 7-7-7" /&gt;\n
        &lt;/svg&gt;\n
    &lt;/button&gt;\n
\n
    \n
    &lt;div x-show="open" x-transition:enter="transition ease-out duration-100"\n
        x-transition:enter-start="transform opacity-0 scale-95"\n
        x-transition:enter-end="transform opacity-100 scale-100"\n
        x-transition:leave="transition ease-in duration-75"\n
        x-transition:leave-start="transform opacity-100 scale-100"\n
        x-transition:leave-end="transform opacity-0 scale-95"\n
        class="absolute right-0 z-50 mt-2 w-56 origin-top-right rounded-md bg-white shadow-lg ring-1 ring-black ring-opacity-5 focus:outline-none"\n
        role="menu" id="language-menu" aria-orientation="vertical" tabindex="-1"\n
        style="display: none;"&gt;\n
        &lt;div class="py-1" role="none"&gt;\n
                            &lt;a href="http://localhost:8000/change-locale/en"\n
                    class="group flex items-center min-h-[44px] px-4 py-2 text-sm text-gray-700 hover:bg-gray-100 hover:text-gray-900 focus:bg-gray-100 focus:text-gray-900 focus:outline-none focus:ring-2 focus:ring-inset focus:ring-blue-600 transition-colors duration-150 bg-blue-600 text-white hover:bg-blue-600 hover:text-white"\n
                    role="menuitem" tabindex="-1" lang="en" @click="open = false"\n
                     aria-current="page" &gt;\n
                    &lt;span class="mr-3 font-semibold" aria-hidden="true"&gt;EN&lt;/span&gt;\n
                    &lt;span class="flex-1"&gt;English&lt;/span&gt;\n
\n
                                            &lt;svg class="w-5 h-5 ml-2" fill="currentColor" viewBox="0 0 20 20" aria-hidden="true"&gt;\n
                            &lt;path fill-rule="evenodd"\n
                                d="M16.707 5.293a1 1 0 010 1.414l-8 8a1 1 0 01-1.414 0l-4-4a1 1 0 011.414-1.414L8 12.586l7.293-7.293a1 1 0 011.414 0z"\n
                                clip-rule="evenodd" /&gt;\n
                        &lt;/svg&gt;\n
                                    &lt;/a&gt;\n
                            &lt;a href="http://localhost:8000/change-locale/ms"\n
                    class="group flex items-center min-h-[44px] px-4 py-2 text-sm text-gray-700 hover:bg-gray-100 hover:text-gray-900 focus:bg-gray-100 focus:text-gray-900 focus:outline-none focus:ring-2 focus:ring-inset focus:ring-blue-600 transition-colors duration-150"\n
                    role="menuitem" tabindex="-1" lang="ms" @click="open = false"\n
                    &gt;\n
                    &lt;span class="mr-3 font-semibold" aria-hidden="true"&gt;MS&lt;/span&gt;\n
                    &lt;span class="flex-1"&gt;Bahasa Melayu&lt;/span&gt;\n
\n
                                    &lt;/a&gt;\n
                    &lt;/div&gt;\n
    &lt;/div&gt;\n
&lt;/div&gt;\n
\n
                \n
                                                            &lt;!--[if BLOCK]&gt;&lt;![endif]--&gt;    &lt;a href="http://localhost:8000/admin/login" class="inline-flex items-center justify-center px-4 py-2 rounded-md font-medium text-sm transition-colors duration-200 focus:outline-none focus:ring-2 focus:ring-offset-2 min-h-[44px] disabled:opacity-50 disabled:cursor-not-allowed bg-transparent text-blue-600 hover:bg-blue-50 focus:ring-blue-600" &gt;\n
        Admin Login\n
    &lt;/a&gt;\n
&lt;!--[if ENDBLOCK]&gt;&lt;![endif]--&gt;\n
                    \n
                    &lt;!--[if BLOCK]&gt;&lt;![endif]--&gt;    &lt;a href="http://localhost:8000/login" class="inline-flex items-center justify-center px-4 py-2 rounded-md font-medium text-sm transition-colors duration-200 focus:outline-none focus:ring-2 focus:ring-offset-2 min-h-[44px] disabled:opacity-50 disabled:cursor-not-allowed bg-blue-600 text-white hover:bg-blue-700 focus:ring-blue-600" &gt;\n
        Staff Login\n
    &lt;/a&gt;\n
&lt;!--[if ENDBLOCK]&gt;&lt;![endif]--&gt;\n
                            &lt;/div&gt;\n
\n
            \n
            &lt;div class="md:hidden" x-data="{ open: false }"&gt;\n
                &lt;button type="button"\n
                    class="inline-flex items-center justify-center p-2 rounded-md text-gray-700 hover:text-blue-600 hover:bg-gray-100 focus:outline-none focus:ring-2 focus:ring-blue-600 focus:ring-offset-2 min-h-[44px] min-w-[44px]"\n
                    @click="open = !open" :aria-expanded="open.toString()" aria-controls="mobile-menu"\n
                    aria-label="Toggle navigation menu"&gt;\n
                    &lt;svg class="h-6 w-6" fill="none" viewBox="0 0 24 24" stroke="currentColor" aria-hidden="true"&gt;\n
                        &lt;path stroke-linecap="round" stroke-linejoin="round" stroke-width="2"\n
                            d="M4 6h16M4 12h16M4 18h16" /&gt;\n
                    &lt;/svg&gt;\n
                &lt;/button&gt;\n
\n
                \n
                &lt;div class="md:hidden" id="mobile-menu" x-show="open" x-transition x-cloak&gt;\n
                    &lt;div class="px-2 pt-2 pb-3 space-y-1 sm:px-3" role="navigation"\n
                        aria-label="Mobile navigation"&gt;\n
                        &lt;a href="http://localhost:8000"\n
                            class="block px-3 py-2 rounded-md text-base font-medium text-gray-700 hover:text-blue-600 hover:bg-gray-50 focus:outline-none focus:ring-2 focus:ring-blue-600 min-h-[44px]"\n
                            aria-current="false"&gt;\n
                            Home\n
                        &lt;/a&gt;\n
\n
                                                    &lt;a href="http://localhost:8000/helpdesk/submit"\n
                                class="block px-3 py-2 rounded-md text-base font-medium text-gray-700 hover:text-blue-600 hover:bg-gray-50 focus:outline-none focus:ring-2 focus:ring-blue-600 min-h-[44px]"\n
                                aria-current="false"&gt;\n
                                Helpdesk\n
                            &lt;/a&gt;\n
                        \n
                                                    &lt;a href="http://localhost:8000/loan/create"\n
                                class="block px-3 py-2 rounded-md text-base font-medium text-gray-700 hover:text-blue-600 hover:bg-gray-50 focus:outline-none focus:ring-2 focus:ring-blue-600 min-h-[44px]"\n
                                aria-current="page"&gt;\n
                                Asset Loan\n
                            &lt;/a&gt;\n
                        \n
                                                                                    &lt;a href="http://localhost:8000/admin/login"\n
                                    class="block px-3 py-2 rounded-md text-base font-medium text-gray-700 hover:text-blue-600 hover:bg-gray-50 focus:outline-none focus:ring-2 focus:ring-blue-600 min-h-[44px]"&gt;\n
                                    Admin Login\n
                                &lt;/a&gt;\n
                            \n
                            &lt;a href="http://localhost:8000/login"\n
                                class="block px-3 py-2 rounded-md text-base font-medium text-gray-700 hover:text-blue-600 hover:bg-gray-50 focus:outline-none focus:ring-2 focus:ring-blue-600 min-h-[44px]"&gt;\n
                                Staff Login\n
                            &lt;/a&gt;\n
                                            &lt;/div&gt;\n
                &lt;/div&gt;\n
            &lt;/div&gt;\n
        &lt;/div&gt;\n
    &lt;/div&gt;\n
&lt;/header&gt;\n
\n
            &lt;main class="flex-1"&gt;\n
                                    &lt;div wire:snapshot="{&amp;quot;data&amp;quot;:{&amp;quot;currentStep&amp;quot;:1,&amp;quot;submitting&amp;quot;:false,&amp;quot;form&amp;quot;:[{&amp;quot;applicant_name&amp;quot;:&amp;quot;&amp;quot;,&amp;quot;position&amp;quot;:&amp;quot;&amp;quot;,&amp;quot;phone&amp;quot;:&amp;quot;&amp;quot;,&amp;quot;division_id&amp;quot;:null,&amp;quot;purpose&amp;quot;:&amp;quot;&amp;quot;,&amp;quot;location&amp;quot;:&amp;quot;&amp;quot;,&amp;quot;loan_start_date&amp;quot;:&amp;quot;2025-11-06&amp;quot;,&amp;quot;loan_end_date&amp;quot;:&amp;quot;2025-11-12&amp;quot;,&amp;quot;is_responsible_officer&amp;quot;:false,&amp;quot;responsible_officer_name&amp;quot;:&amp;quot;&amp;quot;,&amp;quot;responsible_officer_position&amp;quot;:&amp;quot;&amp;quot;,&amp;quot;responsible_officer_phone&amp;quot;:&amp;quot;&amp;quot;,&amp;quot;equipment_items&amp;quot;:[[[{&amp;quot;equipment_type&amp;quot;:&amp;quot;&amp;quot;,&amp;quot;quantity&amp;quot;:1,&amp;quot;notes&amp;quot;:&amp;quot;&amp;quot;},{&amp;quot;s&amp;quot;:&amp;quot;arr&amp;quot;}]],{&amp;quot;s&amp;quot;:&amp;quot;arr&amp;quot;}],&amp;quot;applicant_signature&amp;quot;:&amp;quot;&amp;quot;,&amp;quot;accept_terms&amp;quot;:false},{&amp;quot;s&amp;quot;:&amp;quot;arr&amp;quot;}]},&amp;quot;memo&amp;quot;:{&amp;quot;id&amp;quot;:&amp;quot;poj2YEVX1zcKzwtxYzvt&amp;quot;,&amp;quot;name&amp;quot;:&amp;quot;guest-loan-application&amp;quot;,&amp;quot;path&amp;quot;:&amp;quot;loan\/apply&amp;quot;,&amp;quot;method&amp;quot;:&amp;quot;GET&amp;quot;,&amp;quot;children&amp;quot;:[],&amp;quot;scripts&amp;quot;:[],&amp;quot;assets&amp;quot;:[],&amp;quot;errors&amp;quot;:[],&amp;quot;locale&amp;quot;:&amp;quot;en&amp;quot;},&amp;quot;checksum&amp;quot;:&amp;quot;254b9beb4741d2b2368722d4f0810bc8019ff4a704d82db1564f467fbffa181e&amp;quot;}" wire:effects="{&amp;quot;partials&amp;quot;:[]}" wire:id="poj2YEVX1zcKzwtxYzvt" class="min-h-screen bg-gray-50 py-8"&gt;\n
    &lt;div class="max-w-4xl mx-auto px-4 sm:px-6 lg:px-8"&gt;\n
        \n
        &lt;div class="bg-white rounded-lg shadow-md mb-6 overflow-hidden"&gt;\n
            &lt;div class="bg-gray-700 px-6 py-4 flex items-center justify-between"&gt;\n
                &lt;div class="flex items-center space-x-4"&gt;\n
                    &lt;div class="bg-danger w-16 h-16 flex items-center justify-center rounded"&gt;\n
                        &lt;span class="text-white font-bold text-xl"&gt;BPM&lt;/span&gt;\n
                    &lt;/div&gt;\n
                    &lt;div class="text-white"&gt;\n
                        &lt;h1 class="text-xl font-bold"&gt;ICT Equipment Loan Application Form&lt;/h1&gt;\n
                        &lt;p class="text-sm text-gray-300"&gt;For Official Use of Ministry of Tourism, Arts &amp;amp; Culture&lt;/p&gt;\n
                    &lt;/div&gt;\n
                &lt;/div&gt;\n
                &lt;div class="text-white text-right"&gt;\n
                    &lt;div class="text-2xl font-bold"&gt;FORM 1&lt;/div&gt;\n
                    &lt;div class="text-sm"&gt;of 4 pages&lt;/div&gt;\n
                &lt;/div&gt;\n
            &lt;/div&gt;\n
        &lt;/div&gt;\n
\n
        \n
        &lt;div class="mb-8"&gt;\n
            &lt;div class="flex items-center justify-between"&gt;\n
                &lt;!--[if BLOCK]&gt;&lt;![endif]--&gt;                    &lt;div class="flex-1 mr-2"&gt;\n
                        &lt;div class="relative"&gt;\n
                            &lt;div class="h-2 rounded-full bg-blue-600"&gt;\n
                            &lt;/div&gt;\n
                            &lt;div class="absolute -top-8 left-1/2 transform -translate-x-1/2 text-center"&gt;\n
                                &lt;div\n
                                    class="w-8 h-8 rounded-full flex items-center justify-center text-sm font-medium\n
                                    bg-blue-600 text-white"&gt;\n
                                    1\n
                                &lt;/div&gt;\n
                                &lt;p class="text-xs mt-1 text-gray-600"&gt;Applicant Info&lt;/p&gt;\n
                            &lt;/div&gt;\n
                        &lt;/div&gt;\n
                    &lt;/div&gt;\n
                                    &lt;div class="flex-1 mr-2"&gt;\n
                        &lt;div class="relative"&gt;\n
                            &lt;div class="h-2 rounded-full bg-gray-300"&gt;\n
                            &lt;/div&gt;\n
                            &lt;div class="absolute -top-8 left-1/2 transform -translate-x-1/2 text-center"&gt;\n
                                &lt;div\n
                                    class="w-8 h-8 rounded-full flex items-center justify-center text-sm font-medium\n
                                    bg-gray-300 text-gray-600"&gt;\n
                                    2\n
                                &lt;/div&gt;\n
                                &lt;p class="text-xs mt-1 text-gray-600"&gt;Responsible Officer&lt;/p&gt;\n
                            &lt;/div&gt;\n
                        &lt;/div&gt;\n
                    &lt;/div&gt;\n
                                    &lt;div class="flex-1 mr-2"&gt;\n
                        &lt;div class="relative"&gt;\n
                            &lt;div class="h-2 rounded-full bg-gray-300"&gt;\n
                            &lt;/div&gt;\n
                            &lt;div class="absolute -top-8 left-1/2 transform -translate-x-1/2 text-center"&gt;\n
                                &lt;div\n
                                    class="w-8 h-8 rounded-full flex items-center justify-center text-sm font-medium\n
                                    bg-gray-300 text-gray-600"&gt;\n
                                    3\n
                                &lt;/div&gt;\n
                                &lt;p class="text-xs mt-1 text-gray-600"&gt;Equipment List&lt;/p&gt;\n
                            &lt;/div&gt;\n
                        &lt;/div&gt;\n
                    &lt;/div&gt;\n
                                    &lt;div class="flex-1 "&gt;\n
                        &lt;div class="relative"&gt;\n
                            &lt;div class="h-2 rounded-full bg-gray-300"&gt;\n
                            &lt;/div&gt;\n
                            &lt;div class="absolute -top-8 left-1/2 transform -translate-x-1/2 text-center"&gt;\n
                                &lt;div\n
                                    class="w-8 h-8 rounded-full flex items-center justify-center text-sm font-medium\n
                                    bg-gray-300 text-gray-600"&gt;\n
                                    4\n
                                &lt;/div&gt;\n
                                &lt;p class="text-xs mt-1 text-gray-600"&gt;Confirmation&lt;/p&gt;\n
                            &lt;/div&gt;\n
                        &lt;/div&gt;\n
                    &lt;/div&gt;\n
                &lt;!--[if ENDBLOCK]&gt;&lt;![endif]--&gt;\n
            &lt;/div&gt;\n
        &lt;/div&gt;\n
\n
        &lt;form wire:submit="submitForm"&gt;\n
            \n
            &lt;!--[if BLOCK]&gt;&lt;![endif]--&gt;                &lt;div class="bg-white rounded-lg shadow-md overflow-hidden "\n
    &gt;\n
    &lt;!--[if BLOCK]&gt;&lt;![endif]--&gt;&lt;!--[if ENDBLOCK]&gt;&lt;![endif]--&gt;\n
\n
    &lt;div class="p-6"&gt;\n
        &lt;div class="space-y-6"&gt;\n
                        \n
                        &lt;div class="bg-gray-100 -mx-6 -mt-6 px-6 py-3 mb-6"&gt;\n
                            &lt;h2 class="text-lg font-semibold text-gray-900"&gt;\n
                                SECTION 1 | APPLICANT INFORMATION\n
                            &lt;/h2&gt;\n
                            &lt;p class="text-sm text-gray-600 mt-1"&gt;Fields marked with * are REQUIRED.&lt;/p&gt;\n
                        &lt;/div&gt;\n
\n
                        \n
                        &lt;div class="mb-4"&gt;\n
    \n
    &lt;label for="form.applicant_name" class="block text-sm font-medium text-gray-700 mb-2"&gt;\n
        Full Name\n
        &lt;!--[if BLOCK]&gt;&lt;![endif]--&gt;            &lt;span class="text-danger" aria-label="required"&gt;*&lt;/span&gt;\n
        &lt;!--[if ENDBLOCK]&gt;&lt;![endif]--&gt;\n
    &lt;/label&gt;\n
\n
    \n
    &lt;!--[if BLOCK]&gt;&lt;![endif]--&gt;&lt;!--[if ENDBLOCK]&gt;&lt;![endif]--&gt;\n
\n
    \n
    &lt;input type="text" name="form.applicant_name" id="form.applicant_name" value=""\n
        class="block w-full rounded-md shadow-sm transition-colors duration-200 min-h-[44px] px-4 py-2 text-base border-gray-300 focus:border-blue-600 focus:ring-2 focus:ring-blue-600 focus:outline-none"  required aria-required="true"                   placeholder="Enter your full name"                                                         wire:model.live.debounce.300ms="form.applicant_name" /&gt;\n
\n
    \n
    &lt;!--[if BLOCK]&gt;&lt;![endif]--&gt;&lt;!--[if ENDBLOCK]&gt;&lt;![endif]--&gt;\n
&lt;/div&gt;\n
\n
                        \n
                        &lt;div class="grid grid-cols-1 md:grid-cols-2 gap-6"&gt;\n
                            &lt;div class="mb-4"&gt;\n
    \n
    &lt;label for="form.position" class="block text-sm font-medium text-gray-700 mb-2"&gt;\n
        Position &amp;amp; Grade\n
        &lt;!--[if BLOCK]&gt;&lt;![endif]--&gt;            &lt;span class="text-danger" aria-label="required"&gt;*&lt;/span&gt;\n
        &lt;!--[if ENDBLOCK]&gt;&lt;![endif]--&gt;\n
    &lt;/label&gt;\n
\n
    \n
    &lt;!--[if BLOCK]&gt;&lt;![endif]--&gt;&lt;!--[if ENDBLOCK]&gt;&lt;![endif]--&gt;\n
\n
    \n
    &lt;input type="text" name="form.position" id="form.position" value=""\n
        class="block w-full rounded-md shadow-sm transition-colors duration-200 min-h-[44px] px-4 py-2 text-base border-gray-300 focus:border-blue-600 focus:ring-2 focus:ring-blue-600 focus:outline-none"  required aria-required="true"                   placeholder="Example: Administrative Officer N41"                                                         wire:model.live.debounce.300ms="form.position" /&gt;\n
\n
    \n
    &lt;!--[if BLOCK]&gt;&lt;![endif]--&gt;&lt;!--[if ENDBLOCK]&gt;&lt;![endif]--&gt;\n
&lt;/div&gt;\n
\n
                            &lt;div class="mb-4"&gt;\n
    \n
    &lt;label for="form.phone" class="block text-sm font-medium text-gray-700 mb-2"&gt;\n
        Phone Number\n
        &lt;!--[if BLOCK]&gt;&lt;![endif]--&gt;            &lt;span class="text-danger" aria-label="required"&gt;*&lt;/span&gt;\n
        &lt;!--[if ENDBLOCK]&gt;&lt;![endif]--&gt;\n
    &lt;/label&gt;\n
\n
    \n
    &lt;!--[if BLOCK]&gt;&lt;![endif]--&gt;&lt;!--[if ENDBLOCK]&gt;&lt;![endif]--&gt;\n
\n
    \n
    &lt;input type="tel" name="form.phone" id="form.phone" value=""\n
        class="block w-full rounded-md shadow-sm transition-colors duration-200 min-h-[44px] px-4 py-2 text-base border-gray-300 focus:border-blue-600 focus:ring-2 focus:ring-blue-600 focus:outline-none"  required aria-required="true"                   placeholder="Example: 03-12345678"                                                         wire:model.live.debounce.300ms="form.phone" /&gt;\n
\n
    \n
    &lt;!--[if BLOCK]&gt;&lt;![endif]--&gt;&lt;!--[if ENDBLOCK]&gt;&lt;![endif]--&gt;\n
&lt;/div&gt;\n
                        &lt;/div&gt;\n
\n
                        \n
                        &lt;div class="mb-4"&gt;\n
    &lt;label for="form.division_id" class="block text-sm font-medium text-gray-700 mb-2"&gt;\n
        Division/Unit\n
        &lt;!--[if BLOCK]&gt;&lt;![endif]--&gt;            &lt;span class="text-danger" aria-label="required"&gt;*&lt;/span&gt;\n
        &lt;!--[if ENDBLOCK]&gt;&lt;![endif]--&gt;\n
    &lt;/label&gt;\n
\n
    &lt;!--[if BLOCK]&gt;&lt;![endif]--&gt;&lt;!--[if ENDBLOCK]&gt;&lt;![endif]--&gt;\n
\n
    &lt;select name="form.division_id" id="form.division_id" class="block w-full rounded-md shadow-sm transition-colors duration-200 min-h-[44px] px-4 py-2 text-base border-gray-300 focus:border-blue-600 focus:ring-2 focus:ring-blue-600 focus:outline-none"\n
         required aria-required="true"                                 wire:model.live="form.division_id"&gt;\n
        &lt;!--[if BLOCK]&gt;&lt;![endif]--&gt;            &lt;option value=""&gt;Select division/unit&lt;/option&gt;\n
        &lt;!--[if ENDBLOCK]&gt;&lt;![endif]--&gt;\n
\n
        &lt;!--[if BLOCK]&gt;&lt;![endif]--&gt;&lt;!--[if ENDBLOCK]&gt;&lt;![endif]--&gt;\n
    &lt;/select&gt;\n
\n
    &lt;!--[if BLOCK]&gt;&lt;![endif]--&gt;&lt;!--[if ENDBLOCK]&gt;&lt;![endif]--&gt;\n
&lt;/div&gt;\n
\n
                        \n
                        &lt;div class="mb-4" x-data="{ charCount: 0 }"&gt;\n
    &lt;label for="form.purpose" class="block text-sm font-medium text-gray-700 mb-2"&gt;\n
        Purpose of Application\n
        &lt;!--[if BLOCK]&gt;&lt;![endif]--&gt;            &lt;span class="text-danger" aria-label="required"&gt;*&lt;/span&gt;\n
        &lt;!--[if ENDBLOCK]&gt;&lt;![endif]--&gt;\n
    &lt;/label&gt;\n
\n
    &lt;!--[if BLOCK]&gt;&lt;![endif]--&gt;&lt;!--[if ENDBLOCK]&gt;&lt;![endif]--&gt;\n
\n
    &lt;textarea name="form.purpose" id="form.purpose" rows="4" class="block w-full rounded-md shadow-sm transition-colors duration-200 px-4 py-2 text-base border-gray-300 focus:border-blue-600 focus:ring-2 focus:ring-blue-600 focus:outline-none"\n
         required aria-required="true"                   placeholder="State the purpose of equipment loan"                  maxlength="500"                          x-on:input="charCount = $event.target.value.length"         wire:model.live.debounce.300ms="form.purpose"&gt;&lt;/textarea&gt;\n
\n
    &lt;!--[if BLOCK]&gt;&lt;![endif]--&gt;        &lt;p id="form.purpose-char-count" class="mt-1 text-sm text-gray-600" aria-live="polite"&gt;\n
            &lt;span x-text="charCount"&gt;&lt;/span&gt; / 500 characters\n
        &lt;/p&gt;\n
    &lt;!--[if ENDBLOCK]&gt;&lt;![endif]--&gt;\n
\n
    &lt;!--[if BLOCK]&gt;&lt;![endif]--&gt;&lt;!--[if ENDBLOCK]&gt;&lt;![endif]--&gt;\n
&lt;/div&gt;\n
\n
                        \n
                        &lt;div class="mb-4"&gt;\n
    \n
    &lt;label for="form.location" class="block text-sm font-medium text-gray-700 mb-2"&gt;\n
        Location\n
        &lt;!--[if BLOCK]&gt;&lt;![endif]--&gt;            &lt;span class="text-danger" aria-label="required"&gt;*&lt;/span&gt;\n
        &lt;!--[if ENDBLOCK]&gt;&lt;![endif]--&gt;\n
    &lt;/label&gt;\n
\n
    \n
    &lt;!--[if BLOCK]&gt;&lt;![endif]--&gt;&lt;!--[if ENDBLOCK]&gt;&lt;![endif]--&gt;\n
\n
    \n
    &lt;input type="text" name="form.location" id="form.location" value=""\n
        class="block w-full rounded-md shadow-sm transition-colors duration-200 min-h-[44px] px-4 py-2 text-base border-gray-300 focus:border-blue-600 focus:ring-2 focus:ring-blue-600 focus:outline-none"  required aria-required="true"                   placeholder="State the location of use"                                                         wire:model.live.debounce.300ms="form.location" /&gt;\n
\n
    \n
    &lt;!--[if BLOCK]&gt;&lt;![endif]--&gt;&lt;!--[if ENDBLOCK]&gt;&lt;![endif]--&gt;\n
&lt;/div&gt;\n
\n
                        \n
                        &lt;div class="grid grid-cols-1 md:grid-cols-2 gap-6"&gt;\n
                            &lt;div class="mb-4"&gt;\n
    \n
    &lt;label for="form.loan_start_date" class="block text-sm font-medium text-gray-700 mb-2"&gt;\n
        Loan Date\n
        &lt;!--[if BLOCK]&gt;&lt;![endif]--&gt;            &lt;span class="text-danger" aria-label="required"&gt;*&lt;/span&gt;\n
        &lt;!--[if ENDBLOCK]&gt;&lt;![endif]--&gt;\n
    &lt;/label&gt;\n
\n
    \n
    &lt;!--[if BLOCK]&gt;&lt;![endif]--&gt;&lt;!--[if ENDBLOCK]&gt;&lt;![endif]--&gt;\n
\n
    \n
    &lt;input type="date" name="form.loan_start_date" id="form.loan_start_date" value=""\n
        class="block w-full rounded-md shadow-sm transition-colors duration-200 min-h-[44px] px-4 py-2 text-base border-gray-300 focus:border-blue-600 focus:ring-2 focus:ring-blue-600 focus:outline-none"  required aria-required="true"                                                                          wire:model.live="form.loan_start_date" min="2025-11-06" /&gt;\n
\n
    \n
    &lt;!--[if BLOCK]&gt;&lt;![endif]--&gt;&lt;!--[if ENDBLOCK]&gt;&lt;![endif]--&gt;\n
&lt;/div&gt;\n
\n
                            &lt;div class="mb-4"&gt;\n
    \n
    &lt;label for="form.loan_end_date" class="block text-sm font-medium text-gray-700 mb-2"&gt;\n
        Expected Return Date\n
        &lt;!--[if BLOCK]&gt;&lt;![endif]--&gt;            &lt;span class="text-danger" aria-label="required"&gt;*&lt;/span&gt;\n
        &lt;!--[if ENDBLOCK]&gt;&lt;![endif]--&gt;\n
    &lt;/label&gt;\n
\n
    \n
    &lt;!--[if BLOCK]&gt;&lt;![endif]--&gt;&lt;!--[if ENDBLOCK]&gt;&lt;![endif]--&gt;\n
\n
    \n
    &lt;input type="date" name="form.loan_end_date" id="form.loan_end_date" value=""\n
        class="block w-full rounded-md shadow-sm transition-colors duration-200 min-h-[44px] px-4 py-2 text-base border-gray-300 focus:border-blue-600 focus:ring-2 focus:ring-blue-600 focus:outline-none"  required aria-required="true"                                                                          wire:model.live="form.loan_end_date" min="2025-11-06" /&gt;\n
\n
    \n
    &lt;!--[if BLOCK]&gt;&lt;![endif]--&gt;&lt;!--[if ENDBLOCK]&gt;&lt;![endif]--&gt;\n
&lt;/div&gt;\n
                        &lt;/div&gt;\n
                    &lt;/div&gt;\n
    &lt;/div&gt;\n
\n
    &lt;!--[if BLOCK]&gt;&lt;![endif]--&gt;&lt;!--[if ENDBLOCK]&gt;&lt;![endif]--&gt;\n
&lt;/div&gt;\n
            &lt;!--[if ENDBLOCK]&gt;&lt;![endif]--&gt;\n
\n
            \n
            &lt;!--[if BLOCK]&gt;&lt;![endif]--&gt;&lt;!--[if ENDBLOCK]&gt;&lt;![endif]--&gt;\n
\n
            \n
            &lt;!--[if BLOCK]&gt;&lt;![endif]--&gt;&lt;!--[if ENDBLOCK]&gt;&lt;![endif]--&gt;\n
\n
            \n
            &lt;!--[if BLOCK]&gt;&lt;![endif]--&gt;&lt;!--[if ENDBLOCK]&gt;&lt;![endif]--&gt;\n
\n
            \n
            &lt;div class="mt-8 flex justify-between items-center"&gt;\n
                &lt;!--[if BLOCK]&gt;&lt;![endif]--&gt;                    &lt;div&gt;&lt;/div&gt;\n
                &lt;!--[if ENDBLOCK]&gt;&lt;![endif]--&gt;\n
\n
                &lt;!--[if BLOCK]&gt;&lt;![endif]--&gt;                    &lt;!--[if BLOCK]&gt;&lt;![endif]--&gt;    &lt;button type="button" class="inline-flex items-center justify-center px-4 py-2 rounded-md font-medium text-sm transition-colors duration-200 focus:outline-none focus:ring-2 focus:ring-offset-2 min-h-[44px] disabled:opacity-50 disabled:cursor-not-allowed bg-blue-600 text-white hover:bg-blue-700 focus:ring-blue-600"         wire:click="nextStep"&gt;\n
        &lt;!--[if BLOCK]&gt;&lt;![endif]--&gt;&lt;!--[if ENDBLOCK]&gt;&lt;![endif]--&gt;\n
        Next\n
                        &lt;svg class="w-4 h-4 ml-2" fill="none" stroke="currentColor" viewBox="0 0 24 24"&gt;\n
                            &lt;path stroke-linecap="round" stroke-linejoin="round" stroke-width="2" d="M9 5l7 7-7 7" /&gt;\n
                        &lt;/svg&gt;\n
    &lt;/button&gt;\n
&lt;!--[if ENDBLOCK]&gt;&lt;![endif]--&gt;\n
                &lt;!--[if ENDBLOCK]&gt;&lt;![endif]--&gt;\n
            &lt;/div&gt;\n
        &lt;/form&gt;\n
\n
        \n
        &lt;div class="mt-8 p-6 bg-white rounded-lg shadow-md"&gt;\n
            &lt;h3 class="text-lg font-semibold text-gray-900 mb-4"&gt;\n
                Need Assistance?\n
            &lt;/h3&gt;\n
            &lt;p class="text-sm text-gray-700 mb-4"&gt;\n
                For any inquiries, please contact:\n
            &lt;/p&gt;\n
            &lt;div class="flex flex-col sm:flex-row gap-4"&gt;\n
                &lt;div class="flex items-center text-sm text-gray-600"&gt;\n
                    &lt;svg class="w-5 h-5 mr-2 text-blue-600" fill="none" stroke="currentColor"\n
                        viewBox="0 0 24 24"&gt;\n
                        &lt;path stroke-linecap="round" stroke-linejoin="round" stroke-width="2"\n
                            d="M3 8l7.89 5.26a2 2 0 002.22 0L21 8M5 19h14a2 2 0 002-2V7a2 2 0 00-2-2H5a2 2 0 00-2 2v10a2 2 0 002 2z" /&gt;\n
                    &lt;/svg&gt;\n
                    &lt;span&gt;bpm@motac.gov.my&lt;/span&gt;\n
                &lt;/div&gt;\n
                &lt;div class="flex items-center text-sm text-gray-600"&gt;\n
                    &lt;svg class="w-5 h-5 mr-2 text-blue-600" fill="none" stroke="currentColor"\n
                        viewBox="0 0 24 24"&gt;\n
                        &lt;path stroke-linecap="round" stroke-linejoin="round" stroke-width="2"\n
                            d="M3 5a2 2 0 012-2h3.28a1 1 0 01.948.684l1.498 4.493a1 1 0 01-.502 1.21l-2.257 1.13a11.042 11.042 0 005.516 5.516l1.13-2.257a1 1 0 011.21-.502l4.493 1.498a1 1 0 01.684.949V19a2 2 0 01-2 2h-1C9.716 21 3 14.284 3 6V5z" /&gt;\n
                    &lt;/svg&gt;\n
                    &lt;span&gt;03-2161 2345&lt;/span&gt;\n
                &lt;/div&gt;\n
            &lt;/div&gt;\n
        &lt;/div&gt;\n
    &lt;/div&gt;\n
&lt;/div&gt;\n
                            &lt;/main&gt;\n
\n
            &lt;footer class="bg-gray-900 text-white mt-auto" role="contentinfo"&gt;\n
    &lt;div class="max-w-7xl mx-auto px-4 sm:px-6 lg:px-8 py-12"&gt;\n
        &lt;div class="grid grid-cols-1 md:grid-cols-3 gap-8"&gt;\n
            \n
            &lt;div&gt;\n
                &lt;h3 class="text-lg font-semibold mb-4"&gt;About ICTServe&lt;/h3&gt;\n
                &lt;p class="text-gray-400 text-sm leading-relaxed"&gt;\n
                    ICTServe is the unified MOTAC platform for submitting IT helpdesk requests and managing asset loans with transparent tracking and WCAG-compliant experiences.\n
                &lt;/p&gt;\n
            &lt;/div&gt;\n
\n
            \n
            &lt;div&gt;\n
                &lt;h3 class="text-lg font-semibold mb-4"&gt;Quick Links&lt;/h3&gt;\n
                &lt;nav aria-label="Footer navigation"&gt;\n
                    &lt;ul class="space-y-2"&gt;\n
                        &lt;li&gt;\n
                            &lt;a href="http://localhost:8000"\n
                                class="text-gray-400 hover:text-white focus:outline-none focus:ring-2 focus:ring-blue-600 focus:ring-offset-2 focus:ring-offset-gray-900 rounded-md transition-colors inline-block"&gt;\n
                                Home\n
                            &lt;/a&gt;\n
                        &lt;/li&gt;\n
                                                                            &lt;li&gt;\n
                                &lt;a href="http://localhost:8000/helpdesk/submit"\n
                                    class="text-gray-400 hover:text-white focus:outline-none focus:ring-2 focus:ring-blue-600 focus:ring-offset-2 focus:ring-offset-gray-900 rounded-md transition-colors inline-block"&gt;\n
                                    Helpdesk\n
                                &lt;/a&gt;\n
                            &lt;/li&gt;\n
                                                                            &lt;li&gt;\n
                                &lt;a href="http://localhost:8000/loan/create"\n
                                    class="text-gray-400 hover:text-white focus:outline-none focus:ring-2 focus:ring-blue-600 focus:ring-offset-2 focus:ring-offset-gray-900 rounded-md transition-colors inline-block"&gt;\n
                                    Asset Loan\n
                                &lt;/a&gt;\n
                            &lt;/li&gt;\n
                                                                            &lt;li&gt;\n
                                &lt;a href="http://localhost:8000/login"\n
                                    class="text-gray-400 hover:text-white focus:outline-none focus:ring-2 focus:ring-blue-600 focus:ring-offset-2 focus:ring-offset-gray-900 rounded-md transition-colors inline-block"&gt;\n
                                    Staff Login\n
                                &lt;/a&gt;\n
                            &lt;/li&gt;\n
                                            &lt;/ul&gt;\n
                &lt;/nav&gt;\n
            &lt;/div&gt;\n
\n
            \n
            &lt;div&gt;\n
                &lt;h3 class="text-lg font-semibold mb-4"&gt;Contact Us&lt;/h3&gt;\n
                &lt;address class="text-gray-400 text-sm not-italic space-y-2"&gt;\n
                    &lt;p&gt;\n
                        &lt;strong&gt;Ministry:&lt;/strong&gt;&lt;br&gt;\n
                        Ministry of Tourism, Arts and Culture Malaysia\n
                    &lt;/p&gt;\n
                    &lt;p&gt;\n
                        &lt;strong&gt;Email:&lt;/strong&gt;&lt;br&gt;\n
                        &lt;a href="mailto:support@motac.gov.my"\n
                            class="hover:text-white focus:outline-none focus:ring-2 focus:ring-blue-600 focus:ring-offset-2 focus:ring-offset-gray-900 rounded-md transition-colors"&gt;\n
                            support@motac.gov.my\n
                        &lt;/a&gt;\n
                    &lt;/p&gt;\n
                    &lt;p&gt;\n
                        &lt;strong&gt;Phone:&lt;/strong&gt;&lt;br&gt;\n
                        &lt;a href="tel:+60380009999"\n
                            class="hover:text-white focus:outline-none focus:ring-2 focus:ring-blue-600 focus:ring-offset-2 focus:ring-offset-gray-900 rounded-md transition-colors"&gt;\n
                            +603 8000 9999\n
                        &lt;/a&gt;\n
                    &lt;/p&gt;\n
                &lt;/address&gt;\n
            &lt;/div&gt;\n
        &lt;/div&gt;\n
\n
        \n
        &lt;div class="mt-8 pt-8 border-t border-gray-800"&gt;\n
            &lt;div class="flex flex-col md:flex-row justify-between items-center space-y-4 md:space-y-0"&gt;\n
                &lt;p class="text-gray-400 text-sm"&gt;\n
                    &amp;copy; 2025 Ministry of Tourism, Arts and Culture Malaysia.\n
                    All rights reserved.\n
                &lt;/p&gt;\n
                &lt;div class="flex items-center space-x-4 text-sm text-gray-400"&gt;\n
                    &lt;span&gt;WCAG 2.2 AA compliant&lt;/span&gt;\n
                    &lt;span aria-hidden="true"&gt;|&lt;/span&gt;\n
                    &lt;span&gt;PDPA compliant&lt;/span&gt;\n
                &lt;/div&gt;\n
            &lt;/div&gt;\n
        &lt;/div&gt;\n
    &lt;/div&gt;\n
&lt;/footer&gt;\n
        &lt;/div&gt;\n
    &lt;!-- Livewire Scripts --&gt;\n
&lt;script src="/livewire/livewire.js?id=df3a17f2"   data-csrf="whA1kXi3Elvn3UbEEVKRX3iMDyKbCOI8fP0GiSvB" data-update-uri="/livewire/update" data-navigate-once="true"&gt;&lt;/script&gt;\n
&lt;/body&gt;\n
&lt;/html&gt;\n
' [ASCII](length: 39961) contains "&lt;fieldset" [ASCII](length: 9).
&#13;
C:\XAMPP\htdocs\ictserve-031125\vendor\laravel\framework\src\Illuminate\Testing\TestResponseAssert.php:45
C:\XAMPP\htdocs\ictserve-031125\vendor\laravel\framework\src\Illuminate\Testing\TestResponse.php:686
C:\XAMPP\htdocs\ictserve-031125\tests\Feature\Livewire\GuestLoanApplicationTest.php:224</failure>
        </testcase>
        <testcase name="test_form_inputs_have_proper_aria_attributes" file="C:\XAMPP\htdocs\ictserve-031125\tests\Feature\Livewire\GuestLoanApplicationTest.php" line="233" class="Tests\Feature\Livewire\GuestLoanApplicationTest" classname="Tests.Feature.Livewire.GuestLoanApplicationTest" assertions="3" time="2.266579"/>
        <testcase name="test_form_has_proper_keyboard_navigation" file="C:\XAMPP\htdocs\ictserve-031125\tests\Feature\Livewire\GuestLoanApplicationTest.php" line="256" class="Tests\Feature\Livewire\GuestLoanApplicationTest" classname="Tests.Feature.Livewire.GuestLoanApplicationTest" assertions="1" time="4.612927">
          <failure type="PHPUnit\Framework\ExpectationFailedException">Tests\Feature\Livewire\GuestLoanApplicationTest::test_form_has_proper_keyboard_navigation&#13;
Failed asserting that '&lt;!DOCTYPE html&gt;\n
&lt;html lang="en"&gt;\n
    &lt;head&gt;\n
        &lt;meta charset="utf-8"&gt;\n
        &lt;meta name="viewport" content="width=device-width, initial-scale=1"&gt;\n
        &lt;meta name="csrf-token" content="DX4SRuXAsZS1bTSUIHrJRhFtftPlS40be9nbR9tF"&gt;\n
\n
        &lt;title&gt;ICTServe&lt;/title&gt;\n
\n
        &lt;link rel="preconnect" href="https://fonts.bunny.net"&gt;\n
        &lt;link href="https://fonts.bunny.net/css?family=figtree:400,500,600&amp;display=swap" rel="stylesheet" /&gt;\n
\n
        &lt;script type="module" src="http://[::1]:5173/@vite/client" data-navigate-track="reload"&gt;&lt;/script&gt;&lt;link rel="stylesheet" href="http://[::1]:5173/resources/css/app.css" data-navigate-track="reload" /&gt;&lt;script type="module" src="http://[::1]:5173/resources/js/app.js" data-navigate-track="reload"&gt;&lt;/script&gt;    &lt;!-- Livewire Styles --&gt;&lt;style &gt;[wire\:loading][wire\:loading], [wire\:loading\.delay][wire\:loading\.delay], [wire\:loading\.inline-block][wire\:loading\.inline-block], [wire\:loading\.inline][wire\:loading\.inline], [wire\:loading\.block][wire\:loading\.block], [wire\:loading\.flex][wire\:loading\.flex], [wire\:loading\.table][wire\:loading\.table], [wire\:loading\.grid][wire\:loading\.grid], [wire\:loading\.inline-flex][wire\:loading\.inline-flex] {display: none;}[wire\:loading\.delay\.none][wire\:loading\.delay\.none], [wire\:loading\.delay\.shortest][wire\:loading\.delay\.shortest], [wire\:loading\.delay\.shorter][wire\:loading\.delay\.shorter], [wire\:loading\.delay\.short][wire\:loading\.delay\.short], [wire\:loading\.delay\.default][wire\:loading\.delay\.default], [wire\:loading\.delay\.long][wire\:loading\.delay\.long], [wire\:loading\.delay\.longer][wire\:loading\.delay\.longer], [wire\:loading\.delay\.longest][wire\:loading\.delay\.longest] {display: none;}[wire\:offline][wire\:offline] {display: none;}[wire\:dirty]:not(textarea):not(input):not(select) {display: none;}:root {--livewire-progress-bar-color: #2299dd;}[x-cloak] {display: none !important;}[wire\:cloak] {display: none !important;}&lt;/style&gt;\n
&lt;/head&gt;\n
    &lt;body class="font-sans antialiased text-gray-900 bg-slate-50"&gt;\n
        &lt;div class="min-h-screen flex flex-col"&gt;\n
            &lt;nav aria-label="common.skip_links" class="sr-only focus-within:not-sr-only"&gt;\n
    &lt;ul class="fixed top-0 left-0 z-50 bg-motac-blue text-white p-4 rounded-br-lg shadow-lg"&gt;\n
        &lt;li class="mb-2"&gt;\n
            &lt;a href="#main-content"\n
                class="block px-4 py-2 bg-white text-motac-blue rounded-md hover:bg-gray-100 focus:outline-none focus:ring-4 focus:ring-white focus:ring-offset-2 focus:ring-offset-motac-blue min-h-[44px] flex items-center font-medium"\n
                accesskey="m"&gt;\n
                common.skip_to_main_content &lt;span class="ml-2 text-sm"&gt;(Alt+M)&lt;/span&gt;\n
            &lt;/a&gt;\n
        &lt;/li&gt;\n
        &lt;li class="mb-2"&gt;\n
            &lt;a href="#sidebar-navigation"\n
                class="block px-4 py-2 bg-white text-motac-blue rounded-md hover:bg-gray-100 focus:outline-none focus:ring-4 focus:ring-white focus:ring-offset-2 focus:ring-offset-motac-blue min-h-[44px] flex items-center font-medium"\n
                accesskey="s"&gt;\n
                common.skip_to_sidebar &lt;span class="ml-2 text-sm"&gt;(Alt+S)&lt;/span&gt;\n
            &lt;/a&gt;\n
        &lt;/li&gt;\n
        &lt;li&gt;\n
            &lt;a href="#user-menu"\n
                class="block px-4 py-2 bg-white text-motac-blue rounded-md hover:bg-gray-100 focus:outline-none focus:ring-4 focus:ring-white focus:ring-offset-2 focus:ring-offset-motac-blue min-h-[44px] flex items-center font-medium"\n
                accesskey="u"&gt;\n
                common.skip_to_user_menu &lt;span class="ml-2 text-sm"&gt;(Alt+U)&lt;/span&gt;\n
            &lt;/a&gt;\n
        &lt;/li&gt;\n
    &lt;/ul&gt;\n
&lt;/nav&gt;\n
            &lt;header class="bg-white shadow-md" role="banner"&gt;\n
    &lt;div class="max-w-7xl mx-auto px-4 sm:px-6 lg:px-8"&gt;\n
        &lt;div class="flex justify-between items-center h-16"&gt;\n
            \n
            &lt;div class="flex items-center"&gt;\n
                &lt;a href="http://localhost:8000"\n
                    class="flex items-center focus:outline-none focus:ring-2 focus:ring-blue-600 focus:ring-offset-2 rounded-md p-2"\n
                    aria-label="Home"&gt;\n
                    &lt;svg viewBox="0 0 316 316" xmlns="http://www.w3.org/2000/svg" class="h-10 w-auto"&gt;\n
    &lt;path d="M305.8 81.125C305.77 80.995 305.69 80.885 305.65 80.755C305.56 80.525 305.49 80.285 305.37 80.075C305.29 79.935 305.17 79.815 305.07 79.685C304.94 79.515 304.83 79.325 304.68 79.175C304.55 79.045 304.39 78.955 304.25 78.845C304.09 78.715 303.95 78.575 303.77 78.475L251.32 48.275C249.97 47.495 248.31 47.495 246.96 48.275L194.51 78.475C194.33 78.575 194.19 78.725 194.03 78.845C193.89 78.955 193.73 79.045 193.6 79.175C193.45 79.325 193.34 79.515 193.21 79.685C193.11 79.815 192.99 79.935 192.91 80.075C192.79 80.285 192.71 80.525 192.63 80.755C192.58 80.875 192.51 80.995 192.48 81.125C192.38 81.495 192.33 81.875 192.33 82.265V139.625L148.62 164.795V52.575C148.62 52.185 148.57 51.805 148.47 51.435C148.44 51.305 148.36 51.195 148.32 51.065C148.23 50.835 148.16 50.595 148.04 50.385C147.96 50.245 147.84 50.125 147.74 49.995C147.61 49.825 147.5 49.635 147.35 49.485C147.22 49.355 147.06 49.265 146.92 49.155C146.76 49.025 146.62 48.885 146.44 48.785L93.99 18.585C92.64 17.805 90.98 17.805 89.63 18.585L37.18 48.785C37 48.885 36.86 49.035 36.7 49.155C36.56 49.265 36.4 49.355 36.27 49.485C36.12 49.635 36.01 49.825 35.88 49.995C35.78 50.125 35.66 50.245 35.58 50.385C35.46 50.595 35.38 50.835 35.3 51.065C35.25 51.185 35.18 51.305 35.15 51.435C35.05 51.805 35 52.185 35 52.575V232.235C35 233.795 35.84 235.245 37.19 236.025L142.1 296.425C142.33 296.555 142.58 296.635 142.82 296.725C142.93 296.765 143.04 296.835 143.16 296.865C143.53 296.965 143.9 297.015 144.28 297.015C144.66 297.015 145.03 296.965 145.4 296.865C145.5 296.835 145.59 296.775 145.69 296.745C145.95 296.655 146.21 296.565 146.45 296.435L251.36 236.035C252.72 235.255 253.55 233.815 253.55 232.245V174.885L303.81 145.945C305.17 145.165 306 143.725 306 142.155V82.265C305.95 81.875 305.89 81.495 305.8 81.125ZM144.2 227.205L100.57 202.515L146.39 176.135L196.66 147.195L240.33 172.335L208.29 190.625L144.2 227.205ZM244.75 114.995V164.795L226.39 154.225L201.03 139.625V89.825L219.39 100.395L244.75 114.995ZM249.12 57.105L292.81 82.265L249.12 107.425L205.43 82.265L249.12 57.105ZM114.49 184.425L96.13 194.995V85.305L121.49 70.705L139.85 60.135V169.815L114.49 184.425ZM91.76 27.425L135.45 52.585L91.76 77.745L48.07 52.585L91.76 27.425ZM43.67 60.135L62.03 70.705L87.39 85.305V202.545V202.555V202.565C87.39 202.735 87.44 202.895 87.46 203.055C87.49 203.265 87.49 203.485 87.55 203.695V203.705C87.6 203.875 87.69 204.035 87.76 204.195C87.84 204.375 87.89 204.575 87.99 204.745C87.99 204.745 87.99 204.755 88 204.755C88.09 204.905 88.22 205.035 88.33 205.175C88.45 205.335 88.55 205.495 88.69 205.635L88.7 205.645C88.82 205.765 88.98 205.855 89.12 205.965C89.28 206.085 89.42 206.225 89.59 206.325C89.6 206.325 89.6 206.325 89.61 206.335C89.62 206.335 89.62 206.345 89.63 206.345L139.87 234.775V285.065L43.67 229.705V60.135ZM244.75 229.705L148.58 285.075V234.775L219.8 194.115L244.75 179.875V229.705ZM297.2 139.625L253.49 164.795V114.995L278.85 100.395L297.21 89.825V139.625H297.2Z"/&gt;\n
&lt;/svg&gt;\n
                    &lt;span class="ml-3 text-xl font-bold text-gray-900"&gt;ICTServe&lt;/span&gt;\n
                &lt;/a&gt;\n
            &lt;/div&gt;\n
\n
            \n
            &lt;nav class="hidden md:flex space-x-8" role="navigation" aria-label="Main navigation"&gt;\n
                &lt;a href="http://localhost:8000"\n
                    class="inline-flex items-center px-3 py-2 text-sm font-medium text-gray-700 hover:text-blue-600 focus:outline-none focus:ring-2 focus:ring-blue-600 focus:ring-offset-2 rounded-md transition-colors duration-200"\n
                    aria-current="false"&gt;\n
                    Home\n
                &lt;/a&gt;\n
\n
                                    &lt;a href="http://localhost:8000/helpdesk/submit"\n
                        class="inline-flex items-center px-3 py-2 text-sm font-medium text-gray-700 hover:text-blue-600 focus:outline-none focus:ring-2 focus:ring-blue-600 focus:ring-offset-2 rounded-md transition-colors duration-200"\n
                        aria-current="false"&gt;\n
                        Helpdesk\n
                    &lt;/a&gt;\n
                \n
                                    &lt;a href="http://localhost:8000/loan/create"\n
                        class="inline-flex items-center px-3 py-2 text-sm font-medium text-gray-700 hover:text-blue-600 focus:outline-none focus:ring-2 focus:ring-blue-600 focus:ring-offset-2 rounded-md transition-colors duration-200"\n
                        aria-current="page"&gt;\n
                        Asset Loan\n
                    &lt;/a&gt;\n
                            &lt;/nav&gt;\n
\n
            \n
            &lt;div class="flex items-center space-x-3"&gt;\n
                \n
                &lt;div class="relative" x-data="{ open: false }" @click.outside="open = false" @keydown.escape.window="open = false"&gt;\n
    \n
    &lt;button type="button" @click="open = !open"\n
        class="inline-flex items-center justify-center min-h-[44px] min-w-[44px] px-4 py-2 text-sm font-medium text-gray-700 bg-white border border-gray-300 rounded-md hover:bg-gray-50 focus:outline-none focus:ring-2 focus:ring-blue-600 focus:ring-offset-2 transition-colors duration-150"\n
        aria-haspopup="menu"\n
        :aria-expanded="open.toString()"\n
        aria-controls="language-menu"\n
        aria-label="Language switcher"&gt;\n
        \n
        &lt;svg class="w-5 h-5 mr-2" fill="none" stroke="currentColor" viewBox="0 0 24 24" aria-hidden="true"&gt;\n
            &lt;path stroke-linecap="round" stroke-linejoin="round" stroke-width="2"\n
                d="M3 5h12M9 3v2m1 14h9m-9 0a7 7 0 110-14 7 7 0 010 14zm0 0c1.657 0 3-3.134 3-7s-1.343-7-3-7-3 3.134-3 7 1.343 7 3 7z" /&gt;\n
        &lt;/svg&gt;\n
\n
        \n
        &lt;span class="hidden sm:inline"&gt;\n
            English\n
        &lt;/span&gt;\n
\n
        \n
        &lt;span class="inline sm:hidden font-semibold"&gt;\n
            EN\n
        &lt;/span&gt;\n
\n
        \n
        &lt;svg class="w-4 h-4 ml-2 transition-transform duration-150" :class="{ 'rotate-180': open }" fill="none"\n
            stroke="currentColor" viewBox="0 0 24 24" aria-hidden="true"&gt;\n
            &lt;path stroke-linecap="round" stroke-linejoin="round" stroke-width="2" d="M19 9l-7 7-7-7" /&gt;\n
        &lt;/svg&gt;\n
    &lt;/button&gt;\n
\n
    \n
    &lt;div x-show="open" x-transition:enter="transition ease-out duration-100"\n
        x-transition:enter-start="transform opacity-0 scale-95"\n
        x-transition:enter-end="transform opacity-100 scale-100"\n
        x-transition:leave="transition ease-in duration-75"\n
        x-transition:leave-start="transform opacity-100 scale-100"\n
        x-transition:leave-end="transform opacity-0 scale-95"\n
        class="absolute right-0 z-50 mt-2 w-56 origin-top-right rounded-md bg-white shadow-lg ring-1 ring-black ring-opacity-5 focus:outline-none"\n
        role="menu" id="language-menu" aria-orientation="vertical" tabindex="-1"\n
        style="display: none;"&gt;\n
        &lt;div class="py-1" role="none"&gt;\n
                            &lt;a href="http://localhost:8000/change-locale/en"\n
                    class="group flex items-center min-h-[44px] px-4 py-2 text-sm text-gray-700 hover:bg-gray-100 hover:text-gray-900 focus:bg-gray-100 focus:text-gray-900 focus:outline-none focus:ring-2 focus:ring-inset focus:ring-blue-600 transition-colors duration-150 bg-blue-600 text-white hover:bg-blue-600 hover:text-white"\n
                    role="menuitem" tabindex="-1" lang="en" @click="open = false"\n
                     aria-current="page" &gt;\n
                    &lt;span class="mr-3 font-semibold" aria-hidden="true"&gt;EN&lt;/span&gt;\n
                    &lt;span class="flex-1"&gt;English&lt;/span&gt;\n
\n
                                            &lt;svg class="w-5 h-5 ml-2" fill="currentColor" viewBox="0 0 20 20" aria-hidden="true"&gt;\n
                            &lt;path fill-rule="evenodd"\n
                                d="M16.707 5.293a1 1 0 010 1.414l-8 8a1 1 0 01-1.414 0l-4-4a1 1 0 011.414-1.414L8 12.586l7.293-7.293a1 1 0 011.414 0z"\n
                                clip-rule="evenodd" /&gt;\n
                        &lt;/svg&gt;\n
                                    &lt;/a&gt;\n
                            &lt;a href="http://localhost:8000/change-locale/ms"\n
                    class="group flex items-center min-h-[44px] px-4 py-2 text-sm text-gray-700 hover:bg-gray-100 hover:text-gray-900 focus:bg-gray-100 focus:text-gray-900 focus:outline-none focus:ring-2 focus:ring-inset focus:ring-blue-600 transition-colors duration-150"\n
                    role="menuitem" tabindex="-1" lang="ms" @click="open = false"\n
                    &gt;\n
                    &lt;span class="mr-3 font-semibold" aria-hidden="true"&gt;MS&lt;/span&gt;\n
                    &lt;span class="flex-1"&gt;Bahasa Melayu&lt;/span&gt;\n
\n
                                    &lt;/a&gt;\n
                    &lt;/div&gt;\n
    &lt;/div&gt;\n
&lt;/div&gt;\n
\n
                \n
                                                            &lt;!--[if BLOCK]&gt;&lt;![endif]--&gt;    &lt;a href="http://localhost:8000/admin/login" class="inline-flex items-center justify-center px-4 py-2 rounded-md font-medium text-sm transition-colors duration-200 focus:outline-none focus:ring-2 focus:ring-offset-2 min-h-[44px] disabled:opacity-50 disabled:cursor-not-allowed bg-transparent text-blue-600 hover:bg-blue-50 focus:ring-blue-600" &gt;\n
        Admin Login\n
    &lt;/a&gt;\n
&lt;!--[if ENDBLOCK]&gt;&lt;![endif]--&gt;\n
                    \n
                    &lt;!--[if BLOCK]&gt;&lt;![endif]--&gt;    &lt;a href="http://localhost:8000/login" class="inline-flex items-center justify-center px-4 py-2 rounded-md font-medium text-sm transition-colors duration-200 focus:outline-none focus:ring-2 focus:ring-offset-2 min-h-[44px] disabled:opacity-50 disabled:cursor-not-allowed bg-blue-600 text-white hover:bg-blue-700 focus:ring-blue-600" &gt;\n
        Staff Login\n
    &lt;/a&gt;\n
&lt;!--[if ENDBLOCK]&gt;&lt;![endif]--&gt;\n
                            &lt;/div&gt;\n
\n
            \n
            &lt;div class="md:hidden" x-data="{ open: false }"&gt;\n
                &lt;button type="button"\n
                    class="inline-flex items-center justify-center p-2 rounded-md text-gray-700 hover:text-blue-600 hover:bg-gray-100 focus:outline-none focus:ring-2 focus:ring-blue-600 focus:ring-offset-2 min-h-[44px] min-w-[44px]"\n
                    @click="open = !open" :aria-expanded="open.toString()" aria-controls="mobile-menu"\n
                    aria-label="Toggle navigation menu"&gt;\n
                    &lt;svg class="h-6 w-6" fill="none" viewBox="0 0 24 24" stroke="currentColor" aria-hidden="true"&gt;\n
                        &lt;path stroke-linecap="round" stroke-linejoin="round" stroke-width="2"\n
                            d="M4 6h16M4 12h16M4 18h16" /&gt;\n
                    &lt;/svg&gt;\n
                &lt;/button&gt;\n
\n
                \n
                &lt;div class="md:hidden" id="mobile-menu" x-show="open" x-transition x-cloak&gt;\n
                    &lt;div class="px-2 pt-2 pb-3 space-y-1 sm:px-3" role="navigation"\n
                        aria-label="Mobile navigation"&gt;\n
                        &lt;a href="http://localhost:8000"\n
                            class="block px-3 py-2 rounded-md text-base font-medium text-gray-700 hover:text-blue-600 hover:bg-gray-50 focus:outline-none focus:ring-2 focus:ring-blue-600 min-h-[44px]"\n
                            aria-current="false"&gt;\n
                            Home\n
                        &lt;/a&gt;\n
\n
                                                    &lt;a href="http://localhost:8000/helpdesk/submit"\n
                                class="block px-3 py-2 rounded-md text-base font-medium text-gray-700 hover:text-blue-600 hover:bg-gray-50 focus:outline-none focus:ring-2 focus:ring-blue-600 min-h-[44px]"\n
                                aria-current="false"&gt;\n
                                Helpdesk\n
                            &lt;/a&gt;\n
                        \n
                                                    &lt;a href="http://localhost:8000/loan/create"\n
                                class="block px-3 py-2 rounded-md text-base font-medium text-gray-700 hover:text-blue-600 hover:bg-gray-50 focus:outline-none focus:ring-2 focus:ring-blue-600 min-h-[44px]"\n
                                aria-current="page"&gt;\n
                                Asset Loan\n
                            &lt;/a&gt;\n
                        \n
                                                                                    &lt;a href="http://localhost:8000/admin/login"\n
                                    class="block px-3 py-2 rounded-md text-base font-medium text-gray-700 hover:text-blue-600 hover:bg-gray-50 focus:outline-none focus:ring-2 focus:ring-blue-600 min-h-[44px]"&gt;\n
                                    Admin Login\n
                                &lt;/a&gt;\n
                            \n
                            &lt;a href="http://localhost:8000/login"\n
                                class="block px-3 py-2 rounded-md text-base font-medium text-gray-700 hover:text-blue-600 hover:bg-gray-50 focus:outline-none focus:ring-2 focus:ring-blue-600 min-h-[44px]"&gt;\n
                                Staff Login\n
                            &lt;/a&gt;\n
                                            &lt;/div&gt;\n
                &lt;/div&gt;\n
            &lt;/div&gt;\n
        &lt;/div&gt;\n
    &lt;/div&gt;\n
&lt;/header&gt;\n
\n
            &lt;main class="flex-1"&gt;\n
                                    &lt;div wire:snapshot="{&amp;quot;data&amp;quot;:{&amp;quot;currentStep&amp;quot;:1,&amp;quot;submitting&amp;quot;:false,&amp;quot;form&amp;quot;:[{&amp;quot;applicant_name&amp;quot;:&amp;quot;&amp;quot;,&amp;quot;position&amp;quot;:&amp;quot;&amp;quot;,&amp;quot;phone&amp;quot;:&amp;quot;&amp;quot;,&amp;quot;division_id&amp;quot;:null,&amp;quot;purpose&amp;quot;:&amp;quot;&amp;quot;,&amp;quot;location&amp;quot;:&amp;quot;&amp;quot;,&amp;quot;loan_start_date&amp;quot;:&amp;quot;2025-11-06&amp;quot;,&amp;quot;loan_end_date&amp;quot;:&amp;quot;2025-11-12&amp;quot;,&amp;quot;is_responsible_officer&amp;quot;:false,&amp;quot;responsible_officer_name&amp;quot;:&amp;quot;&amp;quot;,&amp;quot;responsible_officer_position&amp;quot;:&amp;quot;&amp;quot;,&amp;quot;responsible_officer_phone&amp;quot;:&amp;quot;&amp;quot;,&amp;quot;equipment_items&amp;quot;:[[[{&amp;quot;equipment_type&amp;quot;:&amp;quot;&amp;quot;,&amp;quot;quantity&amp;quot;:1,&amp;quot;notes&amp;quot;:&amp;quot;&amp;quot;},{&amp;quot;s&amp;quot;:&amp;quot;arr&amp;quot;}]],{&amp;quot;s&amp;quot;:&amp;quot;arr&amp;quot;}],&amp;quot;applicant_signature&amp;quot;:&amp;quot;&amp;quot;,&amp;quot;accept_terms&amp;quot;:false},{&amp;quot;s&amp;quot;:&amp;quot;arr&amp;quot;}]},&amp;quot;memo&amp;quot;:{&amp;quot;id&amp;quot;:&amp;quot;lRw5Hac3dQ4lPoR3yfT1&amp;quot;,&amp;quot;name&amp;quot;:&amp;quot;guest-loan-application&amp;quot;,&amp;quot;path&amp;quot;:&amp;quot;loan\/apply&amp;quot;,&amp;quot;method&amp;quot;:&amp;quot;GET&amp;quot;,&amp;quot;children&amp;quot;:[],&amp;quot;scripts&amp;quot;:[],&amp;quot;assets&amp;quot;:[],&amp;quot;errors&amp;quot;:[],&amp;quot;locale&amp;quot;:&amp;quot;en&amp;quot;},&amp;quot;checksum&amp;quot;:&amp;quot;927c1fd1c89f74c07234d401e520f475ec12d4ecc704eba0a589ba744c04ab56&amp;quot;}" wire:effects="{&amp;quot;partials&amp;quot;:[]}" wire:id="lRw5Hac3dQ4lPoR3yfT1" class="min-h-screen bg-gray-50 py-8"&gt;\n
    &lt;div class="max-w-4xl mx-auto px-4 sm:px-6 lg:px-8"&gt;\n
        \n
        &lt;div class="bg-white rounded-lg shadow-md mb-6 overflow-hidden"&gt;\n
            &lt;div class="bg-gray-700 px-6 py-4 flex items-center justify-between"&gt;\n
                &lt;div class="flex items-center space-x-4"&gt;\n
                    &lt;div class="bg-danger w-16 h-16 flex items-center justify-center rounded"&gt;\n
                        &lt;span class="text-white font-bold text-xl"&gt;BPM&lt;/span&gt;\n
                    &lt;/div&gt;\n
                    &lt;div class="text-white"&gt;\n
                        &lt;h1 class="text-xl font-bold"&gt;ICT Equipment Loan Application Form&lt;/h1&gt;\n
                        &lt;p class="text-sm text-gray-300"&gt;For Official Use of Ministry of Tourism, Arts &amp;amp; Culture&lt;/p&gt;\n
                    &lt;/div&gt;\n
                &lt;/div&gt;\n
                &lt;div class="text-white text-right"&gt;\n
                    &lt;div class="text-2xl font-bold"&gt;FORM 1&lt;/div&gt;\n
                    &lt;div class="text-sm"&gt;of 4 pages&lt;/div&gt;\n
                &lt;/div&gt;\n
            &lt;/div&gt;\n
        &lt;/div&gt;\n
\n
        \n
        &lt;div class="mb-8"&gt;\n
            &lt;div class="flex items-center justify-between"&gt;\n
                &lt;!--[if BLOCK]&gt;&lt;![endif]--&gt;                    &lt;div class="flex-1 mr-2"&gt;\n
                        &lt;div class="relative"&gt;\n
                            &lt;div class="h-2 rounded-full bg-blue-600"&gt;\n
                            &lt;/div&gt;\n
                            &lt;div class="absolute -top-8 left-1/2 transform -translate-x-1/2 text-center"&gt;\n
                                &lt;div\n
                                    class="w-8 h-8 rounded-full flex items-center justify-center text-sm font-medium\n
                                    bg-blue-600 text-white"&gt;\n
                                    1\n
                                &lt;/div&gt;\n
                                &lt;p class="text-xs mt-1 text-gray-600"&gt;Applicant Info&lt;/p&gt;\n
                            &lt;/div&gt;\n
                        &lt;/div&gt;\n
                    &lt;/div&gt;\n
                                    &lt;div class="flex-1 mr-2"&gt;\n
                        &lt;div class="relative"&gt;\n
                            &lt;div class="h-2 rounded-full bg-gray-300"&gt;\n
                            &lt;/div&gt;\n
                            &lt;div class="absolute -top-8 left-1/2 transform -translate-x-1/2 text-center"&gt;\n
                                &lt;div\n
                                    class="w-8 h-8 rounded-full flex items-center justify-center text-sm font-medium\n
                                    bg-gray-300 text-gray-600"&gt;\n
                                    2\n
                                &lt;/div&gt;\n
                                &lt;p class="text-xs mt-1 text-gray-600"&gt;Responsible Officer&lt;/p&gt;\n
                            &lt;/div&gt;\n
                        &lt;/div&gt;\n
                    &lt;/div&gt;\n
                                    &lt;div class="flex-1 mr-2"&gt;\n
                        &lt;div class="relative"&gt;\n
                            &lt;div class="h-2 rounded-full bg-gray-300"&gt;\n
                            &lt;/div&gt;\n
                            &lt;div class="absolute -top-8 left-1/2 transform -translate-x-1/2 text-center"&gt;\n
                                &lt;div\n
                                    class="w-8 h-8 rounded-full flex items-center justify-center text-sm font-medium\n
                                    bg-gray-300 text-gray-600"&gt;\n
                                    3\n
                                &lt;/div&gt;\n
                                &lt;p class="text-xs mt-1 text-gray-600"&gt;Equipment List&lt;/p&gt;\n
                            &lt;/div&gt;\n
                        &lt;/div&gt;\n
                    &lt;/div&gt;\n
                                    &lt;div class="flex-1 "&gt;\n
                        &lt;div class="relative"&gt;\n
                            &lt;div class="h-2 rounded-full bg-gray-300"&gt;\n
                            &lt;/div&gt;\n
                            &lt;div class="absolute -top-8 left-1/2 transform -translate-x-1/2 text-center"&gt;\n
                                &lt;div\n
                                    class="w-8 h-8 rounded-full flex items-center justify-center text-sm font-medium\n
                                    bg-gray-300 text-gray-600"&gt;\n
                                    4\n
                                &lt;/div&gt;\n
                                &lt;p class="text-xs mt-1 text-gray-600"&gt;Confirmation&lt;/p&gt;\n
                            &lt;/div&gt;\n
                        &lt;/div&gt;\n
                    &lt;/div&gt;\n
                &lt;!--[if ENDBLOCK]&gt;&lt;![endif]--&gt;\n
            &lt;/div&gt;\n
        &lt;/div&gt;\n
\n
        &lt;form wire:submit="submitForm"&gt;\n
            \n
            &lt;!--[if BLOCK]&gt;&lt;![endif]--&gt;                &lt;div class="bg-white rounded-lg shadow-md overflow-hidden "\n
    &gt;\n
    &lt;!--[if BLOCK]&gt;&lt;![endif]--&gt;&lt;!--[if ENDBLOCK]&gt;&lt;![endif]--&gt;\n
\n
    &lt;div class="p-6"&gt;\n
        &lt;div class="space-y-6"&gt;\n
                        \n
                        &lt;div class="bg-gray-100 -mx-6 -mt-6 px-6 py-3 mb-6"&gt;\n
                            &lt;h2 class="text-lg font-semibold text-gray-900"&gt;\n
                                SECTION 1 | APPLICANT INFORMATION\n
                            &lt;/h2&gt;\n
                            &lt;p class="text-sm text-gray-600 mt-1"&gt;Fields marked with * are REQUIRED.&lt;/p&gt;\n
                        &lt;/div&gt;\n
\n
                        \n
                        &lt;div class="mb-4"&gt;\n
    \n
    &lt;label for="form.applicant_name" class="block text-sm font-medium text-gray-700 mb-2"&gt;\n
        Full Name\n
        &lt;!--[if BLOCK]&gt;&lt;![endif]--&gt;            &lt;span class="text-danger" aria-label="required"&gt;*&lt;/span&gt;\n
        &lt;!--[if ENDBLOCK]&gt;&lt;![endif]--&gt;\n
    &lt;/label&gt;\n
\n
    \n
    &lt;!--[if BLOCK]&gt;&lt;![endif]--&gt;&lt;!--[if ENDBLOCK]&gt;&lt;![endif]--&gt;\n
\n
    \n
    &lt;input type="text" name="form.applicant_name" id="form.applicant_name" value=""\n
        class="block w-full rounded-md shadow-sm transition-colors duration-200 min-h-[44px] px-4 py-2 text-base border-gray-300 focus:border-blue-600 focus:ring-2 focus:ring-blue-600 focus:outline-none"  required aria-required="true"                   placeholder="Enter your full name"                                                         wire:model.live.debounce.300ms="form.applicant_name" /&gt;\n
\n
    \n
    &lt;!--[if BLOCK]&gt;&lt;![endif]--&gt;&lt;!--[if ENDBLOCK]&gt;&lt;![endif]--&gt;\n
&lt;/div&gt;\n
\n
                        \n
                        &lt;div class="grid grid-cols-1 md:grid-cols-2 gap-6"&gt;\n
                            &lt;div class="mb-4"&gt;\n
    \n
    &lt;label for="form.position" class="block text-sm font-medium text-gray-700 mb-2"&gt;\n
        Position &amp;amp; Grade\n
        &lt;!--[if BLOCK]&gt;&lt;![endif]--&gt;            &lt;span class="text-danger" aria-label="required"&gt;*&lt;/span&gt;\n
        &lt;!--[if ENDBLOCK]&gt;&lt;![endif]--&gt;\n
    &lt;/label&gt;\n
\n
    \n
    &lt;!--[if BLOCK]&gt;&lt;![endif]--&gt;&lt;!--[if ENDBLOCK]&gt;&lt;![endif]--&gt;\n
\n
    \n
    &lt;input type="text" name="form.position" id="form.position" value=""\n
        class="block w-full rounded-md shadow-sm transition-colors duration-200 min-h-[44px] px-4 py-2 text-base border-gray-300 focus:border-blue-600 focus:ring-2 focus:ring-blue-600 focus:outline-none"  required aria-required="true"                   placeholder="Example: Administrative Officer N41"                                                         wire:model.live.debounce.300ms="form.position" /&gt;\n
\n
    \n
    &lt;!--[if BLOCK]&gt;&lt;![endif]--&gt;&lt;!--[if ENDBLOCK]&gt;&lt;![endif]--&gt;\n
&lt;/div&gt;\n
\n
                            &lt;div class="mb-4"&gt;\n
    \n
    &lt;label for="form.phone" class="block text-sm font-medium text-gray-700 mb-2"&gt;\n
        Phone Number\n
        &lt;!--[if BLOCK]&gt;&lt;![endif]--&gt;            &lt;span class="text-danger" aria-label="required"&gt;*&lt;/span&gt;\n
        &lt;!--[if ENDBLOCK]&gt;&lt;![endif]--&gt;\n
    &lt;/label&gt;\n
\n
    \n
    &lt;!--[if BLOCK]&gt;&lt;![endif]--&gt;&lt;!--[if ENDBLOCK]&gt;&lt;![endif]--&gt;\n
\n
    \n
    &lt;input type="tel" name="form.phone" id="form.phone" value=""\n
        class="block w-full rounded-md shadow-sm transition-colors duration-200 min-h-[44px] px-4 py-2 text-base border-gray-300 focus:border-blue-600 focus:ring-2 focus:ring-blue-600 focus:outline-none"  required aria-required="true"                   placeholder="Example: 03-12345678"                                                         wire:model.live.debounce.300ms="form.phone" /&gt;\n
\n
    \n
    &lt;!--[if BLOCK]&gt;&lt;![endif]--&gt;&lt;!--[if ENDBLOCK]&gt;&lt;![endif]--&gt;\n
&lt;/div&gt;\n
                        &lt;/div&gt;\n
\n
                        \n
                        &lt;div class="mb-4"&gt;\n
    &lt;label for="form.division_id" class="block text-sm font-medium text-gray-700 mb-2"&gt;\n
        Division/Unit\n
        &lt;!--[if BLOCK]&gt;&lt;![endif]--&gt;            &lt;span class="text-danger" aria-label="required"&gt;*&lt;/span&gt;\n
        &lt;!--[if ENDBLOCK]&gt;&lt;![endif]--&gt;\n
    &lt;/label&gt;\n
\n
    &lt;!--[if BLOCK]&gt;&lt;![endif]--&gt;&lt;!--[if ENDBLOCK]&gt;&lt;![endif]--&gt;\n
\n
    &lt;select name="form.division_id" id="form.division_id" class="block w-full rounded-md shadow-sm transition-colors duration-200 min-h-[44px] px-4 py-2 text-base border-gray-300 focus:border-blue-600 focus:ring-2 focus:ring-blue-600 focus:outline-none"\n
         required aria-required="true"                                 wire:model.live="form.division_id"&gt;\n
        &lt;!--[if BLOCK]&gt;&lt;![endif]--&gt;            &lt;option value=""&gt;Select division/unit&lt;/option&gt;\n
        &lt;!--[if ENDBLOCK]&gt;&lt;![endif]--&gt;\n
\n
        &lt;!--[if BLOCK]&gt;&lt;![endif]--&gt;&lt;!--[if ENDBLOCK]&gt;&lt;![endif]--&gt;\n
    &lt;/select&gt;\n
\n
    &lt;!--[if BLOCK]&gt;&lt;![endif]--&gt;&lt;!--[if ENDBLOCK]&gt;&lt;![endif]--&gt;\n
&lt;/div&gt;\n
\n
                        \n
                        &lt;div class="mb-4" x-data="{ charCount: 0 }"&gt;\n
    &lt;label for="form.purpose" class="block text-sm font-medium text-gray-700 mb-2"&gt;\n
        Purpose of Application\n
        &lt;!--[if BLOCK]&gt;&lt;![endif]--&gt;            &lt;span class="text-danger" aria-label="required"&gt;*&lt;/span&gt;\n
        &lt;!--[if ENDBLOCK]&gt;&lt;![endif]--&gt;\n
    &lt;/label&gt;\n
\n
    &lt;!--[if BLOCK]&gt;&lt;![endif]--&gt;&lt;!--[if ENDBLOCK]&gt;&lt;![endif]--&gt;\n
\n
    &lt;textarea name="form.purpose" id="form.purpose" rows="4" class="block w-full rounded-md shadow-sm transition-colors duration-200 px-4 py-2 text-base border-gray-300 focus:border-blue-600 focus:ring-2 focus:ring-blue-600 focus:outline-none"\n
         required aria-required="true"                   placeholder="State the purpose of equipment loan"                  maxlength="500"                          x-on:input="charCount = $event.target.value.length"         wire:model.live.debounce.300ms="form.purpose"&gt;&lt;/textarea&gt;\n
\n
    &lt;!--[if BLOCK]&gt;&lt;![endif]--&gt;        &lt;p id="form.purpose-char-count" class="mt-1 text-sm text-gray-600" aria-live="polite"&gt;\n
            &lt;span x-text="charCount"&gt;&lt;/span&gt; / 500 characters\n
        &lt;/p&gt;\n
    &lt;!--[if ENDBLOCK]&gt;&lt;![endif]--&gt;\n
\n
    &lt;!--[if BLOCK]&gt;&lt;![endif]--&gt;&lt;!--[if ENDBLOCK]&gt;&lt;![endif]--&gt;\n
&lt;/div&gt;\n
\n
                        \n
                        &lt;div class="mb-4"&gt;\n
    \n
    &lt;label for="form.location" class="block text-sm font-medium text-gray-700 mb-2"&gt;\n
        Location\n
        &lt;!--[if BLOCK]&gt;&lt;![endif]--&gt;            &lt;span class="text-danger" aria-label="required"&gt;*&lt;/span&gt;\n
        &lt;!--[if ENDBLOCK]&gt;&lt;![endif]--&gt;\n
    &lt;/label&gt;\n
\n
    \n
    &lt;!--[if BLOCK]&gt;&lt;![endif]--&gt;&lt;!--[if ENDBLOCK]&gt;&lt;![endif]--&gt;\n
\n
    \n
    &lt;input type="text" name="form.location" id="form.location" value=""\n
        class="block w-full rounded-md shadow-sm transition-colors duration-200 min-h-[44px] px-4 py-2 text-base border-gray-300 focus:border-blue-600 focus:ring-2 focus:ring-blue-600 focus:outline-none"  required aria-required="true"                   placeholder="State the location of use"                                                         wire:model.live.debounce.300ms="form.location" /&gt;\n
\n
    \n
    &lt;!--[if BLOCK]&gt;&lt;![endif]--&gt;&lt;!--[if ENDBLOCK]&gt;&lt;![endif]--&gt;\n
&lt;/div&gt;\n
\n
                        \n
                        &lt;div class="grid grid-cols-1 md:grid-cols-2 gap-6"&gt;\n
                            &lt;div class="mb-4"&gt;\n
    \n
    &lt;label for="form.loan_start_date" class="block text-sm font-medium text-gray-700 mb-2"&gt;\n
        Loan Date\n
        &lt;!--[if BLOCK]&gt;&lt;![endif]--&gt;            &lt;span class="text-danger" aria-label="required"&gt;*&lt;/span&gt;\n
        &lt;!--[if ENDBLOCK]&gt;&lt;![endif]--&gt;\n
    &lt;/label&gt;\n
\n
    \n
    &lt;!--[if BLOCK]&gt;&lt;![endif]--&gt;&lt;!--[if ENDBLOCK]&gt;&lt;![endif]--&gt;\n
\n
    \n
    &lt;input type="date" name="form.loan_start_date" id="form.loan_start_date" value=""\n
        class="block w-full rounded-md shadow-sm transition-colors duration-200 min-h-[44px] px-4 py-2 text-base border-gray-300 focus:border-blue-600 focus:ring-2 focus:ring-blue-600 focus:outline-none"  required aria-required="true"                                                                          wire:model.live="form.loan_start_date" min="2025-11-06" /&gt;\n
\n
    \n
    &lt;!--[if BLOCK]&gt;&lt;![endif]--&gt;&lt;!--[if ENDBLOCK]&gt;&lt;![endif]--&gt;\n
&lt;/div&gt;\n
\n
                            &lt;div class="mb-4"&gt;\n
    \n
    &lt;label for="form.loan_end_date" class="block text-sm font-medium text-gray-700 mb-2"&gt;\n
        Expected Return Date\n
        &lt;!--[if BLOCK]&gt;&lt;![endif]--&gt;            &lt;span class="text-danger" aria-label="required"&gt;*&lt;/span&gt;\n
        &lt;!--[if ENDBLOCK]&gt;&lt;![endif]--&gt;\n
    &lt;/label&gt;\n
\n
    \n
    &lt;!--[if BLOCK]&gt;&lt;![endif]--&gt;&lt;!--[if ENDBLOCK]&gt;&lt;![endif]--&gt;\n
\n
    \n
    &lt;input type="date" name="form.loan_end_date" id="form.loan_end_date" value=""\n
        class="block w-full rounded-md shadow-sm transition-colors duration-200 min-h-[44px] px-4 py-2 text-base border-gray-300 focus:border-blue-600 focus:ring-2 focus:ring-blue-600 focus:outline-none"  required aria-required="true"                                                                          wire:model.live="form.loan_end_date" min="2025-11-06" /&gt;\n
\n
    \n
    &lt;!--[if BLOCK]&gt;&lt;![endif]--&gt;&lt;!--[if ENDBLOCK]&gt;&lt;![endif]--&gt;\n
&lt;/div&gt;\n
                        &lt;/div&gt;\n
                    &lt;/div&gt;\n
    &lt;/div&gt;\n
\n
    &lt;!--[if BLOCK]&gt;&lt;![endif]--&gt;&lt;!--[if ENDBLOCK]&gt;&lt;![endif]--&gt;\n
&lt;/div&gt;\n
            &lt;!--[if ENDBLOCK]&gt;&lt;![endif]--&gt;\n
\n
            \n
            &lt;!--[if BLOCK]&gt;&lt;![endif]--&gt;&lt;!--[if ENDBLOCK]&gt;&lt;![endif]--&gt;\n
\n
            \n
            &lt;!--[if BLOCK]&gt;&lt;![endif]--&gt;&lt;!--[if ENDBLOCK]&gt;&lt;![endif]--&gt;\n
\n
            \n
            &lt;!--[if BLOCK]&gt;&lt;![endif]--&gt;&lt;!--[if ENDBLOCK]&gt;&lt;![endif]--&gt;\n
\n
            \n
            &lt;div class="mt-8 flex justify-between items-center"&gt;\n
                &lt;!--[if BLOCK]&gt;&lt;![endif]--&gt;                    &lt;div&gt;&lt;/div&gt;\n
                &lt;!--[if ENDBLOCK]&gt;&lt;![endif]--&gt;\n
\n
                &lt;!--[if BLOCK]&gt;&lt;![endif]--&gt;                    &lt;!--[if BLOCK]&gt;&lt;![endif]--&gt;    &lt;button type="button" class="inline-flex items-center justify-center px-4 py-2 rounded-md font-medium text-sm transition-colors duration-200 focus:outline-none focus:ring-2 focus:ring-offset-2 min-h-[44px] disabled:opacity-50 disabled:cursor-not-allowed bg-blue-600 text-white hover:bg-blue-700 focus:ring-blue-600"         wire:click="nextStep"&gt;\n
        &lt;!--[if BLOCK]&gt;&lt;![endif]--&gt;&lt;!--[if ENDBLOCK]&gt;&lt;![endif]--&gt;\n
        Next\n
                        &lt;svg class="w-4 h-4 ml-2" fill="none" stroke="currentColor" viewBox="0 0 24 24"&gt;\n
                            &lt;path stroke-linecap="round" stroke-linejoin="round" stroke-width="2" d="M9 5l7 7-7 7" /&gt;\n
                        &lt;/svg&gt;\n
    &lt;/button&gt;\n
&lt;!--[if ENDBLOCK]&gt;&lt;![endif]--&gt;\n
                &lt;!--[if ENDBLOCK]&gt;&lt;![endif]--&gt;\n
            &lt;/div&gt;\n
        &lt;/form&gt;\n
\n
        \n
        &lt;div class="mt-8 p-6 bg-white rounded-lg shadow-md"&gt;\n
            &lt;h3 class="text-lg font-semibold text-gray-900 mb-4"&gt;\n
                Need Assistance?\n
            &lt;/h3&gt;\n
            &lt;p class="text-sm text-gray-700 mb-4"&gt;\n
                For any inquiries, please contact:\n
            &lt;/p&gt;\n
            &lt;div class="flex flex-col sm:flex-row gap-4"&gt;\n
                &lt;div class="flex items-center text-sm text-gray-600"&gt;\n
                    &lt;svg class="w-5 h-5 mr-2 text-blue-600" fill="none" stroke="currentColor"\n
                        viewBox="0 0 24 24"&gt;\n
                        &lt;path stroke-linecap="round" stroke-linejoin="round" stroke-width="2"\n
                            d="M3 8l7.89 5.26a2 2 0 002.22 0L21 8M5 19h14a2 2 0 002-2V7a2 2 0 00-2-2H5a2 2 0 00-2 2v10a2 2 0 002 2z" /&gt;\n
                    &lt;/svg&gt;\n
                    &lt;span&gt;bpm@motac.gov.my&lt;/span&gt;\n
                &lt;/div&gt;\n
                &lt;div class="flex items-center text-sm text-gray-600"&gt;\n
                    &lt;svg class="w-5 h-5 mr-2 text-blue-600" fill="none" stroke="currentColor"\n
                        viewBox="0 0 24 24"&gt;\n
                        &lt;path stroke-linecap="round" stroke-linejoin="round" stroke-width="2"\n
                            d="M3 5a2 2 0 012-2h3.28a1 1 0 01.948.684l1.498 4.493a1 1 0 01-.502 1.21l-2.257 1.13a11.042 11.042 0 005.516 5.516l1.13-2.257a1 1 0 011.21-.502l4.493 1.498a1 1 0 01.684.949V19a2 2 0 01-2 2h-1C9.716 21 3 14.284 3 6V5z" /&gt;\n
                    &lt;/svg&gt;\n
                    &lt;span&gt;03-2161 2345&lt;/span&gt;\n
                &lt;/div&gt;\n
            &lt;/div&gt;\n
        &lt;/div&gt;\n
    &lt;/div&gt;\n
&lt;/div&gt;\n
                            &lt;/main&gt;\n
\n
            &lt;footer class="bg-gray-900 text-white mt-auto" role="contentinfo"&gt;\n
    &lt;div class="max-w-7xl mx-auto px-4 sm:px-6 lg:px-8 py-12"&gt;\n
        &lt;div class="grid grid-cols-1 md:grid-cols-3 gap-8"&gt;\n
            \n
            &lt;div&gt;\n
                &lt;h3 class="text-lg font-semibold mb-4"&gt;About ICTServe&lt;/h3&gt;\n
                &lt;p class="text-gray-400 text-sm leading-relaxed"&gt;\n
                    ICTServe is the unified MOTAC platform for submitting IT helpdesk requests and managing asset loans with transparent tracking and WCAG-compliant experiences.\n
                &lt;/p&gt;\n
            &lt;/div&gt;\n
\n
            \n
            &lt;div&gt;\n
                &lt;h3 class="text-lg font-semibold mb-4"&gt;Quick Links&lt;/h3&gt;\n
                &lt;nav aria-label="Footer navigation"&gt;\n
                    &lt;ul class="space-y-2"&gt;\n
                        &lt;li&gt;\n
                            &lt;a href="http://localhost:8000"\n
                                class="text-gray-400 hover:text-white focus:outline-none focus:ring-2 focus:ring-blue-600 focus:ring-offset-2 focus:ring-offset-gray-900 rounded-md transition-colors inline-block"&gt;\n
                                Home\n
                            &lt;/a&gt;\n
                        &lt;/li&gt;\n
                                                                            &lt;li&gt;\n
                                &lt;a href="http://localhost:8000/helpdesk/submit"\n
                                    class="text-gray-400 hover:text-white focus:outline-none focus:ring-2 focus:ring-blue-600 focus:ring-offset-2 focus:ring-offset-gray-900 rounded-md transition-colors inline-block"&gt;\n
                                    Helpdesk\n
                                &lt;/a&gt;\n
                            &lt;/li&gt;\n
                                                                            &lt;li&gt;\n
                                &lt;a href="http://localhost:8000/loan/create"\n
                                    class="text-gray-400 hover:text-white focus:outline-none focus:ring-2 focus:ring-blue-600 focus:ring-offset-2 focus:ring-offset-gray-900 rounded-md transition-colors inline-block"&gt;\n
                                    Asset Loan\n
                                &lt;/a&gt;\n
                            &lt;/li&gt;\n
                                                                            &lt;li&gt;\n
                                &lt;a href="http://localhost:8000/login"\n
                                    class="text-gray-400 hover:text-white focus:outline-none focus:ring-2 focus:ring-blue-600 focus:ring-offset-2 focus:ring-offset-gray-900 rounded-md transition-colors inline-block"&gt;\n
                                    Staff Login\n
                                &lt;/a&gt;\n
                            &lt;/li&gt;\n
                                            &lt;/ul&gt;\n
                &lt;/nav&gt;\n
            &lt;/div&gt;\n
\n
            \n
            &lt;div&gt;\n
                &lt;h3 class="text-lg font-semibold mb-4"&gt;Contact Us&lt;/h3&gt;\n
                &lt;address class="text-gray-400 text-sm not-italic space-y-2"&gt;\n
                    &lt;p&gt;\n
                        &lt;strong&gt;Ministry:&lt;/strong&gt;&lt;br&gt;\n
                        Ministry of Tourism, Arts and Culture Malaysia\n
                    &lt;/p&gt;\n
                    &lt;p&gt;\n
                        &lt;strong&gt;Email:&lt;/strong&gt;&lt;br&gt;\n
                        &lt;a href="mailto:support@motac.gov.my"\n
                            class="hover:text-white focus:outline-none focus:ring-2 focus:ring-blue-600 focus:ring-offset-2 focus:ring-offset-gray-900 rounded-md transition-colors"&gt;\n
                            support@motac.gov.my\n
                        &lt;/a&gt;\n
                    &lt;/p&gt;\n
                    &lt;p&gt;\n
                        &lt;strong&gt;Phone:&lt;/strong&gt;&lt;br&gt;\n
                        &lt;a href="tel:+60380009999"\n
                            class="hover:text-white focus:outline-none focus:ring-2 focus:ring-blue-600 focus:ring-offset-2 focus:ring-offset-gray-900 rounded-md transition-colors"&gt;\n
                            +603 8000 9999\n
                        &lt;/a&gt;\n
                    &lt;/p&gt;\n
                &lt;/address&gt;\n
            &lt;/div&gt;\n
        &lt;/div&gt;\n
\n
        \n
        &lt;div class="mt-8 pt-8 border-t border-gray-800"&gt;\n
            &lt;div class="flex flex-col md:flex-row justify-between items-center space-y-4 md:space-y-0"&gt;\n
                &lt;p class="text-gray-400 text-sm"&gt;\n
                    &amp;copy; 2025 Ministry of Tourism, Arts and Culture Malaysia.\n
                    All rights reserved.\n
                &lt;/p&gt;\n
                &lt;div class="flex items-center space-x-4 text-sm text-gray-400"&gt;\n
                    &lt;span&gt;WCAG 2.2 AA compliant&lt;/span&gt;\n
                    &lt;span aria-hidden="true"&gt;|&lt;/span&gt;\n
                    &lt;span&gt;PDPA compliant&lt;/span&gt;\n
                &lt;/div&gt;\n
            &lt;/div&gt;\n
        &lt;/div&gt;\n
    &lt;/div&gt;\n
&lt;/footer&gt;\n
        &lt;/div&gt;\n
    &lt;!-- Livewire Scripts --&gt;\n
&lt;script src="/livewire/livewire.js?id=df3a17f2"   data-csrf="DX4SRuXAsZS1bTSUIHrJRhFtftPlS40be9nbR9tF" data-update-uri="/livewire/update" data-navigate-once="true"&gt;&lt;/script&gt;\n
&lt;/body&gt;\n
&lt;/html&gt;\n
' [ASCII](length: 39961) contains "skip-to-content" [ASCII](length: 15).
&#13;
C:\XAMPP\htdocs\ictserve-031125\tests\Feature\Livewire\GuestLoanApplicationTest.php:263</failure>
        </testcase>
        <testcase name="test_form_uses_wcag_compliant_colors" file="C:\XAMPP\htdocs\ictserve-031125\tests\Feature\Livewire\GuestLoanApplicationTest.php" line="280" class="Tests\Feature\Livewire\GuestLoanApplicationTest" classname="Tests.Feature.Livewire.GuestLoanApplicationTest" assertions="4" time="3.958525"/>
        <testcase name="test_form_buttons_meet_minimum_touch_target_size" file="C:\XAMPP\htdocs\ictserve-031125\tests\Feature\Livewire\GuestLoanApplicationTest.php" line="316" class="Tests\Feature\Livewire\GuestLoanApplicationTest" classname="Tests.Feature.Livewire.GuestLoanApplicationTest" assertions="1" time="3.468357"/>
        <testcase name="test_form_has_visible_focus_indicators" file="C:\XAMPP\htdocs\ictserve-031125\tests\Feature\Livewire\GuestLoanApplicationTest.php" line="336" class="Tests\Feature\Livewire\GuestLoanApplicationTest" classname="Tests.Feature.Livewire.GuestLoanApplicationTest" assertions="2" time="3.304895"/>
        <testcase name="test_error_messages_are_accessible" file="C:\XAMPP\htdocs\ictserve-031125\tests\Feature\Livewire\GuestLoanApplicationTest.php" line="356" class="Tests\Feature\Livewire\GuestLoanApplicationTest" classname="Tests.Feature.Livewire.GuestLoanApplicationTest" assertions="0" time="3.442173">
          <error type="Livewire\Exceptions\PublicPropertyNotFoundException">Tests\Feature\Livewire\GuestLoanApplicationTest::test_error_messages_are_accessible&#13;
Livewire\Exceptions\PublicPropertyNotFoundException: Unable to set component data. Public property [$applicant_email] not found on component: [guest-loan-application]
&#13;
C:\XAMPP\htdocs\ictserve-031125\vendor\livewire\livewire\src\Mechanisms\HandleComponents\HandleComponents.php:336
C:\XAMPP\htdocs\ictserve-031125\vendor\livewire\livewire\src\Mechanisms\HandleComponents\HandleComponents.php:318
C:\XAMPP\htdocs\ictserve-031125\vendor\livewire\livewire\src\Mechanisms\HandleComponents\HandleComponents.php:98
C:\XAMPP\htdocs\ictserve-031125\vendor\livewire\livewire\src\LivewireManager.php:102
C:\XAMPP\htdocs\ictserve-031125\vendor\livewire\volt\src\LivewireManager.php:35
C:\XAMPP\htdocs\ictserve-031125\vendor\livewire\livewire\src\Mechanisms\HandleRequests\HandleRequests.php:94
C:\XAMPP\htdocs\ictserve-031125\vendor\laravel\framework\src\Illuminate\Routing\ControllerDispatcher.php:46
C:\XAMPP\htdocs\ictserve-031125\vendor\laravel\framework\src\Illuminate\Routing\Route.php:265
C:\XAMPP\htdocs\ictserve-031125\vendor\laravel\framework\src\Illuminate\Routing\Route.php:211
C:\XAMPP\htdocs\ictserve-031125\vendor\laravel\framework\src\Illuminate\Routing\Router.php:822
C:\XAMPP\htdocs\ictserve-031125\vendor\laravel\framework\src\Illuminate\Pipeline\Pipeline.php:180
C:\XAMPP\htdocs\ictserve-031125\vendor\laravel\framework\src\Illuminate\Pipeline\Pipeline.php:137
C:\XAMPP\htdocs\ictserve-031125\vendor\laravel\framework\src\Illuminate\Routing\Router.php:821
C:\XAMPP\htdocs\ictserve-031125\vendor\laravel\framework\src\Illuminate\Routing\Router.php:800
C:\XAMPP\htdocs\ictserve-031125\vendor\laravel\framework\src\Illuminate\Routing\Router.php:764
C:\XAMPP\htdocs\ictserve-031125\vendor\laravel\framework\src\Illuminate\Routing\Router.php:753
C:\XAMPP\htdocs\ictserve-031125\vendor\laravel\framework\src\Illuminate\Foundation\Http\Kernel.php:200
C:\XAMPP\htdocs\ictserve-031125\vendor\laravel\framework\src\Illuminate\Pipeline\Pipeline.php:180
C:\XAMPP\htdocs\ictserve-031125\vendor\laravel\framework\src\Illuminate\Pipeline\Pipeline.php:137
C:\XAMPP\htdocs\ictserve-031125\vendor\laravel\framework\src\Illuminate\Foundation\Http\Kernel.php:175
C:\XAMPP\htdocs\ictserve-031125\vendor\laravel\framework\src\Illuminate\Foundation\Http\Kernel.php:144
C:\XAMPP\htdocs\ictserve-031125\vendor\laravel\framework\src\Illuminate\Foundation\Testing\Concerns\MakesHttpRequests.php:607
C:\XAMPP\htdocs\ictserve-031125\vendor\livewire\livewire\src\Features\SupportTesting\SubsequentRender.php:36
C:\XAMPP\htdocs\ictserve-031125\vendor\livewire\livewire\src\Features\SupportTesting\RequestBroker.php:30
C:\XAMPP\htdocs\ictserve-031125\vendor\livewire\livewire\src\Features\SupportTesting\SubsequentRender.php:35
C:\XAMPP\htdocs\ictserve-031125\vendor\livewire\livewire\src\Features\SupportTesting\Render.php:24
C:\XAMPP\htdocs\ictserve-031125\vendor\livewire\livewire\src\Features\SupportTesting\SubsequentRender.php:34
C:\XAMPP\htdocs\ictserve-031125\vendor\livewire\livewire\src\Features\SupportTesting\SubsequentRender.php:16
C:\XAMPP\htdocs\ictserve-031125\vendor\livewire\livewire\src\Features\SupportTesting\Testable.php:252
C:\XAMPP\htdocs\ictserve-031125\vendor\livewire\livewire\src\Features\SupportTesting\Testable.php:191
C:\XAMPP\htdocs\ictserve-031125\vendor\livewire\livewire\src\Features\SupportTesting\Testable.php:170
C:\XAMPP\htdocs\ictserve-031125\tests\Feature\Livewire\GuestLoanApplicationTest.php:359</error>
        </testcase>
        <testcase name="test_divisions_are_ordered_by_locale_specific_column" file="C:\XAMPP\htdocs\ictserve-031125\tests\Feature\Livewire\GuestLoanApplicationTest.php" line="385" class="Tests\Feature\Livewire\GuestLoanApplicationTest" classname="Tests.Feature.Livewire.GuestLoanApplicationTest" assertions="1" time="3.231522">
          <failure type="PHPUnit\Framework\ExpectationFailedException">Tests\Feature\Livewire\GuestLoanApplicationTest::test_divisions_are_ordered_by_locale_specific_column&#13;
Failed asserting that the value at [divisions] fulfills the expectations defined by the closure.
Failed asserting that false is true.
&#13;
C:\XAMPP\htdocs\ictserve-031125\vendor\laravel\framework\src\Illuminate\Testing\TestResponseAssert.php:45
C:\XAMPP\htdocs\ictserve-031125\vendor\laravel\framework\src\Illuminate\Testing\TestResponse.php:1284
C:\XAMPP\htdocs\ictserve-031125\vendor\livewire\livewire\src\Features\SupportTesting\Testable.php:398
C:\XAMPP\htdocs\ictserve-031125\tests\Feature\Livewire\GuestLoanApplicationTest.php:400</failure>
        </testcase>
        <testcase name="test_form_displays_in_english_locale" file="C:\XAMPP\htdocs\ictserve-031125\tests\Feature\Livewire\GuestLoanApplicationTest.php" line="421" class="Tests\Feature\Livewire\GuestLoanApplicationTest" classname="Tests.Feature.Livewire.GuestLoanApplicationTest" assertions="2" time="2.208476">
          <failure type="PHPUnit\Framework\ExpectationFailedException">Tests\Feature\Livewire\GuestLoanApplicationTest::test_form_displays_in_english_locale&#13;
Failed asserting that '&lt;!DOCTYPE html&gt;\n
&lt;html lang="en"&gt;\n
    &lt;head&gt;\n
        &lt;meta charset="utf-8"&gt;\n
        &lt;meta name="viewport" content="width=device-width, initial-scale=1"&gt;\n
        &lt;meta name="csrf-token" content="MkF3wcsfyT254Ktqx3DbOOORHVwNnCmKNXFiSNZB"&gt;\n
\n
        &lt;title&gt;ICTServe&lt;/title&gt;\n
\n
        &lt;link rel="preconnect" href="https://fonts.bunny.net"&gt;\n
        &lt;link href="https://fonts.bunny.net/css?family=figtree:400,500,600&amp;display=swap" rel="stylesheet" /&gt;\n
\n
        &lt;script type="module" src="http://[::1]:5173/@vite/client" data-navigate-track="reload"&gt;&lt;/script&gt;&lt;link rel="stylesheet" href="http://[::1]:5173/resources/css/app.css" data-navigate-track="reload" /&gt;&lt;script type="module" src="http://[::1]:5173/resources/js/app.js" data-navigate-track="reload"&gt;&lt;/script&gt;    &lt;!-- Livewire Styles --&gt;&lt;style &gt;[wire\:loading][wire\:loading], [wire\:loading\.delay][wire\:loading\.delay], [wire\:loading\.inline-block][wire\:loading\.inline-block], [wire\:loading\.inline][wire\:loading\.inline], [wire\:loading\.block][wire\:loading\.block], [wire\:loading\.flex][wire\:loading\.flex], [wire\:loading\.table][wire\:loading\.table], [wire\:loading\.grid][wire\:loading\.grid], [wire\:loading\.inline-flex][wire\:loading\.inline-flex] {display: none;}[wire\:loading\.delay\.none][wire\:loading\.delay\.none], [wire\:loading\.delay\.shortest][wire\:loading\.delay\.shortest], [wire\:loading\.delay\.shorter][wire\:loading\.delay\.shorter], [wire\:loading\.delay\.short][wire\:loading\.delay\.short], [wire\:loading\.delay\.default][wire\:loading\.delay\.default], [wire\:loading\.delay\.long][wire\:loading\.delay\.long], [wire\:loading\.delay\.longer][wire\:loading\.delay\.longer], [wire\:loading\.delay\.longest][wire\:loading\.delay\.longest] {display: none;}[wire\:offline][wire\:offline] {display: none;}[wire\:dirty]:not(textarea):not(input):not(select) {display: none;}:root {--livewire-progress-bar-color: #2299dd;}[x-cloak] {display: none !important;}[wire\:cloak] {display: none !important;}&lt;/style&gt;\n
&lt;/head&gt;\n
    &lt;body class="font-sans antialiased text-gray-900 bg-slate-50"&gt;\n
        &lt;div class="min-h-screen flex flex-col"&gt;\n
            &lt;nav aria-label="common.skip_links" class="sr-only focus-within:not-sr-only"&gt;\n
    &lt;ul class="fixed top-0 left-0 z-50 bg-motac-blue text-white p-4 rounded-br-lg shadow-lg"&gt;\n
        &lt;li class="mb-2"&gt;\n
            &lt;a href="#main-content"\n
                class="block px-4 py-2 bg-white text-motac-blue rounded-md hover:bg-gray-100 focus:outline-none focus:ring-4 focus:ring-white focus:ring-offset-2 focus:ring-offset-motac-blue min-h-[44px] flex items-center font-medium"\n
                accesskey="m"&gt;\n
                common.skip_to_main_content &lt;span class="ml-2 text-sm"&gt;(Alt+M)&lt;/span&gt;\n
            &lt;/a&gt;\n
        &lt;/li&gt;\n
        &lt;li class="mb-2"&gt;\n
            &lt;a href="#sidebar-navigation"\n
                class="block px-4 py-2 bg-white text-motac-blue rounded-md hover:bg-gray-100 focus:outline-none focus:ring-4 focus:ring-white focus:ring-offset-2 focus:ring-offset-motac-blue min-h-[44px] flex items-center font-medium"\n
                accesskey="s"&gt;\n
                common.skip_to_sidebar &lt;span class="ml-2 text-sm"&gt;(Alt+S)&lt;/span&gt;\n
            &lt;/a&gt;\n
        &lt;/li&gt;\n
        &lt;li&gt;\n
            &lt;a href="#user-menu"\n
                class="block px-4 py-2 bg-white text-motac-blue rounded-md hover:bg-gray-100 focus:outline-none focus:ring-4 focus:ring-white focus:ring-offset-2 focus:ring-offset-motac-blue min-h-[44px] flex items-center font-medium"\n
                accesskey="u"&gt;\n
                common.skip_to_user_menu &lt;span class="ml-2 text-sm"&gt;(Alt+U)&lt;/span&gt;\n
            &lt;/a&gt;\n
        &lt;/li&gt;\n
    &lt;/ul&gt;\n
&lt;/nav&gt;\n
            &lt;header class="bg-white shadow-md" role="banner"&gt;\n
    &lt;div class="max-w-7xl mx-auto px-4 sm:px-6 lg:px-8"&gt;\n
        &lt;div class="flex justify-between items-center h-16"&gt;\n
            \n
            &lt;div class="flex items-center"&gt;\n
                &lt;a href="http://localhost:8000"\n
                    class="flex items-center focus:outline-none focus:ring-2 focus:ring-blue-600 focus:ring-offset-2 rounded-md p-2"\n
                    aria-label="Home"&gt;\n
                    &lt;svg viewBox="0 0 316 316" xmlns="http://www.w3.org/2000/svg" class="h-10 w-auto"&gt;\n
    &lt;path d="M305.8 81.125C305.77 80.995 305.69 80.885 305.65 80.755C305.56 80.525 305.49 80.285 305.37 80.075C305.29 79.935 305.17 79.815 305.07 79.685C304.94 79.515 304.83 79.325 304.68 79.175C304.55 79.045 304.39 78.955 304.25 78.845C304.09 78.715 303.95 78.575 303.77 78.475L251.32 48.275C249.97 47.495 248.31 47.495 246.96 48.275L194.51 78.475C194.33 78.575 194.19 78.725 194.03 78.845C193.89 78.955 193.73 79.045 193.6 79.175C193.45 79.325 193.34 79.515 193.21 79.685C193.11 79.815 192.99 79.935 192.91 80.075C192.79 80.285 192.71 80.525 192.63 80.755C192.58 80.875 192.51 80.995 192.48 81.125C192.38 81.495 192.33 81.875 192.33 82.265V139.625L148.62 164.795V52.575C148.62 52.185 148.57 51.805 148.47 51.435C148.44 51.305 148.36 51.195 148.32 51.065C148.23 50.835 148.16 50.595 148.04 50.385C147.96 50.245 147.84 50.125 147.74 49.995C147.61 49.825 147.5 49.635 147.35 49.485C147.22 49.355 147.06 49.265 146.92 49.155C146.76 49.025 146.62 48.885 146.44 48.785L93.99 18.585C92.64 17.805 90.98 17.805 89.63 18.585L37.18 48.785C37 48.885 36.86 49.035 36.7 49.155C36.56 49.265 36.4 49.355 36.27 49.485C36.12 49.635 36.01 49.825 35.88 49.995C35.78 50.125 35.66 50.245 35.58 50.385C35.46 50.595 35.38 50.835 35.3 51.065C35.25 51.185 35.18 51.305 35.15 51.435C35.05 51.805 35 52.185 35 52.575V232.235C35 233.795 35.84 235.245 37.19 236.025L142.1 296.425C142.33 296.555 142.58 296.635 142.82 296.725C142.93 296.765 143.04 296.835 143.16 296.865C143.53 296.965 143.9 297.015 144.28 297.015C144.66 297.015 145.03 296.965 145.4 296.865C145.5 296.835 145.59 296.775 145.69 296.745C145.95 296.655 146.21 296.565 146.45 296.435L251.36 236.035C252.72 235.255 253.55 233.815 253.55 232.245V174.885L303.81 145.945C305.17 145.165 306 143.725 306 142.155V82.265C305.95 81.875 305.89 81.495 305.8 81.125ZM144.2 227.205L100.57 202.515L146.39 176.135L196.66 147.195L240.33 172.335L208.29 190.625L144.2 227.205ZM244.75 114.995V164.795L226.39 154.225L201.03 139.625V89.825L219.39 100.395L244.75 114.995ZM249.12 57.105L292.81 82.265L249.12 107.425L205.43 82.265L249.12 57.105ZM114.49 184.425L96.13 194.995V85.305L121.49 70.705L139.85 60.135V169.815L114.49 184.425ZM91.76 27.425L135.45 52.585L91.76 77.745L48.07 52.585L91.76 27.425ZM43.67 60.135L62.03 70.705L87.39 85.305V202.545V202.555V202.565C87.39 202.735 87.44 202.895 87.46 203.055C87.49 203.265 87.49 203.485 87.55 203.695V203.705C87.6 203.875 87.69 204.035 87.76 204.195C87.84 204.375 87.89 204.575 87.99 204.745C87.99 204.745 87.99 204.755 88 204.755C88.09 204.905 88.22 205.035 88.33 205.175C88.45 205.335 88.55 205.495 88.69 205.635L88.7 205.645C88.82 205.765 88.98 205.855 89.12 205.965C89.28 206.085 89.42 206.225 89.59 206.325C89.6 206.325 89.6 206.325 89.61 206.335C89.62 206.335 89.62 206.345 89.63 206.345L139.87 234.775V285.065L43.67 229.705V60.135ZM244.75 229.705L148.58 285.075V234.775L219.8 194.115L244.75 179.875V229.705ZM297.2 139.625L253.49 164.795V114.995L278.85 100.395L297.21 89.825V139.625H297.2Z"/&gt;\n
&lt;/svg&gt;\n
                    &lt;span class="ml-3 text-xl font-bold text-gray-900"&gt;ICTServe&lt;/span&gt;\n
                &lt;/a&gt;\n
            &lt;/div&gt;\n
\n
            \n
            &lt;nav class="hidden md:flex space-x-8" role="navigation" aria-label="Main navigation"&gt;\n
                &lt;a href="http://localhost:8000"\n
                    class="inline-flex items-center px-3 py-2 text-sm font-medium text-gray-700 hover:text-blue-600 focus:outline-none focus:ring-2 focus:ring-blue-600 focus:ring-offset-2 rounded-md transition-colors duration-200"\n
                    aria-current="false"&gt;\n
                    Home\n
                &lt;/a&gt;\n
\n
                                    &lt;a href="http://localhost:8000/helpdesk/submit"\n
                        class="inline-flex items-center px-3 py-2 text-sm font-medium text-gray-700 hover:text-blue-600 focus:outline-none focus:ring-2 focus:ring-blue-600 focus:ring-offset-2 rounded-md transition-colors duration-200"\n
                        aria-current="false"&gt;\n
                        Helpdesk\n
                    &lt;/a&gt;\n
                \n
                                    &lt;a href="http://localhost:8000/loan/create"\n
                        class="inline-flex items-center px-3 py-2 text-sm font-medium text-gray-700 hover:text-blue-600 focus:outline-none focus:ring-2 focus:ring-blue-600 focus:ring-offset-2 rounded-md transition-colors duration-200"\n
                        aria-current="page"&gt;\n
                        Asset Loan\n
                    &lt;/a&gt;\n
                            &lt;/nav&gt;\n
\n
            \n
            &lt;div class="flex items-center space-x-3"&gt;\n
                \n
                &lt;div class="relative" x-data="{ open: false }" @click.outside="open = false" @keydown.escape.window="open = false"&gt;\n
    \n
    &lt;button type="button" @click="open = !open"\n
        class="inline-flex items-center justify-center min-h-[44px] min-w-[44px] px-4 py-2 text-sm font-medium text-gray-700 bg-white border border-gray-300 rounded-md hover:bg-gray-50 focus:outline-none focus:ring-2 focus:ring-blue-600 focus:ring-offset-2 transition-colors duration-150"\n
        aria-haspopup="menu"\n
        :aria-expanded="open.toString()"\n
        aria-controls="language-menu"\n
        aria-label="Language switcher"&gt;\n
        \n
        &lt;svg class="w-5 h-5 mr-2" fill="none" stroke="currentColor" viewBox="0 0 24 24" aria-hidden="true"&gt;\n
            &lt;path stroke-linecap="round" stroke-linejoin="round" stroke-width="2"\n
                d="M3 5h12M9 3v2m1 14h9m-9 0a7 7 0 110-14 7 7 0 010 14zm0 0c1.657 0 3-3.134 3-7s-1.343-7-3-7-3 3.134-3 7 1.343 7 3 7z" /&gt;\n
        &lt;/svg&gt;\n
\n
        \n
        &lt;span class="hidden sm:inline"&gt;\n
            English\n
        &lt;/span&gt;\n
\n
        \n
        &lt;span class="inline sm:hidden font-semibold"&gt;\n
            EN\n
        &lt;/span&gt;\n
\n
        \n
        &lt;svg class="w-4 h-4 ml-2 transition-transform duration-150" :class="{ 'rotate-180': open }" fill="none"\n
            stroke="currentColor" viewBox="0 0 24 24" aria-hidden="true"&gt;\n
            &lt;path stroke-linecap="round" stroke-linejoin="round" stroke-width="2" d="M19 9l-7 7-7-7" /&gt;\n
        &lt;/svg&gt;\n
    &lt;/button&gt;\n
\n
    \n
    &lt;div x-show="open" x-transition:enter="transition ease-out duration-100"\n
        x-transition:enter-start="transform opacity-0 scale-95"\n
        x-transition:enter-end="transform opacity-100 scale-100"\n
        x-transition:leave="transition ease-in duration-75"\n
        x-transition:leave-start="transform opacity-100 scale-100"\n
        x-transition:leave-end="transform opacity-0 scale-95"\n
        class="absolute right-0 z-50 mt-2 w-56 origin-top-right rounded-md bg-white shadow-lg ring-1 ring-black ring-opacity-5 focus:outline-none"\n
        role="menu" id="language-menu" aria-orientation="vertical" tabindex="-1"\n
        style="display: none;"&gt;\n
        &lt;div class="py-1" role="none"&gt;\n
                            &lt;a href="http://localhost:8000/change-locale/en"\n
                    class="group flex items-center min-h-[44px] px-4 py-2 text-sm text-gray-700 hover:bg-gray-100 hover:text-gray-900 focus:bg-gray-100 focus:text-gray-900 focus:outline-none focus:ring-2 focus:ring-inset focus:ring-blue-600 transition-colors duration-150 bg-blue-600 text-white hover:bg-blue-600 hover:text-white"\n
                    role="menuitem" tabindex="-1" lang="en" @click="open = false"\n
                     aria-current="page" &gt;\n
                    &lt;span class="mr-3 font-semibold" aria-hidden="true"&gt;EN&lt;/span&gt;\n
                    &lt;span class="flex-1"&gt;English&lt;/span&gt;\n
\n
                                            &lt;svg class="w-5 h-5 ml-2" fill="currentColor" viewBox="0 0 20 20" aria-hidden="true"&gt;\n
                            &lt;path fill-rule="evenodd"\n
                                d="M16.707 5.293a1 1 0 010 1.414l-8 8a1 1 0 01-1.414 0l-4-4a1 1 0 011.414-1.414L8 12.586l7.293-7.293a1 1 0 011.414 0z"\n
                                clip-rule="evenodd" /&gt;\n
                        &lt;/svg&gt;\n
                                    &lt;/a&gt;\n
                            &lt;a href="http://localhost:8000/change-locale/ms"\n
                    class="group flex items-center min-h-[44px] px-4 py-2 text-sm text-gray-700 hover:bg-gray-100 hover:text-gray-900 focus:bg-gray-100 focus:text-gray-900 focus:outline-none focus:ring-2 focus:ring-inset focus:ring-blue-600 transition-colors duration-150"\n
                    role="menuitem" tabindex="-1" lang="ms" @click="open = false"\n
                    &gt;\n
                    &lt;span class="mr-3 font-semibold" aria-hidden="true"&gt;MS&lt;/span&gt;\n
                    &lt;span class="flex-1"&gt;Bahasa Melayu&lt;/span&gt;\n
\n
                                    &lt;/a&gt;\n
                    &lt;/div&gt;\n
    &lt;/div&gt;\n
&lt;/div&gt;\n
\n
                \n
                                                            &lt;!--[if BLOCK]&gt;&lt;![endif]--&gt;    &lt;a href="http://localhost:8000/admin/login" class="inline-flex items-center justify-center px-4 py-2 rounded-md font-medium text-sm transition-colors duration-200 focus:outline-none focus:ring-2 focus:ring-offset-2 min-h-[44px] disabled:opacity-50 disabled:cursor-not-allowed bg-transparent text-blue-600 hover:bg-blue-50 focus:ring-blue-600" &gt;\n
        Admin Login\n
    &lt;/a&gt;\n
&lt;!--[if ENDBLOCK]&gt;&lt;![endif]--&gt;\n
                    \n
                    &lt;!--[if BLOCK]&gt;&lt;![endif]--&gt;    &lt;a href="http://localhost:8000/login" class="inline-flex items-center justify-center px-4 py-2 rounded-md font-medium text-sm transition-colors duration-200 focus:outline-none focus:ring-2 focus:ring-offset-2 min-h-[44px] disabled:opacity-50 disabled:cursor-not-allowed bg-blue-600 text-white hover:bg-blue-700 focus:ring-blue-600" &gt;\n
        Staff Login\n
    &lt;/a&gt;\n
&lt;!--[if ENDBLOCK]&gt;&lt;![endif]--&gt;\n
                            &lt;/div&gt;\n
\n
            \n
            &lt;div class="md:hidden" x-data="{ open: false }"&gt;\n
                &lt;button type="button"\n
                    class="inline-flex items-center justify-center p-2 rounded-md text-gray-700 hover:text-blue-600 hover:bg-gray-100 focus:outline-none focus:ring-2 focus:ring-blue-600 focus:ring-offset-2 min-h-[44px] min-w-[44px]"\n
                    @click="open = !open" :aria-expanded="open.toString()" aria-controls="mobile-menu"\n
                    aria-label="Toggle navigation menu"&gt;\n
                    &lt;svg class="h-6 w-6" fill="none" viewBox="0 0 24 24" stroke="currentColor" aria-hidden="true"&gt;\n
                        &lt;path stroke-linecap="round" stroke-linejoin="round" stroke-width="2"\n
                            d="M4 6h16M4 12h16M4 18h16" /&gt;\n
                    &lt;/svg&gt;\n
                &lt;/button&gt;\n
\n
                \n
                &lt;div class="md:hidden" id="mobile-menu" x-show="open" x-transition x-cloak&gt;\n
                    &lt;div class="px-2 pt-2 pb-3 space-y-1 sm:px-3" role="navigation"\n
                        aria-label="Mobile navigation"&gt;\n
                        &lt;a href="http://localhost:8000"\n
                            class="block px-3 py-2 rounded-md text-base font-medium text-gray-700 hover:text-blue-600 hover:bg-gray-50 focus:outline-none focus:ring-2 focus:ring-blue-600 min-h-[44px]"\n
                            aria-current="false"&gt;\n
                            Home\n
                        &lt;/a&gt;\n
\n
                                                    &lt;a href="http://localhost:8000/helpdesk/submit"\n
                                class="block px-3 py-2 rounded-md text-base font-medium text-gray-700 hover:text-blue-600 hover:bg-gray-50 focus:outline-none focus:ring-2 focus:ring-blue-600 min-h-[44px]"\n
                                aria-current="false"&gt;\n
                                Helpdesk\n
                            &lt;/a&gt;\n
                        \n
                                                    &lt;a href="http://localhost:8000/loan/create"\n
                                class="block px-3 py-2 rounded-md text-base font-medium text-gray-700 hover:text-blue-600 hover:bg-gray-50 focus:outline-none focus:ring-2 focus:ring-blue-600 min-h-[44px]"\n
                                aria-current="page"&gt;\n
                                Asset Loan\n
                            &lt;/a&gt;\n
                        \n
                                                                                    &lt;a href="http://localhost:8000/admin/login"\n
                                    class="block px-3 py-2 rounded-md text-base font-medium text-gray-700 hover:text-blue-600 hover:bg-gray-50 focus:outline-none focus:ring-2 focus:ring-blue-600 min-h-[44px]"&gt;\n
                                    Admin Login\n
                                &lt;/a&gt;\n
                            \n
                            &lt;a href="http://localhost:8000/login"\n
                                class="block px-3 py-2 rounded-md text-base font-medium text-gray-700 hover:text-blue-600 hover:bg-gray-50 focus:outline-none focus:ring-2 focus:ring-blue-600 min-h-[44px]"&gt;\n
                                Staff Login\n
                            &lt;/a&gt;\n
                                            &lt;/div&gt;\n
                &lt;/div&gt;\n
            &lt;/div&gt;\n
        &lt;/div&gt;\n
    &lt;/div&gt;\n
&lt;/header&gt;\n
\n
            &lt;main class="flex-1"&gt;\n
                                    &lt;div wire:snapshot="{&amp;quot;data&amp;quot;:{&amp;quot;currentStep&amp;quot;:1,&amp;quot;submitting&amp;quot;:false,&amp;quot;form&amp;quot;:[{&amp;quot;applicant_name&amp;quot;:&amp;quot;&amp;quot;,&amp;quot;position&amp;quot;:&amp;quot;&amp;quot;,&amp;quot;phone&amp;quot;:&amp;quot;&amp;quot;,&amp;quot;division_id&amp;quot;:null,&amp;quot;purpose&amp;quot;:&amp;quot;&amp;quot;,&amp;quot;location&amp;quot;:&amp;quot;&amp;quot;,&amp;quot;loan_start_date&amp;quot;:&amp;quot;2025-11-06&amp;quot;,&amp;quot;loan_end_date&amp;quot;:&amp;quot;2025-11-12&amp;quot;,&amp;quot;is_responsible_officer&amp;quot;:false,&amp;quot;responsible_officer_name&amp;quot;:&amp;quot;&amp;quot;,&amp;quot;responsible_officer_position&amp;quot;:&amp;quot;&amp;quot;,&amp;quot;responsible_officer_phone&amp;quot;:&amp;quot;&amp;quot;,&amp;quot;equipment_items&amp;quot;:[[[{&amp;quot;equipment_type&amp;quot;:&amp;quot;&amp;quot;,&amp;quot;quantity&amp;quot;:1,&amp;quot;notes&amp;quot;:&amp;quot;&amp;quot;},{&amp;quot;s&amp;quot;:&amp;quot;arr&amp;quot;}]],{&amp;quot;s&amp;quot;:&amp;quot;arr&amp;quot;}],&amp;quot;applicant_signature&amp;quot;:&amp;quot;&amp;quot;,&amp;quot;accept_terms&amp;quot;:false},{&amp;quot;s&amp;quot;:&amp;quot;arr&amp;quot;}]},&amp;quot;memo&amp;quot;:{&amp;quot;id&amp;quot;:&amp;quot;oN11ixdJkYbgY35zOuNk&amp;quot;,&amp;quot;name&amp;quot;:&amp;quot;guest-loan-application&amp;quot;,&amp;quot;path&amp;quot;:&amp;quot;loan\/apply&amp;quot;,&amp;quot;method&amp;quot;:&amp;quot;GET&amp;quot;,&amp;quot;children&amp;quot;:[],&amp;quot;scripts&amp;quot;:[],&amp;quot;assets&amp;quot;:[],&amp;quot;errors&amp;quot;:[],&amp;quot;locale&amp;quot;:&amp;quot;en&amp;quot;},&amp;quot;checksum&amp;quot;:&amp;quot;e1894b3c77a5a516030457bddad6279a263e2b7ebb06080b6b23f65fd41ed7c0&amp;quot;}" wire:effects="{&amp;quot;partials&amp;quot;:[]}" wire:id="oN11ixdJkYbgY35zOuNk" class="min-h-screen bg-gray-50 py-8"&gt;\n
    &lt;div class="max-w-4xl mx-auto px-4 sm:px-6 lg:px-8"&gt;\n
        \n
        &lt;div class="bg-white rounded-lg shadow-md mb-6 overflow-hidden"&gt;\n
            &lt;div class="bg-gray-700 px-6 py-4 flex items-center justify-between"&gt;\n
                &lt;div class="flex items-center space-x-4"&gt;\n
                    &lt;div class="bg-danger w-16 h-16 flex items-center justify-center rounded"&gt;\n
                        &lt;span class="text-white font-bold text-xl"&gt;BPM&lt;/span&gt;\n
                    &lt;/div&gt;\n
                    &lt;div class="text-white"&gt;\n
                        &lt;h1 class="text-xl font-bold"&gt;ICT Equipment Loan Application Form&lt;/h1&gt;\n
                        &lt;p class="text-sm text-gray-300"&gt;For Official Use of Ministry of Tourism, Arts &amp;amp; Culture&lt;/p&gt;\n
                    &lt;/div&gt;\n
                &lt;/div&gt;\n
                &lt;div class="text-white text-right"&gt;\n
                    &lt;div class="text-2xl font-bold"&gt;FORM 1&lt;/div&gt;\n
                    &lt;div class="text-sm"&gt;of 4 pages&lt;/div&gt;\n
                &lt;/div&gt;\n
            &lt;/div&gt;\n
        &lt;/div&gt;\n
\n
        \n
        &lt;div class="mb-8"&gt;\n
            &lt;div class="flex items-center justify-between"&gt;\n
                &lt;!--[if BLOCK]&gt;&lt;![endif]--&gt;                    &lt;div class="flex-1 mr-2"&gt;\n
                        &lt;div class="relative"&gt;\n
                            &lt;div class="h-2 rounded-full bg-blue-600"&gt;\n
                            &lt;/div&gt;\n
                            &lt;div class="absolute -top-8 left-1/2 transform -translate-x-1/2 text-center"&gt;\n
                                &lt;div\n
                                    class="w-8 h-8 rounded-full flex items-center justify-center text-sm font-medium\n
                                    bg-blue-600 text-white"&gt;\n
                                    1\n
                                &lt;/div&gt;\n
                                &lt;p class="text-xs mt-1 text-gray-600"&gt;Applicant Info&lt;/p&gt;\n
                            &lt;/div&gt;\n
                        &lt;/div&gt;\n
                    &lt;/div&gt;\n
                                    &lt;div class="flex-1 mr-2"&gt;\n
                        &lt;div class="relative"&gt;\n
                            &lt;div class="h-2 rounded-full bg-gray-300"&gt;\n
                            &lt;/div&gt;\n
                            &lt;div class="absolute -top-8 left-1/2 transform -translate-x-1/2 text-center"&gt;\n
                                &lt;div\n
                                    class="w-8 h-8 rounded-full flex items-center justify-center text-sm font-medium\n
                                    bg-gray-300 text-gray-600"&gt;\n
                                    2\n
                                &lt;/div&gt;\n
                                &lt;p class="text-xs mt-1 text-gray-600"&gt;Responsible Officer&lt;/p&gt;\n
                            &lt;/div&gt;\n
                        &lt;/div&gt;\n
                    &lt;/div&gt;\n
                                    &lt;div class="flex-1 mr-2"&gt;\n
                        &lt;div class="relative"&gt;\n
                            &lt;div class="h-2 rounded-full bg-gray-300"&gt;\n
                            &lt;/div&gt;\n
                            &lt;div class="absolute -top-8 left-1/2 transform -translate-x-1/2 text-center"&gt;\n
                                &lt;div\n
                                    class="w-8 h-8 rounded-full flex items-center justify-center text-sm font-medium\n
                                    bg-gray-300 text-gray-600"&gt;\n
                                    3\n
                                &lt;/div&gt;\n
                                &lt;p class="text-xs mt-1 text-gray-600"&gt;Equipment List&lt;/p&gt;\n
                            &lt;/div&gt;\n
                        &lt;/div&gt;\n
                    &lt;/div&gt;\n
                                    &lt;div class="flex-1 "&gt;\n
                        &lt;div class="relative"&gt;\n
                            &lt;div class="h-2 rounded-full bg-gray-300"&gt;\n
                            &lt;/div&gt;\n
                            &lt;div class="absolute -top-8 left-1/2 transform -translate-x-1/2 text-center"&gt;\n
                                &lt;div\n
                                    class="w-8 h-8 rounded-full flex items-center justify-center text-sm font-medium\n
                                    bg-gray-300 text-gray-600"&gt;\n
                                    4\n
                                &lt;/div&gt;\n
                                &lt;p class="text-xs mt-1 text-gray-600"&gt;Confirmation&lt;/p&gt;\n
                            &lt;/div&gt;\n
                        &lt;/div&gt;\n
                    &lt;/div&gt;\n
                &lt;!--[if ENDBLOCK]&gt;&lt;![endif]--&gt;\n
            &lt;/div&gt;\n
        &lt;/div&gt;\n
\n
        &lt;form wire:submit="submitForm"&gt;\n
            \n
            &lt;!--[if BLOCK]&gt;&lt;![endif]--&gt;                &lt;div class="bg-white rounded-lg shadow-md overflow-hidden "\n
    &gt;\n
    &lt;!--[if BLOCK]&gt;&lt;![endif]--&gt;&lt;!--[if ENDBLOCK]&gt;&lt;![endif]--&gt;\n
\n
    &lt;div class="p-6"&gt;\n
        &lt;div class="space-y-6"&gt;\n
                        \n
                        &lt;div class="bg-gray-100 -mx-6 -mt-6 px-6 py-3 mb-6"&gt;\n
                            &lt;h2 class="text-lg font-semibold text-gray-900"&gt;\n
                                SECTION 1 | APPLICANT INFORMATION\n
                            &lt;/h2&gt;\n
                            &lt;p class="text-sm text-gray-600 mt-1"&gt;Fields marked with * are REQUIRED.&lt;/p&gt;\n
                        &lt;/div&gt;\n
\n
                        \n
                        &lt;div class="mb-4"&gt;\n
    \n
    &lt;label for="form.applicant_name" class="block text-sm font-medium text-gray-700 mb-2"&gt;\n
        Full Name\n
        &lt;!--[if BLOCK]&gt;&lt;![endif]--&gt;            &lt;span class="text-danger" aria-label="required"&gt;*&lt;/span&gt;\n
        &lt;!--[if ENDBLOCK]&gt;&lt;![endif]--&gt;\n
    &lt;/label&gt;\n
\n
    \n
    &lt;!--[if BLOCK]&gt;&lt;![endif]--&gt;&lt;!--[if ENDBLOCK]&gt;&lt;![endif]--&gt;\n
\n
    \n
    &lt;input type="text" name="form.applicant_name" id="form.applicant_name" value=""\n
        class="block w-full rounded-md shadow-sm transition-colors duration-200 min-h-[44px] px-4 py-2 text-base border-gray-300 focus:border-blue-600 focus:ring-2 focus:ring-blue-600 focus:outline-none"  required aria-required="true"                   placeholder="Enter your full name"                                                         wire:model.live.debounce.300ms="form.applicant_name" /&gt;\n
\n
    \n
    &lt;!--[if BLOCK]&gt;&lt;![endif]--&gt;&lt;!--[if ENDBLOCK]&gt;&lt;![endif]--&gt;\n
&lt;/div&gt;\n
\n
                        \n
                        &lt;div class="grid grid-cols-1 md:grid-cols-2 gap-6"&gt;\n
                            &lt;div class="mb-4"&gt;\n
    \n
    &lt;label for="form.position" class="block text-sm font-medium text-gray-700 mb-2"&gt;\n
        Position &amp;amp; Grade\n
        &lt;!--[if BLOCK]&gt;&lt;![endif]--&gt;            &lt;span class="text-danger" aria-label="required"&gt;*&lt;/span&gt;\n
        &lt;!--[if ENDBLOCK]&gt;&lt;![endif]--&gt;\n
    &lt;/label&gt;\n
\n
    \n
    &lt;!--[if BLOCK]&gt;&lt;![endif]--&gt;&lt;!--[if ENDBLOCK]&gt;&lt;![endif]--&gt;\n
\n
    \n
    &lt;input type="text" name="form.position" id="form.position" value=""\n
        class="block w-full rounded-md shadow-sm transition-colors duration-200 min-h-[44px] px-4 py-2 text-base border-gray-300 focus:border-blue-600 focus:ring-2 focus:ring-blue-600 focus:outline-none"  required aria-required="true"                   placeholder="Example: Administrative Officer N41"                                                         wire:model.live.debounce.300ms="form.position" /&gt;\n
\n
    \n
    &lt;!--[if BLOCK]&gt;&lt;![endif]--&gt;&lt;!--[if ENDBLOCK]&gt;&lt;![endif]--&gt;\n
&lt;/div&gt;\n
\n
                            &lt;div class="mb-4"&gt;\n
    \n
    &lt;label for="form.phone" class="block text-sm font-medium text-gray-700 mb-2"&gt;\n
        Phone Number\n
        &lt;!--[if BLOCK]&gt;&lt;![endif]--&gt;            &lt;span class="text-danger" aria-label="required"&gt;*&lt;/span&gt;\n
        &lt;!--[if ENDBLOCK]&gt;&lt;![endif]--&gt;\n
    &lt;/label&gt;\n
\n
    \n
    &lt;!--[if BLOCK]&gt;&lt;![endif]--&gt;&lt;!--[if ENDBLOCK]&gt;&lt;![endif]--&gt;\n
\n
    \n
    &lt;input type="tel" name="form.phone" id="form.phone" value=""\n
        class="block w-full rounded-md shadow-sm transition-colors duration-200 min-h-[44px] px-4 py-2 text-base border-gray-300 focus:border-blue-600 focus:ring-2 focus:ring-blue-600 focus:outline-none"  required aria-required="true"                   placeholder="Example: 03-12345678"                                                         wire:model.live.debounce.300ms="form.phone" /&gt;\n
\n
    \n
    &lt;!--[if BLOCK]&gt;&lt;![endif]--&gt;&lt;!--[if ENDBLOCK]&gt;&lt;![endif]--&gt;\n
&lt;/div&gt;\n
                        &lt;/div&gt;\n
\n
                        \n
                        &lt;div class="mb-4"&gt;\n
    &lt;label for="form.division_id" class="block text-sm font-medium text-gray-700 mb-2"&gt;\n
        Division/Unit\n
        &lt;!--[if BLOCK]&gt;&lt;![endif]--&gt;            &lt;span class="text-danger" aria-label="required"&gt;*&lt;/span&gt;\n
        &lt;!--[if ENDBLOCK]&gt;&lt;![endif]--&gt;\n
    &lt;/label&gt;\n
\n
    &lt;!--[if BLOCK]&gt;&lt;![endif]--&gt;&lt;!--[if ENDBLOCK]&gt;&lt;![endif]--&gt;\n
\n
    &lt;select name="form.division_id" id="form.division_id" class="block w-full rounded-md shadow-sm transition-colors duration-200 min-h-[44px] px-4 py-2 text-base border-gray-300 focus:border-blue-600 focus:ring-2 focus:ring-blue-600 focus:outline-none"\n
         required aria-required="true"                                 wire:model.live="form.division_id"&gt;\n
        &lt;!--[if BLOCK]&gt;&lt;![endif]--&gt;            &lt;option value=""&gt;Select division/unit&lt;/option&gt;\n
        &lt;!--[if ENDBLOCK]&gt;&lt;![endif]--&gt;\n
\n
        &lt;!--[if BLOCK]&gt;&lt;![endif]--&gt;&lt;!--[if ENDBLOCK]&gt;&lt;![endif]--&gt;\n
    &lt;/select&gt;\n
\n
    &lt;!--[if BLOCK]&gt;&lt;![endif]--&gt;&lt;!--[if ENDBLOCK]&gt;&lt;![endif]--&gt;\n
&lt;/div&gt;\n
\n
                        \n
                        &lt;div class="mb-4" x-data="{ charCount: 0 }"&gt;\n
    &lt;label for="form.purpose" class="block text-sm font-medium text-gray-700 mb-2"&gt;\n
        Purpose of Application\n
        &lt;!--[if BLOCK]&gt;&lt;![endif]--&gt;            &lt;span class="text-danger" aria-label="required"&gt;*&lt;/span&gt;\n
        &lt;!--[if ENDBLOCK]&gt;&lt;![endif]--&gt;\n
    &lt;/label&gt;\n
\n
    &lt;!--[if BLOCK]&gt;&lt;![endif]--&gt;&lt;!--[if ENDBLOCK]&gt;&lt;![endif]--&gt;\n
\n
    &lt;textarea name="form.purpose" id="form.purpose" rows="4" class="block w-full rounded-md shadow-sm transition-colors duration-200 px-4 py-2 text-base border-gray-300 focus:border-blue-600 focus:ring-2 focus:ring-blue-600 focus:outline-none"\n
         required aria-required="true"                   placeholder="State the purpose of equipment loan"                  maxlength="500"                          x-on:input="charCount = $event.target.value.length"         wire:model.live.debounce.300ms="form.purpose"&gt;&lt;/textarea&gt;\n
\n
    &lt;!--[if BLOCK]&gt;&lt;![endif]--&gt;        &lt;p id="form.purpose-char-count" class="mt-1 text-sm text-gray-600" aria-live="polite"&gt;\n
            &lt;span x-text="charCount"&gt;&lt;/span&gt; / 500 characters\n
        &lt;/p&gt;\n
    &lt;!--[if ENDBLOCK]&gt;&lt;![endif]--&gt;\n
\n
    &lt;!--[if BLOCK]&gt;&lt;![endif]--&gt;&lt;!--[if ENDBLOCK]&gt;&lt;![endif]--&gt;\n
&lt;/div&gt;\n
\n
                        \n
                        &lt;div class="mb-4"&gt;\n
    \n
    &lt;label for="form.location" class="block text-sm font-medium text-gray-700 mb-2"&gt;\n
        Location\n
        &lt;!--[if BLOCK]&gt;&lt;![endif]--&gt;            &lt;span class="text-danger" aria-label="required"&gt;*&lt;/span&gt;\n
        &lt;!--[if ENDBLOCK]&gt;&lt;![endif]--&gt;\n
    &lt;/label&gt;\n
\n
    \n
    &lt;!--[if BLOCK]&gt;&lt;![endif]--&gt;&lt;!--[if ENDBLOCK]&gt;&lt;![endif]--&gt;\n
\n
    \n
    &lt;input type="text" name="form.location" id="form.location" value=""\n
        class="block w-full rounded-md shadow-sm transition-colors duration-200 min-h-[44px] px-4 py-2 text-base border-gray-300 focus:border-blue-600 focus:ring-2 focus:ring-blue-600 focus:outline-none"  required aria-required="true"                   placeholder="State the location of use"                                                         wire:model.live.debounce.300ms="form.location" /&gt;\n
\n
    \n
    &lt;!--[if BLOCK]&gt;&lt;![endif]--&gt;&lt;!--[if ENDBLOCK]&gt;&lt;![endif]--&gt;\n
&lt;/div&gt;\n
\n
                        \n
                        &lt;div class="grid grid-cols-1 md:grid-cols-2 gap-6"&gt;\n
                            &lt;div class="mb-4"&gt;\n
    \n
    &lt;label for="form.loan_start_date" class="block text-sm font-medium text-gray-700 mb-2"&gt;\n
        Loan Date\n
        &lt;!--[if BLOCK]&gt;&lt;![endif]--&gt;            &lt;span class="text-danger" aria-label="required"&gt;*&lt;/span&gt;\n
        &lt;!--[if ENDBLOCK]&gt;&lt;![endif]--&gt;\n
    &lt;/label&gt;\n
\n
    \n
    &lt;!--[if BLOCK]&gt;&lt;![endif]--&gt;&lt;!--[if ENDBLOCK]&gt;&lt;![endif]--&gt;\n
\n
    \n
    &lt;input type="date" name="form.loan_start_date" id="form.loan_start_date" value=""\n
        class="block w-full rounded-md shadow-sm transition-colors duration-200 min-h-[44px] px-4 py-2 text-base border-gray-300 focus:border-blue-600 focus:ring-2 focus:ring-blue-600 focus:outline-none"  required aria-required="true"                                                                          wire:model.live="form.loan_start_date" min="2025-11-06" /&gt;\n
\n
    \n
    &lt;!--[if BLOCK]&gt;&lt;![endif]--&gt;&lt;!--[if ENDBLOCK]&gt;&lt;![endif]--&gt;\n
&lt;/div&gt;\n
\n
                            &lt;div class="mb-4"&gt;\n
    \n
    &lt;label for="form.loan_end_date" class="block text-sm font-medium text-gray-700 mb-2"&gt;\n
        Expected Return Date\n
        &lt;!--[if BLOCK]&gt;&lt;![endif]--&gt;            &lt;span class="text-danger" aria-label="required"&gt;*&lt;/span&gt;\n
        &lt;!--[if ENDBLOCK]&gt;&lt;![endif]--&gt;\n
    &lt;/label&gt;\n
\n
    \n
    &lt;!--[if BLOCK]&gt;&lt;![endif]--&gt;&lt;!--[if ENDBLOCK]&gt;&lt;![endif]--&gt;\n
\n
    \n
    &lt;input type="date" name="form.loan_end_date" id="form.loan_end_date" value=""\n
        class="block w-full rounded-md shadow-sm transition-colors duration-200 min-h-[44px] px-4 py-2 text-base border-gray-300 focus:border-blue-600 focus:ring-2 focus:ring-blue-600 focus:outline-none"  required aria-required="true"                                                                          wire:model.live="form.loan_end_date" min="2025-11-06" /&gt;\n
\n
    \n
    &lt;!--[if BLOCK]&gt;&lt;![endif]--&gt;&lt;!--[if ENDBLOCK]&gt;&lt;![endif]--&gt;\n
&lt;/div&gt;\n
                        &lt;/div&gt;\n
                    &lt;/div&gt;\n
    &lt;/div&gt;\n
\n
    &lt;!--[if BLOCK]&gt;&lt;![endif]--&gt;&lt;!--[if ENDBLOCK]&gt;&lt;![endif]--&gt;\n
&lt;/div&gt;\n
            &lt;!--[if ENDBLOCK]&gt;&lt;![endif]--&gt;\n
\n
            \n
            &lt;!--[if BLOCK]&gt;&lt;![endif]--&gt;&lt;!--[if ENDBLOCK]&gt;&lt;![endif]--&gt;\n
\n
            \n
            &lt;!--[if BLOCK]&gt;&lt;![endif]--&gt;&lt;!--[if ENDBLOCK]&gt;&lt;![endif]--&gt;\n
\n
            \n
            &lt;!--[if BLOCK]&gt;&lt;![endif]--&gt;&lt;!--[if ENDBLOCK]&gt;&lt;![endif]--&gt;\n
\n
            \n
            &lt;div class="mt-8 flex justify-between items-center"&gt;\n
                &lt;!--[if BLOCK]&gt;&lt;![endif]--&gt;                    &lt;div&gt;&lt;/div&gt;\n
                &lt;!--[if ENDBLOCK]&gt;&lt;![endif]--&gt;\n
\n
                &lt;!--[if BLOCK]&gt;&lt;![endif]--&gt;                    &lt;!--[if BLOCK]&gt;&lt;![endif]--&gt;    &lt;button type="button" class="inline-flex items-center justify-center px-4 py-2 rounded-md font-medium text-sm transition-colors duration-200 focus:outline-none focus:ring-2 focus:ring-offset-2 min-h-[44px] disabled:opacity-50 disabled:cursor-not-allowed bg-blue-600 text-white hover:bg-blue-700 focus:ring-blue-600"         wire:click="nextStep"&gt;\n
        &lt;!--[if BLOCK]&gt;&lt;![endif]--&gt;&lt;!--[if ENDBLOCK]&gt;&lt;![endif]--&gt;\n
        Next\n
                        &lt;svg class="w-4 h-4 ml-2" fill="none" stroke="currentColor" viewBox="0 0 24 24"&gt;\n
                            &lt;path stroke-linecap="round" stroke-linejoin="round" stroke-width="2" d="M9 5l7 7-7 7" /&gt;\n
                        &lt;/svg&gt;\n
    &lt;/button&gt;\n
&lt;!--[if ENDBLOCK]&gt;&lt;![endif]--&gt;\n
                &lt;!--[if ENDBLOCK]&gt;&lt;![endif]--&gt;\n
            &lt;/div&gt;\n
        &lt;/form&gt;\n
\n
        \n
        &lt;div class="mt-8 p-6 bg-white rounded-lg shadow-md"&gt;\n
            &lt;h3 class="text-lg font-semibold text-gray-900 mb-4"&gt;\n
                Need Assistance?\n
            &lt;/h3&gt;\n
            &lt;p class="text-sm text-gray-700 mb-4"&gt;\n
                For any inquiries, please contact:\n
            &lt;/p&gt;\n
            &lt;div class="flex flex-col sm:flex-row gap-4"&gt;\n
                &lt;div class="flex items-center text-sm text-gray-600"&gt;\n
                    &lt;svg class="w-5 h-5 mr-2 text-blue-600" fill="none" stroke="currentColor"\n
                        viewBox="0 0 24 24"&gt;\n
                        &lt;path stroke-linecap="round" stroke-linejoin="round" stroke-width="2"\n
                            d="M3 8l7.89 5.26a2 2 0 002.22 0L21 8M5 19h14a2 2 0 002-2V7a2 2 0 00-2-2H5a2 2 0 00-2 2v10a2 2 0 002 2z" /&gt;\n
                    &lt;/svg&gt;\n
                    &lt;span&gt;bpm@motac.gov.my&lt;/span&gt;\n
                &lt;/div&gt;\n
                &lt;div class="flex items-center text-sm text-gray-600"&gt;\n
                    &lt;svg class="w-5 h-5 mr-2 text-blue-600" fill="none" stroke="currentColor"\n
                        viewBox="0 0 24 24"&gt;\n
                        &lt;path stroke-linecap="round" stroke-linejoin="round" stroke-width="2"\n
                            d="M3 5a2 2 0 012-2h3.28a1 1 0 01.948.684l1.498 4.493a1 1 0 01-.502 1.21l-2.257 1.13a11.042 11.042 0 005.516 5.516l1.13-2.257a1 1 0 011.21-.502l4.493 1.498a1 1 0 01.684.949V19a2 2 0 01-2 2h-1C9.716 21 3 14.284 3 6V5z" /&gt;\n
                    &lt;/svg&gt;\n
                    &lt;span&gt;03-2161 2345&lt;/span&gt;\n
                &lt;/div&gt;\n
            &lt;/div&gt;\n
        &lt;/div&gt;\n
    &lt;/div&gt;\n
&lt;/div&gt;\n
                            &lt;/main&gt;\n
\n
            &lt;footer class="bg-gray-900 text-white mt-auto" role="contentinfo"&gt;\n
    &lt;div class="max-w-7xl mx-auto px-4 sm:px-6 lg:px-8 py-12"&gt;\n
        &lt;div class="grid grid-cols-1 md:grid-cols-3 gap-8"&gt;\n
            \n
            &lt;div&gt;\n
                &lt;h3 class="text-lg font-semibold mb-4"&gt;About ICTServe&lt;/h3&gt;\n
                &lt;p class="text-gray-400 text-sm leading-relaxed"&gt;\n
                    ICTServe is the unified MOTAC platform for submitting IT helpdesk requests and managing asset loans with transparent tracking and WCAG-compliant experiences.\n
                &lt;/p&gt;\n
            &lt;/div&gt;\n
\n
            \n
            &lt;div&gt;\n
                &lt;h3 class="text-lg font-semibold mb-4"&gt;Quick Links&lt;/h3&gt;\n
                &lt;nav aria-label="Footer navigation"&gt;\n
                    &lt;ul class="space-y-2"&gt;\n
                        &lt;li&gt;\n
                            &lt;a href="http://localhost:8000"\n
                                class="text-gray-400 hover:text-white focus:outline-none focus:ring-2 focus:ring-blue-600 focus:ring-offset-2 focus:ring-offset-gray-900 rounded-md transition-colors inline-block"&gt;\n
                                Home\n
                            &lt;/a&gt;\n
                        &lt;/li&gt;\n
                                                                            &lt;li&gt;\n
                                &lt;a href="http://localhost:8000/helpdesk/submit"\n
                                    class="text-gray-400 hover:text-white focus:outline-none focus:ring-2 focus:ring-blue-600 focus:ring-offset-2 focus:ring-offset-gray-900 rounded-md transition-colors inline-block"&gt;\n
                                    Helpdesk\n
                                &lt;/a&gt;\n
                            &lt;/li&gt;\n
                                                                            &lt;li&gt;\n
                                &lt;a href="http://localhost:8000/loan/create"\n
                                    class="text-gray-400 hover:text-white focus:outline-none focus:ring-2 focus:ring-blue-600 focus:ring-offset-2 focus:ring-offset-gray-900 rounded-md transition-colors inline-block"&gt;\n
                                    Asset Loan\n
                                &lt;/a&gt;\n
                            &lt;/li&gt;\n
                                                                            &lt;li&gt;\n
                                &lt;a href="http://localhost:8000/login"\n
                                    class="text-gray-400 hover:text-white focus:outline-none focus:ring-2 focus:ring-blue-600 focus:ring-offset-2 focus:ring-offset-gray-900 rounded-md transition-colors inline-block"&gt;\n
                                    Staff Login\n
                                &lt;/a&gt;\n
                            &lt;/li&gt;\n
                                            &lt;/ul&gt;\n
                &lt;/nav&gt;\n
            &lt;/div&gt;\n
\n
            \n
            &lt;div&gt;\n
                &lt;h3 class="text-lg font-semibold mb-4"&gt;Contact Us&lt;/h3&gt;\n
                &lt;address class="text-gray-400 text-sm not-italic space-y-2"&gt;\n
                    &lt;p&gt;\n
                        &lt;strong&gt;Ministry:&lt;/strong&gt;&lt;br&gt;\n
                        Ministry of Tourism, Arts and Culture Malaysia\n
                    &lt;/p&gt;\n
                    &lt;p&gt;\n
                        &lt;strong&gt;Email:&lt;/strong&gt;&lt;br&gt;\n
                        &lt;a href="mailto:support@motac.gov.my"\n
                            class="hover:text-white focus:outline-none focus:ring-2 focus:ring-blue-600 focus:ring-offset-2 focus:ring-offset-gray-900 rounded-md transition-colors"&gt;\n
                            support@motac.gov.my\n
                        &lt;/a&gt;\n
                    &lt;/p&gt;\n
                    &lt;p&gt;\n
                        &lt;strong&gt;Phone:&lt;/strong&gt;&lt;br&gt;\n
                        &lt;a href="tel:+60380009999"\n
                            class="hover:text-white focus:outline-none focus:ring-2 focus:ring-blue-600 focus:ring-offset-2 focus:ring-offset-gray-900 rounded-md transition-colors"&gt;\n
                            +603 8000 9999\n
                        &lt;/a&gt;\n
                    &lt;/p&gt;\n
                &lt;/address&gt;\n
            &lt;/div&gt;\n
        &lt;/div&gt;\n
\n
        \n
        &lt;div class="mt-8 pt-8 border-t border-gray-800"&gt;\n
            &lt;div class="flex flex-col md:flex-row justify-between items-center space-y-4 md:space-y-0"&gt;\n
                &lt;p class="text-gray-400 text-sm"&gt;\n
                    &amp;copy; 2025 Ministry of Tourism, Arts and Culture Malaysia.\n
                    All rights reserved.\n
                &lt;/p&gt;\n
                &lt;div class="flex items-center space-x-4 text-sm text-gray-400"&gt;\n
                    &lt;span&gt;WCAG 2.2 AA compliant&lt;/span&gt;\n
                    &lt;span aria-hidden="true"&gt;|&lt;/span&gt;\n
                    &lt;span&gt;PDPA compliant&lt;/span&gt;\n
                &lt;/div&gt;\n
            &lt;/div&gt;\n
        &lt;/div&gt;\n
    &lt;/div&gt;\n
&lt;/footer&gt;\n
        &lt;/div&gt;\n
    &lt;!-- Livewire Scripts --&gt;\n
&lt;script src="/livewire/livewire.js?id=df3a17f2"   data-csrf="MkF3wcsfyT254Ktqx3DbOOORHVwNnCmKNXFiSNZB" data-update-uri="/livewire/update" data-navigate-once="true"&gt;&lt;/script&gt;\n
&lt;/body&gt;\n
&lt;/html&gt;\n
' [ASCII](length: 39961) contains "Applicant Name" [ASCII](length: 14).
&#13;
C:\XAMPP\htdocs\ictserve-031125\vendor\laravel\framework\src\Illuminate\Testing\TestResponseAssert.php:45
C:\XAMPP\htdocs\ictserve-031125\vendor\laravel\framework\src\Illuminate\Testing\TestResponse.php:686
C:\XAMPP\htdocs\ictserve-031125\tests\Feature\Livewire\GuestLoanApplicationTest.php:428</failure>
        </testcase>
        <testcase name="test_form_displays_in_malay_locale" file="C:\XAMPP\htdocs\ictserve-031125\tests\Feature\Livewire\GuestLoanApplicationTest.php" line="438" class="Tests\Feature\Livewire\GuestLoanApplicationTest" classname="Tests.Feature.Livewire.GuestLoanApplicationTest" assertions="2" time="2.189124">
          <failure type="PHPUnit\Framework\ExpectationFailedException">Tests\Feature\Livewire\GuestLoanApplicationTest::test_form_displays_in_malay_locale&#13;
Failed asserting that '&lt;!DOCTYPE html&gt;\n
&lt;html lang="en"&gt;\n
    &lt;head&gt;\n
        &lt;meta charset="utf-8"&gt;\n
        &lt;meta name="viewport" content="width=device-width, initial-scale=1"&gt;\n
        &lt;meta name="csrf-token" content="E5SBdOkFgWTfBQxQ3NZH0v9Ui2kFpKRFVv6zoHBU"&gt;\n
\n
        &lt;title&gt;ICTServe&lt;/title&gt;\n
\n
        &lt;link rel="preconnect" href="https://fonts.bunny.net"&gt;\n
        &lt;link href="https://fonts.bunny.net/css?family=figtree:400,500,600&amp;display=swap" rel="stylesheet" /&gt;\n
\n
        &lt;script type="module" src="http://[::1]:5173/@vite/client" data-navigate-track="reload"&gt;&lt;/script&gt;&lt;link rel="stylesheet" href="http://[::1]:5173/resources/css/app.css" data-navigate-track="reload" /&gt;&lt;script type="module" src="http://[::1]:5173/resources/js/app.js" data-navigate-track="reload"&gt;&lt;/script&gt;    &lt;!-- Livewire Styles --&gt;&lt;style &gt;[wire\:loading][wire\:loading], [wire\:loading\.delay][wire\:loading\.delay], [wire\:loading\.inline-block][wire\:loading\.inline-block], [wire\:loading\.inline][wire\:loading\.inline], [wire\:loading\.block][wire\:loading\.block], [wire\:loading\.flex][wire\:loading\.flex], [wire\:loading\.table][wire\:loading\.table], [wire\:loading\.grid][wire\:loading\.grid], [wire\:loading\.inline-flex][wire\:loading\.inline-flex] {display: none;}[wire\:loading\.delay\.none][wire\:loading\.delay\.none], [wire\:loading\.delay\.shortest][wire\:loading\.delay\.shortest], [wire\:loading\.delay\.shorter][wire\:loading\.delay\.shorter], [wire\:loading\.delay\.short][wire\:loading\.delay\.short], [wire\:loading\.delay\.default][wire\:loading\.delay\.default], [wire\:loading\.delay\.long][wire\:loading\.delay\.long], [wire\:loading\.delay\.longer][wire\:loading\.delay\.longer], [wire\:loading\.delay\.longest][wire\:loading\.delay\.longest] {display: none;}[wire\:offline][wire\:offline] {display: none;}[wire\:dirty]:not(textarea):not(input):not(select) {display: none;}:root {--livewire-progress-bar-color: #2299dd;}[x-cloak] {display: none !important;}[wire\:cloak] {display: none !important;}&lt;/style&gt;\n
&lt;/head&gt;\n
    &lt;body class="font-sans antialiased text-gray-900 bg-slate-50"&gt;\n
        &lt;div class="min-h-screen flex flex-col"&gt;\n
            &lt;nav aria-label="common.skip_links" class="sr-only focus-within:not-sr-only"&gt;\n
    &lt;ul class="fixed top-0 left-0 z-50 bg-motac-blue text-white p-4 rounded-br-lg shadow-lg"&gt;\n
        &lt;li class="mb-2"&gt;\n
            &lt;a href="#main-content"\n
                class="block px-4 py-2 bg-white text-motac-blue rounded-md hover:bg-gray-100 focus:outline-none focus:ring-4 focus:ring-white focus:ring-offset-2 focus:ring-offset-motac-blue min-h-[44px] flex items-center font-medium"\n
                accesskey="m"&gt;\n
                common.skip_to_main_content &lt;span class="ml-2 text-sm"&gt;(Alt+M)&lt;/span&gt;\n
            &lt;/a&gt;\n
        &lt;/li&gt;\n
        &lt;li class="mb-2"&gt;\n
            &lt;a href="#sidebar-navigation"\n
                class="block px-4 py-2 bg-white text-motac-blue rounded-md hover:bg-gray-100 focus:outline-none focus:ring-4 focus:ring-white focus:ring-offset-2 focus:ring-offset-motac-blue min-h-[44px] flex items-center font-medium"\n
                accesskey="s"&gt;\n
                common.skip_to_sidebar &lt;span class="ml-2 text-sm"&gt;(Alt+S)&lt;/span&gt;\n
            &lt;/a&gt;\n
        &lt;/li&gt;\n
        &lt;li&gt;\n
            &lt;a href="#user-menu"\n
                class="block px-4 py-2 bg-white text-motac-blue rounded-md hover:bg-gray-100 focus:outline-none focus:ring-4 focus:ring-white focus:ring-offset-2 focus:ring-offset-motac-blue min-h-[44px] flex items-center font-medium"\n
                accesskey="u"&gt;\n
                common.skip_to_user_menu &lt;span class="ml-2 text-sm"&gt;(Alt+U)&lt;/span&gt;\n
            &lt;/a&gt;\n
        &lt;/li&gt;\n
    &lt;/ul&gt;\n
&lt;/nav&gt;\n
            &lt;header class="bg-white shadow-md" role="banner"&gt;\n
    &lt;div class="max-w-7xl mx-auto px-4 sm:px-6 lg:px-8"&gt;\n
        &lt;div class="flex justify-between items-center h-16"&gt;\n
            \n
            &lt;div class="flex items-center"&gt;\n
                &lt;a href="http://localhost:8000"\n
                    class="flex items-center focus:outline-none focus:ring-2 focus:ring-blue-600 focus:ring-offset-2 rounded-md p-2"\n
                    aria-label="Home"&gt;\n
                    &lt;svg viewBox="0 0 316 316" xmlns="http://www.w3.org/2000/svg" class="h-10 w-auto"&gt;\n
    &lt;path d="M305.8 81.125C305.77 80.995 305.69 80.885 305.65 80.755C305.56 80.525 305.49 80.285 305.37 80.075C305.29 79.935 305.17 79.815 305.07 79.685C304.94 79.515 304.83 79.325 304.68 79.175C304.55 79.045 304.39 78.955 304.25 78.845C304.09 78.715 303.95 78.575 303.77 78.475L251.32 48.275C249.97 47.495 248.31 47.495 246.96 48.275L194.51 78.475C194.33 78.575 194.19 78.725 194.03 78.845C193.89 78.955 193.73 79.045 193.6 79.175C193.45 79.325 193.34 79.515 193.21 79.685C193.11 79.815 192.99 79.935 192.91 80.075C192.79 80.285 192.71 80.525 192.63 80.755C192.58 80.875 192.51 80.995 192.48 81.125C192.38 81.495 192.33 81.875 192.33 82.265V139.625L148.62 164.795V52.575C148.62 52.185 148.57 51.805 148.47 51.435C148.44 51.305 148.36 51.195 148.32 51.065C148.23 50.835 148.16 50.595 148.04 50.385C147.96 50.245 147.84 50.125 147.74 49.995C147.61 49.825 147.5 49.635 147.35 49.485C147.22 49.355 147.06 49.265 146.92 49.155C146.76 49.025 146.62 48.885 146.44 48.785L93.99 18.585C92.64 17.805 90.98 17.805 89.63 18.585L37.18 48.785C37 48.885 36.86 49.035 36.7 49.155C36.56 49.265 36.4 49.355 36.27 49.485C36.12 49.635 36.01 49.825 35.88 49.995C35.78 50.125 35.66 50.245 35.58 50.385C35.46 50.595 35.38 50.835 35.3 51.065C35.25 51.185 35.18 51.305 35.15 51.435C35.05 51.805 35 52.185 35 52.575V232.235C35 233.795 35.84 235.245 37.19 236.025L142.1 296.425C142.33 296.555 142.58 296.635 142.82 296.725C142.93 296.765 143.04 296.835 143.16 296.865C143.53 296.965 143.9 297.015 144.28 297.015C144.66 297.015 145.03 296.965 145.4 296.865C145.5 296.835 145.59 296.775 145.69 296.745C145.95 296.655 146.21 296.565 146.45 296.435L251.36 236.035C252.72 235.255 253.55 233.815 253.55 232.245V174.885L303.81 145.945C305.17 145.165 306 143.725 306 142.155V82.265C305.95 81.875 305.89 81.495 305.8 81.125ZM144.2 227.205L100.57 202.515L146.39 176.135L196.66 147.195L240.33 172.335L208.29 190.625L144.2 227.205ZM244.75 114.995V164.795L226.39 154.225L201.03 139.625V89.825L219.39 100.395L244.75 114.995ZM249.12 57.105L292.81 82.265L249.12 107.425L205.43 82.265L249.12 57.105ZM114.49 184.425L96.13 194.995V85.305L121.49 70.705L139.85 60.135V169.815L114.49 184.425ZM91.76 27.425L135.45 52.585L91.76 77.745L48.07 52.585L91.76 27.425ZM43.67 60.135L62.03 70.705L87.39 85.305V202.545V202.555V202.565C87.39 202.735 87.44 202.895 87.46 203.055C87.49 203.265 87.49 203.485 87.55 203.695V203.705C87.6 203.875 87.69 204.035 87.76 204.195C87.84 204.375 87.89 204.575 87.99 204.745C87.99 204.745 87.99 204.755 88 204.755C88.09 204.905 88.22 205.035 88.33 205.175C88.45 205.335 88.55 205.495 88.69 205.635L88.7 205.645C88.82 205.765 88.98 205.855 89.12 205.965C89.28 206.085 89.42 206.225 89.59 206.325C89.6 206.325 89.6 206.325 89.61 206.335C89.62 206.335 89.62 206.345 89.63 206.345L139.87 234.775V285.065L43.67 229.705V60.135ZM244.75 229.705L148.58 285.075V234.775L219.8 194.115L244.75 179.875V229.705ZM297.2 139.625L253.49 164.795V114.995L278.85 100.395L297.21 89.825V139.625H297.2Z"/&gt;\n
&lt;/svg&gt;\n
                    &lt;span class="ml-3 text-xl font-bold text-gray-900"&gt;ICTServe&lt;/span&gt;\n
                &lt;/a&gt;\n
            &lt;/div&gt;\n
\n
            \n
            &lt;nav class="hidden md:flex space-x-8" role="navigation" aria-label="Main navigation"&gt;\n
                &lt;a href="http://localhost:8000"\n
                    class="inline-flex items-center px-3 py-2 text-sm font-medium text-gray-700 hover:text-blue-600 focus:outline-none focus:ring-2 focus:ring-blue-600 focus:ring-offset-2 rounded-md transition-colors duration-200"\n
                    aria-current="false"&gt;\n
                    Home\n
                &lt;/a&gt;\n
\n
                                    &lt;a href="http://localhost:8000/helpdesk/submit"\n
                        class="inline-flex items-center px-3 py-2 text-sm font-medium text-gray-700 hover:text-blue-600 focus:outline-none focus:ring-2 focus:ring-blue-600 focus:ring-offset-2 rounded-md transition-colors duration-200"\n
                        aria-current="false"&gt;\n
                        Helpdesk\n
                    &lt;/a&gt;\n
                \n
                                    &lt;a href="http://localhost:8000/loan/create"\n
                        class="inline-flex items-center px-3 py-2 text-sm font-medium text-gray-700 hover:text-blue-600 focus:outline-none focus:ring-2 focus:ring-blue-600 focus:ring-offset-2 rounded-md transition-colors duration-200"\n
                        aria-current="page"&gt;\n
                        Asset Loan\n
                    &lt;/a&gt;\n
                            &lt;/nav&gt;\n
\n
            \n
            &lt;div class="flex items-center space-x-3"&gt;\n
                \n
                &lt;div class="relative" x-data="{ open: false }" @click.outside="open = false" @keydown.escape.window="open = false"&gt;\n
    \n
    &lt;button type="button" @click="open = !open"\n
        class="inline-flex items-center justify-center min-h-[44px] min-w-[44px] px-4 py-2 text-sm font-medium text-gray-700 bg-white border border-gray-300 rounded-md hover:bg-gray-50 focus:outline-none focus:ring-2 focus:ring-blue-600 focus:ring-offset-2 transition-colors duration-150"\n
        aria-haspopup="menu"\n
        :aria-expanded="open.toString()"\n
        aria-controls="language-menu"\n
        aria-label="Language switcher"&gt;\n
        \n
        &lt;svg class="w-5 h-5 mr-2" fill="none" stroke="currentColor" viewBox="0 0 24 24" aria-hidden="true"&gt;\n
            &lt;path stroke-linecap="round" stroke-linejoin="round" stroke-width="2"\n
                d="M3 5h12M9 3v2m1 14h9m-9 0a7 7 0 110-14 7 7 0 010 14zm0 0c1.657 0 3-3.134 3-7s-1.343-7-3-7-3 3.134-3 7 1.343 7 3 7z" /&gt;\n
        &lt;/svg&gt;\n
\n
        \n
        &lt;span class="hidden sm:inline"&gt;\n
            English\n
        &lt;/span&gt;\n
\n
        \n
        &lt;span class="inline sm:hidden font-semibold"&gt;\n
            EN\n
        &lt;/span&gt;\n
\n
        \n
        &lt;svg class="w-4 h-4 ml-2 transition-transform duration-150" :class="{ 'rotate-180': open }" fill="none"\n
            stroke="currentColor" viewBox="0 0 24 24" aria-hidden="true"&gt;\n
            &lt;path stroke-linecap="round" stroke-linejoin="round" stroke-width="2" d="M19 9l-7 7-7-7" /&gt;\n
        &lt;/svg&gt;\n
    &lt;/button&gt;\n
\n
    \n
    &lt;div x-show="open" x-transition:enter="transition ease-out duration-100"\n
        x-transition:enter-start="transform opacity-0 scale-95"\n
        x-transition:enter-end="transform opacity-100 scale-100"\n
        x-transition:leave="transition ease-in duration-75"\n
        x-transition:leave-start="transform opacity-100 scale-100"\n
        x-transition:leave-end="transform opacity-0 scale-95"\n
        class="absolute right-0 z-50 mt-2 w-56 origin-top-right rounded-md bg-white shadow-lg ring-1 ring-black ring-opacity-5 focus:outline-none"\n
        role="menu" id="language-menu" aria-orientation="vertical" tabindex="-1"\n
        style="display: none;"&gt;\n
        &lt;div class="py-1" role="none"&gt;\n
                            &lt;a href="http://localhost:8000/change-locale/en"\n
                    class="group flex items-center min-h-[44px] px-4 py-2 text-sm text-gray-700 hover:bg-gray-100 hover:text-gray-900 focus:bg-gray-100 focus:text-gray-900 focus:outline-none focus:ring-2 focus:ring-inset focus:ring-blue-600 transition-colors duration-150 bg-blue-600 text-white hover:bg-blue-600 hover:text-white"\n
                    role="menuitem" tabindex="-1" lang="en" @click="open = false"\n
                     aria-current="page" &gt;\n
                    &lt;span class="mr-3 font-semibold" aria-hidden="true"&gt;EN&lt;/span&gt;\n
                    &lt;span class="flex-1"&gt;English&lt;/span&gt;\n
\n
                                            &lt;svg class="w-5 h-5 ml-2" fill="currentColor" viewBox="0 0 20 20" aria-hidden="true"&gt;\n
                            &lt;path fill-rule="evenodd"\n
                                d="M16.707 5.293a1 1 0 010 1.414l-8 8a1 1 0 01-1.414 0l-4-4a1 1 0 011.414-1.414L8 12.586l7.293-7.293a1 1 0 011.414 0z"\n
                                clip-rule="evenodd" /&gt;\n
                        &lt;/svg&gt;\n
                                    &lt;/a&gt;\n
                            &lt;a href="http://localhost:8000/change-locale/ms"\n
                    class="group flex items-center min-h-[44px] px-4 py-2 text-sm text-gray-700 hover:bg-gray-100 hover:text-gray-900 focus:bg-gray-100 focus:text-gray-900 focus:outline-none focus:ring-2 focus:ring-inset focus:ring-blue-600 transition-colors duration-150"\n
                    role="menuitem" tabindex="-1" lang="ms" @click="open = false"\n
                    &gt;\n
                    &lt;span class="mr-3 font-semibold" aria-hidden="true"&gt;MS&lt;/span&gt;\n
                    &lt;span class="flex-1"&gt;Bahasa Melayu&lt;/span&gt;\n
\n
                                    &lt;/a&gt;\n
                    &lt;/div&gt;\n
    &lt;/div&gt;\n
&lt;/div&gt;\n
\n
                \n
                                                            &lt;!--[if BLOCK]&gt;&lt;![endif]--&gt;    &lt;a href="http://localhost:8000/admin/login" class="inline-flex items-center justify-center px-4 py-2 rounded-md font-medium text-sm transition-colors duration-200 focus:outline-none focus:ring-2 focus:ring-offset-2 min-h-[44px] disabled:opacity-50 disabled:cursor-not-allowed bg-transparent text-blue-600 hover:bg-blue-50 focus:ring-blue-600" &gt;\n
        Admin Login\n
    &lt;/a&gt;\n
&lt;!--[if ENDBLOCK]&gt;&lt;![endif]--&gt;\n
                    \n
                    &lt;!--[if BLOCK]&gt;&lt;![endif]--&gt;    &lt;a href="http://localhost:8000/login" class="inline-flex items-center justify-center px-4 py-2 rounded-md font-medium text-sm transition-colors duration-200 focus:outline-none focus:ring-2 focus:ring-offset-2 min-h-[44px] disabled:opacity-50 disabled:cursor-not-allowed bg-blue-600 text-white hover:bg-blue-700 focus:ring-blue-600" &gt;\n
        Staff Login\n
    &lt;/a&gt;\n
&lt;!--[if ENDBLOCK]&gt;&lt;![endif]--&gt;\n
                            &lt;/div&gt;\n
\n
            \n
            &lt;div class="md:hidden" x-data="{ open: false }"&gt;\n
                &lt;button type="button"\n
                    class="inline-flex items-center justify-center p-2 rounded-md text-gray-700 hover:text-blue-600 hover:bg-gray-100 focus:outline-none focus:ring-2 focus:ring-blue-600 focus:ring-offset-2 min-h-[44px] min-w-[44px]"\n
                    @click="open = !open" :aria-expanded="open.toString()" aria-controls="mobile-menu"\n
                    aria-label="Toggle navigation menu"&gt;\n
                    &lt;svg class="h-6 w-6" fill="none" viewBox="0 0 24 24" stroke="currentColor" aria-hidden="true"&gt;\n
                        &lt;path stroke-linecap="round" stroke-linejoin="round" stroke-width="2"\n
                            d="M4 6h16M4 12h16M4 18h16" /&gt;\n
                    &lt;/svg&gt;\n
                &lt;/button&gt;\n
\n
                \n
                &lt;div class="md:hidden" id="mobile-menu" x-show="open" x-transition x-cloak&gt;\n
                    &lt;div class="px-2 pt-2 pb-3 space-y-1 sm:px-3" role="navigation"\n
                        aria-label="Mobile navigation"&gt;\n
                        &lt;a href="http://localhost:8000"\n
                            class="block px-3 py-2 rounded-md text-base font-medium text-gray-700 hover:text-blue-600 hover:bg-gray-50 focus:outline-none focus:ring-2 focus:ring-blue-600 min-h-[44px]"\n
                            aria-current="false"&gt;\n
                            Home\n
                        &lt;/a&gt;\n
\n
                                                    &lt;a href="http://localhost:8000/helpdesk/submit"\n
                                class="block px-3 py-2 rounded-md text-base font-medium text-gray-700 hover:text-blue-600 hover:bg-gray-50 focus:outline-none focus:ring-2 focus:ring-blue-600 min-h-[44px]"\n
                                aria-current="false"&gt;\n
                                Helpdesk\n
                            &lt;/a&gt;\n
                        \n
                                                    &lt;a href="http://localhost:8000/loan/create"\n
                                class="block px-3 py-2 rounded-md text-base font-medium text-gray-700 hover:text-blue-600 hover:bg-gray-50 focus:outline-none focus:ring-2 focus:ring-blue-600 min-h-[44px]"\n
                                aria-current="page"&gt;\n
                                Asset Loan\n
                            &lt;/a&gt;\n
                        \n
                                                                                    &lt;a href="http://localhost:8000/admin/login"\n
                                    class="block px-3 py-2 rounded-md text-base font-medium text-gray-700 hover:text-blue-600 hover:bg-gray-50 focus:outline-none focus:ring-2 focus:ring-blue-600 min-h-[44px]"&gt;\n
                                    Admin Login\n
                                &lt;/a&gt;\n
                            \n
                            &lt;a href="http://localhost:8000/login"\n
                                class="block px-3 py-2 rounded-md text-base font-medium text-gray-700 hover:text-blue-600 hover:bg-gray-50 focus:outline-none focus:ring-2 focus:ring-blue-600 min-h-[44px]"&gt;\n
                                Staff Login\n
                            &lt;/a&gt;\n
                                            &lt;/div&gt;\n
                &lt;/div&gt;\n
            &lt;/div&gt;\n
        &lt;/div&gt;\n
    &lt;/div&gt;\n
&lt;/header&gt;\n
\n
            &lt;main class="flex-1"&gt;\n
                                    &lt;div wire:snapshot="{&amp;quot;data&amp;quot;:{&amp;quot;currentStep&amp;quot;:1,&amp;quot;submitting&amp;quot;:false,&amp;quot;form&amp;quot;:[{&amp;quot;applicant_name&amp;quot;:&amp;quot;&amp;quot;,&amp;quot;position&amp;quot;:&amp;quot;&amp;quot;,&amp;quot;phone&amp;quot;:&amp;quot;&amp;quot;,&amp;quot;division_id&amp;quot;:null,&amp;quot;purpose&amp;quot;:&amp;quot;&amp;quot;,&amp;quot;location&amp;quot;:&amp;quot;&amp;quot;,&amp;quot;loan_start_date&amp;quot;:&amp;quot;2025-11-06&amp;quot;,&amp;quot;loan_end_date&amp;quot;:&amp;quot;2025-11-12&amp;quot;,&amp;quot;is_responsible_officer&amp;quot;:false,&amp;quot;responsible_officer_name&amp;quot;:&amp;quot;&amp;quot;,&amp;quot;responsible_officer_position&amp;quot;:&amp;quot;&amp;quot;,&amp;quot;responsible_officer_phone&amp;quot;:&amp;quot;&amp;quot;,&amp;quot;equipment_items&amp;quot;:[[[{&amp;quot;equipment_type&amp;quot;:&amp;quot;&amp;quot;,&amp;quot;quantity&amp;quot;:1,&amp;quot;notes&amp;quot;:&amp;quot;&amp;quot;},{&amp;quot;s&amp;quot;:&amp;quot;arr&amp;quot;}]],{&amp;quot;s&amp;quot;:&amp;quot;arr&amp;quot;}],&amp;quot;applicant_signature&amp;quot;:&amp;quot;&amp;quot;,&amp;quot;accept_terms&amp;quot;:false},{&amp;quot;s&amp;quot;:&amp;quot;arr&amp;quot;}]},&amp;quot;memo&amp;quot;:{&amp;quot;id&amp;quot;:&amp;quot;rhn1Xn8Ek2I2TbyobSPf&amp;quot;,&amp;quot;name&amp;quot;:&amp;quot;guest-loan-application&amp;quot;,&amp;quot;path&amp;quot;:&amp;quot;loan\/apply&amp;quot;,&amp;quot;method&amp;quot;:&amp;quot;GET&amp;quot;,&amp;quot;children&amp;quot;:[],&amp;quot;scripts&amp;quot;:[],&amp;quot;assets&amp;quot;:[],&amp;quot;errors&amp;quot;:[],&amp;quot;locale&amp;quot;:&amp;quot;en&amp;quot;},&amp;quot;checksum&amp;quot;:&amp;quot;289f1b28e819a820d71fe6d20f3b97ed16221bd540f10b3854dc9e59238e2722&amp;quot;}" wire:effects="{&amp;quot;partials&amp;quot;:[]}" wire:id="rhn1Xn8Ek2I2TbyobSPf" class="min-h-screen bg-gray-50 py-8"&gt;\n
    &lt;div class="max-w-4xl mx-auto px-4 sm:px-6 lg:px-8"&gt;\n
        \n
        &lt;div class="bg-white rounded-lg shadow-md mb-6 overflow-hidden"&gt;\n
            &lt;div class="bg-gray-700 px-6 py-4 flex items-center justify-between"&gt;\n
                &lt;div class="flex items-center space-x-4"&gt;\n
                    &lt;div class="bg-danger w-16 h-16 flex items-center justify-center rounded"&gt;\n
                        &lt;span class="text-white font-bold text-xl"&gt;BPM&lt;/span&gt;\n
                    &lt;/div&gt;\n
                    &lt;div class="text-white"&gt;\n
                        &lt;h1 class="text-xl font-bold"&gt;ICT Equipment Loan Application Form&lt;/h1&gt;\n
                        &lt;p class="text-sm text-gray-300"&gt;For Official Use of Ministry of Tourism, Arts &amp;amp; Culture&lt;/p&gt;\n
                    &lt;/div&gt;\n
                &lt;/div&gt;\n
                &lt;div class="text-white text-right"&gt;\n
                    &lt;div class="text-2xl font-bold"&gt;FORM 1&lt;/div&gt;\n
                    &lt;div class="text-sm"&gt;of 4 pages&lt;/div&gt;\n
                &lt;/div&gt;\n
            &lt;/div&gt;\n
        &lt;/div&gt;\n
\n
        \n
        &lt;div class="mb-8"&gt;\n
            &lt;div class="flex items-center justify-between"&gt;\n
                &lt;!--[if BLOCK]&gt;&lt;![endif]--&gt;                    &lt;div class="flex-1 mr-2"&gt;\n
                        &lt;div class="relative"&gt;\n
                            &lt;div class="h-2 rounded-full bg-blue-600"&gt;\n
                            &lt;/div&gt;\n
                            &lt;div class="absolute -top-8 left-1/2 transform -translate-x-1/2 text-center"&gt;\n
                                &lt;div\n
                                    class="w-8 h-8 rounded-full flex items-center justify-center text-sm font-medium\n
                                    bg-blue-600 text-white"&gt;\n
                                    1\n
                                &lt;/div&gt;\n
                                &lt;p class="text-xs mt-1 text-gray-600"&gt;Applicant Info&lt;/p&gt;\n
                            &lt;/div&gt;\n
                        &lt;/div&gt;\n
                    &lt;/div&gt;\n
                                    &lt;div class="flex-1 mr-2"&gt;\n
                        &lt;div class="relative"&gt;\n
                            &lt;div class="h-2 rounded-full bg-gray-300"&gt;\n
                            &lt;/div&gt;\n
                            &lt;div class="absolute -top-8 left-1/2 transform -translate-x-1/2 text-center"&gt;\n
                                &lt;div\n
                                    class="w-8 h-8 rounded-full flex items-center justify-center text-sm font-medium\n
                                    bg-gray-300 text-gray-600"&gt;\n
                                    2\n
                                &lt;/div&gt;\n
                                &lt;p class="text-xs mt-1 text-gray-600"&gt;Responsible Officer&lt;/p&gt;\n
                            &lt;/div&gt;\n
                        &lt;/div&gt;\n
                    &lt;/div&gt;\n
                                    &lt;div class="flex-1 mr-2"&gt;\n
                        &lt;div class="relative"&gt;\n
                            &lt;div class="h-2 rounded-full bg-gray-300"&gt;\n
                            &lt;/div&gt;\n
                            &lt;div class="absolute -top-8 left-1/2 transform -translate-x-1/2 text-center"&gt;\n
                                &lt;div\n
                                    class="w-8 h-8 rounded-full flex items-center justify-center text-sm font-medium\n
                                    bg-gray-300 text-gray-600"&gt;\n
                                    3\n
                                &lt;/div&gt;\n
                                &lt;p class="text-xs mt-1 text-gray-600"&gt;Equipment List&lt;/p&gt;\n
                            &lt;/div&gt;\n
                        &lt;/div&gt;\n
                    &lt;/div&gt;\n
                                    &lt;div class="flex-1 "&gt;\n
                        &lt;div class="relative"&gt;\n
                            &lt;div class="h-2 rounded-full bg-gray-300"&gt;\n
                            &lt;/div&gt;\n
                            &lt;div class="absolute -top-8 left-1/2 transform -translate-x-1/2 text-center"&gt;\n
                                &lt;div\n
                                    class="w-8 h-8 rounded-full flex items-center justify-center text-sm font-medium\n
                                    bg-gray-300 text-gray-600"&gt;\n
                                    4\n
                                &lt;/div&gt;\n
                                &lt;p class="text-xs mt-1 text-gray-600"&gt;Confirmation&lt;/p&gt;\n
                            &lt;/div&gt;\n
                        &lt;/div&gt;\n
                    &lt;/div&gt;\n
                &lt;!--[if ENDBLOCK]&gt;&lt;![endif]--&gt;\n
            &lt;/div&gt;\n
        &lt;/div&gt;\n
\n
        &lt;form wire:submit="submitForm"&gt;\n
            \n
            &lt;!--[if BLOCK]&gt;&lt;![endif]--&gt;                &lt;div class="bg-white rounded-lg shadow-md overflow-hidden "\n
    &gt;\n
    &lt;!--[if BLOCK]&gt;&lt;![endif]--&gt;&lt;!--[if ENDBLOCK]&gt;&lt;![endif]--&gt;\n
\n
    &lt;div class="p-6"&gt;\n
        &lt;div class="space-y-6"&gt;\n
                        \n
                        &lt;div class="bg-gray-100 -mx-6 -mt-6 px-6 py-3 mb-6"&gt;\n
                            &lt;h2 class="text-lg font-semibold text-gray-900"&gt;\n
                                SECTION 1 | APPLICANT INFORMATION\n
                            &lt;/h2&gt;\n
                            &lt;p class="text-sm text-gray-600 mt-1"&gt;Fields marked with * are REQUIRED.&lt;/p&gt;\n
                        &lt;/div&gt;\n
\n
                        \n
                        &lt;div class="mb-4"&gt;\n
    \n
    &lt;label for="form.applicant_name" class="block text-sm font-medium text-gray-700 mb-2"&gt;\n
        Full Name\n
        &lt;!--[if BLOCK]&gt;&lt;![endif]--&gt;            &lt;span class="text-danger" aria-label="required"&gt;*&lt;/span&gt;\n
        &lt;!--[if ENDBLOCK]&gt;&lt;![endif]--&gt;\n
    &lt;/label&gt;\n
\n
    \n
    &lt;!--[if BLOCK]&gt;&lt;![endif]--&gt;&lt;!--[if ENDBLOCK]&gt;&lt;![endif]--&gt;\n
\n
    \n
    &lt;input type="text" name="form.applicant_name" id="form.applicant_name" value=""\n
        class="block w-full rounded-md shadow-sm transition-colors duration-200 min-h-[44px] px-4 py-2 text-base border-gray-300 focus:border-blue-600 focus:ring-2 focus:ring-blue-600 focus:outline-none"  required aria-required="true"                   placeholder="Enter your full name"                                                         wire:model.live.debounce.300ms="form.applicant_name" /&gt;\n
\n
    \n
    &lt;!--[if BLOCK]&gt;&lt;![endif]--&gt;&lt;!--[if ENDBLOCK]&gt;&lt;![endif]--&gt;\n
&lt;/div&gt;\n
\n
                        \n
                        &lt;div class="grid grid-cols-1 md:grid-cols-2 gap-6"&gt;\n
                            &lt;div class="mb-4"&gt;\n
    \n
    &lt;label for="form.position" class="block text-sm font-medium text-gray-700 mb-2"&gt;\n
        Position &amp;amp; Grade\n
        &lt;!--[if BLOCK]&gt;&lt;![endif]--&gt;            &lt;span class="text-danger" aria-label="required"&gt;*&lt;/span&gt;\n
        &lt;!--[if ENDBLOCK]&gt;&lt;![endif]--&gt;\n
    &lt;/label&gt;\n
\n
    \n
    &lt;!--[if BLOCK]&gt;&lt;![endif]--&gt;&lt;!--[if ENDBLOCK]&gt;&lt;![endif]--&gt;\n
\n
    \n
    &lt;input type="text" name="form.position" id="form.position" value=""\n
        class="block w-full rounded-md shadow-sm transition-colors duration-200 min-h-[44px] px-4 py-2 text-base border-gray-300 focus:border-blue-600 focus:ring-2 focus:ring-blue-600 focus:outline-none"  required aria-required="true"                   placeholder="Example: Administrative Officer N41"                                                         wire:model.live.debounce.300ms="form.position" /&gt;\n
\n
    \n
    &lt;!--[if BLOCK]&gt;&lt;![endif]--&gt;&lt;!--[if ENDBLOCK]&gt;&lt;![endif]--&gt;\n
&lt;/div&gt;\n
\n
                            &lt;div class="mb-4"&gt;\n
    \n
    &lt;label for="form.phone" class="block text-sm font-medium text-gray-700 mb-2"&gt;\n
        Phone Number\n
        &lt;!--[if BLOCK]&gt;&lt;![endif]--&gt;            &lt;span class="text-danger" aria-label="required"&gt;*&lt;/span&gt;\n
        &lt;!--[if ENDBLOCK]&gt;&lt;![endif]--&gt;\n
    &lt;/label&gt;\n
\n
    \n
    &lt;!--[if BLOCK]&gt;&lt;![endif]--&gt;&lt;!--[if ENDBLOCK]&gt;&lt;![endif]--&gt;\n
\n
    \n
    &lt;input type="tel" name="form.phone" id="form.phone" value=""\n
        class="block w-full rounded-md shadow-sm transition-colors duration-200 min-h-[44px] px-4 py-2 text-base border-gray-300 focus:border-blue-600 focus:ring-2 focus:ring-blue-600 focus:outline-none"  required aria-required="true"                   placeholder="Example: 03-12345678"                                                         wire:model.live.debounce.300ms="form.phone" /&gt;\n
\n
    \n
    &lt;!--[if BLOCK]&gt;&lt;![endif]--&gt;&lt;!--[if ENDBLOCK]&gt;&lt;![endif]--&gt;\n
&lt;/div&gt;\n
                        &lt;/div&gt;\n
\n
                        \n
                        &lt;div class="mb-4"&gt;\n
    &lt;label for="form.division_id" class="block text-sm font-medium text-gray-700 mb-2"&gt;\n
        Division/Unit\n
        &lt;!--[if BLOCK]&gt;&lt;![endif]--&gt;            &lt;span class="text-danger" aria-label="required"&gt;*&lt;/span&gt;\n
        &lt;!--[if ENDBLOCK]&gt;&lt;![endif]--&gt;\n
    &lt;/label&gt;\n
\n
    &lt;!--[if BLOCK]&gt;&lt;![endif]--&gt;&lt;!--[if ENDBLOCK]&gt;&lt;![endif]--&gt;\n
\n
    &lt;select name="form.division_id" id="form.division_id" class="block w-full rounded-md shadow-sm transition-colors duration-200 min-h-[44px] px-4 py-2 text-base border-gray-300 focus:border-blue-600 focus:ring-2 focus:ring-blue-600 focus:outline-none"\n
         required aria-required="true"                                 wire:model.live="form.division_id"&gt;\n
        &lt;!--[if BLOCK]&gt;&lt;![endif]--&gt;            &lt;option value=""&gt;Select division/unit&lt;/option&gt;\n
        &lt;!--[if ENDBLOCK]&gt;&lt;![endif]--&gt;\n
\n
        &lt;!--[if BLOCK]&gt;&lt;![endif]--&gt;&lt;!--[if ENDBLOCK]&gt;&lt;![endif]--&gt;\n
    &lt;/select&gt;\n
\n
    &lt;!--[if BLOCK]&gt;&lt;![endif]--&gt;&lt;!--[if ENDBLOCK]&gt;&lt;![endif]--&gt;\n
&lt;/div&gt;\n
\n
                        \n
                        &lt;div class="mb-4" x-data="{ charCount: 0 }"&gt;\n
    &lt;label for="form.purpose" class="block text-sm font-medium text-gray-700 mb-2"&gt;\n
        Purpose of Application\n
        &lt;!--[if BLOCK]&gt;&lt;![endif]--&gt;            &lt;span class="text-danger" aria-label="required"&gt;*&lt;/span&gt;\n
        &lt;!--[if ENDBLOCK]&gt;&lt;![endif]--&gt;\n
    &lt;/label&gt;\n
\n
    &lt;!--[if BLOCK]&gt;&lt;![endif]--&gt;&lt;!--[if ENDBLOCK]&gt;&lt;![endif]--&gt;\n
\n
    &lt;textarea name="form.purpose" id="form.purpose" rows="4" class="block w-full rounded-md shadow-sm transition-colors duration-200 px-4 py-2 text-base border-gray-300 focus:border-blue-600 focus:ring-2 focus:ring-blue-600 focus:outline-none"\n
         required aria-required="true"                   placeholder="State the purpose of equipment loan"                  maxlength="500"                          x-on:input="charCount = $event.target.value.length"         wire:model.live.debounce.300ms="form.purpose"&gt;&lt;/textarea&gt;\n
\n
    &lt;!--[if BLOCK]&gt;&lt;![endif]--&gt;        &lt;p id="form.purpose-char-count" class="mt-1 text-sm text-gray-600" aria-live="polite"&gt;\n
            &lt;span x-text="charCount"&gt;&lt;/span&gt; / 500 characters\n
        &lt;/p&gt;\n
    &lt;!--[if ENDBLOCK]&gt;&lt;![endif]--&gt;\n
\n
    &lt;!--[if BLOCK]&gt;&lt;![endif]--&gt;&lt;!--[if ENDBLOCK]&gt;&lt;![endif]--&gt;\n
&lt;/div&gt;\n
\n
                        \n
                        &lt;div class="mb-4"&gt;\n
    \n
    &lt;label for="form.location" class="block text-sm font-medium text-gray-700 mb-2"&gt;\n
        Location\n
        &lt;!--[if BLOCK]&gt;&lt;![endif]--&gt;            &lt;span class="text-danger" aria-label="required"&gt;*&lt;/span&gt;\n
        &lt;!--[if ENDBLOCK]&gt;&lt;![endif]--&gt;\n
    &lt;/label&gt;\n
\n
    \n
    &lt;!--[if BLOCK]&gt;&lt;![endif]--&gt;&lt;!--[if ENDBLOCK]&gt;&lt;![endif]--&gt;\n
\n
    \n
    &lt;input type="text" name="form.location" id="form.location" value=""\n
        class="block w-full rounded-md shadow-sm transition-colors duration-200 min-h-[44px] px-4 py-2 text-base border-gray-300 focus:border-blue-600 focus:ring-2 focus:ring-blue-600 focus:outline-none"  required aria-required="true"                   placeholder="State the location of use"                                                         wire:model.live.debounce.300ms="form.location" /&gt;\n
\n
    \n
    &lt;!--[if BLOCK]&gt;&lt;![endif]--&gt;&lt;!--[if ENDBLOCK]&gt;&lt;![endif]--&gt;\n
&lt;/div&gt;\n
\n
                        \n
                        &lt;div class="grid grid-cols-1 md:grid-cols-2 gap-6"&gt;\n
                            &lt;div class="mb-4"&gt;\n
    \n
    &lt;label for="form.loan_start_date" class="block text-sm font-medium text-gray-700 mb-2"&gt;\n
        Loan Date\n
        &lt;!--[if BLOCK]&gt;&lt;![endif]--&gt;            &lt;span class="text-danger" aria-label="required"&gt;*&lt;/span&gt;\n
        &lt;!--[if ENDBLOCK]&gt;&lt;![endif]--&gt;\n
    &lt;/label&gt;\n
\n
    \n
    &lt;!--[if BLOCK]&gt;&lt;![endif]--&gt;&lt;!--[if ENDBLOCK]&gt;&lt;![endif]--&gt;\n
\n
    \n
    &lt;input type="date" name="form.loan_start_date" id="form.loan_start_date" value=""\n
        class="block w-full rounded-md shadow-sm transition-colors duration-200 min-h-[44px] px-4 py-2 text-base border-gray-300 focus:border-blue-600 focus:ring-2 focus:ring-blue-600 focus:outline-none"  required aria-required="true"                                                                          wire:model.live="form.loan_start_date" min="2025-11-06" /&gt;\n
\n
    \n
    &lt;!--[if BLOCK]&gt;&lt;![endif]--&gt;&lt;!--[if ENDBLOCK]&gt;&lt;![endif]--&gt;\n
&lt;/div&gt;\n
\n
                            &lt;div class="mb-4"&gt;\n
    \n
    &lt;label for="form.loan_end_date" class="block text-sm font-medium text-gray-700 mb-2"&gt;\n
        Expected Return Date\n
        &lt;!--[if BLOCK]&gt;&lt;![endif]--&gt;            &lt;span class="text-danger" aria-label="required"&gt;*&lt;/span&gt;\n
        &lt;!--[if ENDBLOCK]&gt;&lt;![endif]--&gt;\n
    &lt;/label&gt;\n
\n
    \n
    &lt;!--[if BLOCK]&gt;&lt;![endif]--&gt;&lt;!--[if ENDBLOCK]&gt;&lt;![endif]--&gt;\n
\n
    \n
    &lt;input type="date" name="form.loan_end_date" id="form.loan_end_date" value=""\n
        class="block w-full rounded-md shadow-sm transition-colors duration-200 min-h-[44px] px-4 py-2 text-base border-gray-300 focus:border-blue-600 focus:ring-2 focus:ring-blue-600 focus:outline-none"  required aria-required="true"                                                                          wire:model.live="form.loan_end_date" min="2025-11-06" /&gt;\n
\n
    \n
    &lt;!--[if BLOCK]&gt;&lt;![endif]--&gt;&lt;!--[if ENDBLOCK]&gt;&lt;![endif]--&gt;\n
&lt;/div&gt;\n
                        &lt;/div&gt;\n
                    &lt;/div&gt;\n
    &lt;/div&gt;\n
\n
    &lt;!--[if BLOCK]&gt;&lt;![endif]--&gt;&lt;!--[if ENDBLOCK]&gt;&lt;![endif]--&gt;\n
&lt;/div&gt;\n
            &lt;!--[if ENDBLOCK]&gt;&lt;![endif]--&gt;\n
\n
            \n
            &lt;!--[if BLOCK]&gt;&lt;![endif]--&gt;&lt;!--[if ENDBLOCK]&gt;&lt;![endif]--&gt;\n
\n
            \n
            &lt;!--[if BLOCK]&gt;&lt;![endif]--&gt;&lt;!--[if ENDBLOCK]&gt;&lt;![endif]--&gt;\n
\n
            \n
            &lt;!--[if BLOCK]&gt;&lt;![endif]--&gt;&lt;!--[if ENDBLOCK]&gt;&lt;![endif]--&gt;\n
\n
            \n
            &lt;div class="mt-8 flex justify-between items-center"&gt;\n
                &lt;!--[if BLOCK]&gt;&lt;![endif]--&gt;                    &lt;div&gt;&lt;/div&gt;\n
                &lt;!--[if ENDBLOCK]&gt;&lt;![endif]--&gt;\n
\n
                &lt;!--[if BLOCK]&gt;&lt;![endif]--&gt;                    &lt;!--[if BLOCK]&gt;&lt;![endif]--&gt;    &lt;button type="button" class="inline-flex items-center justify-center px-4 py-2 rounded-md font-medium text-sm transition-colors duration-200 focus:outline-none focus:ring-2 focus:ring-offset-2 min-h-[44px] disabled:opacity-50 disabled:cursor-not-allowed bg-blue-600 text-white hover:bg-blue-700 focus:ring-blue-600"         wire:click="nextStep"&gt;\n
        &lt;!--[if BLOCK]&gt;&lt;![endif]--&gt;&lt;!--[if ENDBLOCK]&gt;&lt;![endif]--&gt;\n
        Next\n
                        &lt;svg class="w-4 h-4 ml-2" fill="none" stroke="currentColor" viewBox="0 0 24 24"&gt;\n
                            &lt;path stroke-linecap="round" stroke-linejoin="round" stroke-width="2" d="M9 5l7 7-7 7" /&gt;\n
                        &lt;/svg&gt;\n
    &lt;/button&gt;\n
&lt;!--[if ENDBLOCK]&gt;&lt;![endif]--&gt;\n
                &lt;!--[if ENDBLOCK]&gt;&lt;![endif]--&gt;\n
            &lt;/div&gt;\n
        &lt;/form&gt;\n
\n
        \n
        &lt;div class="mt-8 p-6 bg-white rounded-lg shadow-md"&gt;\n
            &lt;h3 class="text-lg font-semibold text-gray-900 mb-4"&gt;\n
                Need Assistance?\n
            &lt;/h3&gt;\n
            &lt;p class="text-sm text-gray-700 mb-4"&gt;\n
                For any inquiries, please contact:\n
            &lt;/p&gt;\n
            &lt;div class="flex flex-col sm:flex-row gap-4"&gt;\n
                &lt;div class="flex items-center text-sm text-gray-600"&gt;\n
                    &lt;svg class="w-5 h-5 mr-2 text-blue-600" fill="none" stroke="currentColor"\n
                        viewBox="0 0 24 24"&gt;\n
                        &lt;path stroke-linecap="round" stroke-linejoin="round" stroke-width="2"\n
                            d="M3 8l7.89 5.26a2 2 0 002.22 0L21 8M5 19h14a2 2 0 002-2V7a2 2 0 00-2-2H5a2 2 0 00-2 2v10a2 2 0 002 2z" /&gt;\n
                    &lt;/svg&gt;\n
                    &lt;span&gt;bpm@motac.gov.my&lt;/span&gt;\n
                &lt;/div&gt;\n
                &lt;div class="flex items-center text-sm text-gray-600"&gt;\n
                    &lt;svg class="w-5 h-5 mr-2 text-blue-600" fill="none" stroke="currentColor"\n
                        viewBox="0 0 24 24"&gt;\n
                        &lt;path stroke-linecap="round" stroke-linejoin="round" stroke-width="2"\n
                            d="M3 5a2 2 0 012-2h3.28a1 1 0 01.948.684l1.498 4.493a1 1 0 01-.502 1.21l-2.257 1.13a11.042 11.042 0 005.516 5.516l1.13-2.257a1 1 0 011.21-.502l4.493 1.498a1 1 0 01.684.949V19a2 2 0 01-2 2h-1C9.716 21 3 14.284 3 6V5z" /&gt;\n
                    &lt;/svg&gt;\n
                    &lt;span&gt;03-2161 2345&lt;/span&gt;\n
                &lt;/div&gt;\n
            &lt;/div&gt;\n
        &lt;/div&gt;\n
    &lt;/div&gt;\n
&lt;/div&gt;\n
                            &lt;/main&gt;\n
\n
            &lt;footer class="bg-gray-900 text-white mt-auto" role="contentinfo"&gt;\n
    &lt;div class="max-w-7xl mx-auto px-4 sm:px-6 lg:px-8 py-12"&gt;\n
        &lt;div class="grid grid-cols-1 md:grid-cols-3 gap-8"&gt;\n
            \n
            &lt;div&gt;\n
                &lt;h3 class="text-lg font-semibold mb-4"&gt;About ICTServe&lt;/h3&gt;\n
                &lt;p class="text-gray-400 text-sm leading-relaxed"&gt;\n
                    ICTServe is the unified MOTAC platform for submitting IT helpdesk requests and managing asset loans with transparent tracking and WCAG-compliant experiences.\n
                &lt;/p&gt;\n
            &lt;/div&gt;\n
\n
            \n
            &lt;div&gt;\n
                &lt;h3 class="text-lg font-semibold mb-4"&gt;Quick Links&lt;/h3&gt;\n
                &lt;nav aria-label="Footer navigation"&gt;\n
                    &lt;ul class="space-y-2"&gt;\n
                        &lt;li&gt;\n
                            &lt;a href="http://localhost:8000"\n
                                class="text-gray-400 hover:text-white focus:outline-none focus:ring-2 focus:ring-blue-600 focus:ring-offset-2 focus:ring-offset-gray-900 rounded-md transition-colors inline-block"&gt;\n
                                Home\n
                            &lt;/a&gt;\n
                        &lt;/li&gt;\n
                                                                            &lt;li&gt;\n
                                &lt;a href="http://localhost:8000/helpdesk/submit"\n
                                    class="text-gray-400 hover:text-white focus:outline-none focus:ring-2 focus:ring-blue-600 focus:ring-offset-2 focus:ring-offset-gray-900 rounded-md transition-colors inline-block"&gt;\n
                                    Helpdesk\n
                                &lt;/a&gt;\n
                            &lt;/li&gt;\n
                                                                            &lt;li&gt;\n
                                &lt;a href="http://localhost:8000/loan/create"\n
                                    class="text-gray-400 hover:text-white focus:outline-none focus:ring-2 focus:ring-blue-600 focus:ring-offset-2 focus:ring-offset-gray-900 rounded-md transition-colors inline-block"&gt;\n
                                    Asset Loan\n
                                &lt;/a&gt;\n
                            &lt;/li&gt;\n
                                                                            &lt;li&gt;\n
                                &lt;a href="http://localhost:8000/login"\n
                                    class="text-gray-400 hover:text-white focus:outline-none focus:ring-2 focus:ring-blue-600 focus:ring-offset-2 focus:ring-offset-gray-900 rounded-md transition-colors inline-block"&gt;\n
                                    Staff Login\n
                                &lt;/a&gt;\n
                            &lt;/li&gt;\n
                                            &lt;/ul&gt;\n
                &lt;/nav&gt;\n
            &lt;/div&gt;\n
\n
            \n
            &lt;div&gt;\n
                &lt;h3 class="text-lg font-semibold mb-4"&gt;Contact Us&lt;/h3&gt;\n
                &lt;address class="text-gray-400 text-sm not-italic space-y-2"&gt;\n
                    &lt;p&gt;\n
                        &lt;strong&gt;Ministry:&lt;/strong&gt;&lt;br&gt;\n
                        Ministry of Tourism, Arts and Culture Malaysia\n
                    &lt;/p&gt;\n
                    &lt;p&gt;\n
                        &lt;strong&gt;Email:&lt;/strong&gt;&lt;br&gt;\n
                        &lt;a href="mailto:support@motac.gov.my"\n
                            class="hover:text-white focus:outline-none focus:ring-2 focus:ring-blue-600 focus:ring-offset-2 focus:ring-offset-gray-900 rounded-md transition-colors"&gt;\n
                            support@motac.gov.my\n
                        &lt;/a&gt;\n
                    &lt;/p&gt;\n
                    &lt;p&gt;\n
                        &lt;strong&gt;Phone:&lt;/strong&gt;&lt;br&gt;\n
                        &lt;a href="tel:+60380009999"\n
                            class="hover:text-white focus:outline-none focus:ring-2 focus:ring-blue-600 focus:ring-offset-2 focus:ring-offset-gray-900 rounded-md transition-colors"&gt;\n
                            +603 8000 9999\n
                        &lt;/a&gt;\n
                    &lt;/p&gt;\n
                &lt;/address&gt;\n
            &lt;/div&gt;\n
        &lt;/div&gt;\n
\n
        \n
        &lt;div class="mt-8 pt-8 border-t border-gray-800"&gt;\n
            &lt;div class="flex flex-col md:flex-row justify-between items-center space-y-4 md:space-y-0"&gt;\n
                &lt;p class="text-gray-400 text-sm"&gt;\n
                    &amp;copy; 2025 Ministry of Tourism, Arts and Culture Malaysia.\n
                    All rights reserved.\n
                &lt;/p&gt;\n
                &lt;div class="flex items-center space-x-4 text-sm text-gray-400"&gt;\n
                    &lt;span&gt;WCAG 2.2 AA compliant&lt;/span&gt;\n
                    &lt;span aria-hidden="true"&gt;|&lt;/span&gt;\n
                    &lt;span&gt;PDPA compliant&lt;/span&gt;\n
                &lt;/div&gt;\n
            &lt;/div&gt;\n
        &lt;/div&gt;\n
    &lt;/div&gt;\n
&lt;/footer&gt;\n
        &lt;/div&gt;\n
    &lt;!-- Livewire Scripts --&gt;\n
&lt;script src="/livewire/livewire.js?id=df3a17f2"   data-csrf="E5SBdOkFgWTfBQxQ3NZH0v9Ui2kFpKRFVv6zoHBU" data-update-uri="/livewire/update" data-navigate-once="true"&gt;&lt;/script&gt;\n
&lt;/body&gt;\n
&lt;/html&gt;\n
' [ASCII](length: 39961) contains "Nama Pemohon" [ASCII](length: 12).
&#13;
C:\XAMPP\htdocs\ictserve-031125\vendor\laravel\framework\src\Illuminate\Testing\TestResponseAssert.php:45
C:\XAMPP\htdocs\ictserve-031125\vendor\laravel\framework\src\Illuminate\Testing\TestResponse.php:686
C:\XAMPP\htdocs\ictserve-031125\tests\Feature\Livewire\GuestLoanApplicationTest.php:445</failure>
        </testcase>
        <testcase name="test_language_switching_persists_in_session" file="C:\XAMPP\htdocs\ictserve-031125\tests\Feature\Livewire\GuestLoanApplicationTest.php" line="455" class="Tests\Feature\Livewire\GuestLoanApplicationTest" classname="Tests.Feature.Livewire.GuestLoanApplicationTest" assertions="4" time="1.927571">
          <failure type="PHPUnit\Framework\ExpectationFailedException">Tests\Feature\Livewire\GuestLoanApplicationTest::test_language_switching_persists_in_session&#13;
Failed asserting that '&lt;!DOCTYPE html&gt;\n
&lt;html lang="en"&gt;\n
    &lt;head&gt;\n
        &lt;meta charset="utf-8"&gt;\n
        &lt;meta name="viewport" content="width=device-width, initial-scale=1"&gt;\n
        &lt;meta name="csrf-token" content="wDSiygGPhAv1TVs3ppHQdEVopO2igx1C6T5jonAH"&gt;\n
\n
        &lt;title&gt;ICTServe&lt;/title&gt;\n
\n
        &lt;link rel="preconnect" href="https://fonts.bunny.net"&gt;\n
        &lt;link href="https://fonts.bunny.net/css?family=figtree:400,500,600&amp;display=swap" rel="stylesheet" /&gt;\n
\n
        &lt;script type="module" src="http://[::1]:5173/@vite/client" data-navigate-track="reload"&gt;&lt;/script&gt;&lt;link rel="stylesheet" href="http://[::1]:5173/resources/css/app.css" data-navigate-track="reload" /&gt;&lt;script type="module" src="http://[::1]:5173/resources/js/app.js" data-navigate-track="reload"&gt;&lt;/script&gt;    &lt;!-- Livewire Styles --&gt;&lt;style &gt;[wire\:loading][wire\:loading], [wire\:loading\.delay][wire\:loading\.delay], [wire\:loading\.inline-block][wire\:loading\.inline-block], [wire\:loading\.inline][wire\:loading\.inline], [wire\:loading\.block][wire\:loading\.block], [wire\:loading\.flex][wire\:loading\.flex], [wire\:loading\.table][wire\:loading\.table], [wire\:loading\.grid][wire\:loading\.grid], [wire\:loading\.inline-flex][wire\:loading\.inline-flex] {display: none;}[wire\:loading\.delay\.none][wire\:loading\.delay\.none], [wire\:loading\.delay\.shortest][wire\:loading\.delay\.shortest], [wire\:loading\.delay\.shorter][wire\:loading\.delay\.shorter], [wire\:loading\.delay\.short][wire\:loading\.delay\.short], [wire\:loading\.delay\.default][wire\:loading\.delay\.default], [wire\:loading\.delay\.long][wire\:loading\.delay\.long], [wire\:loading\.delay\.longer][wire\:loading\.delay\.longer], [wire\:loading\.delay\.longest][wire\:loading\.delay\.longest] {display: none;}[wire\:offline][wire\:offline] {display: none;}[wire\:dirty]:not(textarea):not(input):not(select) {display: none;}:root {--livewire-progress-bar-color: #2299dd;}[x-cloak] {display: none !important;}[wire\:cloak] {display: none !important;}&lt;/style&gt;\n
&lt;/head&gt;\n
    &lt;body class="font-sans antialiased text-gray-900 bg-slate-50"&gt;\n
        &lt;div class="min-h-screen flex flex-col"&gt;\n
            &lt;nav aria-label="common.skip_links" class="sr-only focus-within:not-sr-only"&gt;\n
    &lt;ul class="fixed top-0 left-0 z-50 bg-motac-blue text-white p-4 rounded-br-lg shadow-lg"&gt;\n
        &lt;li class="mb-2"&gt;\n
            &lt;a href="#main-content"\n
                class="block px-4 py-2 bg-white text-motac-blue rounded-md hover:bg-gray-100 focus:outline-none focus:ring-4 focus:ring-white focus:ring-offset-2 focus:ring-offset-motac-blue min-h-[44px] flex items-center font-medium"\n
                accesskey="m"&gt;\n
                common.skip_to_main_content &lt;span class="ml-2 text-sm"&gt;(Alt+M)&lt;/span&gt;\n
            &lt;/a&gt;\n
        &lt;/li&gt;\n
        &lt;li class="mb-2"&gt;\n
            &lt;a href="#sidebar-navigation"\n
                class="block px-4 py-2 bg-white text-motac-blue rounded-md hover:bg-gray-100 focus:outline-none focus:ring-4 focus:ring-white focus:ring-offset-2 focus:ring-offset-motac-blue min-h-[44px] flex items-center font-medium"\n
                accesskey="s"&gt;\n
                common.skip_to_sidebar &lt;span class="ml-2 text-sm"&gt;(Alt+S)&lt;/span&gt;\n
            &lt;/a&gt;\n
        &lt;/li&gt;\n
        &lt;li&gt;\n
            &lt;a href="#user-menu"\n
                class="block px-4 py-2 bg-white text-motac-blue rounded-md hover:bg-gray-100 focus:outline-none focus:ring-4 focus:ring-white focus:ring-offset-2 focus:ring-offset-motac-blue min-h-[44px] flex items-center font-medium"\n
                accesskey="u"&gt;\n
                common.skip_to_user_menu &lt;span class="ml-2 text-sm"&gt;(Alt+U)&lt;/span&gt;\n
            &lt;/a&gt;\n
        &lt;/li&gt;\n
    &lt;/ul&gt;\n
&lt;/nav&gt;\n
            &lt;header class="bg-white shadow-md" role="banner"&gt;\n
    &lt;div class="max-w-7xl mx-auto px-4 sm:px-6 lg:px-8"&gt;\n
        &lt;div class="flex justify-between items-center h-16"&gt;\n
            \n
            &lt;div class="flex items-center"&gt;\n
                &lt;a href="http://localhost:8000"\n
                    class="flex items-center focus:outline-none focus:ring-2 focus:ring-blue-600 focus:ring-offset-2 rounded-md p-2"\n
                    aria-label="Home"&gt;\n
                    &lt;svg viewBox="0 0 316 316" xmlns="http://www.w3.org/2000/svg" class="h-10 w-auto"&gt;\n
    &lt;path d="M305.8 81.125C305.77 80.995 305.69 80.885 305.65 80.755C305.56 80.525 305.49 80.285 305.37 80.075C305.29 79.935 305.17 79.815 305.07 79.685C304.94 79.515 304.83 79.325 304.68 79.175C304.55 79.045 304.39 78.955 304.25 78.845C304.09 78.715 303.95 78.575 303.77 78.475L251.32 48.275C249.97 47.495 248.31 47.495 246.96 48.275L194.51 78.475C194.33 78.575 194.19 78.725 194.03 78.845C193.89 78.955 193.73 79.045 193.6 79.175C193.45 79.325 193.34 79.515 193.21 79.685C193.11 79.815 192.99 79.935 192.91 80.075C192.79 80.285 192.71 80.525 192.63 80.755C192.58 80.875 192.51 80.995 192.48 81.125C192.38 81.495 192.33 81.875 192.33 82.265V139.625L148.62 164.795V52.575C148.62 52.185 148.57 51.805 148.47 51.435C148.44 51.305 148.36 51.195 148.32 51.065C148.23 50.835 148.16 50.595 148.04 50.385C147.96 50.245 147.84 50.125 147.74 49.995C147.61 49.825 147.5 49.635 147.35 49.485C147.22 49.355 147.06 49.265 146.92 49.155C146.76 49.025 146.62 48.885 146.44 48.785L93.99 18.585C92.64 17.805 90.98 17.805 89.63 18.585L37.18 48.785C37 48.885 36.86 49.035 36.7 49.155C36.56 49.265 36.4 49.355 36.27 49.485C36.12 49.635 36.01 49.825 35.88 49.995C35.78 50.125 35.66 50.245 35.58 50.385C35.46 50.595 35.38 50.835 35.3 51.065C35.25 51.185 35.18 51.305 35.15 51.435C35.05 51.805 35 52.185 35 52.575V232.235C35 233.795 35.84 235.245 37.19 236.025L142.1 296.425C142.33 296.555 142.58 296.635 142.82 296.725C142.93 296.765 143.04 296.835 143.16 296.865C143.53 296.965 143.9 297.015 144.28 297.015C144.66 297.015 145.03 296.965 145.4 296.865C145.5 296.835 145.59 296.775 145.69 296.745C145.95 296.655 146.21 296.565 146.45 296.435L251.36 236.035C252.72 235.255 253.55 233.815 253.55 232.245V174.885L303.81 145.945C305.17 145.165 306 143.725 306 142.155V82.265C305.95 81.875 305.89 81.495 305.8 81.125ZM144.2 227.205L100.57 202.515L146.39 176.135L196.66 147.195L240.33 172.335L208.29 190.625L144.2 227.205ZM244.75 114.995V164.795L226.39 154.225L201.03 139.625V89.825L219.39 100.395L244.75 114.995ZM249.12 57.105L292.81 82.265L249.12 107.425L205.43 82.265L249.12 57.105ZM114.49 184.425L96.13 194.995V85.305L121.49 70.705L139.85 60.135V169.815L114.49 184.425ZM91.76 27.425L135.45 52.585L91.76 77.745L48.07 52.585L91.76 27.425ZM43.67 60.135L62.03 70.705L87.39 85.305V202.545V202.555V202.565C87.39 202.735 87.44 202.895 87.46 203.055C87.49 203.265 87.49 203.485 87.55 203.695V203.705C87.6 203.875 87.69 204.035 87.76 204.195C87.84 204.375 87.89 204.575 87.99 204.745C87.99 204.745 87.99 204.755 88 204.755C88.09 204.905 88.22 205.035 88.33 205.175C88.45 205.335 88.55 205.495 88.69 205.635L88.7 205.645C88.82 205.765 88.98 205.855 89.12 205.965C89.28 206.085 89.42 206.225 89.59 206.325C89.6 206.325 89.6 206.325 89.61 206.335C89.62 206.335 89.62 206.345 89.63 206.345L139.87 234.775V285.065L43.67 229.705V60.135ZM244.75 229.705L148.58 285.075V234.775L219.8 194.115L244.75 179.875V229.705ZM297.2 139.625L253.49 164.795V114.995L278.85 100.395L297.21 89.825V139.625H297.2Z"/&gt;\n
&lt;/svg&gt;\n
                    &lt;span class="ml-3 text-xl font-bold text-gray-900"&gt;ICTServe&lt;/span&gt;\n
                &lt;/a&gt;\n
            &lt;/div&gt;\n
\n
            \n
            &lt;nav class="hidden md:flex space-x-8" role="navigation" aria-label="Main navigation"&gt;\n
                &lt;a href="http://localhost:8000"\n
                    class="inline-flex items-center px-3 py-2 text-sm font-medium text-gray-700 hover:text-blue-600 focus:outline-none focus:ring-2 focus:ring-blue-600 focus:ring-offset-2 rounded-md transition-colors duration-200"\n
                    aria-current="false"&gt;\n
                    Home\n
                &lt;/a&gt;\n
\n
                                    &lt;a href="http://localhost:8000/helpdesk/submit"\n
                        class="inline-flex items-center px-3 py-2 text-sm font-medium text-gray-700 hover:text-blue-600 focus:outline-none focus:ring-2 focus:ring-blue-600 focus:ring-offset-2 rounded-md transition-colors duration-200"\n
                        aria-current="false"&gt;\n
                        Helpdesk\n
                    &lt;/a&gt;\n
                \n
                                    &lt;a href="http://localhost:8000/loan/create"\n
                        class="inline-flex items-center px-3 py-2 text-sm font-medium text-gray-700 hover:text-blue-600 focus:outline-none focus:ring-2 focus:ring-blue-600 focus:ring-offset-2 rounded-md transition-colors duration-200"\n
                        aria-current="page"&gt;\n
                        Asset Loan\n
                    &lt;/a&gt;\n
                            &lt;/nav&gt;\n
\n
            \n
            &lt;div class="flex items-center space-x-3"&gt;\n
                \n
                &lt;div class="relative" x-data="{ open: false }" @click.outside="open = false" @keydown.escape.window="open = false"&gt;\n
    \n
    &lt;button type="button" @click="open = !open"\n
        class="inline-flex items-center justify-center min-h-[44px] min-w-[44px] px-4 py-2 text-sm font-medium text-gray-700 bg-white border border-gray-300 rounded-md hover:bg-gray-50 focus:outline-none focus:ring-2 focus:ring-blue-600 focus:ring-offset-2 transition-colors duration-150"\n
        aria-haspopup="menu"\n
        :aria-expanded="open.toString()"\n
        aria-controls="language-menu"\n
        aria-label="Language switcher"&gt;\n
        \n
        &lt;svg class="w-5 h-5 mr-2" fill="none" stroke="currentColor" viewBox="0 0 24 24" aria-hidden="true"&gt;\n
            &lt;path stroke-linecap="round" stroke-linejoin="round" stroke-width="2"\n
                d="M3 5h12M9 3v2m1 14h9m-9 0a7 7 0 110-14 7 7 0 010 14zm0 0c1.657 0 3-3.134 3-7s-1.343-7-3-7-3 3.134-3 7 1.343 7 3 7z" /&gt;\n
        &lt;/svg&gt;\n
\n
        \n
        &lt;span class="hidden sm:inline"&gt;\n
            English\n
        &lt;/span&gt;\n
\n
        \n
        &lt;span class="inline sm:hidden font-semibold"&gt;\n
            EN\n
        &lt;/span&gt;\n
\n
        \n
        &lt;svg class="w-4 h-4 ml-2 transition-transform duration-150" :class="{ 'rotate-180': open }" fill="none"\n
            stroke="currentColor" viewBox="0 0 24 24" aria-hidden="true"&gt;\n
            &lt;path stroke-linecap="round" stroke-linejoin="round" stroke-width="2" d="M19 9l-7 7-7-7" /&gt;\n
        &lt;/svg&gt;\n
    &lt;/button&gt;\n
\n
    \n
    &lt;div x-show="open" x-transition:enter="transition ease-out duration-100"\n
        x-transition:enter-start="transform opacity-0 scale-95"\n
        x-transition:enter-end="transform opacity-100 scale-100"\n
        x-transition:leave="transition ease-in duration-75"\n
        x-transition:leave-start="transform opacity-100 scale-100"\n
        x-transition:leave-end="transform opacity-0 scale-95"\n
        class="absolute right-0 z-50 mt-2 w-56 origin-top-right rounded-md bg-white shadow-lg ring-1 ring-black ring-opacity-5 focus:outline-none"\n
        role="menu" id="language-menu" aria-orientation="vertical" tabindex="-1"\n
        style="display: none;"&gt;\n
        &lt;div class="py-1" role="none"&gt;\n
                            &lt;a href="http://localhost:8000/change-locale/en"\n
                    class="group flex items-center min-h-[44px] px-4 py-2 text-sm text-gray-700 hover:bg-gray-100 hover:text-gray-900 focus:bg-gray-100 focus:text-gray-900 focus:outline-none focus:ring-2 focus:ring-inset focus:ring-blue-600 transition-colors duration-150 bg-blue-600 text-white hover:bg-blue-600 hover:text-white"\n
                    role="menuitem" tabindex="-1" lang="en" @click="open = false"\n
                     aria-current="page" &gt;\n
                    &lt;span class="mr-3 font-semibold" aria-hidden="true"&gt;EN&lt;/span&gt;\n
                    &lt;span class="flex-1"&gt;English&lt;/span&gt;\n
\n
                                            &lt;svg class="w-5 h-5 ml-2" fill="currentColor" viewBox="0 0 20 20" aria-hidden="true"&gt;\n
                            &lt;path fill-rule="evenodd"\n
                                d="M16.707 5.293a1 1 0 010 1.414l-8 8a1 1 0 01-1.414 0l-4-4a1 1 0 011.414-1.414L8 12.586l7.293-7.293a1 1 0 011.414 0z"\n
                                clip-rule="evenodd" /&gt;\n
                        &lt;/svg&gt;\n
                                    &lt;/a&gt;\n
                            &lt;a href="http://localhost:8000/change-locale/ms"\n
                    class="group flex items-center min-h-[44px] px-4 py-2 text-sm text-gray-700 hover:bg-gray-100 hover:text-gray-900 focus:bg-gray-100 focus:text-gray-900 focus:outline-none focus:ring-2 focus:ring-inset focus:ring-blue-600 transition-colors duration-150"\n
                    role="menuitem" tabindex="-1" lang="ms" @click="open = false"\n
                    &gt;\n
                    &lt;span class="mr-3 font-semibold" aria-hidden="true"&gt;MS&lt;/span&gt;\n
                    &lt;span class="flex-1"&gt;Bahasa Melayu&lt;/span&gt;\n
\n
                                    &lt;/a&gt;\n
                    &lt;/div&gt;\n
    &lt;/div&gt;\n
&lt;/div&gt;\n
\n
                \n
                                                            &lt;!--[if BLOCK]&gt;&lt;![endif]--&gt;    &lt;a href="http://localhost:8000/admin/login" class="inline-flex items-center justify-center px-4 py-2 rounded-md font-medium text-sm transition-colors duration-200 focus:outline-none focus:ring-2 focus:ring-offset-2 min-h-[44px] disabled:opacity-50 disabled:cursor-not-allowed bg-transparent text-blue-600 hover:bg-blue-50 focus:ring-blue-600" &gt;\n
        Admin Login\n
    &lt;/a&gt;\n
&lt;!--[if ENDBLOCK]&gt;&lt;![endif]--&gt;\n
                    \n
                    &lt;!--[if BLOCK]&gt;&lt;![endif]--&gt;    &lt;a href="http://localhost:8000/login" class="inline-flex items-center justify-center px-4 py-2 rounded-md font-medium text-sm transition-colors duration-200 focus:outline-none focus:ring-2 focus:ring-offset-2 min-h-[44px] disabled:opacity-50 disabled:cursor-not-allowed bg-blue-600 text-white hover:bg-blue-700 focus:ring-blue-600" &gt;\n
        Staff Login\n
    &lt;/a&gt;\n
&lt;!--[if ENDBLOCK]&gt;&lt;![endif]--&gt;\n
                            &lt;/div&gt;\n
\n
            \n
            &lt;div class="md:hidden" x-data="{ open: false }"&gt;\n
                &lt;button type="button"\n
                    class="inline-flex items-center justify-center p-2 rounded-md text-gray-700 hover:text-blue-600 hover:bg-gray-100 focus:outline-none focus:ring-2 focus:ring-blue-600 focus:ring-offset-2 min-h-[44px] min-w-[44px]"\n
                    @click="open = !open" :aria-expanded="open.toString()" aria-controls="mobile-menu"\n
                    aria-label="Toggle navigation menu"&gt;\n
                    &lt;svg class="h-6 w-6" fill="none" viewBox="0 0 24 24" stroke="currentColor" aria-hidden="true"&gt;\n
                        &lt;path stroke-linecap="round" stroke-linejoin="round" stroke-width="2"\n
                            d="M4 6h16M4 12h16M4 18h16" /&gt;\n
                    &lt;/svg&gt;\n
                &lt;/button&gt;\n
\n
                \n
                &lt;div class="md:hidden" id="mobile-menu" x-show="open" x-transition x-cloak&gt;\n
                    &lt;div class="px-2 pt-2 pb-3 space-y-1 sm:px-3" role="navigation"\n
                        aria-label="Mobile navigation"&gt;\n
                        &lt;a href="http://localhost:8000"\n
                            class="block px-3 py-2 rounded-md text-base font-medium text-gray-700 hover:text-blue-600 hover:bg-gray-50 focus:outline-none focus:ring-2 focus:ring-blue-600 min-h-[44px]"\n
                            aria-current="false"&gt;\n
                            Home\n
                        &lt;/a&gt;\n
\n
                                                    &lt;a href="http://localhost:8000/helpdesk/submit"\n
                                class="block px-3 py-2 rounded-md text-base font-medium text-gray-700 hover:text-blue-600 hover:bg-gray-50 focus:outline-none focus:ring-2 focus:ring-blue-600 min-h-[44px]"\n
                                aria-current="false"&gt;\n
                                Helpdesk\n
                            &lt;/a&gt;\n
                        \n
                                                    &lt;a href="http://localhost:8000/loan/create"\n
                                class="block px-3 py-2 rounded-md text-base font-medium text-gray-700 hover:text-blue-600 hover:bg-gray-50 focus:outline-none focus:ring-2 focus:ring-blue-600 min-h-[44px]"\n
                                aria-current="page"&gt;\n
                                Asset Loan\n
                            &lt;/a&gt;\n
                        \n
                                                                                    &lt;a href="http://localhost:8000/admin/login"\n
                                    class="block px-3 py-2 rounded-md text-base font-medium text-gray-700 hover:text-blue-600 hover:bg-gray-50 focus:outline-none focus:ring-2 focus:ring-blue-600 min-h-[44px]"&gt;\n
                                    Admin Login\n
                                &lt;/a&gt;\n
                            \n
                            &lt;a href="http://localhost:8000/login"\n
                                class="block px-3 py-2 rounded-md text-base font-medium text-gray-700 hover:text-blue-600 hover:bg-gray-50 focus:outline-none focus:ring-2 focus:ring-blue-600 min-h-[44px]"&gt;\n
                                Staff Login\n
                            &lt;/a&gt;\n
                                            &lt;/div&gt;\n
                &lt;/div&gt;\n
            &lt;/div&gt;\n
        &lt;/div&gt;\n
    &lt;/div&gt;\n
&lt;/header&gt;\n
\n
            &lt;main class="flex-1"&gt;\n
                                    &lt;div wire:snapshot="{&amp;quot;data&amp;quot;:{&amp;quot;currentStep&amp;quot;:1,&amp;quot;submitting&amp;quot;:false,&amp;quot;form&amp;quot;:[{&amp;quot;applicant_name&amp;quot;:&amp;quot;&amp;quot;,&amp;quot;position&amp;quot;:&amp;quot;&amp;quot;,&amp;quot;phone&amp;quot;:&amp;quot;&amp;quot;,&amp;quot;division_id&amp;quot;:null,&amp;quot;purpose&amp;quot;:&amp;quot;&amp;quot;,&amp;quot;location&amp;quot;:&amp;quot;&amp;quot;,&amp;quot;loan_start_date&amp;quot;:&amp;quot;2025-11-06&amp;quot;,&amp;quot;loan_end_date&amp;quot;:&amp;quot;2025-11-12&amp;quot;,&amp;quot;is_responsible_officer&amp;quot;:false,&amp;quot;responsible_officer_name&amp;quot;:&amp;quot;&amp;quot;,&amp;quot;responsible_officer_position&amp;quot;:&amp;quot;&amp;quot;,&amp;quot;responsible_officer_phone&amp;quot;:&amp;quot;&amp;quot;,&amp;quot;equipment_items&amp;quot;:[[[{&amp;quot;equipment_type&amp;quot;:&amp;quot;&amp;quot;,&amp;quot;quantity&amp;quot;:1,&amp;quot;notes&amp;quot;:&amp;quot;&amp;quot;},{&amp;quot;s&amp;quot;:&amp;quot;arr&amp;quot;}]],{&amp;quot;s&amp;quot;:&amp;quot;arr&amp;quot;}],&amp;quot;applicant_signature&amp;quot;:&amp;quot;&amp;quot;,&amp;quot;accept_terms&amp;quot;:false},{&amp;quot;s&amp;quot;:&amp;quot;arr&amp;quot;}]},&amp;quot;memo&amp;quot;:{&amp;quot;id&amp;quot;:&amp;quot;cPRFgeytQu9gJnqxxCBb&amp;quot;,&amp;quot;name&amp;quot;:&amp;quot;guest-loan-application&amp;quot;,&amp;quot;path&amp;quot;:&amp;quot;loan\/apply&amp;quot;,&amp;quot;method&amp;quot;:&amp;quot;GET&amp;quot;,&amp;quot;children&amp;quot;:[],&amp;quot;scripts&amp;quot;:[],&amp;quot;assets&amp;quot;:[],&amp;quot;errors&amp;quot;:[],&amp;quot;locale&amp;quot;:&amp;quot;en&amp;quot;},&amp;quot;checksum&amp;quot;:&amp;quot;b6048ab8e025bbaed59cb49f5e57fc6f1c98f949c6a8616c6d7006e0086ea5a0&amp;quot;}" wire:effects="{&amp;quot;partials&amp;quot;:[]}" wire:id="cPRFgeytQu9gJnqxxCBb" class="min-h-screen bg-gray-50 py-8"&gt;\n
    &lt;div class="max-w-4xl mx-auto px-4 sm:px-6 lg:px-8"&gt;\n
        \n
        &lt;div class="bg-white rounded-lg shadow-md mb-6 overflow-hidden"&gt;\n
            &lt;div class="bg-gray-700 px-6 py-4 flex items-center justify-between"&gt;\n
                &lt;div class="flex items-center space-x-4"&gt;\n
                    &lt;div class="bg-danger w-16 h-16 flex items-center justify-center rounded"&gt;\n
                        &lt;span class="text-white font-bold text-xl"&gt;BPM&lt;/span&gt;\n
                    &lt;/div&gt;\n
                    &lt;div class="text-white"&gt;\n
                        &lt;h1 class="text-xl font-bold"&gt;ICT Equipment Loan Application Form&lt;/h1&gt;\n
                        &lt;p class="text-sm text-gray-300"&gt;For Official Use of Ministry of Tourism, Arts &amp;amp; Culture&lt;/p&gt;\n
                    &lt;/div&gt;\n
                &lt;/div&gt;\n
                &lt;div class="text-white text-right"&gt;\n
                    &lt;div class="text-2xl font-bold"&gt;FORM 1&lt;/div&gt;\n
                    &lt;div class="text-sm"&gt;of 4 pages&lt;/div&gt;\n
                &lt;/div&gt;\n
            &lt;/div&gt;\n
        &lt;/div&gt;\n
\n
        \n
        &lt;div class="mb-8"&gt;\n
            &lt;div class="flex items-center justify-between"&gt;\n
                &lt;!--[if BLOCK]&gt;&lt;![endif]--&gt;                    &lt;div class="flex-1 mr-2"&gt;\n
                        &lt;div class="relative"&gt;\n
                            &lt;div class="h-2 rounded-full bg-blue-600"&gt;\n
                            &lt;/div&gt;\n
                            &lt;div class="absolute -top-8 left-1/2 transform -translate-x-1/2 text-center"&gt;\n
                                &lt;div\n
                                    class="w-8 h-8 rounded-full flex items-center justify-center text-sm font-medium\n
                                    bg-blue-600 text-white"&gt;\n
                                    1\n
                                &lt;/div&gt;\n
                                &lt;p class="text-xs mt-1 text-gray-600"&gt;Applicant Info&lt;/p&gt;\n
                            &lt;/div&gt;\n
                        &lt;/div&gt;\n
                    &lt;/div&gt;\n
                                    &lt;div class="flex-1 mr-2"&gt;\n
                        &lt;div class="relative"&gt;\n
                            &lt;div class="h-2 rounded-full bg-gray-300"&gt;\n
                            &lt;/div&gt;\n
                            &lt;div class="absolute -top-8 left-1/2 transform -translate-x-1/2 text-center"&gt;\n
                                &lt;div\n
                                    class="w-8 h-8 rounded-full flex items-center justify-center text-sm font-medium\n
                                    bg-gray-300 text-gray-600"&gt;\n
                                    2\n
                                &lt;/div&gt;\n
                                &lt;p class="text-xs mt-1 text-gray-600"&gt;Responsible Officer&lt;/p&gt;\n
                            &lt;/div&gt;\n
                        &lt;/div&gt;\n
                    &lt;/div&gt;\n
                                    &lt;div class="flex-1 mr-2"&gt;\n
                        &lt;div class="relative"&gt;\n
                            &lt;div class="h-2 rounded-full bg-gray-300"&gt;\n
                            &lt;/div&gt;\n
                            &lt;div class="absolute -top-8 left-1/2 transform -translate-x-1/2 text-center"&gt;\n
                                &lt;div\n
                                    class="w-8 h-8 rounded-full flex items-center justify-center text-sm font-medium\n
                                    bg-gray-300 text-gray-600"&gt;\n
                                    3\n
                                &lt;/div&gt;\n
                                &lt;p class="text-xs mt-1 text-gray-600"&gt;Equipment List&lt;/p&gt;\n
                            &lt;/div&gt;\n
                        &lt;/div&gt;\n
                    &lt;/div&gt;\n
                                    &lt;div class="flex-1 "&gt;\n
                        &lt;div class="relative"&gt;\n
                            &lt;div class="h-2 rounded-full bg-gray-300"&gt;\n
                            &lt;/div&gt;\n
                            &lt;div class="absolute -top-8 left-1/2 transform -translate-x-1/2 text-center"&gt;\n
                                &lt;div\n
                                    class="w-8 h-8 rounded-full flex items-center justify-center text-sm font-medium\n
                                    bg-gray-300 text-gray-600"&gt;\n
                                    4\n
                                &lt;/div&gt;\n
                                &lt;p class="text-xs mt-1 text-gray-600"&gt;Confirmation&lt;/p&gt;\n
                            &lt;/div&gt;\n
                        &lt;/div&gt;\n
                    &lt;/div&gt;\n
                &lt;!--[if ENDBLOCK]&gt;&lt;![endif]--&gt;\n
            &lt;/div&gt;\n
        &lt;/div&gt;\n
\n
        &lt;form wire:submit="submitForm"&gt;\n
            \n
            &lt;!--[if BLOCK]&gt;&lt;![endif]--&gt;                &lt;div class="bg-white rounded-lg shadow-md overflow-hidden "\n
    &gt;\n
    &lt;!--[if BLOCK]&gt;&lt;![endif]--&gt;&lt;!--[if ENDBLOCK]&gt;&lt;![endif]--&gt;\n
\n
    &lt;div class="p-6"&gt;\n
        &lt;div class="space-y-6"&gt;\n
                        \n
                        &lt;div class="bg-gray-100 -mx-6 -mt-6 px-6 py-3 mb-6"&gt;\n
                            &lt;h2 class="text-lg font-semibold text-gray-900"&gt;\n
                                SECTION 1 | APPLICANT INFORMATION\n
                            &lt;/h2&gt;\n
                            &lt;p class="text-sm text-gray-600 mt-1"&gt;Fields marked with * are REQUIRED.&lt;/p&gt;\n
                        &lt;/div&gt;\n
\n
                        \n
                        &lt;div class="mb-4"&gt;\n
    \n
    &lt;label for="form.applicant_name" class="block text-sm font-medium text-gray-700 mb-2"&gt;\n
        Full Name\n
        &lt;!--[if BLOCK]&gt;&lt;![endif]--&gt;            &lt;span class="text-danger" aria-label="required"&gt;*&lt;/span&gt;\n
        &lt;!--[if ENDBLOCK]&gt;&lt;![endif]--&gt;\n
    &lt;/label&gt;\n
\n
    \n
    &lt;!--[if BLOCK]&gt;&lt;![endif]--&gt;&lt;!--[if ENDBLOCK]&gt;&lt;![endif]--&gt;\n
\n
    \n
    &lt;input type="text" name="form.applicant_name" id="form.applicant_name" value=""\n
        class="block w-full rounded-md shadow-sm transition-colors duration-200 min-h-[44px] px-4 py-2 text-base border-gray-300 focus:border-blue-600 focus:ring-2 focus:ring-blue-600 focus:outline-none"  required aria-required="true"                   placeholder="Enter your full name"                                                         wire:model.live.debounce.300ms="form.applicant_name" /&gt;\n
\n
    \n
    &lt;!--[if BLOCK]&gt;&lt;![endif]--&gt;&lt;!--[if ENDBLOCK]&gt;&lt;![endif]--&gt;\n
&lt;/div&gt;\n
\n
                        \n
                        &lt;div class="grid grid-cols-1 md:grid-cols-2 gap-6"&gt;\n
                            &lt;div class="mb-4"&gt;\n
    \n
    &lt;label for="form.position" class="block text-sm font-medium text-gray-700 mb-2"&gt;\n
        Position &amp;amp; Grade\n
        &lt;!--[if BLOCK]&gt;&lt;![endif]--&gt;            &lt;span class="text-danger" aria-label="required"&gt;*&lt;/span&gt;\n
        &lt;!--[if ENDBLOCK]&gt;&lt;![endif]--&gt;\n
    &lt;/label&gt;\n
\n
    \n
    &lt;!--[if BLOCK]&gt;&lt;![endif]--&gt;&lt;!--[if ENDBLOCK]&gt;&lt;![endif]--&gt;\n
\n
    \n
    &lt;input type="text" name="form.position" id="form.position" value=""\n
        class="block w-full rounded-md shadow-sm transition-colors duration-200 min-h-[44px] px-4 py-2 text-base border-gray-300 focus:border-blue-600 focus:ring-2 focus:ring-blue-600 focus:outline-none"  required aria-required="true"                   placeholder="Example: Administrative Officer N41"                                                         wire:model.live.debounce.300ms="form.position" /&gt;\n
\n
    \n
    &lt;!--[if BLOCK]&gt;&lt;![endif]--&gt;&lt;!--[if ENDBLOCK]&gt;&lt;![endif]--&gt;\n
&lt;/div&gt;\n
\n
                            &lt;div class="mb-4"&gt;\n
    \n
    &lt;label for="form.phone" class="block text-sm font-medium text-gray-700 mb-2"&gt;\n
        Phone Number\n
        &lt;!--[if BLOCK]&gt;&lt;![endif]--&gt;            &lt;span class="text-danger" aria-label="required"&gt;*&lt;/span&gt;\n
        &lt;!--[if ENDBLOCK]&gt;&lt;![endif]--&gt;\n
    &lt;/label&gt;\n
\n
    \n
    &lt;!--[if BLOCK]&gt;&lt;![endif]--&gt;&lt;!--[if ENDBLOCK]&gt;&lt;![endif]--&gt;\n
\n
    \n
    &lt;input type="tel" name="form.phone" id="form.phone" value=""\n
        class="block w-full rounded-md shadow-sm transition-colors duration-200 min-h-[44px] px-4 py-2 text-base border-gray-300 focus:border-blue-600 focus:ring-2 focus:ring-blue-600 focus:outline-none"  required aria-required="true"                   placeholder="Example: 03-12345678"                                                         wire:model.live.debounce.300ms="form.phone" /&gt;\n
\n
    \n
    &lt;!--[if BLOCK]&gt;&lt;![endif]--&gt;&lt;!--[if ENDBLOCK]&gt;&lt;![endif]--&gt;\n
&lt;/div&gt;\n
                        &lt;/div&gt;\n
\n
                        \n
                        &lt;div class="mb-4"&gt;\n
    &lt;label for="form.division_id" class="block text-sm font-medium text-gray-700 mb-2"&gt;\n
        Division/Unit\n
        &lt;!--[if BLOCK]&gt;&lt;![endif]--&gt;            &lt;span class="text-danger" aria-label="required"&gt;*&lt;/span&gt;\n
        &lt;!--[if ENDBLOCK]&gt;&lt;![endif]--&gt;\n
    &lt;/label&gt;\n
\n
    &lt;!--[if BLOCK]&gt;&lt;![endif]--&gt;&lt;!--[if ENDBLOCK]&gt;&lt;![endif]--&gt;\n
\n
    &lt;select name="form.division_id" id="form.division_id" class="block w-full rounded-md shadow-sm transition-colors duration-200 min-h-[44px] px-4 py-2 text-base border-gray-300 focus:border-blue-600 focus:ring-2 focus:ring-blue-600 focus:outline-none"\n
         required aria-required="true"                                 wire:model.live="form.division_id"&gt;\n
        &lt;!--[if BLOCK]&gt;&lt;![endif]--&gt;            &lt;option value=""&gt;Select division/unit&lt;/option&gt;\n
        &lt;!--[if ENDBLOCK]&gt;&lt;![endif]--&gt;\n
\n
        &lt;!--[if BLOCK]&gt;&lt;![endif]--&gt;&lt;!--[if ENDBLOCK]&gt;&lt;![endif]--&gt;\n
    &lt;/select&gt;\n
\n
    &lt;!--[if BLOCK]&gt;&lt;![endif]--&gt;&lt;!--[if ENDBLOCK]&gt;&lt;![endif]--&gt;\n
&lt;/div&gt;\n
\n
                        \n
                        &lt;div class="mb-4" x-data="{ charCount: 0 }"&gt;\n
    &lt;label for="form.purpose" class="block text-sm font-medium text-gray-700 mb-2"&gt;\n
        Purpose of Application\n
        &lt;!--[if BLOCK]&gt;&lt;![endif]--&gt;            &lt;span class="text-danger" aria-label="required"&gt;*&lt;/span&gt;\n
        &lt;!--[if ENDBLOCK]&gt;&lt;![endif]--&gt;\n
    &lt;/label&gt;\n
\n
    &lt;!--[if BLOCK]&gt;&lt;![endif]--&gt;&lt;!--[if ENDBLOCK]&gt;&lt;![endif]--&gt;\n
\n
    &lt;textarea name="form.purpose" id="form.purpose" rows="4" class="block w-full rounded-md shadow-sm transition-colors duration-200 px-4 py-2 text-base border-gray-300 focus:border-blue-600 focus:ring-2 focus:ring-blue-600 focus:outline-none"\n
         required aria-required="true"                   placeholder="State the purpose of equipment loan"                  maxlength="500"                          x-on:input="charCount = $event.target.value.length"         wire:model.live.debounce.300ms="form.purpose"&gt;&lt;/textarea&gt;\n
\n
    &lt;!--[if BLOCK]&gt;&lt;![endif]--&gt;        &lt;p id="form.purpose-char-count" class="mt-1 text-sm text-gray-600" aria-live="polite"&gt;\n
            &lt;span x-text="charCount"&gt;&lt;/span&gt; / 500 characters\n
        &lt;/p&gt;\n
    &lt;!--[if ENDBLOCK]&gt;&lt;![endif]--&gt;\n
\n
    &lt;!--[if BLOCK]&gt;&lt;![endif]--&gt;&lt;!--[if ENDBLOCK]&gt;&lt;![endif]--&gt;\n
&lt;/div&gt;\n
\n
                        \n
                        &lt;div class="mb-4"&gt;\n
    \n
    &lt;label for="form.location" class="block text-sm font-medium text-gray-700 mb-2"&gt;\n
        Location\n
        &lt;!--[if BLOCK]&gt;&lt;![endif]--&gt;            &lt;span class="text-danger" aria-label="required"&gt;*&lt;/span&gt;\n
        &lt;!--[if ENDBLOCK]&gt;&lt;![endif]--&gt;\n
    &lt;/label&gt;\n
\n
    \n
    &lt;!--[if BLOCK]&gt;&lt;![endif]--&gt;&lt;!--[if ENDBLOCK]&gt;&lt;![endif]--&gt;\n
\n
    \n
    &lt;input type="text" name="form.location" id="form.location" value=""\n
        class="block w-full rounded-md shadow-sm transition-colors duration-200 min-h-[44px] px-4 py-2 text-base border-gray-300 focus:border-blue-600 focus:ring-2 focus:ring-blue-600 focus:outline-none"  required aria-required="true"                   placeholder="State the location of use"                                                         wire:model.live.debounce.300ms="form.location" /&gt;\n
\n
    \n
    &lt;!--[if BLOCK]&gt;&lt;![endif]--&gt;&lt;!--[if ENDBLOCK]&gt;&lt;![endif]--&gt;\n
&lt;/div&gt;\n
\n
                        \n
                        &lt;div class="grid grid-cols-1 md:grid-cols-2 gap-6"&gt;\n
                            &lt;div class="mb-4"&gt;\n
    \n
    &lt;label for="form.loan_start_date" class="block text-sm font-medium text-gray-700 mb-2"&gt;\n
        Loan Date\n
        &lt;!--[if BLOCK]&gt;&lt;![endif]--&gt;            &lt;span class="text-danger" aria-label="required"&gt;*&lt;/span&gt;\n
        &lt;!--[if ENDBLOCK]&gt;&lt;![endif]--&gt;\n
    &lt;/label&gt;\n
\n
    \n
    &lt;!--[if BLOCK]&gt;&lt;![endif]--&gt;&lt;!--[if ENDBLOCK]&gt;&lt;![endif]--&gt;\n
\n
    \n
    &lt;input type="date" name="form.loan_start_date" id="form.loan_start_date" value=""\n
        class="block w-full rounded-md shadow-sm transition-colors duration-200 min-h-[44px] px-4 py-2 text-base border-gray-300 focus:border-blue-600 focus:ring-2 focus:ring-blue-600 focus:outline-none"  required aria-required="true"                                                                          wire:model.live="form.loan_start_date" min="2025-11-06" /&gt;\n
\n
    \n
    &lt;!--[if BLOCK]&gt;&lt;![endif]--&gt;&lt;!--[if ENDBLOCK]&gt;&lt;![endif]--&gt;\n
&lt;/div&gt;\n
\n
                            &lt;div class="mb-4"&gt;\n
    \n
    &lt;label for="form.loan_end_date" class="block text-sm font-medium text-gray-700 mb-2"&gt;\n
        Expected Return Date\n
        &lt;!--[if BLOCK]&gt;&lt;![endif]--&gt;            &lt;span class="text-danger" aria-label="required"&gt;*&lt;/span&gt;\n
        &lt;!--[if ENDBLOCK]&gt;&lt;![endif]--&gt;\n
    &lt;/label&gt;\n
\n
    \n
    &lt;!--[if BLOCK]&gt;&lt;![endif]--&gt;&lt;!--[if ENDBLOCK]&gt;&lt;![endif]--&gt;\n
\n
    \n
    &lt;input type="date" name="form.loan_end_date" id="form.loan_end_date" value=""\n
        class="block w-full rounded-md shadow-sm transition-colors duration-200 min-h-[44px] px-4 py-2 text-base border-gray-300 focus:border-blue-600 focus:ring-2 focus:ring-blue-600 focus:outline-none"  required aria-required="true"                                                                          wire:model.live="form.loan_end_date" min="2025-11-06" /&gt;\n
\n
    \n
    &lt;!--[if BLOCK]&gt;&lt;![endif]--&gt;&lt;!--[if ENDBLOCK]&gt;&lt;![endif]--&gt;\n
&lt;/div&gt;\n
                        &lt;/div&gt;\n
                    &lt;/div&gt;\n
    &lt;/div&gt;\n
\n
    &lt;!--[if BLOCK]&gt;&lt;![endif]--&gt;&lt;!--[if ENDBLOCK]&gt;&lt;![endif]--&gt;\n
&lt;/div&gt;\n
            &lt;!--[if ENDBLOCK]&gt;&lt;![endif]--&gt;\n
\n
            \n
            &lt;!--[if BLOCK]&gt;&lt;![endif]--&gt;&lt;!--[if ENDBLOCK]&gt;&lt;![endif]--&gt;\n
\n
            \n
            &lt;!--[if BLOCK]&gt;&lt;![endif]--&gt;&lt;!--[if ENDBLOCK]&gt;&lt;![endif]--&gt;\n
\n
            \n
            &lt;!--[if BLOCK]&gt;&lt;![endif]--&gt;&lt;!--[if ENDBLOCK]&gt;&lt;![endif]--&gt;\n
\n
            \n
            &lt;div class="mt-8 flex justify-between items-center"&gt;\n
                &lt;!--[if BLOCK]&gt;&lt;![endif]--&gt;                    &lt;div&gt;&lt;/div&gt;\n
                &lt;!--[if ENDBLOCK]&gt;&lt;![endif]--&gt;\n
\n
                &lt;!--[if BLOCK]&gt;&lt;![endif]--&gt;                    &lt;!--[if BLOCK]&gt;&lt;![endif]--&gt;    &lt;button type="button" class="inline-flex items-center justify-center px-4 py-2 rounded-md font-medium text-sm transition-colors duration-200 focus:outline-none focus:ring-2 focus:ring-offset-2 min-h-[44px] disabled:opacity-50 disabled:cursor-not-allowed bg-blue-600 text-white hover:bg-blue-700 focus:ring-blue-600"         wire:click="nextStep"&gt;\n
        &lt;!--[if BLOCK]&gt;&lt;![endif]--&gt;&lt;!--[if ENDBLOCK]&gt;&lt;![endif]--&gt;\n
        Next\n
                        &lt;svg class="w-4 h-4 ml-2" fill="none" stroke="currentColor" viewBox="0 0 24 24"&gt;\n
                            &lt;path stroke-linecap="round" stroke-linejoin="round" stroke-width="2" d="M9 5l7 7-7 7" /&gt;\n
                        &lt;/svg&gt;\n
    &lt;/button&gt;\n
&lt;!--[if ENDBLOCK]&gt;&lt;![endif]--&gt;\n
                &lt;!--[if ENDBLOCK]&gt;&lt;![endif]--&gt;\n
            &lt;/div&gt;\n
        &lt;/form&gt;\n
\n
        \n
        &lt;div class="mt-8 p-6 bg-white rounded-lg shadow-md"&gt;\n
            &lt;h3 class="text-lg font-semibold text-gray-900 mb-4"&gt;\n
                Need Assistance?\n
            &lt;/h3&gt;\n
            &lt;p class="text-sm text-gray-700 mb-4"&gt;\n
                For any inquiries, please contact:\n
            &lt;/p&gt;\n
            &lt;div class="flex flex-col sm:flex-row gap-4"&gt;\n
                &lt;div class="flex items-center text-sm text-gray-600"&gt;\n
                    &lt;svg class="w-5 h-5 mr-2 text-blue-600" fill="none" stroke="currentColor"\n
                        viewBox="0 0 24 24"&gt;\n
                        &lt;path stroke-linecap="round" stroke-linejoin="round" stroke-width="2"\n
                            d="M3 8l7.89 5.26a2 2 0 002.22 0L21 8M5 19h14a2 2 0 002-2V7a2 2 0 00-2-2H5a2 2 0 00-2 2v10a2 2 0 002 2z" /&gt;\n
                    &lt;/svg&gt;\n
                    &lt;span&gt;bpm@motac.gov.my&lt;/span&gt;\n
                &lt;/div&gt;\n
                &lt;div class="flex items-center text-sm text-gray-600"&gt;\n
                    &lt;svg class="w-5 h-5 mr-2 text-blue-600" fill="none" stroke="currentColor"\n
                        viewBox="0 0 24 24"&gt;\n
                        &lt;path stroke-linecap="round" stroke-linejoin="round" stroke-width="2"\n
                            d="M3 5a2 2 0 012-2h3.28a1 1 0 01.948.684l1.498 4.493a1 1 0 01-.502 1.21l-2.257 1.13a11.042 11.042 0 005.516 5.516l1.13-2.257a1 1 0 011.21-.502l4.493 1.498a1 1 0 01.684.949V19a2 2 0 01-2 2h-1C9.716 21 3 14.284 3 6V5z" /&gt;\n
                    &lt;/svg&gt;\n
                    &lt;span&gt;03-2161 2345&lt;/span&gt;\n
                &lt;/div&gt;\n
            &lt;/div&gt;\n
        &lt;/div&gt;\n
    &lt;/div&gt;\n
&lt;/div&gt;\n
                            &lt;/main&gt;\n
\n
            &lt;footer class="bg-gray-900 text-white mt-auto" role="contentinfo"&gt;\n
    &lt;div class="max-w-7xl mx-auto px-4 sm:px-6 lg:px-8 py-12"&gt;\n
        &lt;div class="grid grid-cols-1 md:grid-cols-3 gap-8"&gt;\n
            \n
            &lt;div&gt;\n
                &lt;h3 class="text-lg font-semibold mb-4"&gt;About ICTServe&lt;/h3&gt;\n
                &lt;p class="text-gray-400 text-sm leading-relaxed"&gt;\n
                    ICTServe is the unified MOTAC platform for submitting IT helpdesk requests and managing asset loans with transparent tracking and WCAG-compliant experiences.\n
                &lt;/p&gt;\n
            &lt;/div&gt;\n
\n
            \n
            &lt;div&gt;\n
                &lt;h3 class="text-lg font-semibold mb-4"&gt;Quick Links&lt;/h3&gt;\n
                &lt;nav aria-label="Footer navigation"&gt;\n
                    &lt;ul class="space-y-2"&gt;\n
                        &lt;li&gt;\n
                            &lt;a href="http://localhost:8000"\n
                                class="text-gray-400 hover:text-white focus:outline-none focus:ring-2 focus:ring-blue-600 focus:ring-offset-2 focus:ring-offset-gray-900 rounded-md transition-colors inline-block"&gt;\n
                                Home\n
                            &lt;/a&gt;\n
                        &lt;/li&gt;\n
                                                                            &lt;li&gt;\n
                                &lt;a href="http://localhost:8000/helpdesk/submit"\n
                                    class="text-gray-400 hover:text-white focus:outline-none focus:ring-2 focus:ring-blue-600 focus:ring-offset-2 focus:ring-offset-gray-900 rounded-md transition-colors inline-block"&gt;\n
                                    Helpdesk\n
                                &lt;/a&gt;\n
                            &lt;/li&gt;\n
                                                                            &lt;li&gt;\n
                                &lt;a href="http://localhost:8000/loan/create"\n
                                    class="text-gray-400 hover:text-white focus:outline-none focus:ring-2 focus:ring-blue-600 focus:ring-offset-2 focus:ring-offset-gray-900 rounded-md transition-colors inline-block"&gt;\n
                                    Asset Loan\n
                                &lt;/a&gt;\n
                            &lt;/li&gt;\n
                                                                            &lt;li&gt;\n
                                &lt;a href="http://localhost:8000/login"\n
                                    class="text-gray-400 hover:text-white focus:outline-none focus:ring-2 focus:ring-blue-600 focus:ring-offset-2 focus:ring-offset-gray-900 rounded-md transition-colors inline-block"&gt;\n
                                    Staff Login\n
                                &lt;/a&gt;\n
                            &lt;/li&gt;\n
                                            &lt;/ul&gt;\n
                &lt;/nav&gt;\n
            &lt;/div&gt;\n
\n
            \n
            &lt;div&gt;\n
                &lt;h3 class="text-lg font-semibold mb-4"&gt;Contact Us&lt;/h3&gt;\n
                &lt;address class="text-gray-400 text-sm not-italic space-y-2"&gt;\n
                    &lt;p&gt;\n
                        &lt;strong&gt;Ministry:&lt;/strong&gt;&lt;br&gt;\n
                        Ministry of Tourism, Arts and Culture Malaysia\n
                    &lt;/p&gt;\n
                    &lt;p&gt;\n
                        &lt;strong&gt;Email:&lt;/strong&gt;&lt;br&gt;\n
                        &lt;a href="mailto:support@motac.gov.my"\n
                            class="hover:text-white focus:outline-none focus:ring-2 focus:ring-blue-600 focus:ring-offset-2 focus:ring-offset-gray-900 rounded-md transition-colors"&gt;\n
                            support@motac.gov.my\n
                        &lt;/a&gt;\n
                    &lt;/p&gt;\n
                    &lt;p&gt;\n
                        &lt;strong&gt;Phone:&lt;/strong&gt;&lt;br&gt;\n
                        &lt;a href="tel:+60380009999"\n
                            class="hover:text-white focus:outline-none focus:ring-2 focus:ring-blue-600 focus:ring-offset-2 focus:ring-offset-gray-900 rounded-md transition-colors"&gt;\n
                            +603 8000 9999\n
                        &lt;/a&gt;\n
                    &lt;/p&gt;\n
                &lt;/address&gt;\n
            &lt;/div&gt;\n
        &lt;/div&gt;\n
\n
        \n
        &lt;div class="mt-8 pt-8 border-t border-gray-800"&gt;\n
            &lt;div class="flex flex-col md:flex-row justify-between items-center space-y-4 md:space-y-0"&gt;\n
                &lt;p class="text-gray-400 text-sm"&gt;\n
                    &amp;copy; 2025 Ministry of Tourism, Arts and Culture Malaysia.\n
                    All rights reserved.\n
                &lt;/p&gt;\n
                &lt;div class="flex items-center space-x-4 text-sm text-gray-400"&gt;\n
                    &lt;span&gt;WCAG 2.2 AA compliant&lt;/span&gt;\n
                    &lt;span aria-hidden="true"&gt;|&lt;/span&gt;\n
                    &lt;span&gt;PDPA compliant&lt;/span&gt;\n
                &lt;/div&gt;\n
            &lt;/div&gt;\n
        &lt;/div&gt;\n
    &lt;/div&gt;\n
&lt;/footer&gt;\n
        &lt;/div&gt;\n
    &lt;!-- Livewire Scripts --&gt;\n
&lt;script src="/livewire/livewire.js?id=df3a17f2"   data-csrf="wDSiygGPhAv1TVs3ppHQdEVopO2igx1C6T5jonAH" data-update-uri="/livewire/update" data-navigate-once="true"&gt;&lt;/script&gt;\n
&lt;/body&gt;\n
&lt;/html&gt;\n
' [ASCII](length: 39961) contains "Nama Pemohon" [ASCII](length: 12).
&#13;
C:\XAMPP\htdocs\ictserve-031125\vendor\laravel\framework\src\Illuminate\Testing\TestResponseAssert.php:45
C:\XAMPP\htdocs\ictserve-031125\vendor\laravel\framework\src\Illuminate\Testing\TestResponse.php:686
C:\XAMPP\htdocs\ictserve-031125\tests\Feature\Livewire\GuestLoanApplicationTest.php:464</failure>
        </testcase>
        <testcase name="test_validation_messages_display_in_correct_language" file="C:\XAMPP\htdocs\ictserve-031125\tests\Feature\Livewire\GuestLoanApplicationTest.php" line="480" class="Tests\Feature\Livewire\GuestLoanApplicationTest" classname="Tests.Feature.Livewire.GuestLoanApplicationTest" assertions="0" time="2.473833">
          <error type="Livewire\Exceptions\PublicPropertyNotFoundException">Tests\Feature\Livewire\GuestLoanApplicationTest::test_validation_messages_display_in_correct_language&#13;
Livewire\Exceptions\PublicPropertyNotFoundException: Unable to set component data. Public property [$applicant_email] not found on component: [guest-loan-application]
&#13;
C:\XAMPP\htdocs\ictserve-031125\vendor\livewire\livewire\src\Mechanisms\HandleComponents\HandleComponents.php:336
C:\XAMPP\htdocs\ictserve-031125\vendor\livewire\livewire\src\Mechanisms\HandleComponents\HandleComponents.php:318
C:\XAMPP\htdocs\ictserve-031125\vendor\livewire\livewire\src\Mechanisms\HandleComponents\HandleComponents.php:98
C:\XAMPP\htdocs\ictserve-031125\vendor\livewire\livewire\src\LivewireManager.php:102
C:\XAMPP\htdocs\ictserve-031125\vendor\livewire\volt\src\LivewireManager.php:35
C:\XAMPP\htdocs\ictserve-031125\vendor\livewire\livewire\src\Mechanisms\HandleRequests\HandleRequests.php:94
C:\XAMPP\htdocs\ictserve-031125\vendor\laravel\framework\src\Illuminate\Routing\ControllerDispatcher.php:46
C:\XAMPP\htdocs\ictserve-031125\vendor\laravel\framework\src\Illuminate\Routing\Route.php:265
C:\XAMPP\htdocs\ictserve-031125\vendor\laravel\framework\src\Illuminate\Routing\Route.php:211
C:\XAMPP\htdocs\ictserve-031125\vendor\laravel\framework\src\Illuminate\Routing\Router.php:822
C:\XAMPP\htdocs\ictserve-031125\vendor\laravel\framework\src\Illuminate\Pipeline\Pipeline.php:180
C:\XAMPP\htdocs\ictserve-031125\vendor\laravel\framework\src\Illuminate\Pipeline\Pipeline.php:137
C:\XAMPP\htdocs\ictserve-031125\vendor\laravel\framework\src\Illuminate\Routing\Router.php:821
C:\XAMPP\htdocs\ictserve-031125\vendor\laravel\framework\src\Illuminate\Routing\Router.php:800
C:\XAMPP\htdocs\ictserve-031125\vendor\laravel\framework\src\Illuminate\Routing\Router.php:764
C:\XAMPP\htdocs\ictserve-031125\vendor\laravel\framework\src\Illuminate\Routing\Router.php:753
C:\XAMPP\htdocs\ictserve-031125\vendor\laravel\framework\src\Illuminate\Foundation\Http\Kernel.php:200
C:\XAMPP\htdocs\ictserve-031125\vendor\laravel\framework\src\Illuminate\Pipeline\Pipeline.php:180
C:\XAMPP\htdocs\ictserve-031125\vendor\laravel\framework\src\Illuminate\Pipeline\Pipeline.php:137
C:\XAMPP\htdocs\ictserve-031125\vendor\laravel\framework\src\Illuminate\Foundation\Http\Kernel.php:175
C:\XAMPP\htdocs\ictserve-031125\vendor\laravel\framework\src\Illuminate\Foundation\Http\Kernel.php:144
C:\XAMPP\htdocs\ictserve-031125\vendor\laravel\framework\src\Illuminate\Foundation\Testing\Concerns\MakesHttpRequests.php:607
C:\XAMPP\htdocs\ictserve-031125\vendor\livewire\livewire\src\Features\SupportTesting\SubsequentRender.php:36
C:\XAMPP\htdocs\ictserve-031125\vendor\livewire\livewire\src\Features\SupportTesting\RequestBroker.php:30
C:\XAMPP\htdocs\ictserve-031125\vendor\livewire\livewire\src\Features\SupportTesting\SubsequentRender.php:35
C:\XAMPP\htdocs\ictserve-031125\vendor\livewire\livewire\src\Features\SupportTesting\Render.php:24
C:\XAMPP\htdocs\ictserve-031125\vendor\livewire\livewire\src\Features\SupportTesting\SubsequentRender.php:34
C:\XAMPP\htdocs\ictserve-031125\vendor\livewire\livewire\src\Features\SupportTesting\SubsequentRender.php:16
C:\XAMPP\htdocs\ictserve-031125\vendor\livewire\livewire\src\Features\SupportTesting\Testable.php:252
C:\XAMPP\htdocs\ictserve-031125\vendor\livewire\livewire\src\Features\SupportTesting\Testable.php:191
C:\XAMPP\htdocs\ictserve-031125\vendor\livewire\livewire\src\Features\SupportTesting\Testable.php:170
C:\XAMPP\htdocs\ictserve-031125\tests\Feature\Livewire\GuestLoanApplicationTest.php:486</error>
        </testcase>
        <testcase name="test_asset_categories_are_loaded_correctly" file="C:\XAMPP\htdocs\ictserve-031125\tests\Feature\Livewire\GuestLoanApplicationTest.php" line="501" class="Tests\Feature\Livewire\GuestLoanApplicationTest" classname="Tests.Feature.Livewire.GuestLoanApplicationTest" assertions="0" time="1.953143">
          <error type="Error">Tests\Feature\Livewire\GuestLoanApplicationTest::test_asset_categories_are_loaded_correctly&#13;
Error: Call to a member function count() on null
&#13;
C:\XAMPP\htdocs\ictserve-031125\tests\Feature\Livewire\GuestLoanApplicationTest.php:505
C:\XAMPP\htdocs\ictserve-031125\vendor\laravel\framework\src\Illuminate\Testing\TestResponse.php:1284
C:\XAMPP\htdocs\ictserve-031125\vendor\livewire\livewire\src\Features\SupportTesting\Testable.php:398
C:\XAMPP\htdocs\ictserve-031125\tests\Feature\Livewire\GuestLoanApplicationTest.php:504</error>
        </testcase>
        <testcase name="test_component_initialization_performance" file="C:\XAMPP\htdocs\ictserve-031125\tests\Feature\Livewire\GuestLoanApplicationTest.php" line="517" class="Tests\Feature\Livewire\GuestLoanApplicationTest" classname="Tests.Feature.Livewire.GuestLoanApplicationTest" assertions="1" time="1.618229"/>
        <testcase name="test_form_interaction_performance" file="C:\XAMPP\htdocs\ictserve-031125\tests\Feature\Livewire\GuestLoanApplicationTest.php" line="533" class="Tests\Feature\Livewire\GuestLoanApplicationTest" classname="Tests.Feature.Livewire.GuestLoanApplicationTest" assertions="0" time="2.082424">
          <error type="Livewire\Exceptions\PublicPropertyNotFoundException">Tests\Feature\Livewire\GuestLoanApplicationTest::test_form_interaction_performance&#13;
Livewire\Exceptions\PublicPropertyNotFoundException: Unable to set component data. Public property [$applicant_name] not found on component: [guest-loan-application]
&#13;
C:\XAMPP\htdocs\ictserve-031125\vendor\livewire\livewire\src\Mechanisms\HandleComponents\HandleComponents.php:336
C:\XAMPP\htdocs\ictserve-031125\vendor\livewire\livewire\src\Mechanisms\HandleComponents\HandleComponents.php:318
C:\XAMPP\htdocs\ictserve-031125\vendor\livewire\livewire\src\Mechanisms\HandleComponents\HandleComponents.php:98
C:\XAMPP\htdocs\ictserve-031125\vendor\livewire\livewire\src\LivewireManager.php:102
C:\XAMPP\htdocs\ictserve-031125\vendor\livewire\volt\src\LivewireManager.php:35
C:\XAMPP\htdocs\ictserve-031125\vendor\livewire\livewire\src\Mechanisms\HandleRequests\HandleRequests.php:94
C:\XAMPP\htdocs\ictserve-031125\vendor\laravel\framework\src\Illuminate\Routing\ControllerDispatcher.php:46
C:\XAMPP\htdocs\ictserve-031125\vendor\laravel\framework\src\Illuminate\Routing\Route.php:265
C:\XAMPP\htdocs\ictserve-031125\vendor\laravel\framework\src\Illuminate\Routing\Route.php:211
C:\XAMPP\htdocs\ictserve-031125\vendor\laravel\framework\src\Illuminate\Routing\Router.php:822
C:\XAMPP\htdocs\ictserve-031125\vendor\laravel\framework\src\Illuminate\Pipeline\Pipeline.php:180
C:\XAMPP\htdocs\ictserve-031125\vendor\laravel\framework\src\Illuminate\Pipeline\Pipeline.php:137
C:\XAMPP\htdocs\ictserve-031125\vendor\laravel\framework\src\Illuminate\Routing\Router.php:821
C:\XAMPP\htdocs\ictserve-031125\vendor\laravel\framework\src\Illuminate\Routing\Router.php:800
C:\XAMPP\htdocs\ictserve-031125\vendor\laravel\framework\src\Illuminate\Routing\Router.php:764
C:\XAMPP\htdocs\ictserve-031125\vendor\laravel\framework\src\Illuminate\Routing\Router.php:753
C:\XAMPP\htdocs\ictserve-031125\vendor\laravel\framework\src\Illuminate\Foundation\Http\Kernel.php:200
C:\XAMPP\htdocs\ictserve-031125\vendor\laravel\framework\src\Illuminate\Pipeline\Pipeline.php:180
C:\XAMPP\htdocs\ictserve-031125\vendor\laravel\framework\src\Illuminate\Pipeline\Pipeline.php:137
C:\XAMPP\htdocs\ictserve-031125\vendor\laravel\framework\src\Illuminate\Foundation\Http\Kernel.php:175
C:\XAMPP\htdocs\ictserve-031125\vendor\laravel\framework\src\Illuminate\Foundation\Http\Kernel.php:144
C:\XAMPP\htdocs\ictserve-031125\vendor\laravel\framework\src\Illuminate\Foundation\Testing\Concerns\MakesHttpRequests.php:607
C:\XAMPP\htdocs\ictserve-031125\vendor\livewire\livewire\src\Features\SupportTesting\SubsequentRender.php:36
C:\XAMPP\htdocs\ictserve-031125\vendor\livewire\livewire\src\Features\SupportTesting\RequestBroker.php:30
C:\XAMPP\htdocs\ictserve-031125\vendor\livewire\livewire\src\Features\SupportTesting\SubsequentRender.php:35
C:\XAMPP\htdocs\ictserve-031125\vendor\livewire\livewire\src\Features\SupportTesting\Render.php:24
C:\XAMPP\htdocs\ictserve-031125\vendor\livewire\livewire\src\Features\SupportTesting\SubsequentRender.php:34
C:\XAMPP\htdocs\ictserve-031125\vendor\livewire\livewire\src\Features\SupportTesting\SubsequentRender.php:16
C:\XAMPP\htdocs\ictserve-031125\vendor\livewire\livewire\src\Features\SupportTesting\Testable.php:252
C:\XAMPP\htdocs\ictserve-031125\vendor\livewire\livewire\src\Features\SupportTesting\Testable.php:191
C:\XAMPP\htdocs\ictserve-031125\vendor\livewire\livewire\src\Features\SupportTesting\Testable.php:170
C:\XAMPP\htdocs\ictserve-031125\tests\Feature\Livewire\GuestLoanApplicationTest.php:539</error>
        </testcase>
        <testcase name="test_asset_availability_check_performance" file="C:\XAMPP\htdocs\ictserve-031125\tests\Feature\Livewire\GuestLoanApplicationTest.php" line="553" class="Tests\Feature\Livewire\GuestLoanApplicationTest" classname="Tests.Feature.Livewire.GuestLoanApplicationTest" assertions="0" time="2.450252">
          <error type="Livewire\Exceptions\PublicPropertyNotFoundException">Tests\Feature\Livewire\GuestLoanApplicationTest::test_asset_availability_check_performance&#13;
Livewire\Exceptions\PublicPropertyNotFoundException: Unable to set component data. Public property [$loan_start_date] not found on component: [guest-loan-application]
&#13;
C:\XAMPP\htdocs\ictserve-031125\vendor\livewire\livewire\src\Mechanisms\HandleComponents\HandleComponents.php:336
C:\XAMPP\htdocs\ictserve-031125\vendor\livewire\livewire\src\Mechanisms\HandleComponents\HandleComponents.php:318
C:\XAMPP\htdocs\ictserve-031125\vendor\livewire\livewire\src\Mechanisms\HandleComponents\HandleComponents.php:98
C:\XAMPP\htdocs\ictserve-031125\vendor\livewire\livewire\src\LivewireManager.php:102
C:\XAMPP\htdocs\ictserve-031125\vendor\livewire\volt\src\LivewireManager.php:35
C:\XAMPP\htdocs\ictserve-031125\vendor\livewire\livewire\src\Mechanisms\HandleRequests\HandleRequests.php:94
C:\XAMPP\htdocs\ictserve-031125\vendor\laravel\framework\src\Illuminate\Routing\ControllerDispatcher.php:46
C:\XAMPP\htdocs\ictserve-031125\vendor\laravel\framework\src\Illuminate\Routing\Route.php:265
C:\XAMPP\htdocs\ictserve-031125\vendor\laravel\framework\src\Illuminate\Routing\Route.php:211
C:\XAMPP\htdocs\ictserve-031125\vendor\laravel\framework\src\Illuminate\Routing\Router.php:822
C:\XAMPP\htdocs\ictserve-031125\vendor\laravel\framework\src\Illuminate\Pipeline\Pipeline.php:180
C:\XAMPP\htdocs\ictserve-031125\vendor\laravel\framework\src\Illuminate\Pipeline\Pipeline.php:137
C:\XAMPP\htdocs\ictserve-031125\vendor\laravel\framework\src\Illuminate\Routing\Router.php:821
C:\XAMPP\htdocs\ictserve-031125\vendor\laravel\framework\src\Illuminate\Routing\Router.php:800
C:\XAMPP\htdocs\ictserve-031125\vendor\laravel\framework\src\Illuminate\Routing\Router.php:764
C:\XAMPP\htdocs\ictserve-031125\vendor\laravel\framework\src\Illuminate\Routing\Router.php:753
C:\XAMPP\htdocs\ictserve-031125\vendor\laravel\framework\src\Illuminate\Foundation\Http\Kernel.php:200
C:\XAMPP\htdocs\ictserve-031125\vendor\laravel\framework\src\Illuminate\Pipeline\Pipeline.php:180
C:\XAMPP\htdocs\ictserve-031125\vendor\laravel\framework\src\Illuminate\Pipeline\Pipeline.php:137
C:\XAMPP\htdocs\ictserve-031125\vendor\laravel\framework\src\Illuminate\Foundation\Http\Kernel.php:175
C:\XAMPP\htdocs\ictserve-031125\vendor\laravel\framework\src\Illuminate\Foundation\Http\Kernel.php:144
C:\XAMPP\htdocs\ictserve-031125\vendor\laravel\framework\src\Illuminate\Foundation\Testing\Concerns\MakesHttpRequests.php:607
C:\XAMPP\htdocs\ictserve-031125\vendor\livewire\livewire\src\Features\SupportTesting\SubsequentRender.php:36
C:\XAMPP\htdocs\ictserve-031125\vendor\livewire\livewire\src\Features\SupportTesting\RequestBroker.php:30
C:\XAMPP\htdocs\ictserve-031125\vendor\livewire\livewire\src\Features\SupportTesting\SubsequentRender.php:35
C:\XAMPP\htdocs\ictserve-031125\vendor\livewire\livewire\src\Features\SupportTesting\Render.php:24
C:\XAMPP\htdocs\ictserve-031125\vendor\livewire\livewire\src\Features\SupportTesting\SubsequentRender.php:34
C:\XAMPP\htdocs\ictserve-031125\vendor\livewire\livewire\src\Features\SupportTesting\SubsequentRender.php:16
C:\XAMPP\htdocs\ictserve-031125\vendor\livewire\livewire\src\Features\SupportTesting\Testable.php:252
C:\XAMPP\htdocs\ictserve-031125\vendor\livewire\livewire\src\Features\SupportTesting\Testable.php:191
C:\XAMPP\htdocs\ictserve-031125\vendor\livewire\livewire\src\Features\SupportTesting\Testable.php:170
C:\XAMPP\htdocs\ictserve-031125\tests\Feature\Livewire\GuestLoanApplicationTest.php:556</error>
        </testcase>
        <testcase name="test_form_submission_performance" file="C:\XAMPP\htdocs\ictserve-031125\tests\Feature\Livewire\GuestLoanApplicationTest.php" line="574" class="Tests\Feature\Livewire\GuestLoanApplicationTest" classname="Tests.Feature.Livewire.GuestLoanApplicationTest" assertions="0" time="1.867648">
          <error type="Livewire\Exceptions\PublicPropertyNotFoundException">Tests\Feature\Livewire\GuestLoanApplicationTest::test_form_submission_performance&#13;
Livewire\Exceptions\PublicPropertyNotFoundException: Unable to set component data. Public property [$applicant_name] not found on component: [guest-loan-application]
&#13;
C:\XAMPP\htdocs\ictserve-031125\vendor\livewire\livewire\src\Mechanisms\HandleComponents\HandleComponents.php:336
C:\XAMPP\htdocs\ictserve-031125\vendor\livewire\livewire\src\Mechanisms\HandleComponents\HandleComponents.php:318
C:\XAMPP\htdocs\ictserve-031125\vendor\livewire\livewire\src\Mechanisms\HandleComponents\HandleComponents.php:98
C:\XAMPP\htdocs\ictserve-031125\vendor\livewire\livewire\src\LivewireManager.php:102
C:\XAMPP\htdocs\ictserve-031125\vendor\livewire\volt\src\LivewireManager.php:35
C:\XAMPP\htdocs\ictserve-031125\vendor\livewire\livewire\src\Mechanisms\HandleRequests\HandleRequests.php:94
C:\XAMPP\htdocs\ictserve-031125\vendor\laravel\framework\src\Illuminate\Routing\ControllerDispatcher.php:46
C:\XAMPP\htdocs\ictserve-031125\vendor\laravel\framework\src\Illuminate\Routing\Route.php:265
C:\XAMPP\htdocs\ictserve-031125\vendor\laravel\framework\src\Illuminate\Routing\Route.php:211
C:\XAMPP\htdocs\ictserve-031125\vendor\laravel\framework\src\Illuminate\Routing\Router.php:822
C:\XAMPP\htdocs\ictserve-031125\vendor\laravel\framework\src\Illuminate\Pipeline\Pipeline.php:180
C:\XAMPP\htdocs\ictserve-031125\vendor\laravel\framework\src\Illuminate\Pipeline\Pipeline.php:137
C:\XAMPP\htdocs\ictserve-031125\vendor\laravel\framework\src\Illuminate\Routing\Router.php:821
C:\XAMPP\htdocs\ictserve-031125\vendor\laravel\framework\src\Illuminate\Routing\Router.php:800
C:\XAMPP\htdocs\ictserve-031125\vendor\laravel\framework\src\Illuminate\Routing\Router.php:764
C:\XAMPP\htdocs\ictserve-031125\vendor\laravel\framework\src\Illuminate\Routing\Router.php:753
C:\XAMPP\htdocs\ictserve-031125\vendor\laravel\framework\src\Illuminate\Foundation\Http\Kernel.php:200
C:\XAMPP\htdocs\ictserve-031125\vendor\laravel\framework\src\Illuminate\Pipeline\Pipeline.php:180
C:\XAMPP\htdocs\ictserve-031125\vendor\laravel\framework\src\Illuminate\Pipeline\Pipeline.php:137
C:\XAMPP\htdocs\ictserve-031125\vendor\laravel\framework\src\Illuminate\Foundation\Http\Kernel.php:175
C:\XAMPP\htdocs\ictserve-031125\vendor\laravel\framework\src\Illuminate\Foundation\Http\Kernel.php:144
C:\XAMPP\htdocs\ictserve-031125\vendor\laravel\framework\src\Illuminate\Foundation\Testing\Concerns\MakesHttpRequests.php:607
C:\XAMPP\htdocs\ictserve-031125\vendor\livewire\livewire\src\Features\SupportTesting\SubsequentRender.php:36
C:\XAMPP\htdocs\ictserve-031125\vendor\livewire\livewire\src\Features\SupportTesting\RequestBroker.php:30
C:\XAMPP\htdocs\ictserve-031125\vendor\livewire\livewire\src\Features\SupportTesting\SubsequentRender.php:35
C:\XAMPP\htdocs\ictserve-031125\vendor\livewire\livewire\src\Features\SupportTesting\Render.php:24
C:\XAMPP\htdocs\ictserve-031125\vendor\livewire\livewire\src\Features\SupportTesting\SubsequentRender.php:34
C:\XAMPP\htdocs\ictserve-031125\vendor\livewire\livewire\src\Features\SupportTesting\SubsequentRender.php:16
C:\XAMPP\htdocs\ictserve-031125\vendor\livewire\livewire\src\Features\SupportTesting\Testable.php:252
C:\XAMPP\htdocs\ictserve-031125\vendor\livewire\livewire\src\Features\SupportTesting\Testable.php:191
C:\XAMPP\htdocs\ictserve-031125\vendor\livewire\livewire\src\Features\SupportTesting\Testable.php:170
C:\XAMPP\htdocs\ictserve-031125\tests\Feature\Livewire\GuestLoanApplicationTest.php:577</error>
        </testcase>
        <testcase name="test_page_load_performance_with_multiple_assets" file="C:\XAMPP\htdocs\ictserve-031125\tests\Feature\Livewire\GuestLoanApplicationTest.php" line="603" class="Tests\Feature\Livewire\GuestLoanApplicationTest" classname="Tests.Feature.Livewire.GuestLoanApplicationTest" assertions="2" time="2.038344"/>
        <testcase name="test_debounced_input_handling_performance" file="C:\XAMPP\htdocs\ictserve-031125\tests\Feature\Livewire\GuestLoanApplicationTest.php" line="627" class="Tests\Feature\Livewire\GuestLoanApplicationTest" classname="Tests.Feature.Livewire.GuestLoanApplicationTest" assertions="0" time="1.679496">
          <error type="Livewire\Exceptions\PublicPropertyNotFoundException">Tests\Feature\Livewire\GuestLoanApplicationTest::test_debounced_input_handling_performance&#13;
Livewire\Exceptions\PublicPropertyNotFoundException: Unable to set component data. Public property [$applicant_name] not found on component: [guest-loan-application]
&#13;
C:\XAMPP\htdocs\ictserve-031125\vendor\livewire\livewire\src\Mechanisms\HandleComponents\HandleComponents.php:336
C:\XAMPP\htdocs\ictserve-031125\vendor\livewire\livewire\src\Mechanisms\HandleComponents\HandleComponents.php:318
C:\XAMPP\htdocs\ictserve-031125\vendor\livewire\livewire\src\Mechanisms\HandleComponents\HandleComponents.php:98
C:\XAMPP\htdocs\ictserve-031125\vendor\livewire\livewire\src\LivewireManager.php:102
C:\XAMPP\htdocs\ictserve-031125\vendor\livewire\volt\src\LivewireManager.php:35
C:\XAMPP\htdocs\ictserve-031125\vendor\livewire\livewire\src\Mechanisms\HandleRequests\HandleRequests.php:94
C:\XAMPP\htdocs\ictserve-031125\vendor\laravel\framework\src\Illuminate\Routing\ControllerDispatcher.php:46
C:\XAMPP\htdocs\ictserve-031125\vendor\laravel\framework\src\Illuminate\Routing\Route.php:265
C:\XAMPP\htdocs\ictserve-031125\vendor\laravel\framework\src\Illuminate\Routing\Route.php:211
C:\XAMPP\htdocs\ictserve-031125\vendor\laravel\framework\src\Illuminate\Routing\Router.php:822
C:\XAMPP\htdocs\ictserve-031125\vendor\laravel\framework\src\Illuminate\Pipeline\Pipeline.php:180
C:\XAMPP\htdocs\ictserve-031125\vendor\laravel\framework\src\Illuminate\Pipeline\Pipeline.php:137
C:\XAMPP\htdocs\ictserve-031125\vendor\laravel\framework\src\Illuminate\Routing\Router.php:821
C:\XAMPP\htdocs\ictserve-031125\vendor\laravel\framework\src\Illuminate\Routing\Router.php:800
C:\XAMPP\htdocs\ictserve-031125\vendor\laravel\framework\src\Illuminate\Routing\Router.php:764
C:\XAMPP\htdocs\ictserve-031125\vendor\laravel\framework\src\Illuminate\Routing\Router.php:753
C:\XAMPP\htdocs\ictserve-031125\vendor\laravel\framework\src\Illuminate\Foundation\Http\Kernel.php:200
C:\XAMPP\htdocs\ictserve-031125\vendor\laravel\framework\src\Illuminate\Pipeline\Pipeline.php:180
C:\XAMPP\htdocs\ictserve-031125\vendor\laravel\framework\src\Illuminate\Pipeline\Pipeline.php:137
C:\XAMPP\htdocs\ictserve-031125\vendor\laravel\framework\src\Illuminate\Foundation\Http\Kernel.php:175
C:\XAMPP\htdocs\ictserve-031125\vendor\laravel\framework\src\Illuminate\Foundation\Http\Kernel.php:144
C:\XAMPP\htdocs\ictserve-031125\vendor\laravel\framework\src\Illuminate\Foundation\Testing\Concerns\MakesHttpRequests.php:607
C:\XAMPP\htdocs\ictserve-031125\vendor\livewire\livewire\src\Features\SupportTesting\SubsequentRender.php:36
C:\XAMPP\htdocs\ictserve-031125\vendor\livewire\livewire\src\Features\SupportTesting\RequestBroker.php:30
C:\XAMPP\htdocs\ictserve-031125\vendor\livewire\livewire\src\Features\SupportTesting\SubsequentRender.php:35
C:\XAMPP\htdocs\ictserve-031125\vendor\livewire\livewire\src\Features\SupportTesting\Render.php:24
C:\XAMPP\htdocs\ictserve-031125\vendor\livewire\livewire\src\Features\SupportTesting\SubsequentRender.php:34
C:\XAMPP\htdocs\ictserve-031125\vendor\livewire\livewire\src\Features\SupportTesting\SubsequentRender.php:16
C:\XAMPP\htdocs\ictserve-031125\vendor\livewire\livewire\src\Features\SupportTesting\Testable.php:252
C:\XAMPP\htdocs\ictserve-031125\vendor\livewire\livewire\src\Features\SupportTesting\Testable.php:191
C:\XAMPP\htdocs\ictserve-031125\vendor\livewire\livewire\src\Features\SupportTesting\Testable.php:170
C:\XAMPP\htdocs\ictserve-031125\tests\Feature\Livewire\GuestLoanApplicationTest.php:634</error>
        </testcase>
        <testcase name="test_memory_usage_during_form_operations" file="C:\XAMPP\htdocs\ictserve-031125\tests\Feature\Livewire\GuestLoanApplicationTest.php" line="650" class="Tests\Feature\Livewire\GuestLoanApplicationTest" classname="Tests.Feature.Livewire.GuestLoanApplicationTest" assertions="0" time="1.911388">
          <error type="Livewire\Exceptions\PublicPropertyNotFoundException">Tests\Feature\Livewire\GuestLoanApplicationTest::test_memory_usage_during_form_operations&#13;
Livewire\Exceptions\PublicPropertyNotFoundException: Unable to set component data. Public property [$applicant_name] not found on component: [guest-loan-application]
&#13;
C:\XAMPP\htdocs\ictserve-031125\vendor\livewire\livewire\src\Mechanisms\HandleComponents\HandleComponents.php:336
C:\XAMPP\htdocs\ictserve-031125\vendor\livewire\livewire\src\Mechanisms\HandleComponents\HandleComponents.php:318
C:\XAMPP\htdocs\ictserve-031125\vendor\livewire\livewire\src\Mechanisms\HandleComponents\HandleComponents.php:98
C:\XAMPP\htdocs\ictserve-031125\vendor\livewire\livewire\src\LivewireManager.php:102
C:\XAMPP\htdocs\ictserve-031125\vendor\livewire\volt\src\LivewireManager.php:35
C:\XAMPP\htdocs\ictserve-031125\vendor\livewire\livewire\src\Mechanisms\HandleRequests\HandleRequests.php:94
C:\XAMPP\htdocs\ictserve-031125\vendor\laravel\framework\src\Illuminate\Routing\ControllerDispatcher.php:46
C:\XAMPP\htdocs\ictserve-031125\vendor\laravel\framework\src\Illuminate\Routing\Route.php:265
C:\XAMPP\htdocs\ictserve-031125\vendor\laravel\framework\src\Illuminate\Routing\Route.php:211
C:\XAMPP\htdocs\ictserve-031125\vendor\laravel\framework\src\Illuminate\Routing\Router.php:822
C:\XAMPP\htdocs\ictserve-031125\vendor\laravel\framework\src\Illuminate\Pipeline\Pipeline.php:180
C:\XAMPP\htdocs\ictserve-031125\vendor\laravel\framework\src\Illuminate\Pipeline\Pipeline.php:137
C:\XAMPP\htdocs\ictserve-031125\vendor\laravel\framework\src\Illuminate\Routing\Router.php:821
C:\XAMPP\htdocs\ictserve-031125\vendor\laravel\framework\src\Illuminate\Routing\Router.php:800
C:\XAMPP\htdocs\ictserve-031125\vendor\laravel\framework\src\Illuminate\Routing\Router.php:764
C:\XAMPP\htdocs\ictserve-031125\vendor\laravel\framework\src\Illuminate\Routing\Router.php:753
C:\XAMPP\htdocs\ictserve-031125\vendor\laravel\framework\src\Illuminate\Foundation\Http\Kernel.php:200
C:\XAMPP\htdocs\ictserve-031125\vendor\laravel\framework\src\Illuminate\Pipeline\Pipeline.php:180
C:\XAMPP\htdocs\ictserve-031125\vendor\laravel\framework\src\Illuminate\Pipeline\Pipeline.php:137
C:\XAMPP\htdocs\ictserve-031125\vendor\laravel\framework\src\Illuminate\Foundation\Http\Kernel.php:175
C:\XAMPP\htdocs\ictserve-031125\vendor\laravel\framework\src\Illuminate\Foundation\Http\Kernel.php:144
C:\XAMPP\htdocs\ictserve-031125\vendor\laravel\framework\src\Illuminate\Foundation\Testing\Concerns\MakesHttpRequests.php:607
C:\XAMPP\htdocs\ictserve-031125\vendor\livewire\livewire\src\Features\SupportTesting\SubsequentRender.php:36
C:\XAMPP\htdocs\ictserve-031125\vendor\livewire\livewire\src\Features\SupportTesting\RequestBroker.php:30
C:\XAMPP\htdocs\ictserve-031125\vendor\livewire\livewire\src\Features\SupportTesting\SubsequentRender.php:35
C:\XAMPP\htdocs\ictserve-031125\vendor\livewire\livewire\src\Features\SupportTesting\Render.php:24
C:\XAMPP\htdocs\ictserve-031125\vendor\livewire\livewire\src\Features\SupportTesting\SubsequentRender.php:34
C:\XAMPP\htdocs\ictserve-031125\vendor\livewire\livewire\src\Features\SupportTesting\SubsequentRender.php:16
C:\XAMPP\htdocs\ictserve-031125\vendor\livewire\livewire\src\Features\SupportTesting\Testable.php:252
C:\XAMPP\htdocs\ictserve-031125\vendor\livewire\livewire\src\Features\SupportTesting\Testable.php:191
C:\XAMPP\htdocs\ictserve-031125\vendor\livewire\livewire\src\Features\SupportTesting\Testable.php:170
C:\XAMPP\htdocs\ictserve-031125\tests\Feature\Livewire\GuestLoanApplicationTest.php:657</error>
        </testcase>
      </testsuite>
      <testsuite name="Tests\Feature\Livewire\Helpdesk\SubmitTicketTest" file="C:\XAMPP\htdocs\ictserve-031125\tests\Feature\Livewire\Helpdesk\SubmitTicketTest.php" tests="16" assertions="55" errors="0" failures="4" skipped="0" time="54.408458">
        <testcase name="it_renders_successfully" file="C:\XAMPP\htdocs\ictserve-031125\tests\Feature\Livewire\Helpdesk\SubmitTicketTest.php" line="36" class="Tests\Feature\Livewire\Helpdesk\SubmitTicketTest" classname="Tests.Feature.Livewire.Helpdesk.SubmitTicketTest" assertions="3" time="3.010058">
          <failure type="PHPUnit\Framework\ExpectationFailedException">Tests\Feature\Livewire\Helpdesk\SubmitTicketTest::it_renders_successfully&#13;
Failed asserting that '&lt;div wire:snapshot="" wire:effects="" wire:id="EDB9kgZihuVsiM4XRrHG" class="min-h-screen bg-gray-50 py-12"&gt;\n
    &lt;div class="max-w-4xl mx-auto px-4 sm:px-6 lg:px-8"&gt;\n
        \n
        &lt;nav aria-label="common.skip_links" class="sr-only focus-within:not-sr-only"&gt;\n
    &lt;ul class="fixed top-0 left-0 z-50 bg-motac-blue text-white p-4 rounded-br-lg shadow-lg"&gt;\n
        &lt;li class="mb-2"&gt;\n
            &lt;a href="#main-content"\n
                class="block px-4 py-2 bg-white text-motac-blue rounded-md hover:bg-gray-100 focus:outline-none focus:ring-4 focus:ring-white focus:ring-offset-2 focus:ring-offset-motac-blue min-h-[44px] flex items-center font-medium"\n
                accesskey="m"&gt;\n
                common.skip_to_main_content &lt;span class="ml-2 text-sm"&gt;(Alt+M)&lt;/span&gt;\n
            &lt;/a&gt;\n
        &lt;/li&gt;\n
        &lt;li class="mb-2"&gt;\n
            &lt;a href="#sidebar-navigation"\n
                class="block px-4 py-2 bg-white text-motac-blue rounded-md hover:bg-gray-100 focus:outline-none focus:ring-4 focus:ring-white focus:ring-offset-2 focus:ring-offset-motac-blue min-h-[44px] flex items-center font-medium"\n
                accesskey="s"&gt;\n
                common.skip_to_sidebar &lt;span class="ml-2 text-sm"&gt;(Alt+S)&lt;/span&gt;\n
            &lt;/a&gt;\n
        &lt;/li&gt;\n
        &lt;li&gt;\n
            &lt;a href="#user-menu"\n
                class="block px-4 py-2 bg-white text-motac-blue rounded-md hover:bg-gray-100 focus:outline-none focus:ring-4 focus:ring-white focus:ring-offset-2 focus:ring-offset-motac-blue min-h-[44px] flex items-center font-medium"\n
                accesskey="u"&gt;\n
                common.skip_to_user_menu &lt;span class="ml-2 text-sm"&gt;(Alt+U)&lt;/span&gt;\n
            &lt;/a&gt;\n
        &lt;/li&gt;\n
    &lt;/ul&gt;\n
&lt;/nav&gt;\n
\n
        \n
        &lt;div class="mb-8"&gt;\n
            &lt;h1 class="text-3xl font-bold text-gray-900 mb-2"&gt;\n
                Submit Helpdesk Ticket\n
            &lt;/h1&gt;\n
            &lt;p class="text-lg text-gray-600"&gt;\n
                Describe your technical issue or question and we will assign it to the right support team.\n
            &lt;/p&gt;\n
        &lt;/div&gt;\n
\n
        \n
        &lt;div class="mb-8" role="progressbar" aria-valuenow="1" aria-valuemin="1"\n
            aria-valuemax="4" aria-label="Ticket submission progress"&gt;\n
            &lt;div class="flex items-center justify-between"&gt;\n
                &lt;!--[if BLOCK]&gt;&lt;![endif]--&gt;                    &lt;div class="flex-1 pr-4"&gt;\n
                        &lt;div class="flex items-center"&gt;\n
                            &lt;div class="flex-shrink-0"&gt;\n
                                &lt;button type="button" wire:click="goToStep(1)"\n
                                    class="flex items-center justify-center w-10 h-10 rounded-full border-2 transition-colors min-h-[44px] min-w-[44px] bg-blue-600 border-blue-600 text-white"\n
                                    aria-current="step"\n
                                    &gt;\n
                                    &lt;span class="text-sm font-semibold"&gt;1&lt;/span&gt;\n
                                &lt;/button&gt;\n
                            &lt;/div&gt;\n
                            &lt;!--[if BLOCK]&gt;&lt;![endif]--&gt;                                &lt;div class="flex-1 ml-4"&gt;\n
                                    &lt;div class="h-1 rounded-full transition-colors bg-gray-300"&gt;&lt;/div&gt;\n
                                &lt;/div&gt;\n
                            &lt;!--[if ENDBLOCK]&gt;&lt;![endif]--&gt;\n
                        &lt;/div&gt;\n
                    &lt;/div&gt;\n
                                    &lt;div class="flex-1 pr-4"&gt;\n
                        &lt;div class="flex items-center"&gt;\n
                            &lt;div class="flex-shrink-0"&gt;\n
                                &lt;button type="button" wire:click="goToStep(2)"\n
                                    class="flex items-center justify-center w-10 h-10 rounded-full border-2 transition-colors min-h-[44px] min-w-[44px] bg-white border-gray-300 text-gray-500"\n
                                    aria-current="false"\n
                                    disabled&gt;\n
                                    &lt;span class="text-sm font-semibold"&gt;2&lt;/span&gt;\n
                                &lt;/button&gt;\n
                            &lt;/div&gt;\n
                            &lt;!--[if BLOCK]&gt;&lt;![endif]--&gt;                                &lt;div class="flex-1 ml-4"&gt;\n
                                    &lt;div class="h-1 rounded-full transition-colors bg-gray-300"&gt;&lt;/div&gt;\n
                                &lt;/div&gt;\n
                            &lt;!--[if ENDBLOCK]&gt;&lt;![endif]--&gt;\n
                        &lt;/div&gt;\n
                    &lt;/div&gt;\n
                                    &lt;div class="flex-1 pr-4"&gt;\n
                        &lt;div class="flex items-center"&gt;\n
                            &lt;div class="flex-shrink-0"&gt;\n
                                &lt;button type="button" wire:click="goToStep(3)"\n
                                    class="flex items-center justify-center w-10 h-10 rounded-full border-2 transition-colors min-h-[44px] min-w-[44px] bg-white border-gray-300 text-gray-500"\n
                                    aria-current="false"\n
                                    disabled&gt;\n
                                    &lt;span class="text-sm font-semibold"&gt;3&lt;/span&gt;\n
                                &lt;/button&gt;\n
                            &lt;/div&gt;\n
                            &lt;!--[if BLOCK]&gt;&lt;![endif]--&gt;                                &lt;div class="flex-1 ml-4"&gt;\n
                                    &lt;div class="h-1 rounded-full transition-colors bg-gray-300"&gt;&lt;/div&gt;\n
                                &lt;/div&gt;\n
                            &lt;!--[if ENDBLOCK]&gt;&lt;![endif]--&gt;\n
                        &lt;/div&gt;\n
                    &lt;/div&gt;\n
                                    &lt;div class="flex-1 "&gt;\n
                        &lt;div class="flex items-center"&gt;\n
                            &lt;div class="flex-shrink-0"&gt;\n
                                &lt;button type="button" wire:click="goToStep(4)"\n
                                    class="flex items-center justify-center w-10 h-10 rounded-full border-2 transition-colors min-h-[44px] min-w-[44px] bg-white border-gray-300 text-gray-500"\n
                                    aria-current="false"\n
                                    disabled&gt;\n
                                    &lt;span class="text-sm font-semibold"&gt;4&lt;/span&gt;\n
                                &lt;/button&gt;\n
                            &lt;/div&gt;\n
                            &lt;!--[if BLOCK]&gt;&lt;![endif]--&gt;&lt;!--[if ENDBLOCK]&gt;&lt;![endif]--&gt;\n
                        &lt;/div&gt;\n
                    &lt;/div&gt;\n
                &lt;!--[if ENDBLOCK]&gt;&lt;![endif]--&gt;\n
            &lt;/div&gt;\n
        &lt;/div&gt;\n
\n
        \n
        &lt;div class="bg-white rounded-lg shadow-md overflow-hidden "\n
    &gt;\n
    &lt;!--[if BLOCK]&gt;&lt;![endif]--&gt;&lt;!--[if ENDBLOCK]&gt;&lt;![endif]--&gt;\n
\n
    &lt;div class="p-6"&gt;\n
        &lt;div wire:loading.delay class="mb-4 p-4 bg-blue-50 border border-blue-200 rounded-lg" role="status"\n
                aria-live="polite"&gt;\n
                &lt;div class="flex items-center"&gt;\n
                    &lt;svg class="animate-spin h-5 w-5 text-blue-600 mr-3" xmlns="http://www.w3.org/2000/svg"\n
                        fill="none" viewBox="0 0 24 24" aria-hidden="true"&gt;\n
                        &lt;circle class="opacity-25" cx="12" cy="12" r="10" stroke="currentColor"\n
                            stroke-width="4"&gt;&lt;/circle&gt;\n
                        &lt;path class="opacity-75" fill="currentColor"\n
                            d="M4 12a8 8 0 018-8V0C5.373 0 0 5.373 0 12h4zm2 5.291A7.962 7.962 0 014 12H0c0 3.042 1.135 5.824 3 7.938l3-2.647z"&gt;\n
                        &lt;/path&gt;\n
                    &lt;/svg&gt;\n
                    &lt;span class="text-sm text-blue-900"&gt;Processing...&lt;/span&gt;\n
                &lt;/div&gt;\n
            &lt;/div&gt;\n
\n
            \n
            &lt;!--[if BLOCK]&gt;&lt;![endif]--&gt;&lt;!--[if ENDBLOCK]&gt;&lt;![endif]--&gt;\n
\n
            &lt;form wire:submit="submit" novalidate&gt;\n
                \n
                &lt;!--[if BLOCK]&gt;&lt;![endif]--&gt;                    &lt;div class="space-y-6" role="region" aria-label="Contact Information"&gt;\n
                        &lt;h2 class="text-2xl font-bold text-gray-900 mb-4"&gt;\n
                            Contact Information\n
                        &lt;/h2&gt;\n
\n
                        &lt;!--[if BLOCK]&gt;&lt;![endif]--&gt;                            \n
                            &lt;div class="mb-4"&gt;\n
    \n
    &lt;label for="guest_name" class="block text-sm font-medium text-gray-700 mb-2"&gt;\n
        Full name\n
        &lt;!--[if BLOCK]&gt;&lt;![endif]--&gt;            &lt;span class="text-danger" aria-label="required"&gt;*&lt;/span&gt;\n
        &lt;!--[if ENDBLOCK]&gt;&lt;![endif]--&gt;\n
    &lt;/label&gt;\n
\n
    \n
    &lt;!--[if BLOCK]&gt;&lt;![endif]--&gt;&lt;!--[if ENDBLOCK]&gt;&lt;![endif]--&gt;\n
\n
    \n
    &lt;input type="text" name="guest_name" id="guest_name" value=""\n
        class="block w-full rounded-md shadow-sm transition-colors duration-200 min-h-[44px] px-4 py-2 text-base border-gray-300 focus:border-blue-600 focus:ring-2 focus:ring-blue-600 focus:outline-none"  required aria-required="true"                           autocomplete="name"                                                 wire:model.live.debounce.300ms="guest_name" aria-describedby="guest_name-help" /&gt;\n
\n
    \n
    &lt;!--[if BLOCK]&gt;&lt;![endif]--&gt;&lt;!--[if ENDBLOCK]&gt;&lt;![endif]--&gt;\n
&lt;/div&gt;\n
\n
                            &lt;div class="mb-4"&gt;\n
    \n
    &lt;label for="guest_email" class="block text-sm font-medium text-gray-700 mb-2"&gt;\n
        Email address\n
        &lt;!--[if BLOCK]&gt;&lt;![endif]--&gt;            &lt;span class="text-danger" aria-label="required"&gt;*&lt;/span&gt;\n
        &lt;!--[if ENDBLOCK]&gt;&lt;![endif]--&gt;\n
    &lt;/label&gt;\n
\n
    \n
    &lt;!--[if BLOCK]&gt;&lt;![endif]--&gt;&lt;!--[if ENDBLOCK]&gt;&lt;![endif]--&gt;\n
\n
    \n
    &lt;input type="email" name="guest_email" id="guest_email" value=""\n
        class="block w-full rounded-md shadow-sm transition-colors duration-200 min-h-[44px] px-4 py-2 text-base border-gray-300 focus:border-blue-600 focus:ring-2 focus:ring-blue-600 focus:outline-none"  required aria-required="true"                           autocomplete="email"                                                 wire:model.live.debounce.300ms="guest_email" aria-describedby="guest_email-help" /&gt;\n
\n
    \n
    &lt;!--[if BLOCK]&gt;&lt;![endif]--&gt;&lt;!--[if ENDBLOCK]&gt;&lt;![endif]--&gt;\n
&lt;/div&gt;\n
\n
                            &lt;div class="mb-4"&gt;\n
    \n
    &lt;label for="guest_phone" class="block text-sm font-medium text-gray-700 mb-2"&gt;\n
        Phone number\n
        &lt;!--[if BLOCK]&gt;&lt;![endif]--&gt;            &lt;span class="text-danger" aria-label="required"&gt;*&lt;/span&gt;\n
        &lt;!--[if ENDBLOCK]&gt;&lt;![endif]--&gt;\n
    &lt;/label&gt;\n
\n
    \n
    &lt;!--[if BLOCK]&gt;&lt;![endif]--&gt;&lt;!--[if ENDBLOCK]&gt;&lt;![endif]--&gt;\n
\n
    \n
    &lt;input type="tel" name="guest_phone" id="guest_phone" value=""\n
        class="block w-full rounded-md shadow-sm transition-colors duration-200 min-h-[44px] px-4 py-2 text-base border-gray-300 focus:border-blue-600 focus:ring-2 focus:ring-blue-600 focus:outline-none"  required aria-required="true"                           autocomplete="tel"                                                 wire:model.live.debounce.300ms="guest_phone" aria-describedby="guest_phone-help" /&gt;\n
\n
    \n
    &lt;!--[if BLOCK]&gt;&lt;![endif]--&gt;&lt;!--[if ENDBLOCK]&gt;&lt;![endif]--&gt;\n
&lt;/div&gt;\n
\n
                            &lt;div class="mb-4"&gt;\n
    \n
    &lt;label for="staff_id" class="block text-sm font-medium text-gray-700 mb-2"&gt;\n
        Staff ID (optional)\n
        &lt;!--[if BLOCK]&gt;&lt;![endif]--&gt;&lt;!--[if ENDBLOCK]&gt;&lt;![endif]--&gt;\n
    &lt;/label&gt;\n
\n
    \n
    &lt;!--[if BLOCK]&gt;&lt;![endif]--&gt;&lt;!--[if ENDBLOCK]&gt;&lt;![endif]--&gt;\n
\n
    \n
    &lt;input type="text" name="staff_id" id="staff_id" value=""\n
        class="block w-full rounded-md shadow-sm transition-colors duration-200 min-h-[44px] px-4 py-2 text-base border-gray-300 focus:border-blue-600 focus:ring-2 focus:ring-blue-600 focus:outline-none"                                                                          wire:model.lazy="staff_id" aria-describedby="staff_id-help" /&gt;\n
\n
    \n
    &lt;!--[if BLOCK]&gt;&lt;![endif]--&gt;&lt;!--[if ENDBLOCK]&gt;&lt;![endif]--&gt;\n
&lt;/div&gt;\n
\n
                            &lt;div class="mb-4"&gt;\n
    &lt;label for="division_id" class="block text-sm font-medium text-gray-700 mb-2"&gt;\n
        Division / department\n
        &lt;!--[if BLOCK]&gt;&lt;![endif]--&gt;            &lt;span class="text-danger" aria-label="required"&gt;*&lt;/span&gt;\n
        &lt;!--[if ENDBLOCK]&gt;&lt;![endif]--&gt;\n
    &lt;/label&gt;\n
\n
    &lt;!--[if BLOCK]&gt;&lt;![endif]--&gt;&lt;!--[if ENDBLOCK]&gt;&lt;![endif]--&gt;\n
\n
    &lt;select name="division_id" id="division_id" class="block w-full rounded-md shadow-sm transition-colors duration-200 min-h-[44px] px-4 py-2 text-base border-gray-300 focus:border-blue-600 focus:ring-2 focus:ring-blue-600 focus:outline-none"\n
         required aria-required="true"                                 wire:model.live="division_id" aria-describedby="division_id-help"&gt;\n
        &lt;!--[if BLOCK]&gt;&lt;![endif]--&gt;&lt;!--[if ENDBLOCK]&gt;&lt;![endif]--&gt;\n
\n
        &lt;!--[if BLOCK]&gt;&lt;![endif]--&gt;&lt;!--[if ENDBLOCK]&gt;&lt;![endif]--&gt;\n
    &lt;/select&gt;\n
\n
    &lt;!--[if BLOCK]&gt;&lt;![endif]--&gt;&lt;!--[if ENDBLOCK]&gt;&lt;![endif]--&gt;\n
&lt;/div&gt;\n
                        &lt;!--[if ENDBLOCK]&gt;&lt;![endif]--&gt;\n
                    &lt;/div&gt;\n
                &lt;!--[if ENDBLOCK]&gt;&lt;![endif]--&gt;\n
\n
                \n
                &lt;!--[if BLOCK]&gt;&lt;![endif]--&gt;&lt;!--[if ENDBLOCK]&gt;&lt;![endif]--&gt;\n
\n
                \n
                &lt;!--[if BLOCK]&gt;&lt;![endif]--&gt;&lt;!--[if ENDBLOCK]&gt;&lt;![endif]--&gt;\n
\n
                \n
                &lt;!--[if BLOCK]&gt;&lt;![endif]--&gt;&lt;!--[if ENDBLOCK]&gt;&lt;![endif]--&gt;\n
\n
                \n
                &lt;!--[if BLOCK]&gt;&lt;![endif]--&gt;                    &lt;div class="mt-8 flex justify-between" role="group"\n
                        aria-label="Form navigation"&gt;\n
                        &lt;!--[if BLOCK]&gt;&lt;![endif]--&gt;                            &lt;div&gt;&lt;/div&gt;\n
                        &lt;!--[if ENDBLOCK]&gt;&lt;![endif]--&gt;\n
\n
                        &lt;!--[if BLOCK]&gt;&lt;![endif]--&gt;                            &lt;!--[if BLOCK]&gt;&lt;![endif]--&gt;    &lt;button type="button" class="inline-flex items-center justify-center px-4 py-2 rounded-md font-medium text-sm transition-colors duration-200 focus:outline-none focus:ring-2 focus:ring-offset-2 min-h-[44px] disabled:opacity-50 disabled:cursor-not-allowed bg-blue-600 text-white hover:bg-blue-700 focus:ring-blue-600"         wire:click="nextStep"&gt;\n
        &lt;!--[if BLOCK]&gt;&lt;![endif]--&gt;&lt;!--[if ENDBLOCK]&gt;&lt;![endif]--&gt;\n
        Next\n
    &lt;/button&gt;\n
&lt;!--[if ENDBLOCK]&gt;&lt;![endif]--&gt;\n
                        &lt;!--[if ENDBLOCK]&gt;&lt;![endif]--&gt;\n
                    &lt;/div&gt;\n
                &lt;!--[if ENDBLOCK]&gt;&lt;![endif]--&gt;\n
            &lt;/form&gt;\n
    &lt;/div&gt;\n
\n
    &lt;!--[if BLOCK]&gt;&lt;![endif]--&gt;&lt;!--[if ENDBLOCK]&gt;&lt;![endif]--&gt;\n
&lt;/div&gt;\n
\n
        \n
        &lt;div aria-live="polite" aria-atomic="true" class="sr-only" id="form-announcements"&gt;&lt;/div&gt;\n
    &lt;/div&gt;\n
&lt;/div&gt;\n
' [ASCII](length: 14308) contains "Let us know about your technical question. Our ICT team will respond promptly." [ASCII](length: 78).
&#13;
C:\XAMPP\htdocs\ictserve-031125\vendor\livewire\livewire\src\Features\SupportTesting\MakesAssertions.php:14
C:\XAMPP\htdocs\ictserve-031125\tests\Feature\Livewire\Helpdesk\SubmitTicketTest.php:41</failure>
        </testcase>
        <testcase name="it_loads_divisions_and_categories" file="C:\XAMPP\htdocs\ictserve-031125\tests\Feature\Livewire\Helpdesk\SubmitTicketTest.php" line="45" class="Tests\Feature\Livewire\Helpdesk\SubmitTicketTest" classname="Tests.Feature.Livewire.Helpdesk.SubmitTicketTest" assertions="4" time="3.411414"/>
        <testcase name="it_displays_localized_category_names_in_english" file="C:\XAMPP\htdocs\ictserve-031125\tests\Feature\Livewire\Helpdesk\SubmitTicketTest.php" line="77" class="Tests\Feature\Livewire\Helpdesk\SubmitTicketTest" classname="Tests.Feature.Livewire.Helpdesk.SubmitTicketTest" assertions="1" time="4.908009">
          <failure type="PHPUnit\Framework\ExpectationFailedException">Tests\Feature\Livewire\Helpdesk\SubmitTicketTest::it_displays_localized_category_names_in_english&#13;
Failed asserting that Failed asserting that '&lt;div wire:snapshot="{&amp;quot;data&amp;quot;:{&amp;quot;currentStep&amp;quot;:1,&amp;quot;totalSteps&amp;quot;:4,&amp;quot;guest_name&amp;quot;:&amp;quot;&amp;quot;,&amp;quot;guest_email&amp;quot;:&amp;quot;&amp;quot;,&amp;quot;guest_phone&amp;quot;:&amp;quot;&amp;quot;,&amp;quot;staff_id&amp;quot;:null,&amp;quot;division_id&amp;quot;:null,&amp;quot;category_id&amp;quot;:null,&amp;quot;priority&amp;quot;:&amp;quot;normal&amp;quot;,&amp;quot;subject&amp;quot;:&amp;quot;&amp;quot;,&amp;quot;description&amp;quot;:&amp;quot;&amp;quot;,&amp;quot;asset_id&amp;quot;:null,&amp;quot;attachments&amp;quot;:[[],{&amp;quot;s&amp;quot;:&amp;quot;arr&amp;quot;}],&amp;quot;isSubmitting&amp;quot;:false,&amp;quot;ticketNumber&amp;quot;:null},&amp;quot;memo&amp;quot;:{&amp;quot;id&amp;quot;:&amp;quot;llIVSGRlB7HfBccVtLcX&amp;quot;,&amp;quot;name&amp;quot;:&amp;quot;helpdesk.submit-ticket&amp;quot;,&amp;quot;path&amp;quot;:&amp;quot;livewire-unit-test-endpoint\/OYsCdMhTRJruyeGUoyXH&amp;quot;,&amp;quot;method&amp;quot;:&amp;quot;GET&amp;quot;,&amp;quot;children&amp;quot;:[],&amp;quot;scripts&amp;quot;:[],&amp;quot;assets&amp;quot;:[],&amp;quot;errors&amp;quot;:[],&amp;quot;locale&amp;quot;:&amp;quot;en&amp;quot;},&amp;quot;checksum&amp;quot;:&amp;quot;3eedee5a83672827513e87a22395540f88fabae248948b1a43249414e3069ba4&amp;quot;}" wire:effects="{&amp;quot;partials&amp;quot;:[],&amp;quot;listeners&amp;quot;:[&amp;quot;$refresh&amp;quot;]}" wire:id="llIVSGRlB7HfBccVtLcX" class="min-h-screen bg-gray-50 py-12"&gt;
    &lt;div class="max-w-4xl mx-auto px-4 sm:px-6 lg:px-8"&gt;
        
        &lt;nav aria-label="common.skip_links" class="sr-only focus-within:not-sr-only"&gt;
    &lt;ul class="fixed top-0 left-0 z-50 bg-motac-blue text-white p-4 rounded-br-lg shadow-lg"&gt;
        &lt;li class="mb-2"&gt;
            &lt;a href="#main-content"
                class="block px-4 py-2 bg-white text-motac-blue rounded-md hover:bg-gray-100 focus:outline-none focus:ring-4 focus:ring-white focus:ring-offset-2 focus:ring-offset-motac-blue min-h-[44px] flex items-center font-medium"
                accesskey="m"&gt;
                common.skip_to_main_content &lt;span class="ml-2 text-sm"&gt;(Alt+M)&lt;/span&gt;
            &lt;/a&gt;
        &lt;/li&gt;
        &lt;li class="mb-2"&gt;
            &lt;a href="#sidebar-navigation"
                class="block px-4 py-2 bg-white text-motac-blue rounded-md hover:bg-gray-100 focus:outline-none focus:ring-4 focus:ring-white focus:ring-offset-2 focus:ring-offset-motac-blue min-h-[44px] flex items-center font-medium"
                accesskey="s"&gt;
                common.skip_to_sidebar &lt;span class="ml-2 text-sm"&gt;(Alt+S)&lt;/span&gt;
            &lt;/a&gt;
        &lt;/li&gt;
        &lt;li&gt;
            &lt;a href="#user-menu"
                class="block px-4 py-2 bg-white text-motac-blue rounded-md hover:bg-gray-100 focus:outline-none focus:ring-4 focus:ring-white focus:ring-offset-2 focus:ring-offset-motac-blue min-h-[44px] flex items-center font-medium"
                accesskey="u"&gt;
                common.skip_to_user_menu &lt;span class="ml-2 text-sm"&gt;(Alt+U)&lt;/span&gt;
            &lt;/a&gt;
        &lt;/li&gt;
    &lt;/ul&gt;
&lt;/nav&gt;

        
        &lt;div class="mb-8"&gt;
            &lt;h1 class="text-3xl font-bold text-gray-900 mb-2"&gt;
                Submit Helpdesk Ticket
            &lt;/h1&gt;
            &lt;p class="text-lg text-gray-600"&gt;
                Describe your technical issue or question and we will assign it to the right support team.
            &lt;/p&gt;
        &lt;/div&gt;

        
        &lt;div class="mb-8" role="progressbar" aria-valuenow="1" aria-valuemin="1"
            aria-valuemax="4" aria-label="Ticket submission progress"&gt;
            &lt;div class="flex items-center justify-between"&gt;
                &lt;!--[if BLOCK]&gt;&lt;![endif]--&gt;                    &lt;div class="flex-1 pr-4"&gt;
                        &lt;div class="flex items-center"&gt;
                            &lt;div class="flex-shrink-0"&gt;
                                &lt;button type="button" wire:click="goToStep(1)"
                                    class="flex items-center justify-center w-10 h-10 rounded-full border-2 transition-colors min-h-[44px] min-w-[44px] bg-blue-600 border-blue-600 text-white"
                                    aria-current="step"
                                    &gt;
                                    &lt;span class="text-sm font-semibold"&gt;1&lt;/span&gt;
                                &lt;/button&gt;
                            &lt;/div&gt;
                            &lt;!--[if BLOCK]&gt;&lt;![endif]--&gt;                                &lt;div class="flex-1 ml-4"&gt;
                                    &lt;div class="h-1 rounded-full transition-colors bg-gray-300"&gt;&lt;/div&gt;
                                &lt;/div&gt;
                            &lt;!--[if ENDBLOCK]&gt;&lt;![endif]--&gt;
                        &lt;/div&gt;
                    &lt;/div&gt;
                                    &lt;div class="flex-1 pr-4"&gt;
                        &lt;div class="flex items-center"&gt;
                            &lt;div class="flex-shrink-0"&gt;
                                &lt;button type="button" wire:click="goToStep(2)"
                                    class="flex items-center justify-center w-10 h-10 rounded-full border-2 transition-colors min-h-[44px] min-w-[44px] bg-white border-gray-300 text-gray-500"
                                    aria-current="false"
                                    disabled&gt;
                                    &lt;span class="text-sm font-semibold"&gt;2&lt;/span&gt;
                                &lt;/button&gt;
                            &lt;/div&gt;
                            &lt;!--[if BLOCK]&gt;&lt;![endif]--&gt;                                &lt;div class="flex-1 ml-4"&gt;
                                    &lt;div class="h-1 rounded-full transition-colors bg-gray-300"&gt;&lt;/div&gt;
                                &lt;/div&gt;
                            &lt;!--[if ENDBLOCK]&gt;&lt;![endif]--&gt;
                        &lt;/div&gt;
                    &lt;/div&gt;
                                    &lt;div class="flex-1 pr-4"&gt;
                        &lt;div class="flex items-center"&gt;
                            &lt;div class="flex-shrink-0"&gt;
                                &lt;button type="button" wire:click="goToStep(3)"
                                    class="flex items-center justify-center w-10 h-10 rounded-full border-2 transition-colors min-h-[44px] min-w-[44px] bg-white border-gray-300 text-gray-500"
                                    aria-current="false"
                                    disabled&gt;
                                    &lt;span class="text-sm font-semibold"&gt;3&lt;/span&gt;
                                &lt;/button&gt;
                            &lt;/div&gt;
                            &lt;!--[if BLOCK]&gt;&lt;![endif]--&gt;                                &lt;div class="flex-1 ml-4"&gt;
                                    &lt;div class="h-1 rounded-full transition-colors bg-gray-300"&gt;&lt;/div&gt;
                                &lt;/div&gt;
                            &lt;!--[if ENDBLOCK]&gt;&lt;![endif]--&gt;
                        &lt;/div&gt;
                    &lt;/div&gt;
                                    &lt;div class="flex-1 "&gt;
                        &lt;div class="flex items-center"&gt;
                            &lt;div class="flex-shrink-0"&gt;
                                &lt;button type="button" wire:click="goToStep(4)"
                                    class="flex items-center justify-center w-10 h-10 rounded-full border-2 transition-colors min-h-[44px] min-w-[44px] bg-white border-gray-300 text-gray-500"
                                    aria-current="false"
                                    disabled&gt;
                                    &lt;span class="text-sm font-semibold"&gt;4&lt;/span&gt;
                                &lt;/button&gt;
                            &lt;/div&gt;
                            &lt;!--[if BLOCK]&gt;&lt;![endif]--&gt;&lt;!--[if ENDBLOCK]&gt;&lt;![endif]--&gt;
                        &lt;/div&gt;
                    &lt;/div&gt;
                &lt;!--[if ENDBLOCK]&gt;&lt;![endif]--&gt;
            &lt;/div&gt;
        &lt;/div&gt;

        
        &lt;div class="bg-white rounded-lg shadow-md overflow-hidden "
    &gt;
    &lt;!--[if BLOCK]&gt;&lt;![endif]--&gt;&lt;!--[if ENDBLOCK]&gt;&lt;![endif]--&gt;

    &lt;div class="p-6"&gt;
        &lt;div wire:loading.delay class="mb-4 p-4 bg-blue-50 border border-blue-200 rounded-lg" role="status"
                aria-live="polite"&gt;
                &lt;div class="flex items-center"&gt;
                    &lt;svg class="animate-spin h-5 w-5 text-blue-600 mr-3" xmlns="http://www.w3.org/2000/svg"
                        fill="none" viewBox="0 0 24 24" aria-hidden="true"&gt;
                        &lt;circle class="opacity-25" cx="12" cy="12" r="10" stroke="currentColor"
                            stroke-width="4"&gt;&lt;/circle&gt;
                        &lt;path class="opacity-75" fill="currentColor"
                            d="M4 12a8 8 0 018-8V0C5.373 0 0 5.373 0 12h4zm2 5.291A7.962 7.962 0 014 12H0c0 3.042 1.135 5.824 3 7.938l3-2.647z"&gt;
                        &lt;/path&gt;
                    &lt;/svg&gt;
                    &lt;span class="text-sm text-blue-900"&gt;Processing...&lt;/span&gt;
                &lt;/div&gt;
            &lt;/div&gt;

            
            &lt;!--[if BLOCK]&gt;&lt;![endif]--&gt;&lt;!--[if ENDBLOCK]&gt;&lt;![endif]--&gt;

            &lt;form wire:submit="submit" novalidate&gt;
                
                &lt;!--[if BLOCK]&gt;&lt;![endif]--&gt;                    &lt;div class="space-y-6" role="region" aria-label="Contact Information"&gt;
                        &lt;h2 class="text-2xl font-bold text-gray-900 mb-4"&gt;
                            Contact Information
                        &lt;/h2&gt;

                        &lt;!--[if BLOCK]&gt;&lt;![endif]--&gt;                            
                            &lt;div class="mb-4"&gt;
    
    &lt;label for="guest_name" class="block text-sm font-medium text-gray-700 mb-2"&gt;
        Full name
        &lt;!--[if BLOCK]&gt;&lt;![endif]--&gt;            &lt;span class="text-danger" aria-label="required"&gt;*&lt;/span&gt;
        &lt;!--[if ENDBLOCK]&gt;&lt;![endif]--&gt;
    &lt;/label&gt;

    
    &lt;!--[if BLOCK]&gt;&lt;![endif]--&gt;&lt;!--[if ENDBLOCK]&gt;&lt;![endif]--&gt;

    
    &lt;input type="text" name="guest_name" id="guest_name" value=""
        class="block w-full rounded-md shadow-sm transition-colors duration-200 min-h-[44px] px-4 py-2 text-base border-gray-300 focus:border-blue-600 focus:ring-2 focus:ring-blue-600 focus:outline-none"  required aria-required="true"                           autocomplete="name"                                                 wire:model.live.debounce.300ms="guest_name" aria-describedby="guest_name-help" /&gt;

    
    &lt;!--[if BLOCK]&gt;&lt;![endif]--&gt;&lt;!--[if ENDBLOCK]&gt;&lt;![endif]--&gt;
&lt;/div&gt;

                            &lt;div class="mb-4"&gt;
    
    &lt;label for="guest_email" class="block text-sm font-medium text-gray-700 mb-2"&gt;
        Email address
        &lt;!--[if BLOCK]&gt;&lt;![endif]--&gt;            &lt;span class="text-danger" aria-label="required"&gt;*&lt;/span&gt;
        &lt;!--[if ENDBLOCK]&gt;&lt;![endif]--&gt;
    &lt;/label&gt;

    
    &lt;!--[if BLOCK]&gt;&lt;![endif]--&gt;&lt;!--[if ENDBLOCK]&gt;&lt;![endif]--&gt;

    
    &lt;input type="email" name="guest_email" id="guest_email" value=""
        class="block w-full rounded-md shadow-sm transition-colors duration-200 min-h-[44px] px-4 py-2 text-base border-gray-300 focus:border-blue-600 focus:ring-2 focus:ring-blue-600 focus:outline-none"  required aria-required="true"                           autocomplete="email"                                                 wire:model.live.debounce.300ms="guest_email" aria-describedby="guest_email-help" /&gt;

    
    &lt;!--[if BLOCK]&gt;&lt;![endif]--&gt;&lt;!--[if ENDBLOCK]&gt;&lt;![endif]--&gt;
&lt;/div&gt;

                            &lt;div class="mb-4"&gt;
    
    &lt;label for="guest_phone" class="block text-sm font-medium text-gray-700 mb-2"&gt;
        Phone number
        &lt;!--[if BLOCK]&gt;&lt;![endif]--&gt;            &lt;span class="text-danger" aria-label="required"&gt;*&lt;/span&gt;
        &lt;!--[if ENDBLOCK]&gt;&lt;![endif]--&gt;
    &lt;/label&gt;

    
    &lt;!--[if BLOCK]&gt;&lt;![endif]--&gt;&lt;!--[if ENDBLOCK]&gt;&lt;![endif]--&gt;

    
    &lt;input type="tel" name="guest_phone" id="guest_phone" value=""
        class="block w-full rounded-md shadow-sm transition-colors duration-200 min-h-[44px] px-4 py-2 text-base border-gray-300 focus:border-blue-600 focus:ring-2 focus:ring-blue-600 focus:outline-none"  required aria-required="true"                           autocomplete="tel"                                                 wire:model.live.debounce.300ms="guest_phone" aria-describedby="guest_phone-help" /&gt;

    
    &lt;!--[if BLOCK]&gt;&lt;![endif]--&gt;&lt;!--[if ENDBLOCK]&gt;&lt;![endif]--&gt;
&lt;/div&gt;

                            &lt;div class="mb-4"&gt;
    
    &lt;label for="staff_id" class="block text-sm font-medium text-gray-700 mb-2"&gt;
        Staff ID (optional)
        &lt;!--[if BLOCK]&gt;&lt;![endif]--&gt;&lt;!--[if ENDBLOCK]&gt;&lt;![endif]--&gt;
    &lt;/label&gt;

    
    &lt;!--[if BLOCK]&gt;&lt;![endif]--&gt;&lt;!--[if ENDBLOCK]&gt;&lt;![endif]--&gt;

    
    &lt;input type="text" name="staff_id" id="staff_id" value=""
        class="block w-full rounded-md shadow-sm transition-colors duration-200 min-h-[44px] px-4 py-2 text-base border-gray-300 focus:border-blue-600 focus:ring-2 focus:ring-blue-600 focus:outline-none"                                                                          wire:model.lazy="staff_id" aria-describedby="staff_id-help" /&gt;

    
    &lt;!--[if BLOCK]&gt;&lt;![endif]--&gt;&lt;!--[if ENDBLOCK]&gt;&lt;![endif]--&gt;
&lt;/div&gt;

                            &lt;div class="mb-4"&gt;
    &lt;label for="division_id" class="block text-sm font-medium text-gray-700 mb-2"&gt;
        Division / department
        &lt;!--[if BLOCK]&gt;&lt;![endif]--&gt;            &lt;span class="text-danger" aria-label="required"&gt;*&lt;/span&gt;
        &lt;!--[if ENDBLOCK]&gt;&lt;![endif]--&gt;
    &lt;/label&gt;

    &lt;!--[if BLOCK]&gt;&lt;![endif]--&gt;&lt;!--[if ENDBLOCK]&gt;&lt;![endif]--&gt;

    &lt;select name="division_id" id="division_id" class="block w-full rounded-md shadow-sm transition-colors duration-200 min-h-[44px] px-4 py-2 text-base border-gray-300 focus:border-blue-600 focus:ring-2 focus:ring-blue-600 focus:outline-none"
         required aria-required="true"                                 wire:model.live="division_id" aria-describedby="division_id-help"&gt;
        &lt;!--[if BLOCK]&gt;&lt;![endif]--&gt;&lt;!--[if ENDBLOCK]&gt;&lt;![endif]--&gt;

        &lt;!--[if BLOCK]&gt;&lt;![endif]--&gt;&lt;!--[if ENDBLOCK]&gt;&lt;![endif]--&gt;
    &lt;/select&gt;

    &lt;!--[if BLOCK]&gt;&lt;![endif]--&gt;&lt;!--[if ENDBLOCK]&gt;&lt;![endif]--&gt;
&lt;/div&gt;
                        &lt;!--[if ENDBLOCK]&gt;&lt;![endif]--&gt;
                    &lt;/div&gt;
                &lt;!--[if ENDBLOCK]&gt;&lt;![endif]--&gt;

                
                &lt;!--[if BLOCK]&gt;&lt;![endif]--&gt;&lt;!--[if ENDBLOCK]&gt;&lt;![endif]--&gt;

                
                &lt;!--[if BLOCK]&gt;&lt;![endif]--&gt;&lt;!--[if ENDBLOCK]&gt;&lt;![endif]--&gt;

                
                &lt;!--[if BLOCK]&gt;&lt;![endif]--&gt;&lt;!--[if ENDBLOCK]&gt;&lt;![endif]--&gt;

                
                &lt;!--[if BLOCK]&gt;&lt;![endif]--&gt;                    &lt;div class="mt-8 flex justify-between" role="group"
                        aria-label="Form navigation"&gt;
                        &lt;!--[if BLOCK]&gt;&lt;![endif]--&gt;                            &lt;div&gt;&lt;/div&gt;
                        &lt;!--[if ENDBLOCK]&gt;&lt;![endif]--&gt;

                        &lt;!--[if BLOCK]&gt;&lt;![endif]--&gt;                            &lt;!--[if BLOCK]&gt;&lt;![endif]--&gt;    &lt;button type="button" class="inline-flex items-center justify-center px-4 py-2 rounded-md font-medium text-sm transition-colors duration-200 focus:outline-none focus:ring-2 focus:ring-offset-2 min-h-[44px] disabled:opacity-50 disabled:cursor-not-allowed bg-blue-600 text-white hover:bg-blue-700 focus:ring-blue-600"         wire:click="nextStep"&gt;
        &lt;!--[if BLOCK]&gt;&lt;![endif]--&gt;&lt;!--[if ENDBLOCK]&gt;&lt;![endif]--&gt;
        Next
    &lt;/button&gt;
&lt;!--[if ENDBLOCK]&gt;&lt;![endif]--&gt;
                        &lt;!--[if ENDBLOCK]&gt;&lt;![endif]--&gt;
                    &lt;/div&gt;
                &lt;!--[if ENDBLOCK]&gt;&lt;![endif]--&gt;
            &lt;/form&gt;
    &lt;/div&gt;

    &lt;!--[if BLOCK]&gt;&lt;![endif]--&gt;&lt;!--[if ENDBLOCK]&gt;&lt;![endif]--&gt;
&lt;/div&gt;

        
        &lt;div aria-live="polite" aria-atomic="true" class="sr-only" id="form-announcements"&gt;&lt;/div&gt;
    &lt;/div&gt;
&lt;/div&gt;
' contains "Alpha Support" in specified order..
&#13;
C:\XAMPP\htdocs\ictserve-031125\vendor\laravel\framework\src\Illuminate\Testing\TestResponseAssert.php:45
C:\XAMPP\htdocs\ictserve-031125\vendor\laravel\framework\src\Illuminate\Testing\TestResponse.php:714
C:\XAMPP\htdocs\ictserve-031125\vendor\livewire\livewire\src\Features\SupportTesting\Testable.php:398
C:\XAMPP\htdocs\ictserve-031125\tests\Feature\Livewire\Helpdesk\SubmitTicketTest.php:95</failure>
        </testcase>
        <testcase name="it_displays_localized_category_names_in_malay" file="C:\XAMPP\htdocs\ictserve-031125\tests\Feature\Livewire\Helpdesk\SubmitTicketTest.php" line="102" class="Tests\Feature\Livewire\Helpdesk\SubmitTicketTest" classname="Tests.Feature.Livewire.Helpdesk.SubmitTicketTest" assertions="1" time="4.052982">
          <failure type="PHPUnit\Framework\ExpectationFailedException">Tests\Feature\Livewire\Helpdesk\SubmitTicketTest::it_displays_localized_category_names_in_malay&#13;
Failed asserting that Failed asserting that '&lt;div wire:snapshot="{&amp;quot;data&amp;quot;:{&amp;quot;currentStep&amp;quot;:1,&amp;quot;totalSteps&amp;quot;:4,&amp;quot;guest_name&amp;quot;:&amp;quot;&amp;quot;,&amp;quot;guest_email&amp;quot;:&amp;quot;&amp;quot;,&amp;quot;guest_phone&amp;quot;:&amp;quot;&amp;quot;,&amp;quot;staff_id&amp;quot;:null,&amp;quot;division_id&amp;quot;:null,&amp;quot;category_id&amp;quot;:null,&amp;quot;priority&amp;quot;:&amp;quot;normal&amp;quot;,&amp;quot;subject&amp;quot;:&amp;quot;&amp;quot;,&amp;quot;description&amp;quot;:&amp;quot;&amp;quot;,&amp;quot;asset_id&amp;quot;:null,&amp;quot;attachments&amp;quot;:[[],{&amp;quot;s&amp;quot;:&amp;quot;arr&amp;quot;}],&amp;quot;isSubmitting&amp;quot;:false,&amp;quot;ticketNumber&amp;quot;:null},&amp;quot;memo&amp;quot;:{&amp;quot;id&amp;quot;:&amp;quot;2R9lrqDxxHORsYTjcXuN&amp;quot;,&amp;quot;name&amp;quot;:&amp;quot;helpdesk.submit-ticket&amp;quot;,&amp;quot;path&amp;quot;:&amp;quot;livewire-unit-test-endpoint\/7q1ni67W2oepp35aK3vD&amp;quot;,&amp;quot;method&amp;quot;:&amp;quot;GET&amp;quot;,&amp;quot;children&amp;quot;:[],&amp;quot;scripts&amp;quot;:[],&amp;quot;assets&amp;quot;:[],&amp;quot;errors&amp;quot;:[],&amp;quot;locale&amp;quot;:&amp;quot;ms&amp;quot;},&amp;quot;checksum&amp;quot;:&amp;quot;916d7b5b1b02eda3f03b62c4577c4dc46b4cc17f876443d38b6fba371dc6f6b0&amp;quot;}" wire:effects="{&amp;quot;partials&amp;quot;:[],&amp;quot;listeners&amp;quot;:[&amp;quot;$refresh&amp;quot;]}" wire:id="2R9lrqDxxHORsYTjcXuN" class="min-h-screen bg-gray-50 py-12"&gt;
    &lt;div class="max-w-4xl mx-auto px-4 sm:px-6 lg:px-8"&gt;
        
        &lt;nav aria-label="Skip Links" class="sr-only focus-within:not-sr-only"&gt;
    &lt;ul class="fixed top-0 left-0 z-50 bg-motac-blue text-white p-4 rounded-br-lg shadow-lg"&gt;
        &lt;li class="mb-2"&gt;
            &lt;a href="#main-content"
                class="block px-4 py-2 bg-white text-motac-blue rounded-md hover:bg-gray-100 focus:outline-none focus:ring-4 focus:ring-white focus:ring-offset-2 focus:ring-offset-motac-blue min-h-[44px] flex items-center font-medium"
                accesskey="m"&gt;
                Skip to Main Content &lt;span class="ml-2 text-sm"&gt;(Alt+M)&lt;/span&gt;
            &lt;/a&gt;
        &lt;/li&gt;
        &lt;li class="mb-2"&gt;
            &lt;a href="#sidebar-navigation"
                class="block px-4 py-2 bg-white text-motac-blue rounded-md hover:bg-gray-100 focus:outline-none focus:ring-4 focus:ring-white focus:ring-offset-2 focus:ring-offset-motac-blue min-h-[44px] flex items-center font-medium"
                accesskey="s"&gt;
                Skip to Sidebar Navigation &lt;span class="ml-2 text-sm"&gt;(Alt+S)&lt;/span&gt;
            &lt;/a&gt;
        &lt;/li&gt;
        &lt;li&gt;
            &lt;a href="#user-menu"
                class="block px-4 py-2 bg-white text-motac-blue rounded-md hover:bg-gray-100 focus:outline-none focus:ring-4 focus:ring-white focus:ring-offset-2 focus:ring-offset-motac-blue min-h-[44px] flex items-center font-medium"
                accesskey="u"&gt;
                Skip to User Menu &lt;span class="ml-2 text-sm"&gt;(Alt+U)&lt;/span&gt;
            &lt;/a&gt;
        &lt;/li&gt;
    &lt;/ul&gt;
&lt;/nav&gt;

        
        &lt;div class="mb-8"&gt;
            &lt;h1 class="text-3xl font-bold text-gray-900 mb-2"&gt;
                Hantar Tiket Meja Bantuan
            &lt;/h1&gt;
            &lt;p class="text-lg text-gray-600"&gt;
                Terangkan isu atau pertanyaan teknikal anda dan kami akan serahkan kepada pasukan sokongan yang tepat.
            &lt;/p&gt;
        &lt;/div&gt;

        
        &lt;div class="mb-8" role="progressbar" aria-valuenow="1" aria-valuemin="1"
            aria-valuemax="4" aria-label="Kemajuan penyerahan tiket"&gt;
            &lt;div class="flex items-center justify-between"&gt;
                &lt;!--[if BLOCK]&gt;&lt;![endif]--&gt;                    &lt;div class="flex-1 pr-4"&gt;
                        &lt;div class="flex items-center"&gt;
                            &lt;div class="flex-shrink-0"&gt;
                                &lt;button type="button" wire:click="goToStep(1)"
                                    class="flex items-center justify-center w-10 h-10 rounded-full border-2 transition-colors min-h-[44px] min-w-[44px] bg-blue-600 border-blue-600 text-white"
                                    aria-current="step"
                                    &gt;
                                    &lt;span class="text-sm font-semibold"&gt;1&lt;/span&gt;
                                &lt;/button&gt;
                            &lt;/div&gt;
                            &lt;!--[if BLOCK]&gt;&lt;![endif]--&gt;                                &lt;div class="flex-1 ml-4"&gt;
                                    &lt;div class="h-1 rounded-full transition-colors bg-gray-300"&gt;&lt;/div&gt;
                                &lt;/div&gt;
                            &lt;!--[if ENDBLOCK]&gt;&lt;![endif]--&gt;
                        &lt;/div&gt;
                    &lt;/div&gt;
                                    &lt;div class="flex-1 pr-4"&gt;
                        &lt;div class="flex items-center"&gt;
                            &lt;div class="flex-shrink-0"&gt;
                                &lt;button type="button" wire:click="goToStep(2)"
                                    class="flex items-center justify-center w-10 h-10 rounded-full border-2 transition-colors min-h-[44px] min-w-[44px] bg-white border-gray-300 text-gray-500"
                                    aria-current="false"
                                    disabled&gt;
                                    &lt;span class="text-sm font-semibold"&gt;2&lt;/span&gt;
                                &lt;/button&gt;
                            &lt;/div&gt;
                            &lt;!--[if BLOCK]&gt;&lt;![endif]--&gt;                                &lt;div class="flex-1 ml-4"&gt;
                                    &lt;div class="h-1 rounded-full transition-colors bg-gray-300"&gt;&lt;/div&gt;
                                &lt;/div&gt;
                            &lt;!--[if ENDBLOCK]&gt;&lt;![endif]--&gt;
                        &lt;/div&gt;
                    &lt;/div&gt;
                                    &lt;div class="flex-1 pr-4"&gt;
                        &lt;div class="flex items-center"&gt;
                            &lt;div class="flex-shrink-0"&gt;
                                &lt;button type="button" wire:click="goToStep(3)"
                                    class="flex items-center justify-center w-10 h-10 rounded-full border-2 transition-colors min-h-[44px] min-w-[44px] bg-white border-gray-300 text-gray-500"
                                    aria-current="false"
                                    disabled&gt;
                                    &lt;span class="text-sm font-semibold"&gt;3&lt;/span&gt;
                                &lt;/button&gt;
                            &lt;/div&gt;
                            &lt;!--[if BLOCK]&gt;&lt;![endif]--&gt;                                &lt;div class="flex-1 ml-4"&gt;
                                    &lt;div class="h-1 rounded-full transition-colors bg-gray-300"&gt;&lt;/div&gt;
                                &lt;/div&gt;
                            &lt;!--[if ENDBLOCK]&gt;&lt;![endif]--&gt;
                        &lt;/div&gt;
                    &lt;/div&gt;
                                    &lt;div class="flex-1 "&gt;
                        &lt;div class="flex items-center"&gt;
                            &lt;div class="flex-shrink-0"&gt;
                                &lt;button type="button" wire:click="goToStep(4)"
                                    class="flex items-center justify-center w-10 h-10 rounded-full border-2 transition-colors min-h-[44px] min-w-[44px] bg-white border-gray-300 text-gray-500"
                                    aria-current="false"
                                    disabled&gt;
                                    &lt;span class="text-sm font-semibold"&gt;4&lt;/span&gt;
                                &lt;/button&gt;
                            &lt;/div&gt;
                            &lt;!--[if BLOCK]&gt;&lt;![endif]--&gt;&lt;!--[if ENDBLOCK]&gt;&lt;![endif]--&gt;
                        &lt;/div&gt;
                    &lt;/div&gt;
                &lt;!--[if ENDBLOCK]&gt;&lt;![endif]--&gt;
            &lt;/div&gt;
        &lt;/div&gt;

        
        &lt;div class="bg-white rounded-lg shadow-md overflow-hidden "
    &gt;
    &lt;!--[if BLOCK]&gt;&lt;![endif]--&gt;&lt;!--[if ENDBLOCK]&gt;&lt;![endif]--&gt;

    &lt;div class="p-6"&gt;
        &lt;div wire:loading.delay class="mb-4 p-4 bg-blue-50 border border-blue-200 rounded-lg" role="status"
                aria-live="polite"&gt;
                &lt;div class="flex items-center"&gt;
                    &lt;svg class="animate-spin h-5 w-5 text-blue-600 mr-3" xmlns="http://www.w3.org/2000/svg"
                        fill="none" viewBox="0 0 24 24" aria-hidden="true"&gt;
                        &lt;circle class="opacity-25" cx="12" cy="12" r="10" stroke="currentColor"
                            stroke-width="4"&gt;&lt;/circle&gt;
                        &lt;path class="opacity-75" fill="currentColor"
                            d="M4 12a8 8 0 018-8V0C5.373 0 0 5.373 0 12h4zm2 5.291A7.962 7.962 0 014 12H0c0 3.042 1.135 5.824 3 7.938l3-2.647z"&gt;
                        &lt;/path&gt;
                    &lt;/svg&gt;
                    &lt;span class="text-sm text-blue-900"&gt;Sedang diproses...&lt;/span&gt;
                &lt;/div&gt;
            &lt;/div&gt;

            
            &lt;!--[if BLOCK]&gt;&lt;![endif]--&gt;&lt;!--[if ENDBLOCK]&gt;&lt;![endif]--&gt;

            &lt;form wire:submit="submit" novalidate&gt;
                
                &lt;!--[if BLOCK]&gt;&lt;![endif]--&gt;                    &lt;div class="space-y-6" role="region" aria-label="Maklumat Hubungan"&gt;
                        &lt;h2 class="text-2xl font-bold text-gray-900 mb-4"&gt;
                            Maklumat Hubungan
                        &lt;/h2&gt;

                        &lt;!--[if BLOCK]&gt;&lt;![endif]--&gt;                            
                            &lt;div class="mb-4"&gt;
    
    &lt;label for="guest_name" class="block text-sm font-medium text-gray-700 mb-2"&gt;
        Nama penuh
        &lt;!--[if BLOCK]&gt;&lt;![endif]--&gt;            &lt;span class="text-danger" aria-label="required"&gt;*&lt;/span&gt;
        &lt;!--[if ENDBLOCK]&gt;&lt;![endif]--&gt;
    &lt;/label&gt;

    
    &lt;!--[if BLOCK]&gt;&lt;![endif]--&gt;&lt;!--[if ENDBLOCK]&gt;&lt;![endif]--&gt;

    
    &lt;input type="text" name="guest_name" id="guest_name" value=""
        class="block w-full rounded-md shadow-sm transition-colors duration-200 min-h-[44px] px-4 py-2 text-base border-gray-300 focus:border-blue-600 focus:ring-2 focus:ring-blue-600 focus:outline-none"  required aria-required="true"                           autocomplete="name"                                                 wire:model.live.debounce.300ms="guest_name" aria-describedby="guest_name-help" /&gt;

    
    &lt;!--[if BLOCK]&gt;&lt;![endif]--&gt;&lt;!--[if ENDBLOCK]&gt;&lt;![endif]--&gt;
&lt;/div&gt;

                            &lt;div class="mb-4"&gt;
    
    &lt;label for="guest_email" class="block text-sm font-medium text-gray-700 mb-2"&gt;
        Alamat e-mel
        &lt;!--[if BLOCK]&gt;&lt;![endif]--&gt;            &lt;span class="text-danger" aria-label="required"&gt;*&lt;/span&gt;
        &lt;!--[if ENDBLOCK]&gt;&lt;![endif]--&gt;
    &lt;/label&gt;

    
    &lt;!--[if BLOCK]&gt;&lt;![endif]--&gt;&lt;!--[if ENDBLOCK]&gt;&lt;![endif]--&gt;

    
    &lt;input type="email" name="guest_email" id="guest_email" value=""
        class="block w-full rounded-md shadow-sm transition-colors duration-200 min-h-[44px] px-4 py-2 text-base border-gray-300 focus:border-blue-600 focus:ring-2 focus:ring-blue-600 focus:outline-none"  required aria-required="true"                           autocomplete="email"                                                 wire:model.live.debounce.300ms="guest_email" aria-describedby="guest_email-help" /&gt;

    
    &lt;!--[if BLOCK]&gt;&lt;![endif]--&gt;&lt;!--[if ENDBLOCK]&gt;&lt;![endif]--&gt;
&lt;/div&gt;

                            &lt;div class="mb-4"&gt;
    
    &lt;label for="guest_phone" class="block text-sm font-medium text-gray-700 mb-2"&gt;
        Nombor telefon
        &lt;!--[if BLOCK]&gt;&lt;![endif]--&gt;            &lt;span class="text-danger" aria-label="required"&gt;*&lt;/span&gt;
        &lt;!--[if ENDBLOCK]&gt;&lt;![endif]--&gt;
    &lt;/label&gt;

    
    &lt;!--[if BLOCK]&gt;&lt;![endif]--&gt;&lt;!--[if ENDBLOCK]&gt;&lt;![endif]--&gt;

    
    &lt;input type="tel" name="guest_phone" id="guest_phone" value=""
        class="block w-full rounded-md shadow-sm transition-colors duration-200 min-h-[44px] px-4 py-2 text-base border-gray-300 focus:border-blue-600 focus:ring-2 focus:ring-blue-600 focus:outline-none"  required aria-required="true"                           autocomplete="tel"                                                 wire:model.live.debounce.300ms="guest_phone" aria-describedby="guest_phone-help" /&gt;

    
    &lt;!--[if BLOCK]&gt;&lt;![endif]--&gt;&lt;!--[if ENDBLOCK]&gt;&lt;![endif]--&gt;
&lt;/div&gt;

                            &lt;div class="mb-4"&gt;
    
    &lt;label for="staff_id" class="block text-sm font-medium text-gray-700 mb-2"&gt;
        ID kakitangan (pilihan)
        &lt;!--[if BLOCK]&gt;&lt;![endif]--&gt;&lt;!--[if ENDBLOCK]&gt;&lt;![endif]--&gt;
    &lt;/label&gt;

    
    &lt;!--[if BLOCK]&gt;&lt;![endif]--&gt;&lt;!--[if ENDBLOCK]&gt;&lt;![endif]--&gt;

    
    &lt;input type="text" name="staff_id" id="staff_id" value=""
        class="block w-full rounded-md shadow-sm transition-colors duration-200 min-h-[44px] px-4 py-2 text-base border-gray-300 focus:border-blue-600 focus:ring-2 focus:ring-blue-600 focus:outline-none"                                                                          wire:model.lazy="staff_id" aria-describedby="staff_id-help" /&gt;

    
    &lt;!--[if BLOCK]&gt;&lt;![endif]--&gt;&lt;!--[if ENDBLOCK]&gt;&lt;![endif]--&gt;
&lt;/div&gt;

                            &lt;div class="mb-4"&gt;
    &lt;label for="division_id" class="block text-sm font-medium text-gray-700 mb-2"&gt;
        Bahagian / jabatan
        &lt;!--[if BLOCK]&gt;&lt;![endif]--&gt;            &lt;span class="text-danger" aria-label="required"&gt;*&lt;/span&gt;
        &lt;!--[if ENDBLOCK]&gt;&lt;![endif]--&gt;
    &lt;/label&gt;

    &lt;!--[if BLOCK]&gt;&lt;![endif]--&gt;&lt;!--[if ENDBLOCK]&gt;&lt;![endif]--&gt;

    &lt;select name="division_id" id="division_id" class="block w-full rounded-md shadow-sm transition-colors duration-200 min-h-[44px] px-4 py-2 text-base border-gray-300 focus:border-blue-600 focus:ring-2 focus:ring-blue-600 focus:outline-none"
         required aria-required="true"                                 wire:model.live="division_id" aria-describedby="division_id-help"&gt;
        &lt;!--[if BLOCK]&gt;&lt;![endif]--&gt;&lt;!--[if ENDBLOCK]&gt;&lt;![endif]--&gt;

        &lt;!--[if BLOCK]&gt;&lt;![endif]--&gt;&lt;!--[if ENDBLOCK]&gt;&lt;![endif]--&gt;
    &lt;/select&gt;

    &lt;!--[if BLOCK]&gt;&lt;![endif]--&gt;&lt;!--[if ENDBLOCK]&gt;&lt;![endif]--&gt;
&lt;/div&gt;
                        &lt;!--[if ENDBLOCK]&gt;&lt;![endif]--&gt;
                    &lt;/div&gt;
                &lt;!--[if ENDBLOCK]&gt;&lt;![endif]--&gt;

                
                &lt;!--[if BLOCK]&gt;&lt;![endif]--&gt;&lt;!--[if ENDBLOCK]&gt;&lt;![endif]--&gt;

                
                &lt;!--[if BLOCK]&gt;&lt;![endif]--&gt;&lt;!--[if ENDBLOCK]&gt;&lt;![endif]--&gt;

                
                &lt;!--[if BLOCK]&gt;&lt;![endif]--&gt;&lt;!--[if ENDBLOCK]&gt;&lt;![endif]--&gt;

                
                &lt;!--[if BLOCK]&gt;&lt;![endif]--&gt;                    &lt;div class="mt-8 flex justify-between" role="group"
                        aria-label="Navigasi borang"&gt;
                        &lt;!--[if BLOCK]&gt;&lt;![endif]--&gt;                            &lt;div&gt;&lt;/div&gt;
                        &lt;!--[if ENDBLOCK]&gt;&lt;![endif]--&gt;

                        &lt;!--[if BLOCK]&gt;&lt;![endif]--&gt;                            &lt;!--[if BLOCK]&gt;&lt;![endif]--&gt;    &lt;button type="button" class="inline-flex items-center justify-center px-4 py-2 rounded-md font-medium text-sm transition-colors duration-200 focus:outline-none focus:ring-2 focus:ring-offset-2 min-h-[44px] disabled:opacity-50 disabled:cursor-not-allowed bg-blue-600 text-white hover:bg-blue-700 focus:ring-blue-600"         wire:click="nextStep"&gt;
        &lt;!--[if BLOCK]&gt;&lt;![endif]--&gt;&lt;!--[if ENDBLOCK]&gt;&lt;![endif]--&gt;
        Seterusnya
    &lt;/button&gt;
&lt;!--[if ENDBLOCK]&gt;&lt;![endif]--&gt;
                        &lt;!--[if ENDBLOCK]&gt;&lt;![endif]--&gt;
                    &lt;/div&gt;
                &lt;!--[if ENDBLOCK]&gt;&lt;![endif]--&gt;
            &lt;/form&gt;
    &lt;/div&gt;

    &lt;!--[if BLOCK]&gt;&lt;![endif]--&gt;&lt;!--[if ENDBLOCK]&gt;&lt;![endif]--&gt;
&lt;/div&gt;

        
        &lt;div aria-live="polite" aria-atomic="true" class="sr-only" id="form-announcements"&gt;&lt;/div&gt;
    &lt;/div&gt;
&lt;/div&gt;
' contains "Sokongan Alfa" in specified order..
&#13;
C:\XAMPP\htdocs\ictserve-031125\vendor\laravel\framework\src\Illuminate\Testing\TestResponseAssert.php:45
C:\XAMPP\htdocs\ictserve-031125\vendor\laravel\framework\src\Illuminate\Testing\TestResponse.php:714
C:\XAMPP\htdocs\ictserve-031125\vendor\livewire\livewire\src\Features\SupportTesting\Testable.php:398
C:\XAMPP\htdocs\ictserve-031125\tests\Feature\Livewire\Helpdesk\SubmitTicketTest.php:120</failure>
        </testcase>
        <testcase name="it_validates_required_fields" file="C:\XAMPP\htdocs\ictserve-031125\tests\Feature\Livewire\Helpdesk\SubmitTicketTest.php" line="127" class="Tests\Feature\Livewire\Helpdesk\SubmitTicketTest" classname="Tests.Feature.Livewire.Helpdesk.SubmitTicketTest" assertions="9" time="3.348249"/>
        <testcase name="it_validates_email_format" file="C:\XAMPP\htdocs\ictserve-031125\tests\Feature\Livewire\Helpdesk\SubmitTicketTest.php" line="141" class="Tests\Feature\Livewire\Helpdesk\SubmitTicketTest" classname="Tests.Feature.Livewire.Helpdesk.SubmitTicketTest" assertions="3" time="3.383103"/>
        <testcase name="it_validates_description_minimum_length" file="C:\XAMPP\htdocs\ictserve-031125\tests\Feature\Livewire\Helpdesk\SubmitTicketTest.php" line="151" class="Tests\Feature\Livewire\Helpdesk\SubmitTicketTest" classname="Tests.Feature.Livewire.Helpdesk.SubmitTicketTest" assertions="3" time="3.302594"/>
        <testcase name="it_submits_ticket_successfully_as_guest" file="C:\XAMPP\htdocs\ictserve-031125\tests\Feature\Livewire\Helpdesk\SubmitTicketTest.php" line="161" class="Tests\Feature\Livewire\Helpdesk\SubmitTicketTest" classname="Tests.Feature.Livewire.Helpdesk.SubmitTicketTest" assertions="2" time="3.807818"/>
        <testcase name="it_generates_unique_ticket_numbers" file="C:\XAMPP\htdocs\ictserve-031125\tests\Feature\Livewire\Helpdesk\SubmitTicketTest.php" line="190" class="Tests\Feature\Livewire\Helpdesk\SubmitTicketTest" classname="Tests.Feature.Livewire.Helpdesk.SubmitTicketTest" assertions="10" time="4.778852"/>
        <testcase name="it_clears_form_successfully" file="C:\XAMPP\htdocs\ictserve-031125\tests\Feature\Livewire\Helpdesk\SubmitTicketTest.php" line="244" class="Tests\Feature\Livewire\Helpdesk\SubmitTicketTest" classname="Tests.Feature.Livewire.Helpdesk.SubmitTicketTest" assertions="4" time="3.221424"/>
        <testcase name="it_displays_success_message_after_submission" file="C:\XAMPP\htdocs\ictserve-031125\tests\Feature\Livewire\Helpdesk\SubmitTicketTest.php" line="258" class="Tests\Feature\Livewire\Helpdesk\SubmitTicketTest" classname="Tests.Feature.Livewire.Helpdesk.SubmitTicketTest" assertions="1" time="3.496200">
          <failure type="PHPUnit\Framework\ExpectationFailedException">Tests\Feature\Livewire\Helpdesk\SubmitTicketTest::it_displays_success_message_after_submission&#13;
Failed asserting that '"qvf73VNpKgAOPqDdkoHl" class="min-h-screen bg-gray-50 py-12"&gt;\n
    &lt;div class="max-w-4xl mx-auto px-4 sm:px-6 lg:px-8"&gt;\n
        \n
        &lt;nav aria-label="Skip Links" class="sr-only focus-within:not-sr-only"&gt;\n
    &lt;ul class="fixed top-0 left-0 z-50 bg-motac-blue text-white p-4 rounded-br-lg shadow-lg"&gt;\n
        &lt;li class="mb-2"&gt;\n
            &lt;a href="#main-content"\n
                class="block px-4 py-2 bg-white text-motac-blue rounded-md hover:bg-gray-100 focus:outline-none focus:ring-4 focus:ring-white focus:ring-offset-2 focus:ring-offset-motac-blue min-h-[44px] flex items-center font-medium"\n
                accesskey="m"&gt;\n
                Skip to Main Content &lt;span class="ml-2 text-sm"&gt;(Alt+M)&lt;/span&gt;\n
            &lt;/a&gt;\n
        &lt;/li&gt;\n
        &lt;li class="mb-2"&gt;\n
            &lt;a href="#sidebar-navigation"\n
                class="block px-4 py-2 bg-white text-motac-blue rounded-md hover:bg-gray-100 focus:outline-none focus:ring-4 focus:ring-white focus:ring-offset-2 focus:ring-offset-motac-blue min-h-[44px] flex items-center font-medium"\n
                accesskey="s"&gt;\n
                Skip to Sidebar Navigation &lt;span class="ml-2 text-sm"&gt;(Alt+S)&lt;/span&gt;\n
            &lt;/a&gt;\n
        &lt;/li&gt;\n
        &lt;li&gt;\n
            &lt;a href="#user-menu"\n
                class="block px-4 py-2 bg-white text-motac-blue rounded-md hover:bg-gray-100 focus:outline-none focus:ring-4 focus:ring-white focus:ring-offset-2 focus:ring-offset-motac-blue min-h-[44px] flex items-center font-medium"\n
                accesskey="u"&gt;\n
                Skip to User Menu &lt;span class="ml-2 text-sm"&gt;(Alt+U)&lt;/span&gt;\n
            &lt;/a&gt;\n
        &lt;/li&gt;\n
    &lt;/ul&gt;\n
&lt;/nav&gt;\n
\n
        \n
        &lt;div class="mb-8"&gt;\n
            &lt;h1 class="text-3xl font-bold text-gray-900 mb-2"&gt;\n
                Submit Helpdesk Ticket\n
            &lt;/h1&gt;\n
            &lt;p class="text-lg text-gray-600"&gt;\n
                Describe your technical issue or question and we will assign it to the right support team.\n
            &lt;/p&gt;\n
        &lt;/div&gt;\n
\n
        \n
        &lt;div class="mb-8" role="progressbar" aria-valuenow="4" aria-valuemin="1"\n
            aria-valuemax="4" aria-label="Ticket submission progress"&gt;\n
            &lt;div class="flex items-center justify-between"&gt;\n
                &lt;!--[if BLOCK]&gt;&lt;![endif]--&gt;                    &lt;div class="flex-1 pr-4"&gt;\n
                        &lt;div class="flex items-center"&gt;\n
                            &lt;div class="flex-shrink-0"&gt;\n
                                &lt;button type="button" wire:click="goToStep(1)"\n
                                    class="flex items-center justify-center w-10 h-10 rounded-full border-2 transition-colors min-h-[44px] min-w-[44px] bg-blue-600 border-blue-600 text-white"\n
                                    aria-current="false"\n
                                    &gt;\n
                                    &lt;span class="text-sm font-semibold"&gt;1&lt;/span&gt;\n
                                &lt;/button&gt;\n
                            &lt;/div&gt;\n
                            &lt;!--[if BLOCK]&gt;&lt;![endif]--&gt;                                &lt;div class="flex-1 ml-4"&gt;\n
                                    &lt;div class="h-1 rounded-full transition-colors bg-blue-600"&gt;&lt;/div&gt;\n
                                &lt;/div&gt;\n
                            &lt;!--[if ENDBLOCK]&gt;&lt;![endif]--&gt;\n
                        &lt;/div&gt;\n
                    &lt;/div&gt;\n
                                    &lt;div class="flex-1 pr-4"&gt;\n
                        &lt;div class="flex items-center"&gt;\n
                            &lt;div class="flex-shrink-0"&gt;\n
                                &lt;button type="button" wire:click="goToStep(2)"\n
                                    class="flex items-center justify-center w-10 h-10 rounded-full border-2 transition-colors min-h-[44px] min-w-[44px] bg-blue-600 border-blue-600 text-white"\n
                                    aria-current="false"\n
                                    &gt;\n
                                    &lt;span class="text-sm font-semibold"&gt;2&lt;/span&gt;\n
                                &lt;/button&gt;\n
                            &lt;/div&gt;\n
                            &lt;!--[if BLOCK]&gt;&lt;![endif]--&gt;                                &lt;div class="flex-1 ml-4"&gt;\n
                                    &lt;div class="h-1 rounded-full transition-colors bg-blue-600"&gt;&lt;/div&gt;\n
                                &lt;/div&gt;\n
                            &lt;!--[if ENDBLOCK]&gt;&lt;![endif]--&gt;\n
                        &lt;/div&gt;\n
                    &lt;/div&gt;\n
                                    &lt;div class="flex-1 pr-4"&gt;\n
                        &lt;div class="flex items-center"&gt;\n
                            &lt;div class="flex-shrink-0"&gt;\n
                                &lt;button type="button" wire:click="goToStep(3)"\n
                                    class="flex items-center justify-center w-10 h-10 rounded-full border-2 transition-colors min-h-[44px] min-w-[44px] bg-blue-600 border-blue-600 text-white"\n
                                    aria-current="false"\n
                                    &gt;\n
                                    &lt;span class="text-sm font-semibold"&gt;3&lt;/span&gt;\n
                                &lt;/button&gt;\n
                            &lt;/div&gt;\n
                            &lt;!--[if BLOCK]&gt;&lt;![endif]--&gt;                                &lt;div class="flex-1 ml-4"&gt;\n
                                    &lt;div class="h-1 rounded-full transition-colors bg-blue-600"&gt;&lt;/div&gt;\n
                                &lt;/div&gt;\n
                            &lt;!--[if ENDBLOCK]&gt;&lt;![endif]--&gt;\n
                        &lt;/div&gt;\n
                    &lt;/div&gt;\n
                                    &lt;div class="flex-1 "&gt;\n
                        &lt;div class="flex items-center"&gt;\n
                            &lt;div class="flex-shrink-0"&gt;\n
                                &lt;button type="button" wire:click="goToStep(4)"\n
                                    class="flex items-center justify-center w-10 h-10 rounded-full border-2 transition-colors min-h-[44px] min-w-[44px] bg-blue-600 border-blue-600 text-white"\n
                                    aria-current="step"\n
                                    &gt;\n
                                    &lt;span class="text-sm font-semibold"&gt;4&lt;/span&gt;\n
                                &lt;/button&gt;\n
                            &lt;/div&gt;\n
                            &lt;!--[if BLOCK]&gt;&lt;![endif]--&gt;&lt;!--[if ENDBLOCK]&gt;&lt;![endif]--&gt;\n
                        &lt;/div&gt;\n
                    &lt;/div&gt;\n
                &lt;!--[if ENDBLOCK]&gt;&lt;![endif]--&gt;\n
            &lt;/div&gt;\n
        &lt;/div&gt;\n
\n
        \n
        &lt;div class="bg-white rounded-lg shadow-md overflow-hidden "\n
    &gt;\n
    &lt;!--[if BLOCK]&gt;&lt;![endif]--&gt;&lt;!--[if ENDBLOCK]&gt;&lt;![endif]--&gt;\n
\n
    &lt;div class="p-6"&gt;\n
        &lt;div wire:loading.delay class="mb-4 p-4 bg-blue-50 border border-blue-200 rounded-lg" role="status"\n
                aria-live="polite"&gt;\n
                &lt;div class="flex items-center"&gt;\n
                    &lt;svg class="animate-spin h-5 w-5 text-blue-600 mr-3" xmlns="http://www.w3.org/2000/svg"\n
                        fill="none" viewBox="0 0 24 24" aria-hidden="true"&gt;\n
                        &lt;circle class="opacity-25" cx="12" cy="12" r="10" stroke="currentColor"\n
                            stroke-width="4"&gt;&lt;/circle&gt;\n
                        &lt;path class="opacity-75" fill="currentColor"\n
                            d="M4 12a8 8 0 018-8V0C5.373 0 0 5.373 0 12h4zm2 5.291A7.962 7.962 0 014 12H0c0 3.042 1.135 5.824 3 7.938l3-2.647z"&gt;\n
                        &lt;/path&gt;\n
                    &lt;/svg&gt;\n
                    &lt;span class="text-sm text-blue-900"&gt;Processing...&lt;/span&gt;\n
                &lt;/div&gt;\n
            &lt;/div&gt;\n
\n
            \n
            &lt;!--[if BLOCK]&gt;&lt;![endif]--&gt;&lt;!--[if ENDBLOCK]&gt;&lt;![endif]--&gt;\n
\n
            &lt;form wire:submit="submit" novalidate&gt;\n
                \n
                &lt;!--[if BLOCK]&gt;&lt;![endif]--&gt;&lt;!--[if ENDBLOCK]&gt;&lt;![endif]--&gt;\n
\n
                \n
                &lt;!--[if BLOCK]&gt;&lt;![endif]--&gt;&lt;!--[if ENDBLOCK]&gt;&lt;![endif]--&gt;\n
\n
                \n
                &lt;!--[if BLOCK]&gt;&lt;![endif]--&gt;&lt;!--[if ENDBLOCK]&gt;&lt;![endif]--&gt;\n
\n
                \n
                &lt;!--[if BLOCK]&gt;&lt;![endif]--&gt;                    &lt;div class="space-y-6 text-center" role="region"\n
                        aria-label="Submission confirmation"&gt;\n
                        &lt;div class="flex justify-center"&gt;\n
                            &lt;svg class="h-16 w-16 text-green-600" fill="none" viewBox="0 0 24 24"\n
                                stroke="currentColor" aria-hidden="true"&gt;\n
                                &lt;path stroke-linecap="round" stroke-linejoin="round" stroke-width="2"\n
                                    d="M9 12l2 2 4-4m6 2a9 9 0 11-18 0 9 9 0 0118 0z" /&gt;\n
                            &lt;/svg&gt;\n
                        &lt;/div&gt;\n
\n
                        &lt;h2 class="text-2xl font-bold text-gray-900"&gt;\n
                            Your ticket has been submitted\n
                        &lt;/h2&gt;\n
\n
                        &lt;div class="bg-blue-50 border border-blue-200 rounded-lg p-6"&gt;\n
                            &lt;p class="text-sm text-gray-600 mb-2"&gt;Ticket number&lt;/p&gt;\n
                            &lt;p class="text-3xl font-bold text-blue-600"&gt;HD2025000001&lt;/p&gt;\n
                        &lt;/div&gt;\n
\n
                        &lt;p class="text-gray-600"&gt;\n
                            A confirmation email has been sent. Use the ticket number to track progress.\n
                        &lt;/p&gt;\n
\n
                        &lt;div class="flex flex-col sm:flex-row gap-4 justify-center"&gt;\n
                            &lt;!--[if BLOCK]&gt;&lt;![endif]--&gt;    &lt;button type="button" class="inline-flex items-center justify-center px-4 py-2 rounded-md font-medium text-sm transition-colors duration-200 focus:outline-none focus:ring-2 focus:ring-offset-2 min-h-[44px] disabled:opacity-50 disabled:cursor-not-allowed bg-gray-200 text-gray-900 hover:bg-gray-300 focus:ring-gray-500"         wire:click="resetForm"&gt;\n
        &lt;!--[if BLOCK]&gt;&lt;![endif]--&gt;&lt;!--[if ENDBLOCK]&gt;&lt;![endif]--&gt;\n
        Submit another ticket\n
    &lt;/button&gt;\n
&lt;!--[if ENDBLOCK]&gt;&lt;![endif]--&gt;\n
\n
                            &lt;!--[if BLOCK]&gt;&lt;![endif]--&gt;    &lt;button type="button" class="inline-flex items-center justify-center px-4 py-2 rounded-md font-medium text-sm transition-colors duration-200 focus:outline-none focus:ring-2 focus:ring-offset-2 min-h-[44px] disabled:opacity-50 disabled:cursor-not-allowed bg-blue-600 text-white hover:bg-blue-700 focus:ring-blue-600"         onclick="window.location.href='http://localhost:8000'"&gt;\n
        &lt;!--[if BLOCK]&gt;&lt;![endif]--&gt;&lt;!--[if ENDBLOCK]&gt;&lt;![endif]--&gt;\n
        Return to home\n
    &lt;/button&gt;\n
&lt;!--[if ENDBLOCK]&gt;&lt;![endif]--&gt;\n
                        &lt;/div&gt;\n
                    &lt;/div&gt;\n
                &lt;!--[if ENDBLOCK]&gt;&lt;![endif]--&gt;\n
\n
                \n
                &lt;!--[if BLOCK]&gt;&lt;![endif]--&gt;&lt;!--[if ENDBLOCK]&gt;&lt;![endif]--&gt;\n
            &lt;/form&gt;\n
    &lt;/div&gt;\n
\n
    &lt;!--[if BLOCK]&gt;&lt;![endif]--&gt;&lt;!--[if ENDBLOCK]&gt;&lt;![endif]--&gt;\n
&lt;/div&gt;\n
\n
        \n
        &lt;div aria-live="polite" aria-atomic="true" class="sr-only" id="form-announcements"&gt;&lt;/div&gt;\n
    &lt;/div&gt;\n
&lt;/div&gt;\n
' [ASCII](length: 10794) contains "Your Ticket Has Been Submitted" [ASCII](length: 30).
&#13;
C:\XAMPP\htdocs\ictserve-031125\vendor\livewire\livewire\src\Features\SupportTesting\MakesAssertions.php:14
C:\XAMPP\htdocs\ictserve-031125\tests\Feature\Livewire\Helpdesk\SubmitTicketTest.php:273</failure>
        </testcase>
        <testcase name="it_uses_computed_properties_for_performance" file="C:\XAMPP\htdocs\ictserve-031125\tests\Feature\Livewire\Helpdesk\SubmitTicketTest.php" line="278" class="Tests\Feature\Livewire\Helpdesk\SubmitTicketTest" classname="Tests.Feature.Livewire.Helpdesk.SubmitTicketTest" assertions="2" time="3.399832"/>
        <testcase name="it_supports_bilingual_validation_messages_english" file="C:\XAMPP\htdocs\ictserve-031125\tests\Feature\Livewire\Helpdesk\SubmitTicketTest.php" line="288" class="Tests\Feature\Livewire\Helpdesk\SubmitTicketTest" classname="Tests.Feature.Livewire.Helpdesk.SubmitTicketTest" assertions="2" time="2.851271"/>
        <testcase name="it_supports_bilingual_validation_messages_malay" file="C:\XAMPP\htdocs\ictserve-031125\tests\Feature\Livewire\Helpdesk\SubmitTicketTest.php" line="300" class="Tests\Feature\Livewire\Helpdesk\SubmitTicketTest" classname="Tests.Feature.Livewire.Helpdesk.SubmitTicketTest" assertions="2" time="2.355758"/>
        <testcase name="it_submits_ticket_as_authenticated_user" file="C:\XAMPP\htdocs\ictserve-031125\tests\Feature\Livewire\Helpdesk\SubmitTicketTest.php" line="312" class="Tests\Feature\Livewire\Helpdesk\SubmitTicketTest" classname="Tests.Feature.Livewire.Helpdesk.SubmitTicketTest" assertions="5" time="2.481583"/>
        <testcase name="it_uses_hybrid_service_for_guest_submission" file="C:\XAMPP\htdocs\ictserve-031125\tests\Feature\Livewire\Helpdesk\SubmitTicketTest.php" line="351" class="Tests\Feature\Livewire\Helpdesk\SubmitTicketTest" classname="Tests.Feature.Livewire.Helpdesk.SubmitTicketTest" assertions="3" time="2.599312"/>
      </testsuite>
      <testsuite name="Tests\Feature\LoanApprovalQueueTest" file="C:\XAMPP\htdocs\ictserve-031125\tests\Feature\LoanApprovalQueueTest.php" tests="3" assertions="13" errors="0" failures="0" skipped="0" time="11.324309">
        <testcase name="test_approver_sees_pending_applications" file="C:\XAMPP\htdocs\ictserve-031125\tests\Feature\LoanApprovalQueueTest.php" line="20" class="Tests\Feature\LoanApprovalQueueTest" classname="Tests.Feature.LoanApprovalQueueTest" assertions="2" time="4.198704"/>
        <testcase name="test_approver_can_approve_application" file="C:\XAMPP\htdocs\ictserve-031125\tests\Feature\LoanApprovalQueueTest.php" line="42" class="Tests\Feature\LoanApprovalQueueTest" classname="Tests.Feature.LoanApprovalQueueTest" assertions="5" time="3.370105"/>
        <testcase name="test_approver_can_decline_application" file="C:\XAMPP\htdocs\ictserve-031125\tests\Feature\LoanApprovalQueueTest.php" line="72" class="Tests\Feature\LoanApprovalQueueTest" classname="Tests.Feature.LoanApprovalQueueTest" assertions="6" time="3.755500"/>
      </testsuite>
      <testsuite name="Tests\Feature\LoanModuleIntegrationTest" file="C:\XAMPP\htdocs\ictserve-031125\tests\Feature\LoanModuleIntegrationTest.php" tests="8" assertions="38" errors="1" failures="2" skipped="0" time="15.123261">
        <testcase name="test_complete_guest_loan_workflow" file="C:\XAMPP\htdocs\ictserve-031125\tests\Feature\LoanModuleIntegrationTest.php" line="83" class="Tests\Feature\LoanModuleIntegrationTest" classname="Tests.Feature.LoanModuleIntegrationTest" assertions="12" time="1.930695"/>
        <testcase name="test_complete_authenticated_loan_workflow" file="C:\XAMPP\htdocs\ictserve-031125\tests\Feature\LoanModuleIntegrationTest.php" line="186" class="Tests\Feature\LoanModuleIntegrationTest" classname="Tests.Feature.LoanModuleIntegrationTest" assertions="5" time="1.515870"/>
        <testcase name="test_cross_module_integration_with_helpdesk" file="C:\XAMPP\htdocs\ictserve-031125\tests\Feature\LoanModuleIntegrationTest.php" line="226" class="Tests\Feature\LoanModuleIntegrationTest" classname="Tests.Feature.LoanModuleIntegrationTest" assertions="2" time="1.698247">
          <failure type="PHPUnit\Framework\ExpectationFailedException">Tests\Feature\LoanModuleIntegrationTest::test_cross_module_integration_with_helpdesk&#13;
Failed asserting that a row in the table [cross_module_integrations] matches the attributes {
    "helpdesk_ticket_id": 1,
    "loan_application_id": 1,
    "integration_type": "asset_damage_report"
}.

The table is empty.
&#13;
C:\XAMPP\htdocs\ictserve-031125\vendor\laravel\framework\src\Illuminate\Foundation\Testing\Concerns\InteractsWithDatabase.php:43
C:\XAMPP\htdocs\ictserve-031125\tests\Feature\LoanModuleIntegrationTest.php:279</failure>
        </testcase>
        <testcase name="test_email_approval_workflow_end_to_end" file="C:\XAMPP\htdocs\ictserve-031125\tests\Feature\LoanModuleIntegrationTest.php" line="313" class="Tests\Feature\LoanModuleIntegrationTest" classname="Tests.Feature.LoanModuleIntegrationTest" assertions="4" time="1.549166">
          <error type="Symfony\Component\Routing\Exception\RouteNotFoundException">Tests\Feature\LoanModuleIntegrationTest::test_email_approval_workflow_end_to_end&#13;
Symfony\Component\Routing\Exception\RouteNotFoundException: Route [loan.approve] not defined.
&#13;
C:\XAMPP\htdocs\ictserve-031125\vendor\laravel\framework\src\Illuminate\Routing\UrlGenerator.php:526
C:\XAMPP\htdocs\ictserve-031125\vendor\laravel\framework\src\Illuminate\Foundation\helpers.php:871
C:\XAMPP\htdocs\ictserve-031125\tests\Feature\LoanModuleIntegrationTest.php:336</error>
        </testcase>
        <testcase name="test_performance_under_load" file="C:\XAMPP\htdocs\ictserve-031125\tests\Feature\LoanModuleIntegrationTest.php" line="394" class="Tests\Feature\LoanModuleIntegrationTest" classname="Tests.Feature.LoanModuleIntegrationTest" assertions="5" time="1.612445"/>
        <testcase name="test_rbac_enforcement_across_workflows" file="C:\XAMPP\htdocs\ictserve-031125\tests\Feature\LoanModuleIntegrationTest.php" line="442" class="Tests\Feature\LoanModuleIntegrationTest" classname="Tests.Feature.LoanModuleIntegrationTest" assertions="1" time="2.342807">
          <failure type="PHPUnit\Framework\ExpectationFailedException">Tests\Feature\LoanModuleIntegrationTest::test_rbac_enforcement_across_workflows&#13;
Failed asserting that false is true.
&#13;
C:\XAMPP\htdocs\ictserve-031125\tests\Feature\LoanModuleIntegrationTest.php:452</failure>
        </testcase>
        <testcase name="test_audit_trail_compliance" file="C:\XAMPP\htdocs\ictserve-031125\tests\Feature\LoanModuleIntegrationTest.php" line="479" class="Tests\Feature\LoanModuleIntegrationTest" classname="Tests.Feature.LoanModuleIntegrationTest" assertions="5" time="2.108768"/>
        <testcase name="test_data_consistency_across_modules" file="C:\XAMPP\htdocs\ictserve-031125\tests\Feature\LoanModuleIntegrationTest.php" line="521" class="Tests\Feature\LoanModuleIntegrationTest" classname="Tests.Feature.LoanModuleIntegrationTest" assertions="4" time="2.365262"/>
      </testsuite>
      <testsuite name="Tests\Feature\PerformanceIntegrationTest" file="C:\XAMPP\htdocs\ictserve-031125\tests\Feature\PerformanceIntegrationTest.php" tests="11" assertions="76" errors="3" failures="1" skipped="0" time="46.272574">
        <testcase name="test_guest_loan_application_core_web_vitals" file="C:\XAMPP\htdocs\ictserve-031125\tests\Feature\PerformanceIntegrationTest.php" line="77" class="Tests\Feature\PerformanceIntegrationTest" classname="Tests.Feature.PerformanceIntegrationTest" assertions="1" time="5.537479">
          <error type="Livewire\Exceptions\PublicPropertyNotFoundException">Tests\Feature\PerformanceIntegrationTest::test_guest_loan_application_core_web_vitals&#13;
Livewire\Exceptions\PublicPropertyNotFoundException: Unable to set component data. Public property [$applicant_name] not found on component: [guest-loan-application]
&#13;
C:\XAMPP\htdocs\ictserve-031125\vendor\livewire\livewire\src\Mechanisms\HandleComponents\HandleComponents.php:336
C:\XAMPP\htdocs\ictserve-031125\vendor\livewire\livewire\src\Mechanisms\HandleComponents\HandleComponents.php:318
C:\XAMPP\htdocs\ictserve-031125\vendor\livewire\livewire\src\Mechanisms\HandleComponents\HandleComponents.php:98
C:\XAMPP\htdocs\ictserve-031125\vendor\livewire\livewire\src\LivewireManager.php:102
C:\XAMPP\htdocs\ictserve-031125\vendor\livewire\volt\src\LivewireManager.php:35
C:\XAMPP\htdocs\ictserve-031125\vendor\livewire\livewire\src\Mechanisms\HandleRequests\HandleRequests.php:94
C:\XAMPP\htdocs\ictserve-031125\vendor\laravel\framework\src\Illuminate\Routing\ControllerDispatcher.php:46
C:\XAMPP\htdocs\ictserve-031125\vendor\laravel\framework\src\Illuminate\Routing\Route.php:265
C:\XAMPP\htdocs\ictserve-031125\vendor\laravel\framework\src\Illuminate\Routing\Route.php:211
C:\XAMPP\htdocs\ictserve-031125\vendor\laravel\framework\src\Illuminate\Routing\Router.php:822
C:\XAMPP\htdocs\ictserve-031125\vendor\laravel\framework\src\Illuminate\Pipeline\Pipeline.php:180
C:\XAMPP\htdocs\ictserve-031125\vendor\laravel\framework\src\Illuminate\Pipeline\Pipeline.php:137
C:\XAMPP\htdocs\ictserve-031125\vendor\laravel\framework\src\Illuminate\Routing\Router.php:821
C:\XAMPP\htdocs\ictserve-031125\vendor\laravel\framework\src\Illuminate\Routing\Router.php:800
C:\XAMPP\htdocs\ictserve-031125\vendor\laravel\framework\src\Illuminate\Routing\Router.php:764
C:\XAMPP\htdocs\ictserve-031125\vendor\laravel\framework\src\Illuminate\Routing\Router.php:753
C:\XAMPP\htdocs\ictserve-031125\vendor\laravel\framework\src\Illuminate\Foundation\Http\Kernel.php:200
C:\XAMPP\htdocs\ictserve-031125\vendor\laravel\framework\src\Illuminate\Pipeline\Pipeline.php:180
C:\XAMPP\htdocs\ictserve-031125\vendor\laravel\framework\src\Illuminate\Pipeline\Pipeline.php:137
C:\XAMPP\htdocs\ictserve-031125\vendor\laravel\framework\src\Illuminate\Foundation\Http\Kernel.php:175
C:\XAMPP\htdocs\ictserve-031125\vendor\laravel\framework\src\Illuminate\Foundation\Http\Kernel.php:144
C:\XAMPP\htdocs\ictserve-031125\vendor\laravel\framework\src\Illuminate\Foundation\Testing\Concerns\MakesHttpRequests.php:607
C:\XAMPP\htdocs\ictserve-031125\vendor\livewire\livewire\src\Features\SupportTesting\SubsequentRender.php:36
C:\XAMPP\htdocs\ictserve-031125\vendor\livewire\livewire\src\Features\SupportTesting\RequestBroker.php:30
C:\XAMPP\htdocs\ictserve-031125\vendor\livewire\livewire\src\Features\SupportTesting\SubsequentRender.php:35
C:\XAMPP\htdocs\ictserve-031125\vendor\livewire\livewire\src\Features\SupportTesting\Render.php:24
C:\XAMPP\htdocs\ictserve-031125\vendor\livewire\livewire\src\Features\SupportTesting\SubsequentRender.php:34
C:\XAMPP\htdocs\ictserve-031125\vendor\livewire\livewire\src\Features\SupportTesting\SubsequentRender.php:16
C:\XAMPP\htdocs\ictserve-031125\vendor\livewire\livewire\src\Features\SupportTesting\Testable.php:252
C:\XAMPP\htdocs\ictserve-031125\vendor\livewire\livewire\src\Features\SupportTesting\Testable.php:191
C:\XAMPP\htdocs\ictserve-031125\vendor\livewire\livewire\src\Features\SupportTesting\Testable.php:170
C:\XAMPP\htdocs\ictserve-031125\tests\Feature\PerformanceIntegrationTest.php:92</error>
        </testcase>
        <testcase name="test_authenticated_dashboard_performance" file="C:\XAMPP\htdocs\ictserve-031125\tests\Feature\PerformanceIntegrationTest.php" line="118" class="Tests\Feature\PerformanceIntegrationTest" classname="Tests.Feature.PerformanceIntegrationTest" assertions="1" time="5.380085">
          <error type="Livewire\Exceptions\MethodNotFoundException">Tests\Feature\PerformanceIntegrationTest::test_authenticated_dashboard_performance&#13;
Livewire\Exceptions\MethodNotFoundException: Unable to call component method. Public method [nextPage] not found on component
&#13;
C:\XAMPP\htdocs\ictserve-031125\vendor\livewire\livewire\src\Mechanisms\HandleComponents\HandleComponents.php:488
C:\XAMPP\htdocs\ictserve-031125\vendor\livewire\livewire\src\Mechanisms\HandleComponents\HandleComponents.php:101
C:\XAMPP\htdocs\ictserve-031125\vendor\livewire\livewire\src\LivewireManager.php:102
C:\XAMPP\htdocs\ictserve-031125\vendor\livewire\volt\src\LivewireManager.php:35
C:\XAMPP\htdocs\ictserve-031125\vendor\livewire\livewire\src\Mechanisms\HandleRequests\HandleRequests.php:94
C:\XAMPP\htdocs\ictserve-031125\vendor\laravel\framework\src\Illuminate\Routing\ControllerDispatcher.php:46
C:\XAMPP\htdocs\ictserve-031125\vendor\laravel\framework\src\Illuminate\Routing\Route.php:265
C:\XAMPP\htdocs\ictserve-031125\vendor\laravel\framework\src\Illuminate\Routing\Route.php:211
C:\XAMPP\htdocs\ictserve-031125\vendor\laravel\framework\src\Illuminate\Routing\Router.php:822
C:\XAMPP\htdocs\ictserve-031125\vendor\laravel\framework\src\Illuminate\Pipeline\Pipeline.php:180
C:\XAMPP\htdocs\ictserve-031125\vendor\laravel\framework\src\Illuminate\Pipeline\Pipeline.php:137
C:\XAMPP\htdocs\ictserve-031125\vendor\laravel\framework\src\Illuminate\Routing\Router.php:821
C:\XAMPP\htdocs\ictserve-031125\vendor\laravel\framework\src\Illuminate\Routing\Router.php:800
C:\XAMPP\htdocs\ictserve-031125\vendor\laravel\framework\src\Illuminate\Routing\Router.php:764
C:\XAMPP\htdocs\ictserve-031125\vendor\laravel\framework\src\Illuminate\Routing\Router.php:753
C:\XAMPP\htdocs\ictserve-031125\vendor\laravel\framework\src\Illuminate\Foundation\Http\Kernel.php:200
C:\XAMPP\htdocs\ictserve-031125\vendor\laravel\framework\src\Illuminate\Pipeline\Pipeline.php:180
C:\XAMPP\htdocs\ictserve-031125\vendor\laravel\framework\src\Illuminate\Pipeline\Pipeline.php:137
C:\XAMPP\htdocs\ictserve-031125\vendor\laravel\framework\src\Illuminate\Foundation\Http\Kernel.php:175
C:\XAMPP\htdocs\ictserve-031125\vendor\laravel\framework\src\Illuminate\Foundation\Http\Kernel.php:144
C:\XAMPP\htdocs\ictserve-031125\vendor\laravel\framework\src\Illuminate\Foundation\Testing\Concerns\MakesHttpRequests.php:607
C:\XAMPP\htdocs\ictserve-031125\vendor\livewire\livewire\src\Features\SupportTesting\SubsequentRender.php:36
C:\XAMPP\htdocs\ictserve-031125\vendor\livewire\livewire\src\Features\SupportTesting\RequestBroker.php:30
C:\XAMPP\htdocs\ictserve-031125\vendor\livewire\livewire\src\Features\SupportTesting\SubsequentRender.php:35
C:\XAMPP\htdocs\ictserve-031125\vendor\livewire\livewire\src\Features\SupportTesting\Render.php:24
C:\XAMPP\htdocs\ictserve-031125\vendor\livewire\livewire\src\Features\SupportTesting\SubsequentRender.php:34
C:\XAMPP\htdocs\ictserve-031125\vendor\livewire\livewire\src\Features\SupportTesting\SubsequentRender.php:16
C:\XAMPP\htdocs\ictserve-031125\vendor\livewire\livewire\src\Features\SupportTesting\Testable.php:252
C:\XAMPP\htdocs\ictserve-031125\vendor\livewire\livewire\src\Features\SupportTesting\Testable.php:219
C:\XAMPP\htdocs\ictserve-031125\tests\Feature\PerformanceIntegrationTest.php:140</error>
        </testcase>
        <testcase name="test_database_query_performance" file="C:\XAMPP\htdocs\ictserve-031125\tests\Feature\PerformanceIntegrationTest.php" line="153" class="Tests\Feature\PerformanceIntegrationTest" classname="Tests.Feature.PerformanceIntegrationTest" assertions="4" time="4.577134"/>
        <testcase name="test_concurrent_user_simulation" file="C:\XAMPP\htdocs\ictserve-031125\tests\Feature\PerformanceIntegrationTest.php" line="198" class="Tests\Feature\PerformanceIntegrationTest" classname="Tests.Feature.PerformanceIntegrationTest" assertions="3" time="6.651109"/>
        <testcase name="test_caching_performance" file="C:\XAMPP\htdocs\ictserve-031125\tests\Feature\PerformanceIntegrationTest.php" line="236" class="Tests\Feature\PerformanceIntegrationTest" classname="Tests.Feature.PerformanceIntegrationTest" assertions="4" time="5.231992"/>
        <testcase name="test_asset_availability_performance" file="C:\XAMPP\htdocs\ictserve-031125\tests\Feature\PerformanceIntegrationTest.php" line="272" class="Tests\Feature\PerformanceIntegrationTest" classname="Tests.Feature.PerformanceIntegrationTest" assertions="3" time="3.193935"/>
        <testcase name="test_email_queue_performance" file="C:\XAMPP\htdocs\ictserve-031125\tests\Feature\PerformanceIntegrationTest.php" line="312" class="Tests\Feature\PerformanceIntegrationTest" classname="Tests.Feature.PerformanceIntegrationTest" assertions="52" time="3.357286"/>
        <testcase name="test_memory_usage_optimization" file="C:\XAMPP\htdocs\ictserve-031125\tests\Feature\PerformanceIntegrationTest.php" line="349" class="Tests\Feature\PerformanceIntegrationTest" classname="Tests.Feature.PerformanceIntegrationTest" assertions="0" time="3.501868">
          <error type="BadMethodCallException">Tests\Feature\PerformanceIntegrationTest::test_memory_usage_optimization&#13;
BadMethodCallException: Call to undefined method App\Models\LoanApplication::calculateTotalValue()
&#13;
C:\XAMPP\htdocs\ictserve-031125\vendor\laravel\framework\src\Illuminate\Support\Traits\ForwardsCalls.php:67
C:\XAMPP\htdocs\ictserve-031125\vendor\laravel\framework\src\Illuminate\Support\Traits\ForwardsCalls.php:36
C:\XAMPP\htdocs\ictserve-031125\vendor\laravel\framework\src\Illuminate\Database\Eloquent\Model.php:2540
C:\XAMPP\htdocs\ictserve-031125\tests\Feature\PerformanceIntegrationTest.php:360</error>
        </testcase>
        <testcase name="test_api_response_performance" file="C:\XAMPP\htdocs\ictserve-031125\tests\Feature\PerformanceIntegrationTest.php" line="386" class="Tests\Feature\PerformanceIntegrationTest" classname="Tests.Feature.PerformanceIntegrationTest" assertions="1" time="2.973383">
          <failure type="PHPUnit\Framework\ExpectationFailedException">Tests\Feature\PerformanceIntegrationTest::test_api_response_performance&#13;
Expected response status code [200] but received 404.
Failed asserting that 404 is identical to 200.
&#13;
C:\XAMPP\htdocs\ictserve-031125\vendor\laravel\framework\src\Illuminate\Testing\TestResponseAssert.php:45
C:\XAMPP\htdocs\ictserve-031125\vendor\laravel\framework\src\Illuminate\Testing\TestResponse.php:174
C:\XAMPP\htdocs\ictserve-031125\vendor\laravel\framework\src\Illuminate\Testing\Concerns\AssertsStatusCodes.php:16
C:\XAMPP\htdocs\ictserve-031125\tests\Feature\PerformanceIntegrationTest.php:398</failure>
        </testcase>
        <testcase name="test_cross_module_integration_performance" file="C:\XAMPP\htdocs\ictserve-031125\tests\Feature\PerformanceIntegrationTest.php" line="421" class="Tests\Feature\PerformanceIntegrationTest" classname="Tests.Feature.PerformanceIntegrationTest" assertions="3" time="2.903171"/>
        <testcase name="test_performance_regression_detection" file="C:\XAMPP\htdocs\ictserve-031125\tests\Feature\PerformanceIntegrationTest.php" line="470" class="Tests\Feature\PerformanceIntegrationTest" classname="Tests.Feature.PerformanceIntegrationTest" assertions="4" time="2.965131"/>
      </testsuite>
      <testsuite name="Tests\Feature\Performance\FrontendAssetPerformanceTest" file="C:\XAMPP\htdocs\ictserve-031125\tests\Feature\Performance\FrontendAssetPerformanceTest.php" tests="17" assertions="31" errors="1" failures="6" skipped="2" time="30.073771">
        <testcase name="test_vite_manifest_exists_and_valid" file="C:\XAMPP\htdocs\ictserve-031125\tests\Feature\Performance\FrontendAssetPerformanceTest.php" line="31" class="Tests\Feature\Performance\FrontendAssetPerformanceTest" classname="Tests.Feature.Performance.FrontendAssetPerformanceTest" assertions="5" time="1.297063"/>
        <testcase name="test_compiled_assets_exist" file="C:\XAMPP\htdocs\ictserve-031125\tests\Feature\Performance\FrontendAssetPerformanceTest.php" line="52" class="Tests\Feature\Performance\FrontendAssetPerformanceTest" classname="Tests.Feature.Performance.FrontendAssetPerformanceTest" assertions="3" time="1.192761"/>
        <testcase name="test_css_file_size_optimization" file="C:\XAMPP\htdocs\ictserve-031125\tests\Feature\Performance\FrontendAssetPerformanceTest.php" line="76" class="Tests\Feature\Performance\FrontendAssetPerformanceTest" classname="Tests.Feature.Performance.FrontendAssetPerformanceTest" assertions="3" time="1.193277"/>
        <testcase name="test_javascript_file_size_optimization" file="C:\XAMPP\htdocs\ictserve-031125\tests\Feature\Performance\FrontendAssetPerformanceTest.php" line="104" class="Tests\Feature\Performance\FrontendAssetPerformanceTest" classname="Tests.Feature.Performance.FrontendAssetPerformanceTest" assertions="3" time="1.202598"/>
        <testcase name="test_assets_have_cache_busting_hashes" file="C:\XAMPP\htdocs\ictserve-031125\tests\Feature\Performance\FrontendAssetPerformanceTest.php" line="131" class="Tests\Feature\Performance\FrontendAssetPerformanceTest" classname="Tests.Feature.Performance.FrontendAssetPerformanceTest" assertions="2" time="1.244563"/>
        <testcase name="test_critical_css_optimization" file="C:\XAMPP\htdocs\ictserve-031125\tests\Feature\Performance\FrontendAssetPerformanceTest.php" line="154" class="Tests\Feature\Performance\FrontendAssetPerformanceTest" classname="Tests.Feature.Performance.FrontendAssetPerformanceTest" assertions="1" time="1.582669">
          <skipped/>
        </testcase>
        <testcase name="test_homepage_asset_loading_performance" file="C:\XAMPP\htdocs\ictserve-031125\tests\Feature\Performance\FrontendAssetPerformanceTest.php" line="180" class="Tests\Feature\Performance\FrontendAssetPerformanceTest" classname="Tests.Feature.Performance.FrontendAssetPerformanceTest" assertions="3" time="1.481545">
          <failure type="PHPUnit\Framework\ExpectationFailedException">Tests\Feature\Performance\FrontendAssetPerformanceTest::test_homepage_asset_loading_performance&#13;
No Vite build assets referenced
Failed asserting that '&lt;!DOCTYPE html&gt;\n
&lt;html lang="en"&gt;\n
    &lt;head&gt;\n
        &lt;meta charset="utf-8"&gt;\n
        &lt;meta name="viewport" content="width=device-width, initial-scale=1"&gt;\n
        &lt;meta name="csrf-token" content="X5LbnNQAsajoKEAHk578Y79FdPK7xJHVWGxkoQtE"&gt;\n
\n
        &lt;title&gt;ICTServe&lt;/title&gt;\n
\n
        &lt;link rel="preconnect" href="https://fonts.bunny.net"&gt;\n
        &lt;link href="https://fonts.bunny.net/css?family=figtree:400,500,600&amp;display=swap" rel="stylesheet" /&gt;\n
\n
        &lt;script type="module" src="http://[::1]:5173/@vite/client" data-navigate-track="reload"&gt;&lt;/script&gt;&lt;link rel="stylesheet" href="http://[::1]:5173/resources/css/app.css" data-navigate-track="reload" /&gt;&lt;script type="module" src="http://[::1]:5173/resources/js/app.js" data-navigate-track="reload"&gt;&lt;/script&gt;    &lt;/head&gt;\n
    &lt;body class="font-sans antialiased text-gray-900 bg-slate-50"&gt;\n
        &lt;div class="min-h-screen flex flex-col"&gt;\n
            &lt;nav aria-label="Skip Links" class="sr-only focus-within:not-sr-only"&gt;\n
    &lt;ul class="fixed top-0 left-0 z-50 bg-motac-blue text-white p-4 rounded-br-lg shadow-lg"&gt;\n
        &lt;li class="mb-2"&gt;\n
            &lt;a href="#main-content"\n
                class="block px-4 py-2 bg-white text-motac-blue rounded-md hover:bg-gray-100 focus:outline-none focus:ring-4 focus:ring-white focus:ring-offset-2 focus:ring-offset-motac-blue min-h-[44px] flex items-center font-medium"\n
                accesskey="m"&gt;\n
                Skip to Main Content &lt;span class="ml-2 text-sm"&gt;(Alt+M)&lt;/span&gt;\n
            &lt;/a&gt;\n
        &lt;/li&gt;\n
        &lt;li class="mb-2"&gt;\n
            &lt;a href="#sidebar-navigation"\n
                class="block px-4 py-2 bg-white text-motac-blue rounded-md hover:bg-gray-100 focus:outline-none focus:ring-4 focus:ring-white focus:ring-offset-2 focus:ring-offset-motac-blue min-h-[44px] flex items-center font-medium"\n
                accesskey="s"&gt;\n
                Skip to Sidebar Navigation &lt;span class="ml-2 text-sm"&gt;(Alt+S)&lt;/span&gt;\n
            &lt;/a&gt;\n
        &lt;/li&gt;\n
        &lt;li&gt;\n
            &lt;a href="#user-menu"\n
                class="block px-4 py-2 bg-white text-motac-blue rounded-md hover:bg-gray-100 focus:outline-none focus:ring-4 focus:ring-white focus:ring-offset-2 focus:ring-offset-motac-blue min-h-[44px] flex items-center font-medium"\n
                accesskey="u"&gt;\n
                Skip to User Menu &lt;span class="ml-2 text-sm"&gt;(Alt+U)&lt;/span&gt;\n
            &lt;/a&gt;\n
        &lt;/li&gt;\n
    &lt;/ul&gt;\n
&lt;/nav&gt;\n
            &lt;header class="bg-white shadow-md" role="banner"&gt;\n
    &lt;div class="max-w-7xl mx-auto px-4 sm:px-6 lg:px-8"&gt;\n
        &lt;div class="flex justify-between items-center h-16"&gt;\n
            \n
            &lt;div class="flex items-center"&gt;\n
                &lt;a href="http://localhost:8000"\n
                    class="flex items-center focus:outline-none focus:ring-2 focus:ring-blue-600 focus:ring-offset-2 rounded-md p-2"\n
                    aria-label="Home"&gt;\n
                    &lt;svg viewBox="0 0 316 316" xmlns="http://www.w3.org/2000/svg" class="h-10 w-auto"&gt;\n
    &lt;path d="M305.8 81.125C305.77 80.995 305.69 80.885 305.65 80.755C305.56 80.525 305.49 80.285 305.37 80.075C305.29 79.935 305.17 79.815 305.07 79.685C304.94 79.515 304.83 79.325 304.68 79.175C304.55 79.045 304.39 78.955 304.25 78.845C304.09 78.715 303.95 78.575 303.77 78.475L251.32 48.275C249.97 47.495 248.31 47.495 246.96 48.275L194.51 78.475C194.33 78.575 194.19 78.725 194.03 78.845C193.89 78.955 193.73 79.045 193.6 79.175C193.45 79.325 193.34 79.515 193.21 79.685C193.11 79.815 192.99 79.935 192.91 80.075C192.79 80.285 192.71 80.525 192.63 80.755C192.58 80.875 192.51 80.995 192.48 81.125C192.38 81.495 192.33 81.875 192.33 82.265V139.625L148.62 164.795V52.575C148.62 52.185 148.57 51.805 148.47 51.435C148.44 51.305 148.36 51.195 148.32 51.065C148.23 50.835 148.16 50.595 148.04 50.385C147.96 50.245 147.84 50.125 147.74 49.995C147.61 49.825 147.5 49.635 147.35 49.485C147.22 49.355 147.06 49.265 146.92 49.155C146.76 49.025 146.62 48.885 146.44 48.785L93.99 18.585C92.64 17.805 90.98 17.805 89.63 18.585L37.18 48.785C37 48.885 36.86 49.035 36.7 49.155C36.56 49.265 36.4 49.355 36.27 49.485C36.12 49.635 36.01 49.825 35.88 49.995C35.78 50.125 35.66 50.245 35.58 50.385C35.46 50.595 35.38 50.835 35.3 51.065C35.25 51.185 35.18 51.305 35.15 51.435C35.05 51.805 35 52.185 35 52.575V232.235C35 233.795 35.84 235.245 37.19 236.025L142.1 296.425C142.33 296.555 142.58 296.635 142.82 296.725C142.93 296.765 143.04 296.835 143.16 296.865C143.53 296.965 143.9 297.015 144.28 297.015C144.66 297.015 145.03 296.965 145.4 296.865C145.5 296.835 145.59 296.775 145.69 296.745C145.95 296.655 146.21 296.565 146.45 296.435L251.36 236.035C252.72 235.255 253.55 233.815 253.55 232.245V174.885L303.81 145.945C305.17 145.165 306 143.725 306 142.155V82.265C305.95 81.875 305.89 81.495 305.8 81.125ZM144.2 227.205L100.57 202.515L146.39 176.135L196.66 147.195L240.33 172.335L208.29 190.625L144.2 227.205ZM244.75 114.995V164.795L226.39 154.225L201.03 139.625V89.825L219.39 100.395L244.75 114.995ZM249.12 57.105L292.81 82.265L249.12 107.425L205.43 82.265L249.12 57.105ZM114.49 184.425L96.13 194.995V85.305L121.49 70.705L139.85 60.135V169.815L114.49 184.425ZM91.76 27.425L135.45 52.585L91.76 77.745L48.07 52.585L91.76 27.425ZM43.67 60.135L62.03 70.705L87.39 85.305V202.545V202.555V202.565C87.39 202.735 87.44 202.895 87.46 203.055C87.49 203.265 87.49 203.485 87.55 203.695V203.705C87.6 203.875 87.69 204.035 87.76 204.195C87.84 204.375 87.89 204.575 87.99 204.745C87.99 204.745 87.99 204.755 88 204.755C88.09 204.905 88.22 205.035 88.33 205.175C88.45 205.335 88.55 205.495 88.69 205.635L88.7 205.645C88.82 205.765 88.98 205.855 89.12 205.965C89.28 206.085 89.42 206.225 89.59 206.325C89.6 206.325 89.6 206.325 89.61 206.335C89.62 206.335 89.62 206.345 89.63 206.345L139.87 234.775V285.065L43.67 229.705V60.135ZM244.75 229.705L148.58 285.075V234.775L219.8 194.115L244.75 179.875V229.705ZM297.2 139.625L253.49 164.795V114.995L278.85 100.395L297.21 89.825V139.625H297.2Z"/&gt;\n
&lt;/svg&gt;\n
                    &lt;span class="ml-3 text-xl font-bold text-gray-900"&gt;ICTServe&lt;/span&gt;\n
                &lt;/a&gt;\n
            &lt;/div&gt;\n
\n
            \n
            &lt;nav class="hidden md:flex space-x-8" role="navigation" aria-label="Main navigation"&gt;\n
                &lt;a href="http://localhost:8000"\n
                    class="inline-flex items-center px-3 py-2 text-sm font-medium text-gray-700 hover:text-blue-600 focus:outline-none focus:ring-2 focus:ring-blue-600 focus:ring-offset-2 rounded-md transition-colors duration-200"\n
                    aria-current="page"&gt;\n
                    Home\n
                &lt;/a&gt;\n
\n
                                    &lt;a href="http://localhost:8000/helpdesk/submit"\n
                        class="inline-flex items-center px-3 py-2 text-sm font-medium text-gray-700 hover:text-blue-600 focus:outline-none focus:ring-2 focus:ring-blue-600 focus:ring-offset-2 rounded-md transition-colors duration-200"\n
                        aria-current="false"&gt;\n
                        Helpdesk\n
                    &lt;/a&gt;\n
                \n
                                    &lt;a href="http://localhost:8000/loan/create"\n
                        class="inline-flex items-center px-3 py-2 text-sm font-medium text-gray-700 hover:text-blue-600 focus:outline-none focus:ring-2 focus:ring-blue-600 focus:ring-offset-2 rounded-md transition-colors duration-200"\n
                        aria-current="false"&gt;\n
                        Asset Loan\n
                    &lt;/a&gt;\n
                            &lt;/nav&gt;\n
\n
            \n
            &lt;div class="flex items-center space-x-3"&gt;\n
                \n
                &lt;div class="relative" x-data="{ open: false }" @click.outside="open = false" @keydown.escape.window="open = false"&gt;\n
    \n
    &lt;button type="button" @click="open = !open"\n
        class="inline-flex items-center justify-center min-h-[44px] min-w-[44px] px-4 py-2 text-sm font-medium text-gray-700 bg-white border border-gray-300 rounded-md hover:bg-gray-50 focus:outline-none focus:ring-2 focus:ring-blue-600 focus:ring-offset-2 transition-colors duration-150"\n
        aria-haspopup="menu"\n
        :aria-expanded="open.toString()"\n
        aria-controls="language-menu"\n
        aria-label="Language switcher"&gt;\n
        \n
        &lt;svg class="w-5 h-5 mr-2" fill="none" stroke="currentColor" viewBox="0 0 24 24" aria-hidden="true"&gt;\n
            &lt;path stroke-linecap="round" stroke-linejoin="round" stroke-width="2"\n
                d="M3 5h12M9 3v2m1 14h9m-9 0a7 7 0 110-14 7 7 0 010 14zm0 0c1.657 0 3-3.134 3-7s-1.343-7-3-7-3 3.134-3 7 1.343 7 3 7z" /&gt;\n
        &lt;/svg&gt;\n
\n
        \n
        &lt;span class="hidden sm:inline"&gt;\n
            English\n
        &lt;/span&gt;\n
\n
        \n
        &lt;span class="inline sm:hidden font-semibold"&gt;\n
            EN\n
        &lt;/span&gt;\n
\n
        \n
        &lt;svg class="w-4 h-4 ml-2 transition-transform duration-150" :class="{ 'rotate-180': open }" fill="none"\n
            stroke="currentColor" viewBox="0 0 24 24" aria-hidden="true"&gt;\n
            &lt;path stroke-linecap="round" stroke-linejoin="round" stroke-width="2" d="M19 9l-7 7-7-7" /&gt;\n
        &lt;/svg&gt;\n
    &lt;/button&gt;\n
\n
    \n
    &lt;div x-show="open" x-transition:enter="transition ease-out duration-100"\n
        x-transition:enter-start="transform opacity-0 scale-95"\n
        x-transition:enter-end="transform opacity-100 scale-100"\n
        x-transition:leave="transition ease-in duration-75"\n
        x-transition:leave-start="transform opacity-100 scale-100"\n
        x-transition:leave-end="transform opacity-0 scale-95"\n
        class="absolute right-0 z-50 mt-2 w-56 origin-top-right rounded-md bg-white shadow-lg ring-1 ring-black ring-opacity-5 focus:outline-none"\n
        role="menu" id="language-menu" aria-orientation="vertical" tabindex="-1"\n
        style="display: none;"&gt;\n
        &lt;div class="py-1" role="none"&gt;\n
                            &lt;a href="http://localhost:8000/change-locale/en"\n
                    class="group flex items-center min-h-[44px] px-4 py-2 text-sm text-gray-700 hover:bg-gray-100 hover:text-gray-900 focus:bg-gray-100 focus:text-gray-900 focus:outline-none focus:ring-2 focus:ring-inset focus:ring-blue-600 transition-colors duration-150 bg-blue-600 text-white hover:bg-blue-600 hover:text-white"\n
                    role="menuitem" tabindex="-1" lang="en" @click="open = false"\n
                     aria-current="page" &gt;\n
                    &lt;span class="mr-3 font-semibold" aria-hidden="true"&gt;EN&lt;/span&gt;\n
                    &lt;span class="flex-1"&gt;English&lt;/span&gt;\n
\n
                                            &lt;svg class="w-5 h-5 ml-2" fill="currentColor" viewBox="0 0 20 20" aria-hidden="true"&gt;\n
                            &lt;path fill-rule="evenodd"\n
                                d="M16.707 5.293a1 1 0 010 1.414l-8 8a1 1 0 01-1.414 0l-4-4a1 1 0 011.414-1.414L8 12.586l7.293-7.293a1 1 0 011.414 0z"\n
                                clip-rule="evenodd" /&gt;\n
                        &lt;/svg&gt;\n
                                    &lt;/a&gt;\n
                            &lt;a href="http://localhost:8000/change-locale/ms"\n
                    class="group flex items-center min-h-[44px] px-4 py-2 text-sm text-gray-700 hover:bg-gray-100 hover:text-gray-900 focus:bg-gray-100 focus:text-gray-900 focus:outline-none focus:ring-2 focus:ring-inset focus:ring-blue-600 transition-colors duration-150"\n
                    role="menuitem" tabindex="-1" lang="ms" @click="open = false"\n
                    &gt;\n
                    &lt;span class="mr-3 font-semibold" aria-hidden="true"&gt;MS&lt;/span&gt;\n
                    &lt;span class="flex-1"&gt;Bahasa Melayu&lt;/span&gt;\n
\n
                                    &lt;/a&gt;\n
                    &lt;/div&gt;\n
    &lt;/div&gt;\n
&lt;/div&gt;\n
\n
                \n
                                                            &lt;!--[if BLOCK]&gt;&lt;![endif]--&gt;    &lt;a href="http://localhost:8000/admin/login" class="inline-flex items-center justify-center px-4 py-2 rounded-md font-medium text-sm transition-colors duration-200 focus:outline-none focus:ring-2 focus:ring-offset-2 min-h-[44px] disabled:opacity-50 disabled:cursor-not-allowed bg-transparent text-blue-600 hover:bg-blue-50 focus:ring-blue-600" &gt;\n
        Admin Login\n
    &lt;/a&gt;\n
&lt;!--[if ENDBLOCK]&gt;&lt;![endif]--&gt;\n
                    \n
                    &lt;!--[if BLOCK]&gt;&lt;![endif]--&gt;    &lt;a href="http://localhost:8000/login" class="inline-flex items-center justify-center px-4 py-2 rounded-md font-medium text-sm transition-colors duration-200 focus:outline-none focus:ring-2 focus:ring-offset-2 min-h-[44px] disabled:opacity-50 disabled:cursor-not-allowed bg-blue-600 text-white hover:bg-blue-700 focus:ring-blue-600" &gt;\n
        Staff Login\n
    &lt;/a&gt;\n
&lt;!--[if ENDBLOCK]&gt;&lt;![endif]--&gt;\n
                            &lt;/div&gt;\n
\n
            \n
            &lt;div class="md:hidden" x-data="{ open: false }"&gt;\n
                &lt;button type="button"\n
                    class="inline-flex items-center justify-center p-2 rounded-md text-gray-700 hover:text-blue-600 hover:bg-gray-100 focus:outline-none focus:ring-2 focus:ring-blue-600 focus:ring-offset-2 min-h-[44px] min-w-[44px]"\n
                    @click="open = !open" :aria-expanded="open.toString()" aria-controls="mobile-menu"\n
                    aria-label="Toggle navigation menu"&gt;\n
                    &lt;svg class="h-6 w-6" fill="none" viewBox="0 0 24 24" stroke="currentColor" aria-hidden="true"&gt;\n
                        &lt;path stroke-linecap="round" stroke-linejoin="round" stroke-width="2"\n
                            d="M4 6h16M4 12h16M4 18h16" /&gt;\n
                    &lt;/svg&gt;\n
                &lt;/button&gt;\n
\n
                \n
                &lt;div class="md:hidden" id="mobile-menu" x-show="open" x-transition x-cloak&gt;\n
                    &lt;div class="px-2 pt-2 pb-3 space-y-1 sm:px-3" role="navigation"\n
                        aria-label="Mobile navigation"&gt;\n
                        &lt;a href="http://localhost:8000"\n
                            class="block px-3 py-2 rounded-md text-base font-medium text-gray-700 hover:text-blue-600 hover:bg-gray-50 focus:outline-none focus:ring-2 focus:ring-blue-600 min-h-[44px]"\n
                            aria-current="page"&gt;\n
                            Home\n
                        &lt;/a&gt;\n
\n
                                                    &lt;a href="http://localhost:8000/helpdesk/submit"\n
                                class="block px-3 py-2 rounded-md text-base font-medium text-gray-700 hover:text-blue-600 hover:bg-gray-50 focus:outline-none focus:ring-2 focus:ring-blue-600 min-h-[44px]"\n
                                aria-current="false"&gt;\n
                                Helpdesk\n
                            &lt;/a&gt;\n
                        \n
                                                    &lt;a href="http://localhost:8000/loan/create"\n
                                class="block px-3 py-2 rounded-md text-base font-medium text-gray-700 hover:text-blue-600 hover:bg-gray-50 focus:outline-none focus:ring-2 focus:ring-blue-600 min-h-[44px]"\n
                                aria-current="false"&gt;\n
                                Asset Loan\n
                            &lt;/a&gt;\n
                        \n
                                                                                    &lt;a href="http://localhost:8000/admin/login"\n
                                    class="block px-3 py-2 rounded-md text-base font-medium text-gray-700 hover:text-blue-600 hover:bg-gray-50 focus:outline-none focus:ring-2 focus:ring-blue-600 min-h-[44px]"&gt;\n
                                    Admin Login\n
                                &lt;/a&gt;\n
                            \n
                            &lt;a href="http://localhost:8000/login"\n
                                class="block px-3 py-2 rounded-md text-base font-medium text-gray-700 hover:text-blue-600 hover:bg-gray-50 focus:outline-none focus:ring-2 focus:ring-blue-600 min-h-[44px]"&gt;\n
                                Staff Login\n
                            &lt;/a&gt;\n
                                            &lt;/div&gt;\n
                &lt;/div&gt;\n
            &lt;/div&gt;\n
        &lt;/div&gt;\n
    &lt;/div&gt;\n
&lt;/header&gt;\n
\n
            &lt;main class="flex-1"&gt;\n
                                        &lt;section class="bg-gradient-to-r from-blue-600 to-blue-800 text-white py-20" role="banner"&gt;\n
        &lt;div class="max-w-7xl mx-auto px-4 sm:px-6 lg:px-8 text-center space-y-6"&gt;\n
            &lt;h1 class="text-4xl md:text-5xl font-bold"&gt;\n
                Welcome to ICTServe\n
            &lt;/h1&gt;\n
            &lt;p class="text-xl md:text-2xl text-blue-100"&gt;\n
                Your Gateway to IT Services\n
            &lt;/p&gt;\n
            &lt;p class="text-lg text-blue-50 max-w-3xl mx-auto"&gt;\n
                Streamlined helpdesk support and asset loan management system for MOTAC staff and departments. Submit tickets, request equipment loans, and track your requests all in one place.\n
            &lt;/p&gt;\n
            &lt;div class="flex flex-wrap justify-center gap-3"&gt;\n
                                    &lt;!--[if BLOCK]&gt;&lt;![endif]--&gt;    &lt;a href="http://localhost:8000/helpdesk/submit" class="inline-flex items-center justify-center px-4 py-2 rounded-md font-medium text-sm transition-colors duration-200 focus:outline-none focus:ring-2 focus:ring-offset-2 min-h-[44px] disabled:opacity-50 disabled:cursor-not-allowed bg-blue-600 text-white hover:bg-blue-700 focus:ring-blue-600" class="px-6 py-3 text-lg"&gt;\n
        Submit Ticket\n
    &lt;/a&gt;\n
&lt;!--[if ENDBLOCK]&gt;&lt;![endif]--&gt;\n
                                                    &lt;!--[if BLOCK]&gt;&lt;![endif]--&gt;    &lt;a href="http://localhost:8000/loan/apply" class="inline-flex items-center justify-center px-4 py-2 rounded-md font-medium text-sm transition-colors duration-200 focus:outline-none focus:ring-2 focus:ring-offset-2 min-h-[44px] disabled:opacity-50 disabled:cursor-not-allowed bg-transparent text-blue-600 hover:bg-blue-50 focus:ring-blue-600" class="px-6 py-3 text-lg text-blue-50 border border-white/50 hover:border-white"&gt;\n
        Explore Loan Options\n
    &lt;/a&gt;\n
&lt;!--[if ENDBLOCK]&gt;&lt;![endif]--&gt;\n
                            &lt;/div&gt;\n
        &lt;/div&gt;\n
    &lt;/section&gt;\n
\n
    &lt;section class="py-16"&gt;\n
        &lt;div class="max-w-7xl mx-auto px-4 sm:px-6 lg:px-8 space-y-12"&gt;\n
            &lt;div class="text-center space-y-4"&gt;\n
                &lt;h2 class="text-3xl font-bold text-slate-900"&gt;\n
                    Our Services\n
                &lt;/h2&gt;\n
                &lt;p class="text-lg text-slate-600 max-w-2xl mx-auto"&gt;\n
                    Choose from our comprehensive range of IT services designed to support your daily operations\n
                &lt;/p&gt;\n
            &lt;/div&gt;\n
\n
            &lt;div class="grid grid-cols-1 md:grid-cols-2 gap-8"&gt;\n
                &lt;article class="bg-white rounded-2xl shadow-lg border border-slate-200 overflow-hidden transition-transform duration-300 hover:-translate-y-1"&gt;\n
                    &lt;div class="h-1 bg-gradient-to-r from-blue-500 to-blue-600"&gt;&lt;/div&gt;\n
                    &lt;div class="p-8 space-y-6"&gt;\n
                        &lt;div class="flex items-center gap-4"&gt;\n
                            &lt;span class="inline-flex h-12 w-12 items-center justify-center rounded-full bg-blue-50 text-blue-600"&gt;\n
                                &lt;svg class="h-6 w-6" fill="none" viewBox="0 0 24 24" stroke="currentColor" aria-hidden="true"&gt;\n
                                    &lt;path stroke-linecap="round" stroke-linejoin="round" stroke-width="2"\n
                                        d="M18.364 5.636l-3.536 3.536m0 5.656l3.536 3.536M9.172 9.172L5.636 5.636m3.536 9.192l-3.536 3.536M21 12a9 9 0 11-18 0 9 9 0 0118 0zm-5 0a4 4 0 11-8 0 4 4 0 018 0z" /&gt;\n
                                &lt;/svg&gt;\n
                            &lt;/span&gt;\n
                            &lt;h3 class="text-2xl font-semibold text-slate-900"&gt;\n
                                IT Helpdesk\n
                            &lt;/h3&gt;\n
                        &lt;/div&gt;\n
                        &lt;p class="text-slate-600 leading-relaxed"&gt;\n
                            Get technical support for your IT issues. Our team is ready to assist you with hardware problems, software inquiries, network connectivity, and system access requests.\n
                        &lt;/p&gt;\n
                        &lt;ul class="space-y-3"&gt;\n
                            &lt;li class="flex items-start gap-3"&gt;\n
                                &lt;svg class="h-5 w-5 text-green-600 mt-0.5" viewBox="0 0 20 20" fill="currentColor" aria-hidden="true"&gt;\n
                                    &lt;path fill-rule="evenodd" d="M16.707 5.293a1 1 0 00-1.414 0L8 12.586 4.707 9.293a1 1 0 10-1.414 1.414l4 4a1 1 0 001.414 0l8-8a1 1 0 000-1.414z" clip-rule="evenodd" /&gt;\n
                                &lt;/svg&gt;\n
                                &lt;span class="text-slate-700"&gt;24/7 ticket submission&lt;/span&gt;\n
                            &lt;/li&gt;\n
                            &lt;li class="flex items-start gap-3"&gt;\n
                                &lt;svg class="h-5 w-5 text-green-600 mt-0.5" viewBox="0 0 20 20" fill="currentColor" aria-hidden="true"&gt;\n
                                    &lt;path fill-rule="evenodd" d="M16.707 5.293a1 1 0 00-1.414 0L8 12.586 4.707 9.293a1 1 0 10-1.414 1.414l4 4a1 1 0 001.414 0l8-8a1 1 0 000-1.414z" clip-rule="evenodd" /&gt;\n
                                &lt;/svg&gt;\n
                                &lt;span class="text-slate-700"&gt;Real-time status tracking&lt;/span&gt;\n
                            &lt;/li&gt;\n
                            &lt;li class="flex items-start gap-3"&gt;\n
                                &lt;svg class="h-5 w-5 text-green-600 mt-0.5" viewBox="0 0 20 20" fill="currentColor" aria-hidden="true"&gt;\n
                                    &lt;path fill-rule="evenodd" d="M16.707 5.293a1 1 0 00-1.414 0L8 12.586 4.707 9.293a1 1 0 10-1.414 1.414l4 4a1 1 0 001.414 0l8-8a1 1 0 000-1.414z" clip-rule="evenodd" /&gt;\n
                                &lt;/svg&gt;\n
                                &lt;span class="text-slate-700"&gt;Priority-based resolution&lt;/span&gt;\n
                            &lt;/li&gt;\n
                        &lt;/ul&gt;\n
                                                    &lt;!--[if BLOCK]&gt;&lt;![endif]--&gt;    &lt;a href="http://localhost:8000/helpdesk/submit" class="inline-flex items-center justify-center px-4 py-2 rounded-md font-medium text-sm transition-colors duration-200 focus:outline-none focus:ring-2 focus:ring-offset-2 min-h-[44px] disabled:opacity-50 disabled:cursor-not-allowed bg-blue-600 text-white hover:bg-blue-700 focus:ring-blue-600" class="w-full justify-center"&gt;\n
        Submit Ticket\n
    &lt;/a&gt;\n
&lt;!--[if ENDBLOCK]&gt;&lt;![endif]--&gt;\n
                                            &lt;/div&gt;\n
                &lt;/article&gt;\n
\n
                &lt;article class="bg-white rounded-2xl shadow-lg border border-slate-200 overflow-hidden transition-transform duration-300 hover:-translate-y-1"&gt;\n
                    &lt;div class="h-1 bg-gradient-to-r from-emerald-500 to-emerald-600"&gt;&lt;/div&gt;\n
                    &lt;div class="p-8 space-y-6"&gt;\n
                        &lt;div class="flex items-center gap-4"&gt;\n
                            &lt;span class="inline-flex h-12 w-12 items-center justify-center rounded-full bg-emerald-50 text-emerald-600"&gt;\n
                                &lt;svg class="h-6 w-6" fill="none" viewBox="0 0 24 24" stroke="currentColor" aria-hidden="true"&gt;\n
                                    &lt;path stroke-linecap="round" stroke-linejoin="round" stroke-width="2"\n
                                        d="M9 3v2m6-2v2M9 19v2m6-2v2M5 9H3m2 6H3m18-6h-2m2 6h-2M7 19h10a2 2 0 002-2V7a2 2 0 00-2-2H7a2 2 0 00-2 2v10a2 2 0 002 2zM9 9h6v6H9V9z" /&gt;\n
                                &lt;/svg&gt;\n
                            &lt;/span&gt;\n
                            &lt;h3 class="text-2xl font-semibold text-slate-900"&gt;\n
                                Asset Loan\n
                            &lt;/h3&gt;\n
                        &lt;/div&gt;\n
                        &lt;p class="text-slate-600 leading-relaxed"&gt;\n
                            Request IT equipment and assets for your projects and activities. Browse available items, submit loan requests, and manage your borrowed equipment efficiently.\n
                        &lt;/p&gt;\n
                        &lt;ul class="space-y-3"&gt;\n
                            &lt;li class="flex items-start gap-3"&gt;\n
                                &lt;svg class="h-5 w-5 text-emerald-600 mt-0.5" viewBox="0 0 20 20" fill="currentColor" aria-hidden="true"&gt;\n
                                    &lt;path fill-rule="evenodd" d="M16.707 5.293a1 1 0 00-1.414 0L8 12.586 4.707 9.293a1 1 0 10-1.414 1.414l4 4a1 1 0 001.414 0l8-8a1 1 0 000-1.414z" clip-rule="evenodd" /&gt;\n
                                &lt;/svg&gt;\n
                                &lt;span class="text-slate-700"&gt;Browse available equipment&lt;/span&gt;\n
                            &lt;/li&gt;\n
                            &lt;li class="flex items-start gap-3"&gt;\n
                                &lt;svg class="h-5 w-5 text-emerald-600 mt-0.5" viewBox="0 0 20 20" fill="currentColor" aria-hidden="true"&gt;\n
                                    &lt;path fill-rule="evenodd" d="M16.707 5.293a1 1 0 00-1.414 0L8 12.586 4.707 9.293a1 1 0 10-1.414 1.414l4 4a1 1 0 001.414 0l8-8a1 1 0 000-1.414z" clip-rule="evenodd" /&gt;\n
                                &lt;/svg&gt;\n
                                &lt;span class="text-slate-700"&gt;Online loan application&lt;/span&gt;\n
                            &lt;/li&gt;\n
                            &lt;li class="flex items-start gap-3"&gt;\n
                                &lt;svg class="h-5 w-5 text-emerald-600 mt-0.5" viewBox="0 0 20 20" fill="currentColor" aria-hidden="true"&gt;\n
                                    &lt;path fill-rule="evenodd" d="M16.707 5.293a1 1 0 00-1.414 0L8 12.586 4.707 9.293a1 1 0 10-1.414 1.414l4 4a1 1 0 001.414 0l8-8a1 1 0 000-1.414z" clip-rule="evenodd" /&gt;\n
                                &lt;/svg&gt;\n
                                &lt;span class="text-slate-700"&gt;Automated approval workflow&lt;/span&gt;\n
                            &lt;/li&gt;\n
                        &lt;/ul&gt;\n
                                                    &lt;!--[if BLOCK]&gt;&lt;![endif]--&gt;    &lt;a href="http://localhost:8000/loan/apply" class="inline-flex items-center justify-center px-4 py-2 rounded-md font-medium text-sm transition-colors duration-200 focus:outline-none focus:ring-2 focus:ring-offset-2 min-h-[44px] disabled:opacity-50 disabled:cursor-not-allowed bg-green-700 text-white hover:bg-green-800 focus:ring-green-700" class="w-full justify-center"&gt;\n
        Apply for Loan\n
    &lt;/a&gt;\n
&lt;!--[if ENDBLOCK]&gt;&lt;![endif]--&gt;\n
                                            &lt;/div&gt;\n
                &lt;/article&gt;\n
            &lt;/div&gt;\n
        &lt;/div&gt;\n
    &lt;/section&gt;\n
                            &lt;/main&gt;\n
\n
            &lt;footer class="bg-gray-900 text-white mt-auto" role="contentinfo"&gt;\n
    &lt;div class="max-w-7xl mx-auto px-4 sm:px-6 lg:px-8 py-12"&gt;\n
        &lt;div class="grid grid-cols-1 md:grid-cols-3 gap-8"&gt;\n
            \n
            &lt;div&gt;\n
                &lt;h3 class="text-lg font-semibold mb-4"&gt;About ICTServe&lt;/h3&gt;\n
                &lt;p class="text-gray-400 text-sm leading-relaxed"&gt;\n
                    ICTServe is the unified MOTAC platform for submitting IT helpdesk requests and managing asset loans with transparent tracking and WCAG-compliant experiences.\n
                &lt;/p&gt;\n
            &lt;/div&gt;\n
\n
            \n
            &lt;div&gt;\n
                &lt;h3 class="text-lg font-semibold mb-4"&gt;Quick Links&lt;/h3&gt;\n
                &lt;nav aria-label="Footer navigation"&gt;\n
                    &lt;ul class="space-y-2"&gt;\n
                        &lt;li&gt;\n
                            &lt;a href="http://localhost:8000"\n
                                class="text-gray-400 hover:text-white focus:outline-none focus:ring-2 focus:ring-blue-600 focus:ring-offset-2 focus:ring-offset-gray-900 rounded-md transition-colors inline-block"&gt;\n
                                Home\n
                            &lt;/a&gt;\n
                        &lt;/li&gt;\n
                                                                            &lt;li&gt;\n
                                &lt;a href="http://localhost:8000/helpdesk/submit"\n
                                    class="text-gray-400 hover:text-white focus:outline-none focus:ring-2 focus:ring-blue-600 focus:ring-offset-2 focus:ring-offset-gray-900 rounded-md transition-colors inline-block"&gt;\n
                                    Helpdesk\n
                                &lt;/a&gt;\n
                            &lt;/li&gt;\n
                                                                            &lt;li&gt;\n
                                &lt;a href="http://localhost:8000/loan/create"\n
                                    class="text-gray-400 hover:text-white focus:outline-none focus:ring-2 focus:ring-blue-600 focus:ring-offset-2 focus:ring-offset-gray-900 rounded-md transition-colors inline-block"&gt;\n
                                    Asset Loan\n
                                &lt;/a&gt;\n
                            &lt;/li&gt;\n
                                                                            &lt;li&gt;\n
                                &lt;a href="http://localhost:8000/login"\n
                                    class="text-gray-400 hover:text-white focus:outline-none focus:ring-2 focus:ring-blue-600 focus:ring-offset-2 focus:ring-offset-gray-900 rounded-md transition-colors inline-block"&gt;\n
                                    Staff Login\n
                                &lt;/a&gt;\n
                            &lt;/li&gt;\n
                                            &lt;/ul&gt;\n
                &lt;/nav&gt;\n
            &lt;/div&gt;\n
\n
            \n
            &lt;div&gt;\n
                &lt;h3 class="text-lg font-semibold mb-4"&gt;Contact Us&lt;/h3&gt;\n
                &lt;address class="text-gray-400 text-sm not-italic space-y-2"&gt;\n
                    &lt;p&gt;\n
                        &lt;strong&gt;Ministry:&lt;/strong&gt;&lt;br&gt;\n
                        Ministry of Tourism, Arts and Culture Malaysia\n
                    &lt;/p&gt;\n
                    &lt;p&gt;\n
                        &lt;strong&gt;Email:&lt;/strong&gt;&lt;br&gt;\n
                        &lt;a href="mailto:support@motac.gov.my"\n
                            class="hover:text-white focus:outline-none focus:ring-2 focus:ring-blue-600 focus:ring-offset-2 focus:ring-offset-gray-900 rounded-md transition-colors"&gt;\n
                            support@motac.gov.my\n
                        &lt;/a&gt;\n
                    &lt;/p&gt;\n
                    &lt;p&gt;\n
                        &lt;strong&gt;Phone:&lt;/strong&gt;&lt;br&gt;\n
                        &lt;a href="tel:+60380009999"\n
                            class="hover:text-white focus:outline-none focus:ring-2 focus:ring-blue-600 focus:ring-offset-2 focus:ring-offset-gray-900 rounded-md transition-colors"&gt;\n
                            +603 8000 9999\n
                        &lt;/a&gt;\n
                    &lt;/p&gt;\n
                &lt;/address&gt;\n
            &lt;/div&gt;\n
        &lt;/div&gt;\n
\n
        \n
        &lt;div class="mt-8 pt-8 border-t border-gray-800"&gt;\n
            &lt;div class="flex flex-col md:flex-row justify-between items-center space-y-4 md:space-y-0"&gt;\n
                &lt;p class="text-gray-400 text-sm"&gt;\n
                    &amp;copy; 2025 Ministry of Tourism, Arts and Culture Malaysia.\n
                    All rights reserved.\n
                &lt;/p&gt;\n
                &lt;div class="flex items-center space-x-4 text-sm text-gray-400"&gt;\n
                    &lt;span&gt;WCAG 2.2 AA compliant&lt;/span&gt;\n
                    &lt;span aria-hidden="true"&gt;|&lt;/span&gt;\n
                    &lt;span&gt;PDPA compliant&lt;/span&gt;\n
                &lt;/div&gt;\n
            &lt;/div&gt;\n
        &lt;/div&gt;\n
    &lt;/div&gt;\n
&lt;/footer&gt;\n
        &lt;/div&gt;\n
    &lt;/body&gt;\n
&lt;/html&gt;\n
' [ASCII](length: 30818) contains "build/" [ASCII](length: 6).
&#13;
C:\XAMPP\htdocs\ictserve-031125\tests\Feature\Performance\FrontendAssetPerformanceTest.php:195</failure>
        </testcase>
        <testcase name="test_guest_loan_application_asset_loading" file="C:\XAMPP\htdocs\ictserve-031125\tests\Feature\Performance\FrontendAssetPerformanceTest.php" line="203" class="Tests\Feature\Performance\FrontendAssetPerformanceTest" classname="Tests.Feature.Performance.FrontendAssetPerformanceTest" assertions="1" time="1.280280">
          <failure type="PHPUnit\Framework\ExpectationFailedException">Tests\Feature\Performance\FrontendAssetPerformanceTest::test_guest_loan_application_asset_loading&#13;
Expected response status code [200] but received 404.
Failed asserting that 404 is identical to 200.
&#13;
C:\XAMPP\htdocs\ictserve-031125\vendor\laravel\framework\src\Illuminate\Testing\TestResponseAssert.php:45
C:\XAMPP\htdocs\ictserve-031125\vendor\laravel\framework\src\Illuminate\Testing\TestResponse.php:174
C:\XAMPP\htdocs\ictserve-031125\vendor\laravel\framework\src\Illuminate\Testing\Concerns\AssertsStatusCodes.php:16
C:\XAMPP\htdocs\ictserve-031125\tests\Feature\Performance\FrontendAssetPerformanceTest.php:211</failure>
        </testcase>
        <testcase name="test_authenticated_dashboard_asset_loading" file="C:\XAMPP\htdocs\ictserve-031125\tests\Feature\Performance\FrontendAssetPerformanceTest.php" line="226" class="Tests\Feature\Performance\FrontendAssetPerformanceTest" classname="Tests.Feature.Performance.FrontendAssetPerformanceTest" assertions="1" time="6.338159">
          <failure type="PHPUnit\Framework\ExpectationFailedException">Tests\Feature\Performance\FrontendAssetPerformanceTest::test_authenticated_dashboard_asset_loading&#13;
Expected response status code [200] but received 500.
Failed asserting that 500 is identical to 200.&#13;
&#13;
The following exception occurred during the last request:

Symfony\Component\Routing\Exception\RouteNotFoundException: Route [staff.tickets.index] not defined. in C:\XAMPP\htdocs\ictserve-031125\vendor\laravel\framework\src\Illuminate\Routing\UrlGenerator.php:526
Stack trace:
#0 C:\XAMPP\htdocs\ictserve-031125\vendor\laravel\framework\src\Illuminate\Foundation\helpers.php(871): Illuminate\Routing\UrlGenerator-&gt;route('staff.tickets.i...', Array, true)
#1 C:\XAMPP\htdocs\ictserve-031125\storage\framework\views\3bf446849ca19c3889a5aff1e88e55a2.php(87): route('staff.tickets.i...')
#2 C:\XAMPP\htdocs\ictserve-031125\vendor\livewire\livewire\src\Mechanisms\ExtendBlade\ExtendedCompilerEngine.php(37): include('C:\\XAMPP\\htdocs...')
#3 C:\XAMPP\htdocs\ictserve-031125\vendor\livewire\livewire\src\Mechanisms\ExtendBlade\ExtendedCompilerEngine.php(38): App\Filament\Widgets\UnifiedDashboardOverview-&gt;Livewire\Mechanisms\ExtendBlade\{closure}()
#4 C:\XAMPP\htdocs\ictserve-031125\vendor\laravel\framework\src\Illuminate\View\Engines\CompilerEngine.php(76): Livewire\Mechanisms\ExtendBlade\ExtendedCompilerEngine-&gt;evaluatePath('C:\\XAMPP\\htdocs...', Array)
#5 C:\XAMPP\htdocs\ictserve-031125\vendor\livewire\livewire\src\Mechanisms\ExtendBlade\ExtendedCompilerEngine.php(16): Illuminate\View\Engines\CompilerEngine-&gt;get('C:\\XAMPP\\htdocs...', Array)
#6 C:\XAMPP\htdocs\ictserve-031125\vendor\laravel\framework\src\Illuminate\View\View.php(208): Livewire\Mechanisms\ExtendBlade\ExtendedCompilerEngine-&gt;get('C:\\XAMPP\\htdocs...', Array)
#7 C:\XAMPP\htdocs\ictserve-031125\vendor\laravel\framework\src\Illuminate\View\View.php(191): Illuminate\View\View-&gt;getContents()
#8 C:\XAMPP\htdocs\ictserve-031125\vendor\laravel\framework\src\Illuminate\View\View.php(160): Illuminate\View\View-&gt;renderContents()
#9 C:\XAMPP\htdocs\ictserve-031125\vendor\laravel\framework\src\Illuminate\View\Concerns\ManagesComponents.php(103): Illuminate\View\View-&gt;render()
#10 C:\XAMPP\htdocs\ictserve-031125\storage\framework\views\b5aecfdd3d724b923b3f5f5bea1fcd6c.php(62): Illuminate\View\Factory-&gt;renderComponent()
#11 C:\XAMPP\htdocs\ictserve-031125\vendor\livewire\livewire\src\Mechanisms\ExtendBlade\ExtendedCompilerEngine.php(37): include('C:\\XAMPP\\htdocs...')
#12 C:\XAMPP\htdocs\ictserve-031125\vendor\livewire\livewire\src\Mechanisms\ExtendBlade\ExtendedCompilerEngine.php(38): App\Filament\Widgets\UnifiedDashboardOverview-&gt;Livewire\Mechanisms\ExtendBlade\{closure}()
#13 C:\XAMPP\htdocs\ictserve-031125\vendor\laravel\framework\src\Illuminate\View\Engines\CompilerEngine.php(76): Livewire\Mechanisms\ExtendBlade\ExtendedCompilerEngine-&gt;evaluatePath('C:\\XAMPP\\htdocs...', Array)
#14 C:\XAMPP\htdocs\ictserve-031125\vendor\livewire\livewire\src\Mechanisms\ExtendBlade\ExtendedCompilerEngine.php(16): Illuminate\View\Engines\CompilerEngine-&gt;get('C:\\XAMPP\\htdocs...', Array)
#15 C:\XAMPP\htdocs\ictserve-031125\vendor\laravel\framework\src\Illuminate\View\View.php(208): Livewire\Mechanisms\ExtendBlade\ExtendedCompilerEngine-&gt;get('C:\\XAMPP\\htdocs...', Array)
#16 C:\XAMPP\htdocs\ictserve-031125\vendor\laravel\framework\src\Illuminate\View\View.php(191): Illuminate\View\View-&gt;getContents()
#17 C:\XAMPP\htdocs\ictserve-031125\vendor\laravel\framework\src\Illuminate\View\View.php(160): Illuminate\View\View-&gt;renderContents()
#18 C:\XAMPP\htdocs\ictserve-031125\vendor\laravel\framework\src\Illuminate\View\Concerns\ManagesComponents.php(99): Illuminate\View\View-&gt;render()
#19 C:\XAMPP\htdocs\ictserve-031125\storage\framework\views\5c492be4e0a21e595e6f1ef8f75e0b2c.php(28): Illuminate\View\Factory-&gt;renderComponent()
#20 C:\XAMPP\htdocs\ictserve-031125\vendor\livewire\livewire\src\Mechanisms\ExtendBlade\ExtendedCompilerEngine.php(37): include('C:\\XAMPP\\htdocs...')
#21 C:\XAMPP\htdocs\ictserve-031125\vendor\livewire\livewire\src\Mechanisms\ExtendBlade\ExtendedCompilerEngine.php(38): App\Filament\Widgets\UnifiedDashboardOverview-&gt;Livewire\Mechanisms\ExtendBlade\{closure}()
#22 C:\XAMPP\htdocs\ictserve-031125\vendor\laravel\framework\src\Illuminate\View\Engines\CompilerEngine.php(76): Livewire\Mechanisms\ExtendBlade\ExtendedCompilerEngine-&gt;evaluatePath('C:\\XAMPP\\htdocs...', Array)
#23 C:\XAMPP\htdocs\ictserve-031125\vendor\livewire\livewire\src\Mechanisms\ExtendBlade\ExtendedCompilerEngine.php(16): Illuminate\View\Engines\CompilerEngine-&gt;get('C:\\XAMPP\\htdocs...', Array)
#24 C:\XAMPP\htdocs\ictserve-031125\vendor\laravel\framework\src\Illuminate\View\View.php(208): Livewire\Mechanisms\ExtendBlade\ExtendedCompilerEngine-&gt;get('C:\\XAMPP\\htdocs...', Array)
#25 C:\XAMPP\htdocs\ictserve-031125\vendor\laravel\framework\src\Illuminate\View\View.php(191): Illuminate\View\View-&gt;getContents()
#26 C:\XAMPP\htdocs\ictserve-031125\vendor\laravel\framework\src\Illuminate\View\View.php(160): Illuminate\View\View-&gt;renderContents()
#27 C:\XAMPP\htdocs\ictserve-031125\vendor\laravel\framework\src\Illuminate\Http\Response.php(78): Illuminate\View\View-&gt;render()
#28 C:\XAMPP\htdocs\ictserve-031125\vendor\laravel\framework\src\Illuminate\Http\Response.php(34): Illuminate\Http\Response-&gt;setContent(Object(Illuminate\View\View))
#29 C:\XAMPP\htdocs\ictserve-031125\vendor\laravel\framework\src\Illuminate\Routing\ResponseFactory.php(61): Illuminate\Http\Response-&gt;__construct(Object(Illuminate\View\View), 200, Array)
#30 C:\XAMPP\htdocs\ictserve-031125\vendor\laravel\framework\src\Illuminate\Routing\ResponseFactory.php(91): Illuminate\Routing\ResponseFactory-&gt;make(Object(Illuminate\View\View), 200, Array)
#31 C:\XAMPP\htdocs\ictserve-031125\vendor\laravel\framework\src\Illuminate\Routing\ViewController.php(40): Illuminate\Routing\ResponseFactory-&gt;view('dashboard', Array, 200, Array)
#32 C:\XAMPP\htdocs\ictserve-031125\vendor\laravel\framework\src\Illuminate\Routing\ViewController.php(57): Illuminate\Routing\ViewController-&gt;__invoke(view: 'dashboard', data: Array, status: 200, headers: Array)
#33 C:\XAMPP\htdocs\ictserve-031125\vendor\laravel\framework\src\Illuminate\Routing\ControllerDispatcher.php(43): Illuminate\Routing\ViewController-&gt;callAction('__invoke', Array)
#34 C:\XAMPP\htdocs\ictserve-031125\vendor\laravel\framework\src\Illuminate\Routing\Route.php(265): Illuminate\Routing\ControllerDispatcher-&gt;dispatch(Object(Illuminate\Routing\Route), Object(Illuminate\Routing\ViewController), '__invoke')
#35 C:\XAMPP\htdocs\ictserve-031125\vendor\laravel\framework\src\Illuminate\Routing\Route.php(211): Illuminate\Routing\Route-&gt;runController()
#36 C:\XAMPP\htdocs\ictserve-031125\vendor\laravel\framework\src\Illuminate\Routing\Router.php(822): Illuminate\Routing\Route-&gt;run()
#37 C:\XAMPP\htdocs\ictserve-031125\vendor\laravel\framework\src\Illuminate\Pipeline\Pipeline.php(180): Illuminate\Routing\Router-&gt;Illuminate\Routing\{closure}(Object(Illuminate\Http\Request))
#38 C:\XAMPP\htdocs\ictserve-031125\vendor\laravel\framework\src\Illuminate\Auth\Middleware\EnsureEmailIsVerified.php(41): Illuminate\Pipeline\Pipeline-&gt;Illuminate\Pipeline\{closure}(Object(Illuminate\Http\Request))
#39 C:\XAMPP\htdocs\ictserve-031125\vendor\laravel\framework\src\Illuminate\Pipeline\Pipeline.php(219): Illuminate\Auth\Middleware\EnsureEmailIsVerified-&gt;handle(Object(Illuminate\Http\Request), Object(Closure))
#40 C:\XAMPP\htdocs\ictserve-031125\vendor\laravel\framework\src\Illuminate\Routing\Middleware\SubstituteBindings.php(50): Illuminate\Pipeline\Pipeline-&gt;Illuminate\Pipeline\{closure}(Object(Illuminate\Http\Request))
#41 C:\XAMPP\htdocs\ictserve-031125\vendor\laravel\framework\src\Illuminate\Pipeline\Pipeline.php(219): Illuminate\Routing\Middleware\SubstituteBindings-&gt;handle(Object(Illuminate\Http\Request), Object(Closure))
#42 C:\XAMPP\htdocs\ictserve-031125\vendor\laravel\framework\src\Illuminate\Auth\Middleware\Authenticate.php(63): Illuminate\Pipeline\Pipeline-&gt;Illuminate\Pipeline\{closure}(Object(Illuminate\Http\Request))
#43 C:\XAMPP\htdocs\ictserve-031125\vendor\laravel\framework\src\Illuminate\Pipeline\Pipeline.php(219): Illuminate\Auth\Middleware\Authenticate-&gt;handle(Object(Illuminate\Http\Request), Object(Closure))
#44 C:\XAMPP\htdocs\ictserve-031125\vendor\laravel\framework\src\Illuminate\Foundation\Http\Middleware\VerifyCsrfToken.php(87): Illuminate\Pipeline\Pipeline-&gt;Illuminate\Pipeline\{closure}(Object(Illuminate\Http\Request))
#45 C:\XAMPP\htdocs\ictserve-031125\vendor\laravel\framework\src\Illuminate\Pipeline\Pipeline.php(219): Illuminate\Foundation\Http\Middleware\VerifyCsrfToken-&gt;handle(Object(Illuminate\Http\Request), Object(Closure))
#46 C:\XAMPP\htdocs\ictserve-031125\vendor\laravel\framework\src\Illuminate\View\Middleware\ShareErrorsFromSession.php(48): Illuminate\Pipeline\Pipeline-&gt;Illuminate\Pipeline\{closure}(Object(Illuminate\Http\Request))
#47 C:\XAMPP\htdocs\ictserve-031125\vendor\laravel\framework\src\Illuminate\Pipeline\Pipeline.php(219): Illuminate\View\Middleware\ShareErrorsFromSession-&gt;handle(Object(Illuminate\Http\Request), Object(Closure))
#48 C:\XAMPP\htdocs\ictserve-031125\vendor\laravel\framework\src\Illuminate\Session\Middleware\StartSession.php(120): Illuminate\Pipeline\Pipeline-&gt;Illuminate\Pipeline\{closure}(Object(Illuminate\Http\Request))
#49 C:\XAMPP\htdocs\ictserve-031125\vendor\laravel\framework\src\Illuminate\Session\Middleware\StartSession.php(63): Illuminate\Session\Middleware\StartSession-&gt;handleStatefulRequest(Object(Illuminate\Http\Request), Object(Illuminate\Session\Store), Object(Closure))
#50 C:\XAMPP\htdocs\ictserve-031125\vendor\laravel\framework\src\Illuminate\Pipeline\Pipeline.php(219): Illuminate\Session\Middleware\StartSession-&gt;handle(Object(Illuminate\Http\Request), Object(Closure))
#51 C:\XAMPP\htdocs\ictserve-031125\vendor\laravel\framework\src\Illuminate\Cookie\Middleware\AddQueuedCookiesToResponse.php(36): Illuminate\Pipeline\Pipeline-&gt;Illuminate\Pipeline\{closure}(Object(Illuminate\Http\Request))
#52 C:\XAMPP\htdocs\ictserve-031125\vendor\laravel\framework\src\Illuminate\Pipeline\Pipeline.php(219): Illuminate\Cookie\Middleware\AddQueuedCookiesToResponse-&gt;handle(Object(Illuminate\Http\Request), Object(Closure))
#53 C:\XAMPP\htdocs\ictserve-031125\vendor\laravel\framework\src\Illuminate\Cookie\Middleware\EncryptCookies.php(74): Illuminate\Pipeline\Pipeline-&gt;Illuminate\Pipeline\{closure}(Object(Illuminate\Http\Request))
#54 C:\XAMPP\htdocs\ictserve-031125\vendor\laravel\framework\src\Illuminate\Pipeline\Pipeline.php(219): Illuminate\Cookie\Middleware\EncryptCookies-&gt;handle(Object(Illuminate\Http\Request), Object(Closure))
#55 C:\XAMPP\htdocs\ictserve-031125\vendor\laravel\framework\src\Illuminate\Pipeline\Pipeline.php(137): Illuminate\Pipeline\Pipeline-&gt;Illuminate\Pipeline\{closure}(Object(Illuminate\Http\Request))
#56 C:\XAMPP\htdocs\ictserve-031125\vendor\laravel\framework\src\Illuminate\Routing\Router.php(821): Illuminate\Pipeline\Pipeline-&gt;then(Object(Closure))
#57 C:\XAMPP\htdocs\ictserve-031125\vendor\laravel\framework\src\Illuminate\Routing\Router.php(800): Illuminate\Routing\Router-&gt;runRouteWithinStack(Object(Illuminate\Routing\Route), Object(Illuminate\Http\Request))
#58 C:\XAMPP\htdocs\ictserve-031125\vendor\laravel\framework\src\Illuminate\Routing\Router.php(764): Illuminate\Routing\Router-&gt;runRoute(Object(Illuminate\Http\Request), Object(Illuminate\Routing\Route))
#59 C:\XAMPP\htdocs\ictserve-031125\vendor\laravel\framework\src\Illuminate\Routing\Router.php(753): Illuminate\Routing\Router-&gt;dispatchToRoute(Object(Illuminate\Http\Request))
#60 C:\XAMPP\htdocs\ictserve-031125\vendor\laravel\framework\src\Illuminate\Foundation\Http\Kernel.php(200): Illuminate\Routing\Router-&gt;dispatch(Object(Illuminate\Http\Request))
#61 C:\XAMPP\htdocs\ictserve-031125\vendor\laravel\framework\src\Illuminate\Pipeline\Pipeline.php(180): Illuminate\Foundation\Http\Kernel-&gt;Illuminate\Foundation\Http\{closure}(Object(Illuminate\Http\Request))
#62 C:\XAMPP\htdocs\ictserve-031125\vendor\livewire\livewire\src\Features\SupportDisablingBackButtonCache\DisableBackButtonCacheMiddleware.php(19): Illuminate\Pipeline\Pipeline-&gt;Illuminate\Pipeline\{closure}(Object(Illuminate\Http\Request))
#63 C:\XAMPP\htdocs\ictserve-031125\vendor\laravel\framework\src\Illuminate\Pipeline\Pipeline.php(219): Livewire\Features\SupportDisablingBackButtonCache\DisableBackButtonCacheMiddleware-&gt;handle(Object(Illuminate\Http\Request), Object(Closure))
#64 C:\XAMPP\htdocs\ictserve-031125\app\Http\Middleware\SetLocaleMiddleware.php(50): Illuminate\Pipeline\Pipeline-&gt;Illuminate\Pipeline\{closure}(Object(Illuminate\Http\Request))
#65 C:\XAMPP\htdocs\ictserve-031125\vendor\laravel\framework\src\Illuminate\Pipeline\Pipeline.php(219): App\Http\Middleware\SetLocaleMiddleware-&gt;handle(Object(Illuminate\Http\Request), Object(Closure))
#66 C:\XAMPP\htdocs\ictserve-031125\vendor\laravel\framework\src\Illuminate\Foundation\Http\Middleware\TransformsRequest.php(21): Illuminate\Pipeline\Pipeline-&gt;Illuminate\Pipeline\{closure}(Object(Illuminate\Http\Request))
#67 C:\XAMPP\htdocs\ictserve-031125\vendor\laravel\framework\src\Illuminate\Foundation\Http\Middleware\ConvertEmptyStringsToNull.php(31): Illuminate\Foundation\Http\Middleware\TransformsRequest-&gt;handle(Object(Illuminate\Http\Request), Object(Closure))
#68 C:\XAMPP\htdocs\ictserve-031125\vendor\laravel\framework\src\Illuminate\Pipeline\Pipeline.php(219): Illuminate\Foundation\Http\Middleware\ConvertEmptyStringsToNull-&gt;handle(Object(Illuminate\Http\Request), Object(Closure))
#69 C:\XAMPP\htdocs\ictserve-031125\vendor\laravel\framework\src\Illuminate\Foundation\Http\Middleware\TransformsRequest.php(21): Illuminate\Pipeline\Pipeline-&gt;Illuminate\Pipeline\{closure}(Object(Illuminate\Http\Request))
#70 C:\XAMPP\htdocs\ictserve-031125\vendor\laravel\framework\src\Illuminate\Foundation\Http\Middleware\TrimStrings.php(51): Illuminate\Foundation\Http\Middleware\TransformsRequest-&gt;handle(Object(Illuminate\Http\Request), Object(Closure))
#71 C:\XAMPP\htdocs\ictserve-031125\vendor\laravel\framework\src\Illuminate\Pipeline\Pipeline.php(219): Illuminate\Foundation\Http\Middleware\TrimStrings-&gt;handle(Object(Illuminate\Http\Request), Object(Closure))
#72 C:\XAMPP\htdocs\ictserve-031125\vendor\laravel\framework\src\Illuminate\Http\Middleware\ValidatePostSize.php(27): Illuminate\Pipeline\Pipeline-&gt;Illuminate\Pipeline\{closure}(Object(Illuminate\Http\Request))
#73 C:\XAMPP\htdocs\ictserve-031125\vendor\laravel\framework\src\Illuminate\Pipeline\Pipeline.php(219): Illuminate\Http\Middleware\ValidatePostSize-&gt;handle(Object(Illuminate\Http\Request), Object(Closure))
#74 C:\XAMPP\htdocs\ictserve-031125\vendor\laravel\framework\src\Illuminate\Foundation\Http\Middleware\PreventRequestsDuringMaintenance.php(109): Illuminate\Pipeline\Pipeline-&gt;Illuminate\Pipeline\{closure}(Object(Illuminate\Http\Request))
#75 C:\XAMPP\htdocs\ictserve-031125\vendor\laravel\framework\src\Illuminate\Pipeline\Pipeline.php(219): Illuminate\Foundation\Http\Middleware\PreventRequestsDuringMaintenance-&gt;handle(Object(Illuminate\Http\Request), Object(Closure))
#76 C:\XAMPP\htdocs\ictserve-031125\vendor\laravel\framework\src\Illuminate\Http\Middleware\HandleCors.php(48): Illuminate\Pipeline\Pipeline-&gt;Illuminate\Pipeline\{closure}(Object(Illuminate\Http\Request))
#77 C:\XAMPP\htdocs\ictserve-031125\vendor\laravel\framework\src\Illuminate\Pipeline\Pipeline.php(219): Illuminate\Http\Middleware\HandleCors-&gt;handle(Object(Illuminate\Http\Request), Object(Closure))
#78 C:\XAMPP\htdocs\ictserve-031125\vendor\laravel\framework\src\Illuminate\Http\Middleware\TrustProxies.php(58): Illuminate\Pipeline\Pipeline-&gt;Illuminate\Pipeline\{closure}(Object(Illuminate\Http\Request))
#79 C:\XAMPP\htdocs\ictserve-031125\vendor\laravel\framework\src\Illuminate\Pipeline\Pipeline.php(219): Illuminate\Http\Middleware\TrustProxies-&gt;handle(Object(Illuminate\Http\Request), Object(Closure))
#80 C:\XAMPP\htdocs\ictserve-031125\vendor\laravel\framework\src\Illuminate\Foundation\Http\Middleware\InvokeDeferredCallbacks.php(22): Illuminate\Pipeline\Pipeline-&gt;Illuminate\Pipeline\{closure}(Object(Illuminate\Http\Request))
#81 C:\XAMPP\htdocs\ictserve-031125\vendor\laravel\framework\src\Illuminate\Pipeline\Pipeline.php(219): Illuminate\Foundation\Http\Middleware\InvokeDeferredCallbacks-&gt;handle(Object(Illuminate\Http\Request), Object(Closure))
#82 C:\XAMPP\htdocs\ictserve-031125\vendor\laravel\framework\src\Illuminate\Http\Middleware\ValidatePathEncoding.php(26): Illuminate\Pipeline\Pipeline-&gt;Illuminate\Pipeline\{closure}(Object(Illuminate\Http\Request))
#83 C:\XAMPP\htdocs\ictserve-031125\vendor\laravel\framework\src\Illuminate\Pipeline\Pipeline.php(219): Illuminate\Http\Middleware\ValidatePathEncoding-&gt;handle(Object(Illuminate\Http\Request), Object(Closure))
#84 C:\XAMPP\htdocs\ictserve-031125\vendor\laravel\framework\src\Illuminate\Pipeline\Pipeline.php(137): Illuminate\Pipeline\Pipeline-&gt;Illuminate\Pipeline\{closure}(Object(Illuminate\Http\Request))
#85 C:\XAMPP\htdocs\ictserve-031125\vendor\laravel\framework\src\Illuminate\Foundation\Http\Kernel.php(175): Illuminate\Pipeline\Pipeline-&gt;then(Object(Closure))
#86 C:\XAMPP\htdocs\ictserve-031125\vendor\laravel\framework\src\Illuminate\Foundation\Http\Kernel.php(144): Illuminate\Foundation\Http\Kernel-&gt;sendRequestThroughRouter(Object(Illuminate\Http\Request))
#87 C:\XAMPP\htdocs\ictserve-031125\vendor\laravel\framework\src\Illuminate\Foundation\Testing\Concerns\MakesHttpRequests.php(607): Illuminate\Foundation\Http\Kernel-&gt;handle(Object(Illuminate\Http\Request))
#88 C:\XAMPP\htdocs\ictserve-031125\vendor\laravel\framework\src\Illuminate\Foundation\Testing\Concerns\MakesHttpRequests.php(368): Illuminate\Foundation\Testing\TestCase-&gt;call('GET', '/dashboard', Array, Array, Array, Array)
#89 C:\XAMPP\htdocs\ictserve-031125\tests\Feature\Performance\FrontendAssetPerformanceTest.php(233): Illuminate\Foundation\Testing\TestCase-&gt;get('/dashboard')
#90 C:\XAMPP\htdocs\ictserve-031125\vendor\phpunit\phpunit\src\Framework\TestCase.php(1657): Tests\Feature\Performance\FrontendAssetPerformanceTest-&gt;test_authenticated_dashboard_asset_loading()
#91 C:\XAMPP\htdocs\ictserve-031125\vendor\phpunit\phpunit\src\Framework\TestCase.php(515): PHPUnit\Framework\TestCase-&gt;runTest()
#92 C:\XAMPP\htdocs\ictserve-031125\vendor\phpunit\phpunit\src\Framework\TestRunner\TestRunner.php(87): PHPUnit\Framework\TestCase-&gt;runBare()
#93 C:\XAMPP\htdocs\ictserve-031125\vendor\phpunit\phpunit\src\Framework\TestCase.php(361): PHPUnit\Framework\TestRunner-&gt;run(Object(Tests\Feature\Performance\FrontendAssetPerformanceTest))
#94 C:\XAMPP\htdocs\ictserve-031125\vendor\phpunit\phpunit\src\Framework\TestSuite.php(369): PHPUnit\Framework\TestCase-&gt;run()
#95 C:\XAMPP\htdocs\ictserve-031125\vendor\phpunit\phpunit\src\Framework\TestSuite.php(369): PHPUnit\Framework\TestSuite-&gt;run()
#96 C:\XAMPP\htdocs\ictserve-031125\vendor\phpunit\phpunit\src\Framework\TestSuite.php(369): PHPUnit\Framework\TestSuite-&gt;run()
#97 C:\XAMPP\htdocs\ictserve-031125\vendor\phpunit\phpunit\src\TextUI\TestRunner.php(64): PHPUnit\Framework\TestSuite-&gt;run()
#98 C:\XAMPP\htdocs\ictserve-031125\vendor\phpunit\phpunit\src\TextUI\Application.php(211): PHPUnit\TextUI\TestRunner-&gt;run(Object(PHPUnit\TextUI\Configuration\Configuration), Object(PHPUnit\Runner\ResultCache\DefaultResultCache), Object(PHPUnit\Framework\TestSuite))
#99 C:\XAMPP\htdocs\ictserve-031125\vendor\phpunit\phpunit\phpunit(104): PHPUnit\TextUI\Application-&gt;run(Array)
#100 {main}

Next Illuminate\View\ViewException: Route [staff.tickets.index] not defined. (View: C:\XAMPP\htdocs\ictserve-031125\resources\views\components\layout\auth-header.blade.php) in C:\XAMPP\htdocs\ictserve-031125\vendor\laravel\framework\src\Illuminate\Routing\UrlGenerator.php:526
Stack trace:
#0 C:\XAMPP\htdocs\ictserve-031125\vendor\livewire\livewire\src\Mechanisms\ExtendBlade\ExtendedCompilerEngine.php(58): Illuminate\View\Engines\CompilerEngine-&gt;handleViewException(Object(Symfony\Component\Routing\Exception\RouteNotFoundException), 3)
#1 C:\XAMPP\htdocs\ictserve-031125\vendor\livewire\livewire\src\Mechanisms\ExtendBlade\ExtendedCompilerEngine.php(40): Livewire\Mechanisms\ExtendBlade\ExtendedCompilerEngine-&gt;handleViewException(Object(Symfony\Component\Routing\Exception\RouteNotFoundException), 3)
#2 C:\XAMPP\htdocs\ictserve-031125\vendor\laravel\framework\src\Illuminate\View\Engines\CompilerEngine.php(76): Livewire\Mechanisms\ExtendBlade\ExtendedCompilerEngine-&gt;evaluatePath('C:\\XAMPP\\htdocs...', Array)
#3 C:\XAMPP\htdocs\ictserve-031125\vendor\livewire\livewire\src\Mechanisms\ExtendBlade\ExtendedCompilerEngine.php(16): Illuminate\View\Engines\CompilerEngine-&gt;get('C:\\XAMPP\\htdocs...', Array)
#4 C:\XAMPP\htdocs\ictserve-031125\vendor\laravel\framework\src\Illuminate\View\View.php(208): Livewire\Mechanisms\ExtendBlade\ExtendedCompilerEngine-&gt;get('C:\\XAMPP\\htdocs...', Array)
#5 C:\XAMPP\htdocs\ictserve-031125\vendor\laravel\framework\src\Illuminate\View\View.php(191): Illuminate\View\View-&gt;getContents()
#6 C:\XAMPP\htdocs\ictserve-031125\vendor\laravel\framework\src\Illuminate\View\View.php(160): Illuminate\View\View-&gt;renderContents()
#7 C:\XAMPP\htdocs\ictserve-031125\vendor\laravel\framework\src\Illuminate\View\Concerns\ManagesComponents.php(103): Illuminate\View\View-&gt;render()
#8 C:\XAMPP\htdocs\ictserve-031125\storage\framework\views\b5aecfdd3d724b923b3f5f5bea1fcd6c.php(62): Illuminate\View\Factory-&gt;renderComponent()
#9 C:\XAMPP\htdocs\ictserve-031125\vendor\livewire\livewire\src\Mechanisms\ExtendBlade\ExtendedCompilerEngine.php(37): include('C:\\XAMPP\\htdocs...')
#10 C:\XAMPP\htdocs\ictserve-031125\vendor\livewire\livewire\src\Mechanisms\ExtendBlade\ExtendedCompilerEngine.php(38): App\Filament\Widgets\UnifiedDashboardOverview-&gt;Livewire\Mechanisms\ExtendBlade\{closure}()
#11 C:\XAMPP\htdocs\ictserve-031125\vendor\laravel\framework\src\Illuminate\View\Engines\CompilerEngine.php(76): Livewire\Mechanisms\ExtendBlade\ExtendedCompilerEngine-&gt;evaluatePath('C:\\XAMPP\\htdocs...', Array)
#12 C:\XAMPP\htdocs\ictserve-031125\vendor\livewire\livewire\src\Mechanisms\ExtendBlade\ExtendedCompilerEngine.php(16): Illuminate\View\Engines\CompilerEngine-&gt;get('C:\\XAMPP\\htdocs...', Array)
#13 C:\XAMPP\htdocs\ictserve-031125\vendor\laravel\framework\src\Illuminate\View\View.php(208): Livewire\Mechanisms\ExtendBlade\ExtendedCompilerEngine-&gt;get('C:\\XAMPP\\htdocs...', Array)
#14 C:\XAMPP\htdocs\ictserve-031125\vendor\laravel\framework\src\Illuminate\View\View.php(191): Illuminate\View\View-&gt;getContents()
#15 C:\XAMPP\htdocs\ictserve-031125\vendor\laravel\framework\src\Illuminate\View\View.php(160): Illuminate\View\View-&gt;renderContents()
#16 C:\XAMPP\htdocs\ictserve-031125\vendor\laravel\framework\src\Illuminate\View\Concerns\ManagesComponents.php(99): Illuminate\View\View-&gt;render()
#17 C:\XAMPP\htdocs\ictserve-031125\storage\framework\views\5c492be4e0a21e595e6f1ef8f75e0b2c.php(28): Illuminate\View\Factory-&gt;renderComponent()
#18 C:\XAMPP\htdocs\ictserve-031125\vendor\livewire\livewire\src\Mechanisms\ExtendBlade\ExtendedCompilerEngine.php(37): include('C:\\XAMPP\\htdocs...')
#19 C:\XAMPP\htdocs\ictserve-031125\vendor\livewire\livewire\src\Mechanisms\ExtendBlade\ExtendedCompilerEngine.php(38): App\Filament\Widgets\UnifiedDashboardOverview-&gt;Livewire\Mechanisms\ExtendBlade\{closure}()
#20 C:\XAMPP\htdocs\ictserve-031125\vendor\laravel\framework\src\Illuminate\View\Engines\CompilerEngine.php(76): Livewire\Mechanisms\ExtendBlade\ExtendedCompilerEngine-&gt;evaluatePath('C:\\XAMPP\\htdocs...', Array)
#21 C:\XAMPP\htdocs\ictserve-031125\vendor\livewire\livewire\src\Mechanisms\ExtendBlade\ExtendedCompilerEngine.php(16): Illuminate\View\Engines\CompilerEngine-&gt;get('C:\\XAMPP\\htdocs...', Array)
#22 C:\XAMPP\htdocs\ictserve-031125\vendor\laravel\framework\src\Illuminate\View\View.php(208): Livewire\Mechanisms\ExtendBlade\ExtendedCompilerEngine-&gt;get('C:\\XAMPP\\htdocs...', Array)
#23 C:\XAMPP\htdocs\ictserve-031125\vendor\laravel\framework\src\Illuminate\View\View.php(191): Illuminate\View\View-&gt;getContents()
#24 C:\XAMPP\htdocs\ictserve-031125\vendor\laravel\framework\src\Illuminate\View\View.php(160): Illuminate\View\View-&gt;renderContents()
#25 C:\XAMPP\htdocs\ictserve-031125\vendor\laravel\framework\src\Illuminate\Http\Response.php(78): Illuminate\View\View-&gt;render()
#26 C:\XAMPP\htdocs\ictserve-031125\vendor\laravel\framework\src\Illuminate\Http\Response.php(34): Illuminate\Http\Response-&gt;setContent(Object(Illuminate\View\View))
#27 C:\XAMPP\htdocs\ictserve-031125\vendor\laravel\framework\src\Illuminate\Routing\ResponseFactory.php(61): Illuminate\Http\Response-&gt;__construct(Object(Illuminate\View\View), 200, Array)
#28 C:\XAMPP\htdocs\ictserve-031125\vendor\laravel\framework\src\Illuminate\Routing\ResponseFactory.php(91): Illuminate\Routing\ResponseFactory-&gt;make(Object(Illuminate\View\View), 200, Array)
#29 C:\XAMPP\htdocs\ictserve-031125\vendor\laravel\framework\src\Illuminate\Routing\ViewController.php(40): Illuminate\Routing\ResponseFactory-&gt;view('dashboard', Array, 200, Array)
#30 C:\XAMPP\htdocs\ictserve-031125\vendor\laravel\framework\src\Illuminate\Routing\ViewController.php(57): Illuminate\Routing\ViewController-&gt;__invoke(view: 'dashboard', data: Array, status: 200, headers: Array)
#31 C:\XAMPP\htdocs\ictserve-031125\vendor\laravel\framework\src\Illuminate\Routing\ControllerDispatcher.php(43): Illuminate\Routing\ViewController-&gt;callAction('__invoke', Array)
#32 C:\XAMPP\htdocs\ictserve-031125\vendor\laravel\framework\src\Illuminate\Routing\Route.php(265): Illuminate\Routing\ControllerDispatcher-&gt;dispatch(Object(Illuminate\Routing\Route), Object(Illuminate\Routing\ViewController), '__invoke')
#33 C:\XAMPP\htdocs\ictserve-031125\vendor\laravel\framework\src\Illuminate\Routing\Route.php(211): Illuminate\Routing\Route-&gt;runController()
#34 C:\XAMPP\htdocs\ictserve-031125\vendor\laravel\framework\src\Illuminate\Routing\Router.php(822): Illuminate\Routing\Route-&gt;run()
#35 C:\XAMPP\htdocs\ictserve-031125\vendor\laravel\framework\src\Illuminate\Pipeline\Pipeline.php(180): Illuminate\Routing\Router-&gt;Illuminate\Routing\{closure}(Object(Illuminate\Http\Request))
#36 C:\XAMPP\htdocs\ictserve-031125\vendor\laravel\framework\src\Illuminate\Auth\Middleware\EnsureEmailIsVerified.php(41): Illuminate\Pipeline\Pipeline-&gt;Illuminate\Pipeline\{closure}(Object(Illuminate\Http\Request))
#37 C:\XAMPP\htdocs\ictserve-031125\vendor\laravel\framework\src\Illuminate\Pipeline\Pipeline.php(219): Illuminate\Auth\Middleware\EnsureEmailIsVerified-&gt;handle(Object(Illuminate\Http\Request), Object(Closure))
#38 C:\XAMPP\htdocs\ictserve-031125\vendor\laravel\framework\src\Illuminate\Routing\Middleware\SubstituteBindings.php(50): Illuminate\Pipeline\Pipeline-&gt;Illuminate\Pipeline\{closure}(Object(Illuminate\Http\Request))
#39 C:\XAMPP\htdocs\ictserve-031125\vendor\laravel\framework\src\Illuminate\Pipeline\Pipeline.php(219): Illuminate\Routing\Middleware\SubstituteBindings-&gt;handle(Object(Illuminate\Http\Request), Object(Closure))
#40 C:\XAMPP\htdocs\ictserve-031125\vendor\laravel\framework\src\Illuminate\Auth\Middleware\Authenticate.php(63): Illuminate\Pipeline\Pipeline-&gt;Illuminate\Pipeline\{closure}(Object(Illuminate\Http\Request))
#41 C:\XAMPP\htdocs\ictserve-031125\vendor\laravel\framework\src\Illuminate\Pipeline\Pipeline.php(219): Illuminate\Auth\Middleware\Authenticate-&gt;handle(Object(Illuminate\Http\Request), Object(Closure))
#42 C:\XAMPP\htdocs\ictserve-031125\vendor\laravel\framework\src\Illuminate\Foundation\Http\Middleware\VerifyCsrfToken.php(87): Illuminate\Pipeline\Pipeline-&gt;Illuminate\Pipeline\{closure}(Object(Illuminate\Http\Request))
#43 C:\XAMPP\htdocs\ictserve-031125\vendor\laravel\framework\src\Illuminate\Pipeline\Pipeline.php(219): Illuminate\Foundation\Http\Middleware\VerifyCsrfToken-&gt;handle(Object(Illuminate\Http\Request), Object(Closure))
#44 C:\XAMPP\htdocs\ictserve-031125\vendor\laravel\framework\src\Illuminate\View\Middleware\ShareErrorsFromSession.php(48): Illuminate\Pipeline\Pipeline-&gt;Illuminate\Pipeline\{closure}(Object(Illuminate\Http\Request))
#45 C:\XAMPP\htdocs\ictserve-031125\vendor\laravel\framework\src\Illuminate\Pipeline\Pipeline.php(219): Illuminate\View\Middleware\ShareErrorsFromSession-&gt;handle(Object(Illuminate\Http\Request), Object(Closure))
#46 C:\XAMPP\htdocs\ictserve-031125\vendor\laravel\framework\src\Illuminate\Session\Middleware\StartSession.php(120): Illuminate\Pipeline\Pipeline-&gt;Illuminate\Pipeline\{closure}(Object(Illuminate\Http\Request))
#47 C:\XAMPP\htdocs\ictserve-031125\vendor\laravel\framework\src\Illuminate\Session\Middleware\StartSession.php(63): Illuminate\Session\Middleware\StartSession-&gt;handleStatefulRequest(Object(Illuminate\Http\Request), Object(Illuminate\Session\Store), Object(Closure))
#48 C:\XAMPP\htdocs\ictserve-031125\vendor\laravel\framework\src\Illuminate\Pipeline\Pipeline.php(219): Illuminate\Session\Middleware\StartSession-&gt;handle(Object(Illuminate\Http\Request), Object(Closure))
#49 C:\XAMPP\htdocs\ictserve-031125\vendor\laravel\framework\src\Illuminate\Cookie\Middleware\AddQueuedCookiesToResponse.php(36): Illuminate\Pipeline\Pipeline-&gt;Illuminate\Pipeline\{closure}(Object(Illuminate\Http\Request))
#50 C:\XAMPP\htdocs\ictserve-031125\vendor\laravel\framework\src\Illuminate\Pipeline\Pipeline.php(219): Illuminate\Cookie\Middleware\AddQueuedCookiesToResponse-&gt;handle(Object(Illuminate\Http\Request), Object(Closure))
#51 C:\XAMPP\htdocs\ictserve-031125\vendor\laravel\framework\src\Illuminate\Cookie\Middleware\EncryptCookies.php(74): Illuminate\Pipeline\Pipeline-&gt;Illuminate\Pipeline\{closure}(Object(Illuminate\Http\Request))
#52 C:\XAMPP\htdocs\ictserve-031125\vendor\laravel\framework\src\Illuminate\Pipeline\Pipeline.php(219): Illuminate\Cookie\Middleware\EncryptCookies-&gt;handle(Object(Illuminate\Http\Request), Object(Closure))
#53 C:\XAMPP\htdocs\ictserve-031125\vendor\laravel\framework\src\Illuminate\Pipeline\Pipeline.php(137): Illuminate\Pipeline\Pipeline-&gt;Illuminate\Pipeline\{closure}(Object(Illuminate\Http\Request))
#54 C:\XAMPP\htdocs\ictserve-031125\vendor\laravel\framework\src\Illuminate\Routing\Router.php(821): Illuminate\Pipeline\Pipeline-&gt;then(Object(Closure))
#55 C:\XAMPP\htdocs\ictserve-031125\vendor\laravel\framework\src\Illuminate\Routing\Router.php(800): Illuminate\Routing\Router-&gt;runRouteWithinStack(Object(Illuminate\Routing\Route), Object(Illuminate\Http\Request))
#56 C:\XAMPP\htdocs\ictserve-031125\vendor\laravel\framework\src\Illuminate\Routing\Router.php(764): Illuminate\Routing\Router-&gt;runRoute(Object(Illuminate\Http\Request), Object(Illuminate\Routing\Route))
#57 C:\XAMPP\htdocs\ictserve-031125\vendor\laravel\framework\src\Illuminate\Routing\Router.php(753): Illuminate\Routing\Router-&gt;dispatchToRoute(Object(Illuminate\Http\Request))
#58 C:\XAMPP\htdocs\ictserve-031125\vendor\laravel\framework\src\Illuminate\Foundation\Http\Kernel.php(200): Illuminate\Routing\Router-&gt;dispatch(Object(Illuminate\Http\Request))
#59 C:\XAMPP\htdocs\ictserve-031125\vendor\laravel\framework\src\Illuminate\Pipeline\Pipeline.php(180): Illuminate\Foundation\Http\Kernel-&gt;Illuminate\Foundation\Http\{closure}(Object(Illuminate\Http\Request))
#60 C:\XAMPP\htdocs\ictserve-031125\vendor\livewire\livewire\src\Features\SupportDisablingBackButtonCache\DisableBackButtonCacheMiddleware.php(19): Illuminate\Pipeline\Pipeline-&gt;Illuminate\Pipeline\{closure}(Object(Illuminate\Http\Request))
#61 C:\XAMPP\htdocs\ictserve-031125\vendor\laravel\framework\src\Illuminate\Pipeline\Pipeline.php(219): Livewire\Features\SupportDisablingBackButtonCache\DisableBackButtonCacheMiddleware-&gt;handle(Object(Illuminate\Http\Request), Object(Closure))
#62 C:\XAMPP\htdocs\ictserve-031125\app\Http\Middleware\SetLocaleMiddleware.php(50): Illuminate\Pipeline\Pipeline-&gt;Illuminate\Pipeline\{closure}(Object(Illuminate\Http\Request))
#63 C:\XAMPP\htdocs\ictserve-031125\vendor\laravel\framework\src\Illuminate\Pipeline\Pipeline.php(219): App\Http\Middleware\SetLocaleMiddleware-&gt;handle(Object(Illuminate\Http\Request), Object(Closure))
#64 C:\XAMPP\htdocs\ictserve-031125\vendor\laravel\framework\src\Illuminate\Foundation\Http\Middleware\TransformsRequest.php(21): Illuminate\Pipeline\Pipeline-&gt;Illuminate\Pipeline\{closure}(Object(Illuminate\Http\Request))
#65 C:\XAMPP\htdocs\ictserve-031125\vendor\laravel\framework\src\Illuminate\Foundation\Http\Middleware\ConvertEmptyStringsToNull.php(31): Illuminate\Foundation\Http\Middleware\TransformsRequest-&gt;handle(Object(Illuminate\Http\Request), Object(Closure))
#66 C:\XAMPP\htdocs\ictserve-031125\vendor\laravel\framework\src\Illuminate\Pipeline\Pipeline.php(219): Illuminate\Foundation\Http\Middleware\ConvertEmptyStringsToNull-&gt;handle(Object(Illuminate\Http\Request), Object(Closure))
#67 C:\XAMPP\htdocs\ictserve-031125\vendor\laravel\framework\src\Illuminate\Foundation\Http\Middleware\TransformsRequest.php(21): Illuminate\Pipeline\Pipeline-&gt;Illuminate\Pipeline\{closure}(Object(Illuminate\Http\Request))
#68 C:\XAMPP\htdocs\ictserve-031125\vendor\laravel\framework\src\Illuminate\Foundation\Http\Middleware\TrimStrings.php(51): Illuminate\Foundation\Http\Middleware\TransformsRequest-&gt;handle(Object(Illuminate\Http\Request), Object(Closure))
#69 C:\XAMPP\htdocs\ictserve-031125\vendor\laravel\framework\src\Illuminate\Pipeline\Pipeline.php(219): Illuminate\Foundation\Http\Middleware\TrimStrings-&gt;handle(Object(Illuminate\Http\Request), Object(Closure))
#70 C:\XAMPP\htdocs\ictserve-031125\vendor\laravel\framework\src\Illuminate\Http\Middleware\ValidatePostSize.php(27): Illuminate\Pipeline\Pipeline-&gt;Illuminate\Pipeline\{closure}(Object(Illuminate\Http\Request))
#71 C:\XAMPP\htdocs\ictserve-031125\vendor\laravel\framework\src\Illuminate\Pipeline\Pipeline.php(219): Illuminate\Http\Middleware\ValidatePostSize-&gt;handle(Object(Illuminate\Http\Request), Object(Closure))
#72 C:\XAMPP\htdocs\ictserve-031125\vendor\laravel\framework\src\Illuminate\Foundation\Http\Middleware\PreventRequestsDuringMaintenance.php(109): Illuminate\Pipeline\Pipeline-&gt;Illuminate\Pipeline\{closure}(Object(Illuminate\Http\Request))
#73 C:\XAMPP\htdocs\ictserve-031125\vendor\laravel\framework\src\Illuminate\Pipeline\Pipeline.php(219): Illuminate\Foundation\Http\Middleware\PreventRequestsDuringMaintenance-&gt;handle(Object(Illuminate\Http\Request), Object(Closure))
#74 C:\XAMPP\htdocs\ictserve-031125\vendor\laravel\framework\src\Illuminate\Http\Middleware\HandleCors.php(48): Illuminate\Pipeline\Pipeline-&gt;Illuminate\Pipeline\{closure}(Object(Illuminate\Http\Request))
#75 C:\XAMPP\htdocs\ictserve-031125\vendor\laravel\framework\src\Illuminate\Pipeline\Pipeline.php(219): Illuminate\Http\Middleware\HandleCors-&gt;handle(Object(Illuminate\Http\Request), Object(Closure))
#76 C:\XAMPP\htdocs\ictserve-031125\vendor\laravel\framework\src\Illuminate\Http\Middleware\TrustProxies.php(58): Illuminate\Pipeline\Pipeline-&gt;Illuminate\Pipeline\{closure}(Object(Illuminate\Http\Request))
#77 C:\XAMPP\htdocs\ictserve-031125\vendor\laravel\framework\src\Illuminate\Pipeline\Pipeline.php(219): Illuminate\Http\Middleware\TrustProxies-&gt;handle(Object(Illuminate\Http\Request), Object(Closure))
#78 C:\XAMPP\htdocs\ictserve-031125\vendor\laravel\framework\src\Illuminate\Foundation\Http\Middleware\InvokeDeferredCallbacks.php(22): Illuminate\Pipeline\Pipeline-&gt;Illuminate\Pipeline\{closure}(Object(Illuminate\Http\Request))
#79 C:\XAMPP\htdocs\ictserve-031125\vendor\laravel\framework\src\Illuminate\Pipeline\Pipeline.php(219): Illuminate\Foundation\Http\Middleware\InvokeDeferredCallbacks-&gt;handle(Object(Illuminate\Http\Request), Object(Closure))
#80 C:\XAMPP\htdocs\ictserve-031125\vendor\laravel\framework\src\Illuminate\Http\Middleware\ValidatePathEncoding.php(26): Illuminate\Pipeline\Pipeline-&gt;Illuminate\Pipeline\{closure}(Object(Illuminate\Http\Request))
#81 C:\XAMPP\htdocs\ictserve-031125\vendor\laravel\framework\src\Illuminate\Pipeline\Pipeline.php(219): Illuminate\Http\Middleware\ValidatePathEncoding-&gt;handle(Object(Illuminate\Http\Request), Object(Closure))
#82 C:\XAMPP\htdocs\ictserve-031125\vendor\laravel\framework\src\Illuminate\Pipeline\Pipeline.php(137): Illuminate\Pipeline\Pipeline-&gt;Illuminate\Pipeline\{closure}(Object(Illuminate\Http\Request))
#83 C:\XAMPP\htdocs\ictserve-031125\vendor\laravel\framework\src\Illuminate\Foundation\Http\Kernel.php(175): Illuminate\Pipeline\Pipeline-&gt;then(Object(Closure))
#84 C:\XAMPP\htdocs\ictserve-031125\vendor\laravel\framework\src\Illuminate\Foundation\Http\Kernel.php(144): Illuminate\Foundation\Http\Kernel-&gt;sendRequestThroughRouter(Object(Illuminate\Http\Request))
#85 C:\XAMPP\htdocs\ictserve-031125\vendor\laravel\framework\src\Illuminate\Foundation\Testing\Concerns\MakesHttpRequests.php(607): Illuminate\Foundation\Http\Kernel-&gt;handle(Object(Illuminate\Http\Request))
#86 C:\XAMPP\htdocs\ictserve-031125\vendor\laravel\framework\src\Illuminate\Foundation\Testing\Concerns\MakesHttpRequests.php(368): Illuminate\Foundation\Testing\TestCase-&gt;call('GET', '/dashboard', Array, Array, Array, Array)
#87 C:\XAMPP\htdocs\ictserve-031125\tests\Feature\Performance\FrontendAssetPerformanceTest.php(233): Illuminate\Foundation\Testing\TestCase-&gt;get('/dashboard')
#88 C:\XAMPP\htdocs\ictserve-031125\vendor\phpunit\phpunit\src\Framework\TestCase.php(1657): Tests\Feature\Performance\FrontendAssetPerformanceTest-&gt;test_authenticated_dashboard_asset_loading()
#89 C:\XAMPP\htdocs\ictserve-031125\vendor\phpunit\phpunit\src\Framework\TestCase.php(515): PHPUnit\Framework\TestCase-&gt;runTest()
#90 C:\XAMPP\htdocs\ictserve-031125\vendor\phpunit\phpunit\src\Framework\TestRunner\TestRunner.php(87): PHPUnit\Framework\TestCase-&gt;runBare()
#91 C:\XAMPP\htdocs\ictserve-031125\vendor\phpunit\phpunit\src\Framework\TestCase.php(361): PHPUnit\Framework\TestRunner-&gt;run(Object(Tests\Feature\Performance\FrontendAssetPerformanceTest))
#92 C:\XAMPP\htdocs\ictserve-031125\vendor\phpunit\phpunit\src\Framework\TestSuite.php(369): PHPUnit\Framework\TestCase-&gt;run()
#93 C:\XAMPP\htdocs\ictserve-031125\vendor\phpunit\phpunit\src\Framework\TestSuite.php(369): PHPUnit\Framework\TestSuite-&gt;run()
#94 C:\XAMPP\htdocs\ictserve-031125\vendor\phpunit\phpunit\src\Framework\TestSuite.php(369): PHPUnit\Framework\TestSuite-&gt;run()
#95 C:\XAMPP\htdocs\ictserve-031125\vendor\phpunit\phpunit\src\TextUI\TestRunner.php(64): PHPUnit\Framework\TestSuite-&gt;run()
#96 C:\XAMPP\htdocs\ictserve-031125\vendor\phpunit\phpunit\src\TextUI\Application.php(211): PHPUnit\TextUI\TestRunner-&gt;run(Object(PHPUnit\TextUI\Configuration\Configuration), Object(PHPUnit\Runner\ResultCache\DefaultResultCache), Object(PHPUnit\Framework\TestSuite))
#97 C:\XAMPP\htdocs\ictserve-031125\vendor\phpunit\phpunit\phpunit(104): PHPUnit\TextUI\Application-&gt;run(Array)
#98 {main}

Next Illuminate\View\ViewException: Route [staff.tickets.index] not defined. (View: C:\XAMPP\htdocs\ictserve-031125\resources\views\components\layout\auth-header.blade.php) (View: C:\XAMPP\htdocs\ictserve-031125\resources\views\components\layout\auth-header.blade.php) in C:\XAMPP\htdocs\ictserve-031125\vendor\laravel\framework\src\Illuminate\Routing\UrlGenerator.php:526
Stack trace:
#0 C:\XAMPP\htdocs\ictserve-031125\vendor\livewire\livewire\src\Mechanisms\ExtendBlade\ExtendedCompilerEngine.php(58): Illuminate\View\Engines\CompilerEngine-&gt;handleViewException(Object(Illuminate\View\ViewException), 2)
#1 C:\XAMPP\htdocs\ictserve-031125\vendor\livewire\livewire\src\Mechanisms\ExtendBlade\ExtendedCompilerEngine.php(40): Livewire\Mechanisms\ExtendBlade\ExtendedCompilerEngine-&gt;handleViewException(Object(Illuminate\View\ViewException), 2)
#2 C:\XAMPP\htdocs\ictserve-031125\vendor\laravel\framework\src\Illuminate\View\Engines\CompilerEngine.php(76): Livewire\Mechanisms\ExtendBlade\ExtendedCompilerEngine-&gt;evaluatePath('C:\\XAMPP\\htdocs...', Array)
#3 C:\XAMPP\htdocs\ictserve-031125\vendor\livewire\livewire\src\Mechanisms\ExtendBlade\ExtendedCompilerEngine.php(16): Illuminate\View\Engines\CompilerEngine-&gt;get('C:\\XAMPP\\htdocs...', Array)
#4 C:\XAMPP\htdocs\ictserve-031125\vendor\laravel\framework\src\Illuminate\View\View.php(208): Livewire\Mechanisms\ExtendBlade\ExtendedCompilerEngine-&gt;get('C:\\XAMPP\\htdocs...', Array)
#5 C:\XAMPP\htdocs\ictserve-031125\vendor\laravel\framework\src\Illuminate\View\View.php(191): Illuminate\View\View-&gt;getContents()
#6 C:\XAMPP\htdocs\ictserve-031125\vendor\laravel\framework\src\Illuminate\View\View.php(160): Illuminate\View\View-&gt;renderContents()
#7 C:\XAMPP\htdocs\ictserve-031125\vendor\laravel\framework\src\Illuminate\View\Concerns\ManagesComponents.php(99): Illuminate\View\View-&gt;render()
#8 C:\XAMPP\htdocs\ictserve-031125\storage\framework\views\5c492be4e0a21e595e6f1ef8f75e0b2c.php(28): Illuminate\View\Factory-&gt;renderComponent()
#9 C:\XAMPP\htdocs\ictserve-031125\vendor\livewire\livewire\src\Mechanisms\ExtendBlade\ExtendedCompilerEngine.php(37): include('C:\\XAMPP\\htdocs...')
#10 C:\XAMPP\htdocs\ictserve-031125\vendor\livewire\livewire\src\Mechanisms\ExtendBlade\ExtendedCompilerEngine.php(38): App\Filament\Widgets\UnifiedDashboardOverview-&gt;Livewire\Mechanisms\ExtendBlade\{closure}()
#11 C:\XAMPP\htdocs\ictserve-031125\vendor\laravel\framework\src\Illuminate\View\Engines\CompilerEngine.php(76): Livewire\Mechanisms\ExtendBlade\ExtendedCompilerEngine-&gt;evaluatePath('C:\\XAMPP\\htdocs...', Array)
#12 C:\XAMPP\htdocs\ictserve-031125\vendor\livewire\livewire\src\Mechanisms\ExtendBlade\ExtendedCompilerEngine.php(16): Illuminate\View\Engines\CompilerEngine-&gt;get('C:\\XAMPP\\htdocs...', Array)
#13 C:\XAMPP\htdocs\ictserve-031125\vendor\laravel\framework\src\Illuminate\View\View.php(208): Livewire\Mechanisms\ExtendBlade\ExtendedCompilerEngine-&gt;get('C:\\XAMPP\\htdocs...', Array)
#14 C:\XAMPP\htdocs\ictserve-031125\vendor\laravel\framework\src\Illuminate\View\View.php(191): Illuminate\View\View-&gt;getContents()
#15 C:\XAMPP\htdocs\ictserve-031125\vendor\laravel\framework\src\Illuminate\View\View.php(160): Illuminate\View\View-&gt;renderContents()
#16 C:\XAMPP\htdocs\ictserve-031125\vendor\laravel\framework\src\Illuminate\Http\Response.php(78): Illuminate\View\View-&gt;render()
#17 C:\XAMPP\htdocs\ictserve-031125\vendor\laravel\framework\src\Illuminate\Http\Response.php(34): Illuminate\Http\Response-&gt;setContent(Object(Illuminate\View\View))
#18 C:\XAMPP\htdocs\ictserve-031125\vendor\laravel\framework\src\Illuminate\Routing\ResponseFactory.php(61): Illuminate\Http\Response-&gt;__construct(Object(Illuminate\View\View), 200, Array)
#19 C:\XAMPP\htdocs\ictserve-031125\vendor\laravel\framework\src\Illuminate\Routing\ResponseFactory.php(91): Illuminate\Routing\ResponseFactory-&gt;make(Object(Illuminate\View\View), 200, Array)
#20 C:\XAMPP\htdocs\ictserve-031125\vendor\laravel\framework\src\Illuminate\Routing\ViewController.php(40): Illuminate\Routing\ResponseFactory-&gt;view('dashboard', Array, 200, Array)
#21 C:\XAMPP\htdocs\ictserve-031125\vendor\laravel\framework\src\Illuminate\Routing\ViewController.php(57): Illuminate\Routing\ViewController-&gt;__invoke(view: 'dashboard', data: Array, status: 200, headers: Array)
#22 C:\XAMPP\htdocs\ictserve-031125\vendor\laravel\framework\src\Illuminate\Routing\ControllerDispatcher.php(43): Illuminate\Routing\ViewController-&gt;callAction('__invoke', Array)
#23 C:\XAMPP\htdocs\ictserve-031125\vendor\laravel\framework\src\Illuminate\Routing\Route.php(265): Illuminate\Routing\ControllerDispatcher-&gt;dispatch(Object(Illuminate\Routing\Route), Object(Illuminate\Routing\ViewController), '__invoke')
#24 C:\XAMPP\htdocs\ictserve-031125\vendor\laravel\framework\src\Illuminate\Routing\Route.php(211): Illuminate\Routing\Route-&gt;runController()
#25 C:\XAMPP\htdocs\ictserve-031125\vendor\laravel\framework\src\Illuminate\Routing\Router.php(822): Illuminate\Routing\Route-&gt;run()
#26 C:\XAMPP\htdocs\ictserve-031125\vendor\laravel\framework\src\Illuminate\Pipeline\Pipeline.php(180): Illuminate\Routing\Router-&gt;Illuminate\Routing\{closure}(Object(Illuminate\Http\Request))
#27 C:\XAMPP\htdocs\ictserve-031125\vendor\laravel\framework\src\Illuminate\Auth\Middleware\EnsureEmailIsVerified.php(41): Illuminate\Pipeline\Pipeline-&gt;Illuminate\Pipeline\{closure}(Object(Illuminate\Http\Request))
#28 C:\XAMPP\htdocs\ictserve-031125\vendor\laravel\framework\src\Illuminate\Pipeline\Pipeline.php(219): Illuminate\Auth\Middleware\EnsureEmailIsVerified-&gt;handle(Object(Illuminate\Http\Request), Object(Closure))
#29 C:\XAMPP\htdocs\ictserve-031125\vendor\laravel\framework\src\Illuminate\Routing\Middleware\SubstituteBindings.php(50): Illuminate\Pipeline\Pipeline-&gt;Illuminate\Pipeline\{closure}(Object(Illuminate\Http\Request))
#30 C:\XAMPP\htdocs\ictserve-031125\vendor\laravel\framework\src\Illuminate\Pipeline\Pipeline.php(219): Illuminate\Routing\Middleware\SubstituteBindings-&gt;handle(Object(Illuminate\Http\Request), Object(Closure))
#31 C:\XAMPP\htdocs\ictserve-031125\vendor\laravel\framework\src\Illuminate\Auth\Middleware\Authenticate.php(63): Illuminate\Pipeline\Pipeline-&gt;Illuminate\Pipeline\{closure}(Object(Illuminate\Http\Request))
#32 C:\XAMPP\htdocs\ictserve-031125\vendor\laravel\framework\src\Illuminate\Pipeline\Pipeline.php(219): Illuminate\Auth\Middleware\Authenticate-&gt;handle(Object(Illuminate\Http\Request), Object(Closure))
#33 C:\XAMPP\htdocs\ictserve-031125\vendor\laravel\framework\src\Illuminate\Foundation\Http\Middleware\VerifyCsrfToken.php(87): Illuminate\Pipeline\Pipeline-&gt;Illuminate\Pipeline\{closure}(Object(Illuminate\Http\Request))
#34 C:\XAMPP\htdocs\ictserve-031125\vendor\laravel\framework\src\Illuminate\Pipeline\Pipeline.php(219): Illuminate\Foundation\Http\Middleware\VerifyCsrfToken-&gt;handle(Object(Illuminate\Http\Request), Object(Closure))
#35 C:\XAMPP\htdocs\ictserve-031125\vendor\laravel\framework\src\Illuminate\View\Middleware\ShareErrorsFromSession.php(48): Illuminate\Pipeline\Pipeline-&gt;Illuminate\Pipeline\{closure}(Object(Illuminate\Http\Request))
#36 C:\XAMPP\htdocs\ictserve-031125\vendor\laravel\framework\src\Illuminate\Pipeline\Pipeline.php(219): Illuminate\View\Middleware\ShareErrorsFromSession-&gt;handle(Object(Illuminate\Http\Request), Object(Closure))
#37 C:\XAMPP\htdocs\ictserve-031125\vendor\laravel\framework\src\Illuminate\Session\Middleware\StartSession.php(120): Illuminate\Pipeline\Pipeline-&gt;Illuminate\Pipeline\{closure}(Object(Illuminate\Http\Request))
#38 C:\XAMPP\htdocs\ictserve-031125\vendor\laravel\framework\src\Illuminate\Session\Middleware\StartSession.php(63): Illuminate\Session\Middleware\StartSession-&gt;handleStatefulRequest(Object(Illuminate\Http\Request), Object(Illuminate\Session\Store), Object(Closure))
#39 C:\XAMPP\htdocs\ictserve-031125\vendor\laravel\framework\src\Illuminate\Pipeline\Pipeline.php(219): Illuminate\Session\Middleware\StartSession-&gt;handle(Object(Illuminate\Http\Request), Object(Closure))
#40 C:\XAMPP\htdocs\ictserve-031125\vendor\laravel\framework\src\Illuminate\Cookie\Middleware\AddQueuedCookiesToResponse.php(36): Illuminate\Pipeline\Pipeline-&gt;Illuminate\Pipeline\{closure}(Object(Illuminate\Http\Request))
#41 C:\XAMPP\htdocs\ictserve-031125\vendor\laravel\framework\src\Illuminate\Pipeline\Pipeline.php(219): Illuminate\Cookie\Middleware\AddQueuedCookiesToResponse-&gt;handle(Object(Illuminate\Http\Request), Object(Closure))
#42 C:\XAMPP\htdocs\ictserve-031125\vendor\laravel\framework\src\Illuminate\Cookie\Middleware\EncryptCookies.php(74): Illuminate\Pipeline\Pipeline-&gt;Illuminate\Pipeline\{closure}(Object(Illuminate\Http\Request))
#43 C:\XAMPP\htdocs\ictserve-031125\vendor\laravel\framework\src\Illuminate\Pipeline\Pipeline.php(219): Illuminate\Cookie\Middleware\EncryptCookies-&gt;handle(Object(Illuminate\Http\Request), Object(Closure))
#44 C:\XAMPP\htdocs\ictserve-031125\vendor\laravel\framework\src\Illuminate\Pipeline\Pipeline.php(137): Illuminate\Pipeline\Pipeline-&gt;Illuminate\Pipeline\{closure}(Object(Illuminate\Http\Request))
#45 C:\XAMPP\htdocs\ictserve-031125\vendor\laravel\framework\src\Illuminate\Routing\Router.php(821): Illuminate\Pipeline\Pipeline-&gt;then(Object(Closure))
#46 C:\XAMPP\htdocs\ictserve-031125\vendor\laravel\framework\src\Illuminate\Routing\Router.php(800): Illuminate\Routing\Router-&gt;runRouteWithinStack(Object(Illuminate\Routing\Route), Object(Illuminate\Http\Request))
#47 C:\XAMPP\htdocs\ictserve-031125\vendor\laravel\framework\src\Illuminate\Routing\Router.php(764): Illuminate\Routing\Router-&gt;runRoute(Object(Illuminate\Http\Request), Object(Illuminate\Routing\Route))
#48 C:\XAMPP\htdocs\ictserve-031125\vendor\laravel\framework\src\Illuminate\Routing\Router.php(753): Illuminate\Routing\Router-&gt;dispatchToRoute(Object(Illuminate\Http\Request))
#49 C:\XAMPP\htdocs\ictserve-031125\vendor\laravel\framework\src\Illuminate\Foundation\Http\Kernel.php(200): Illuminate\Routing\Router-&gt;dispatch(Object(Illuminate\Http\Request))
#50 C:\XAMPP\htdocs\ictserve-031125\vendor\laravel\framework\src\Illuminate\Pipeline\Pipeline.php(180): Illuminate\Foundation\Http\Kernel-&gt;Illuminate\Foundation\Http\{closure}(Object(Illuminate\Http\Request))
#51 C:\XAMPP\htdocs\ictserve-031125\vendor\livewire\livewire\src\Features\SupportDisablingBackButtonCache\DisableBackButtonCacheMiddleware.php(19): Illuminate\Pipeline\Pipeline-&gt;Illuminate\Pipeline\{closure}(Object(Illuminate\Http\Request))
#52 C:\XAMPP\htdocs\ictserve-031125\vendor\laravel\framework\src\Illuminate\Pipeline\Pipeline.php(219): Livewire\Features\SupportDisablingBackButtonCache\DisableBackButtonCacheMiddleware-&gt;handle(Object(Illuminate\Http\Request), Object(Closure))
#53 C:\XAMPP\htdocs\ictserve-031125\app\Http\Middleware\SetLocaleMiddleware.php(50): Illuminate\Pipeline\Pipeline-&gt;Illuminate\Pipeline\{closure}(Object(Illuminate\Http\Request))
#54 C:\XAMPP\htdocs\ictserve-031125\vendor\laravel\framework\src\Illuminate\Pipeline\Pipeline.php(219): App\Http\Middleware\SetLocaleMiddleware-&gt;handle(Object(Illuminate\Http\Request), Object(Closure))
#55 C:\XAMPP\htdocs\ictserve-031125\vendor\laravel\framework\src\Illuminate\Foundation\Http\Middleware\TransformsRequest.php(21): Illuminate\Pipeline\Pipeline-&gt;Illuminate\Pipeline\{closure}(Object(Illuminate\Http\Request))
#56 C:\XAMPP\htdocs\ictserve-031125\vendor\laravel\framework\src\Illuminate\Foundation\Http\Middleware\ConvertEmptyStringsToNull.php(31): Illuminate\Foundation\Http\Middleware\TransformsRequest-&gt;handle(Object(Illuminate\Http\Request), Object(Closure))
#57 C:\XAMPP\htdocs\ictserve-031125\vendor\laravel\framework\src\Illuminate\Pipeline\Pipeline.php(219): Illuminate\Foundation\Http\Middleware\ConvertEmptyStringsToNull-&gt;handle(Object(Illuminate\Http\Request), Object(Closure))
#58 C:\XAMPP\htdocs\ictserve-031125\vendor\laravel\framework\src\Illuminate\Foundation\Http\Middleware\TransformsRequest.php(21): Illuminate\Pipeline\Pipeline-&gt;Illuminate\Pipeline\{closure}(Object(Illuminate\Http\Request))
#59 C:\XAMPP\htdocs\ictserve-031125\vendor\laravel\framework\src\Illuminate\Foundation\Http\Middleware\TrimStrings.php(51): Illuminate\Foundation\Http\Middleware\TransformsRequest-&gt;handle(Object(Illuminate\Http\Request), Object(Closure))
#60 C:\XAMPP\htdocs\ictserve-031125\vendor\laravel\framework\src\Illuminate\Pipeline\Pipeline.php(219): Illuminate\Foundation\Http\Middleware\TrimStrings-&gt;handle(Object(Illuminate\Http\Request), Object(Closure))
#61 C:\XAMPP\htdocs\ictserve-031125\vendor\laravel\framework\src\Illuminate\Http\Middleware\ValidatePostSize.php(27): Illuminate\Pipeline\Pipeline-&gt;Illuminate\Pipeline\{closure}(Object(Illuminate\Http\Request))
#62 C:\XAMPP\htdocs\ictserve-031125\vendor\laravel\framework\src\Illuminate\Pipeline\Pipeline.php(219): Illuminate\Http\Middleware\ValidatePostSize-&gt;handle(Object(Illuminate\Http\Request), Object(Closure))
#63 C:\XAMPP\htdocs\ictserve-031125\vendor\laravel\framework\src\Illuminate\Foundation\Http\Middleware\PreventRequestsDuringMaintenance.php(109): Illuminate\Pipeline\Pipeline-&gt;Illuminate\Pipeline\{closure}(Object(Illuminate\Http\Request))
#64 C:\XAMPP\htdocs\ictserve-031125\vendor\laravel\framework\src\Illuminate\Pipeline\Pipeline.php(219): Illuminate\Foundation\Http\Middleware\PreventRequestsDuringMaintenance-&gt;handle(Object(Illuminate\Http\Request), Object(Closure))
#65 C:\XAMPP\htdocs\ictserve-031125\vendor\laravel\framework\src\Illuminate\Http\Middleware\HandleCors.php(48): Illuminate\Pipeline\Pipeline-&gt;Illuminate\Pipeline\{closure}(Object(Illuminate\Http\Request))
#66 C:\XAMPP\htdocs\ictserve-031125\vendor\laravel\framework\src\Illuminate\Pipeline\Pipeline.php(219): Illuminate\Http\Middleware\HandleCors-&gt;handle(Object(Illuminate\Http\Request), Object(Closure))
#67 C:\XAMPP\htdocs\ictserve-031125\vendor\laravel\framework\src\Illuminate\Http\Middleware\TrustProxies.php(58): Illuminate\Pipeline\Pipeline-&gt;Illuminate\Pipeline\{closure}(Object(Illuminate\Http\Request))
#68 C:\XAMPP\htdocs\ictserve-031125\vendor\laravel\framework\src\Illuminate\Pipeline\Pipeline.php(219): Illuminate\Http\Middleware\TrustProxies-&gt;handle(Object(Illuminate\Http\Request), Object(Closure))
#69 C:\XAMPP\htdocs\ictserve-031125\vendor\laravel\framework\src\Illuminate\Foundation\Http\Middleware\InvokeDeferredCallbacks.php(22): Illuminate\Pipeline\Pipeline-&gt;Illuminate\Pipeline\{closure}(Object(Illuminate\Http\Request))
#70 C:\XAMPP\htdocs\ictserve-031125\vendor\laravel\framework\src\Illuminate\Pipeline\Pipeline.php(219): Illuminate\Foundation\Http\Middleware\InvokeDeferredCallbacks-&gt;handle(Object(Illuminate\Http\Request), Object(Closure))
#71 C:\XAMPP\htdocs\ictserve-031125\vendor\laravel\framework\src\Illuminate\Http\Middleware\ValidatePathEncoding.php(26): Illuminate\Pipeline\Pipeline-&gt;Illuminate\Pipeline\{closure}(Object(Illuminate\Http\Request))
#72 C:\XAMPP\htdocs\ictserve-031125\vendor\laravel\framework\src\Illuminate\Pipeline\Pipeline.php(219): Illuminate\Http\Middleware\ValidatePathEncoding-&gt;handle(Object(Illuminate\Http\Request), Object(Closure))
#73 C:\XAMPP\htdocs\ictserve-031125\vendor\laravel\framework\src\Illuminate\Pipeline\Pipeline.php(137): Illuminate\Pipeline\Pipeline-&gt;Illuminate\Pipeline\{closure}(Object(Illuminate\Http\Request))
#74 C:\XAMPP\htdocs\ictserve-031125\vendor\laravel\framework\src\Illuminate\Foundation\Http\Kernel.php(175): Illuminate\Pipeline\Pipeline-&gt;then(Object(Closure))
#75 C:\XAMPP\htdocs\ictserve-031125\vendor\laravel\framework\src\Illuminate\Foundation\Http\Kernel.php(144): Illuminate\Foundation\Http\Kernel-&gt;sendRequestThroughRouter(Object(Illuminate\Http\Request))
#76 C:\XAMPP\htdocs\ictserve-031125\vendor\laravel\framework\src\Illuminate\Foundation\Testing\Concerns\MakesHttpRequests.php(607): Illuminate\Foundation\Http\Kernel-&gt;handle(Object(Illuminate\Http\Request))
#77 C:\XAMPP\htdocs\ictserve-031125\vendor\laravel\framework\src\Illuminate\Foundation\Testing\Concerns\MakesHttpRequests.php(368): Illuminate\Foundation\Testing\TestCase-&gt;call('GET', '/dashboard', Array, Array, Array, Array)
#78 C:\XAMPP\htdocs\ictserve-031125\tests\Feature\Performance\FrontendAssetPerformanceTest.php(233): Illuminate\Foundation\Testing\TestCase-&gt;get('/dashboard')
#79 C:\XAMPP\htdocs\ictserve-031125\vendor\phpunit\phpunit\src\Framework\TestCase.php(1657): Tests\Feature\Performance\FrontendAssetPerformanceTest-&gt;test_authenticated_dashboard_asset_loading()
#80 C:\XAMPP\htdocs\ictserve-031125\vendor\phpunit\phpunit\src\Framework\TestCase.php(515): PHPUnit\Framework\TestCase-&gt;runTest()
#81 C:\XAMPP\htdocs\ictserve-031125\vendor\phpunit\phpunit\src\Framework\TestRunner\TestRunner.php(87): PHPUnit\Framework\TestCase-&gt;runBare()
#82 C:\XAMPP\htdocs\ictserve-031125\vendor\phpunit\phpunit\src\Framework\TestCase.php(361): PHPUnit\Framework\TestRunner-&gt;run(Object(Tests\Feature\Performance\FrontendAssetPerformanceTest))
#83 C:\XAMPP\htdocs\ictserve-031125\vendor\phpunit\phpunit\src\Framework\TestSuite.php(369): PHPUnit\Framework\TestCase-&gt;run()
#84 C:\XAMPP\htdocs\ictserve-031125\vendor\phpunit\phpunit\src\Framework\TestSuite.php(369): PHPUnit\Framework\TestSuite-&gt;run()
#85 C:\XAMPP\htdocs\ictserve-031125\vendor\phpunit\phpunit\src\Framework\TestSuite.php(369): PHPUnit\Framework\TestSuite-&gt;run()
#86 C:\XAMPP\htdocs\ictserve-031125\vendor\phpunit\phpunit\src\TextUI\TestRunner.php(64): PHPUnit\Framework\TestSuite-&gt;run()
#87 C:\XAMPP\htdocs\ictserve-031125\vendor\phpunit\phpunit\src\TextUI\Application.php(211): PHPUnit\TextUI\TestRunner-&gt;run(Object(PHPUnit\TextUI\Configuration\Configuration), Object(PHPUnit\Runner\ResultCache\DefaultResultCache), Object(PHPUnit\Framework\TestSuite))
#88 C:\XAMPP\htdocs\ictserve-031125\vendor\phpunit\phpunit\phpunit(104): PHPUnit\TextUI\Application-&gt;run(Array)
#89 {main}

Next Illuminate\View\ViewException: Route [staff.tickets.index] not defined. (View: C:\XAMPP\htdocs\ictserve-031125\resources\views\components\layout\auth-header.blade.php) (View: C:\XAMPP\htdocs\ictserve-031125\resources\views\components\layout\auth-header.blade.php) (View: C:\XAMPP\htdocs\ictserve-031125\resources\views\components\layout\auth-header.blade.php) in C:\XAMPP\htdocs\ictserve-031125\vendor\laravel\framework\src\Illuminate\Routing\UrlGenerator.php:526
Stack trace:
#0 C:\XAMPP\htdocs\ictserve-031125\vendor\livewire\livewire\src\Mechanisms\ExtendBlade\ExtendedCompilerEngine.php(58): Illuminate\View\Engines\CompilerEngine-&gt;handleViewException(Object(Illuminate\View\ViewException), 1)
#1 C:\XAMPP\htdocs\ictserve-031125\vendor\livewire\livewire\src\Mechanisms\ExtendBlade\ExtendedCompilerEngine.php(40): Livewire\Mechanisms\ExtendBlade\ExtendedCompilerEngine-&gt;handleViewException(Object(Illuminate\View\ViewException), 1)
#2 C:\XAMPP\htdocs\ictserve-031125\vendor\laravel\framework\src\Illuminate\View\Engines\CompilerEngine.php(76): Livewire\Mechanisms\ExtendBlade\ExtendedCompilerEngine-&gt;evaluatePath('C:\\XAMPP\\htdocs...', Array)
#3 C:\XAMPP\htdocs\ictserve-031125\vendor\livewire\livewire\src\Mechanisms\ExtendBlade\ExtendedCompilerEngine.php(16): Illuminate\View\Engines\CompilerEngine-&gt;get('C:\\XAMPP\\htdocs...', Array)
#4 C:\XAMPP\htdocs\ictserve-031125\vendor\laravel\framework\src\Illuminate\View\View.php(208): Livewire\Mechanisms\ExtendBlade\ExtendedCompilerEngine-&gt;get('C:\\XAMPP\\htdocs...', Array)
#5 C:\XAMPP\htdocs\ictserve-031125\vendor\laravel\framework\src\Illuminate\View\View.php(191): Illuminate\View\View-&gt;getContents()
#6 C:\XAMPP\htdocs\ictserve-031125\vendor\laravel\framework\src\Illuminate\View\View.php(160): Illuminate\View\View-&gt;renderContents()
#7 C:\XAMPP\htdocs\ictserve-031125\vendor\laravel\framework\src\Illuminate\Http\Response.php(78): Illuminate\View\View-&gt;render()
#8 C:\XAMPP\htdocs\ictserve-031125\vendor\laravel\framework\src\Illuminate\Http\Response.php(34): Illuminate\Http\Response-&gt;setContent(Object(Illuminate\View\View))
#9 C:\XAMPP\htdocs\ictserve-031125\vendor\laravel\framework\src\Illuminate\Routing\ResponseFactory.php(61): Illuminate\Http\Response-&gt;__construct(Object(Illuminate\View\View), 200, Array)
#10 C:\XAMPP\htdocs\ictserve-031125\vendor\laravel\framework\src\Illuminate\Routing\ResponseFactory.php(91): Illuminate\Routing\ResponseFactory-&gt;make(Object(Illuminate\View\View), 200, Array)
#11 C:\XAMPP\htdocs\ictserve-031125\vendor\laravel\framework\src\Illuminate\Routing\ViewController.php(40): Illuminate\Routing\ResponseFactory-&gt;view('dashboard', Array, 200, Array)
#12 C:\XAMPP\htdocs\ictserve-031125\vendor\laravel\framework\src\Illuminate\Routing\ViewController.php(57): Illuminate\Routing\ViewController-&gt;__invoke(view: 'dashboard', data: Array, status: 200, headers: Array)
#13 C:\XAMPP\htdocs\ictserve-031125\vendor\laravel\framework\src\Illuminate\Routing\ControllerDispatcher.php(43): Illuminate\Routing\ViewController-&gt;callAction('__invoke', Array)
#14 C:\XAMPP\htdocs\ictserve-031125\vendor\laravel\framework\src\Illuminate\Routing\Route.php(265): Illuminate\Routing\ControllerDispatcher-&gt;dispatch(Object(Illuminate\Routing\Route), Object(Illuminate\Routing\ViewController), '__invoke')
#15 C:\XAMPP\htdocs\ictserve-031125\vendor\laravel\framework\src\Illuminate\Routing\Route.php(211): Illuminate\Routing\Route-&gt;runController()
#16 C:\XAMPP\htdocs\ictserve-031125\vendor\laravel\framework\src\Illuminate\Routing\Router.php(822): Illuminate\Routing\Route-&gt;run()
#17 C:\XAMPP\htdocs\ictserve-031125\vendor\laravel\framework\src\Illuminate\Pipeline\Pipeline.php(180): Illuminate\Routing\Router-&gt;Illuminate\Routing\{closure}(Object(Illuminate\Http\Request))
#18 C:\XAMPP\htdocs\ictserve-031125\vendor\laravel\framework\src\Illuminate\Auth\Middleware\EnsureEmailIsVerified.php(41): Illuminate\Pipeline\Pipeline-&gt;Illuminate\Pipeline\{closure}(Object(Illuminate\Http\Request))
#19 C:\XAMPP\htdocs\ictserve-031125\vendor\laravel\framework\src\Illuminate\Pipeline\Pipeline.php(219): Illuminate\Auth\Middleware\EnsureEmailIsVerified-&gt;handle(Object(Illuminate\Http\Request), Object(Closure))
#20 C:\XAMPP\htdocs\ictserve-031125\vendor\laravel\framework\src\Illuminate\Routing\Middleware\SubstituteBindings.php(50): Illuminate\Pipeline\Pipeline-&gt;Illuminate\Pipeline\{closure}(Object(Illuminate\Http\Request))
#21 C:\XAMPP\htdocs\ictserve-031125\vendor\laravel\framework\src\Illuminate\Pipeline\Pipeline.php(219): Illuminate\Routing\Middleware\SubstituteBindings-&gt;handle(Object(Illuminate\Http\Request), Object(Closure))
#22 C:\XAMPP\htdocs\ictserve-031125\vendor\laravel\framework\src\Illuminate\Auth\Middleware\Authenticate.php(63): Illuminate\Pipeline\Pipeline-&gt;Illuminate\Pipeline\{closure}(Object(Illuminate\Http\Request))
#23 C:\XAMPP\htdocs\ictserve-031125\vendor\laravel\framework\src\Illuminate\Pipeline\Pipeline.php(219): Illuminate\Auth\Middleware\Authenticate-&gt;handle(Object(Illuminate\Http\Request), Object(Closure))
#24 C:\XAMPP\htdocs\ictserve-031125\vendor\laravel\framework\src\Illuminate\Foundation\Http\Middleware\VerifyCsrfToken.php(87): Illuminate\Pipeline\Pipeline-&gt;Illuminate\Pipeline\{closure}(Object(Illuminate\Http\Request))
#25 C:\XAMPP\htdocs\ictserve-031125\vendor\laravel\framework\src\Illuminate\Pipeline\Pipeline.php(219): Illuminate\Foundation\Http\Middleware\VerifyCsrfToken-&gt;handle(Object(Illuminate\Http\Request), Object(Closure))
#26 C:\XAMPP\htdocs\ictserve-031125\vendor\laravel\framework\src\Illuminate\View\Middleware\ShareErrorsFromSession.php(48): Illuminate\Pipeline\Pipeline-&gt;Illuminate\Pipeline\{closure}(Object(Illuminate\Http\Request))
#27 C:\XAMPP\htdocs\ictserve-031125\vendor\laravel\framework\src\Illuminate\Pipeline\Pipeline.php(219): Illuminate\View\Middleware\ShareErrorsFromSession-&gt;handle(Object(Illuminate\Http\Request), Object(Closure))
#28 C:\XAMPP\htdocs\ictserve-031125\vendor\laravel\framework\src\Illuminate\Session\Middleware\StartSession.php(120): Illuminate\Pipeline\Pipeline-&gt;Illuminate\Pipeline\{closure}(Object(Illuminate\Http\Request))
#29 C:\XAMPP\htdocs\ictserve-031125\vendor\laravel\framework\src\Illuminate\Session\Middleware\StartSession.php(63): Illuminate\Session\Middleware\StartSession-&gt;handleStatefulRequest(Object(Illuminate\Http\Request), Object(Illuminate\Session\Store), Object(Closure))
#30 C:\XAMPP\htdocs\ictserve-031125\vendor\laravel\framework\src\Illuminate\Pipeline\Pipeline.php(219): Illuminate\Session\Middleware\StartSession-&gt;handle(Object(Illuminate\Http\Request), Object(Closure))
#31 C:\XAMPP\htdocs\ictserve-031125\vendor\laravel\framework\src\Illuminate\Cookie\Middleware\AddQueuedCookiesToResponse.php(36): Illuminate\Pipeline\Pipeline-&gt;Illuminate\Pipeline\{closure}(Object(Illuminate\Http\Request))
#32 C:\XAMPP\htdocs\ictserve-031125\vendor\laravel\framework\src\Illuminate\Pipeline\Pipeline.php(219): Illuminate\Cookie\Middleware\AddQueuedCookiesToResponse-&gt;handle(Object(Illuminate\Http\Request), Object(Closure))
#33 C:\XAMPP\htdocs\ictserve-031125\vendor\laravel\framework\src\Illuminate\Cookie\Middleware\EncryptCookies.php(74): Illuminate\Pipeline\Pipeline-&gt;Illuminate\Pipeline\{closure}(Object(Illuminate\Http\Request))
#34 C:\XAMPP\htdocs\ictserve-031125\vendor\laravel\framework\src\Illuminate\Pipeline\Pipeline.php(219): Illuminate\Cookie\Middleware\EncryptCookies-&gt;handle(Object(Illuminate\Http\Request), Object(Closure))
#35 C:\XAMPP\htdocs\ictserve-031125\vendor\laravel\framework\src\Illuminate\Pipeline\Pipeline.php(137): Illuminate\Pipeline\Pipeline-&gt;Illuminate\Pipeline\{closure}(Object(Illuminate\Http\Request))
#36 C:\XAMPP\htdocs\ictserve-031125\vendor\laravel\framework\src\Illuminate\Routing\Router.php(821): Illuminate\Pipeline\Pipeline-&gt;then(Object(Closure))
#37 C:\XAMPP\htdocs\ictserve-031125\vendor\laravel\framework\src\Illuminate\Routing\Router.php(800): Illuminate\Routing\Router-&gt;runRouteWithinStack(Object(Illuminate\Routing\Route), Object(Illuminate\Http\Request))
#38 C:\XAMPP\htdocs\ictserve-031125\vendor\laravel\framework\src\Illuminate\Routing\Router.php(764): Illuminate\Routing\Router-&gt;runRoute(Object(Illuminate\Http\Request), Object(Illuminate\Routing\Route))
#39 C:\XAMPP\htdocs\ictserve-031125\vendor\laravel\framework\src\Illuminate\Routing\Router.php(753): Illuminate\Routing\Router-&gt;dispatchToRoute(Object(Illuminate\Http\Request))
#40 C:\XAMPP\htdocs\ictserve-031125\vendor\laravel\framework\src\Illuminate\Foundation\Http\Kernel.php(200): Illuminate\Routing\Router-&gt;dispatch(Object(Illuminate\Http\Request))
#41 C:\XAMPP\htdocs\ictserve-031125\vendor\laravel\framework\src\Illuminate\Pipeline\Pipeline.php(180): Illuminate\Foundation\Http\Kernel-&gt;Illuminate\Foundation\Http\{closure}(Object(Illuminate\Http\Request))
#42 C:\XAMPP\htdocs\ictserve-031125\vendor\livewire\livewire\src\Features\SupportDisablingBackButtonCache\DisableBackButtonCacheMiddleware.php(19): Illuminate\Pipeline\Pipeline-&gt;Illuminate\Pipeline\{closure}(Object(Illuminate\Http\Request))
#43 C:\XAMPP\htdocs\ictserve-031125\vendor\laravel\framework\src\Illuminate\Pipeline\Pipeline.php(219): Livewire\Features\SupportDisablingBackButtonCache\DisableBackButtonCacheMiddleware-&gt;handle(Object(Illuminate\Http\Request), Object(Closure))
#44 C:\XAMPP\htdocs\ictserve-031125\app\Http\Middleware\SetLocaleMiddleware.php(50): Illuminate\Pipeline\Pipeline-&gt;Illuminate\Pipeline\{closure}(Object(Illuminate\Http\Request))
#45 C:\XAMPP\htdocs\ictserve-031125\vendor\laravel\framework\src\Illuminate\Pipeline\Pipeline.php(219): App\Http\Middleware\SetLocaleMiddleware-&gt;handle(Object(Illuminate\Http\Request), Object(Closure))
#46 C:\XAMPP\htdocs\ictserve-031125\vendor\laravel\framework\src\Illuminate\Foundation\Http\Middleware\TransformsRequest.php(21): Illuminate\Pipeline\Pipeline-&gt;Illuminate\Pipeline\{closure}(Object(Illuminate\Http\Request))
#47 C:\XAMPP\htdocs\ictserve-031125\vendor\laravel\framework\src\Illuminate\Foundation\Http\Middleware\ConvertEmptyStringsToNull.php(31): Illuminate\Foundation\Http\Middleware\TransformsRequest-&gt;handle(Object(Illuminate\Http\Request), Object(Closure))
#48 C:\XAMPP\htdocs\ictserve-031125\vendor\laravel\framework\src\Illuminate\Pipeline\Pipeline.php(219): Illuminate\Foundation\Http\Middleware\ConvertEmptyStringsToNull-&gt;handle(Object(Illuminate\Http\Request), Object(Closure))
#49 C:\XAMPP\htdocs\ictserve-031125\vendor\laravel\framework\src\Illuminate\Foundation\Http\Middleware\TransformsRequest.php(21): Illuminate\Pipeline\Pipeline-&gt;Illuminate\Pipeline\{closure}(Object(Illuminate\Http\Request))
#50 C:\XAMPP\htdocs\ictserve-031125\vendor\laravel\framework\src\Illuminate\Foundation\Http\Middleware\TrimStrings.php(51): Illuminate\Foundation\Http\Middleware\TransformsRequest-&gt;handle(Object(Illuminate\Http\Request), Object(Closure))
#51 C:\XAMPP\htdocs\ictserve-031125\vendor\laravel\framework\src\Illuminate\Pipeline\Pipeline.php(219): Illuminate\Foundation\Http\Middleware\TrimStrings-&gt;handle(Object(Illuminate\Http\Request), Object(Closure))
#52 C:\XAMPP\htdocs\ictserve-031125\vendor\laravel\framework\src\Illuminate\Http\Middleware\ValidatePostSize.php(27): Illuminate\Pipeline\Pipeline-&gt;Illuminate\Pipeline\{closure}(Object(Illuminate\Http\Request))
#53 C:\XAMPP\htdocs\ictserve-031125\vendor\laravel\framework\src\Illuminate\Pipeline\Pipeline.php(219): Illuminate\Http\Middleware\ValidatePostSize-&gt;handle(Object(Illuminate\Http\Request), Object(Closure))
#54 C:\XAMPP\htdocs\ictserve-031125\vendor\laravel\framework\src\Illuminate\Foundation\Http\Middleware\PreventRequestsDuringMaintenance.php(109): Illuminate\Pipeline\Pipeline-&gt;Illuminate\Pipeline\{closure}(Object(Illuminate\Http\Request))
#55 C:\XAMPP\htdocs\ictserve-031125\vendor\laravel\framework\src\Illuminate\Pipeline\Pipeline.php(219): Illuminate\Foundation\Http\Middleware\PreventRequestsDuringMaintenance-&gt;handle(Object(Illuminate\Http\Request), Object(Closure))
#56 C:\XAMPP\htdocs\ictserve-031125\vendor\laravel\framework\src\Illuminate\Http\Middleware\HandleCors.php(48): Illuminate\Pipeline\Pipeline-&gt;Illuminate\Pipeline\{closure}(Object(Illuminate\Http\Request))
#57 C:\XAMPP\htdocs\ictserve-031125\vendor\laravel\framework\src\Illuminate\Pipeline\Pipeline.php(219): Illuminate\Http\Middleware\HandleCors-&gt;handle(Object(Illuminate\Http\Request), Object(Closure))
#58 C:\XAMPP\htdocs\ictserve-031125\vendor\laravel\framework\src\Illuminate\Http\Middleware\TrustProxies.php(58): Illuminate\Pipeline\Pipeline-&gt;Illuminate\Pipeline\{closure}(Object(Illuminate\Http\Request))
#59 C:\XAMPP\htdocs\ictserve-031125\vendor\laravel\framework\src\Illuminate\Pipeline\Pipeline.php(219): Illuminate\Http\Middleware\TrustProxies-&gt;handle(Object(Illuminate\Http\Request), Object(Closure))
#60 C:\XAMPP\htdocs\ictserve-031125\vendor\laravel\framework\src\Illuminate\Foundation\Http\Middleware\InvokeDeferredCallbacks.php(22): Illuminate\Pipeline\Pipeline-&gt;Illuminate\Pipeline\{closure}(Object(Illuminate\Http\Request))
#61 C:\XAMPP\htdocs\ictserve-031125\vendor\laravel\framework\src\Illuminate\Pipeline\Pipeline.php(219): Illuminate\Foundation\Http\Middleware\InvokeDeferredCallbacks-&gt;handle(Object(Illuminate\Http\Request), Object(Closure))
#62 C:\XAMPP\htdocs\ictserve-031125\vendor\laravel\framework\src\Illuminate\Http\Middleware\ValidatePathEncoding.php(26): Illuminate\Pipeline\Pipeline-&gt;Illuminate\Pipeline\{closure}(Object(Illuminate\Http\Request))
#63 C:\XAMPP\htdocs\ictserve-031125\vendor\laravel\framework\src\Illuminate\Pipeline\Pipeline.php(219): Illuminate\Http\Middleware\ValidatePathEncoding-&gt;handle(Object(Illuminate\Http\Request), Object(Closure))
#64 C:\XAMPP\htdocs\ictserve-031125\vendor\laravel\framework\src\Illuminate\Pipeline\Pipeline.php(137): Illuminate\Pipeline\Pipeline-&gt;Illuminate\Pipeline\{closure}(Object(Illuminate\Http\Request))
#65 C:\XAMPP\htdocs\ictserve-031125\vendor\laravel\framework\src\Illuminate\Foundation\Http\Kernel.php(175): Illuminate\Pipeline\Pipeline-&gt;then(Object(Closure))
#66 C:\XAMPP\htdocs\ictserve-031125\vendor\laravel\framework\src\Illuminate\Foundation\Http\Kernel.php(144): Illuminate\Foundation\Http\Kernel-&gt;sendRequestThroughRouter(Object(Illuminate\Http\Request))
#67 C:\XAMPP\htdocs\ictserve-031125\vendor\laravel\framework\src\Illuminate\Foundation\Testing\Concerns\MakesHttpRequests.php(607): Illuminate\Foundation\Http\Kernel-&gt;handle(Object(Illuminate\Http\Request))
#68 C:\XAMPP\htdocs\ictserve-031125\vendor\laravel\framework\src\Illuminate\Foundation\Testing\Concerns\MakesHttpRequests.php(368): Illuminate\Foundation\Testing\TestCase-&gt;call('GET', '/dashboard', Array, Array, Array, Array)
#69 C:\XAMPP\htdocs\ictserve-031125\tests\Feature\Performance\FrontendAssetPerformanceTest.php(233): Illuminate\Foundation\Testing\TestCase-&gt;get('/dashboard')
#70 C:\XAMPP\htdocs\ictserve-031125\vendor\phpunit\phpunit\src\Framework\TestCase.php(1657): Tests\Feature\Performance\FrontendAssetPerformanceTest-&gt;test_authenticated_dashboard_asset_loading()
#71 C:\XAMPP\htdocs\ictserve-031125\vendor\phpunit\phpunit\src\Framework\TestCase.php(515): PHPUnit\Framework\TestCase-&gt;runTest()
#72 C:\XAMPP\htdocs\ictserve-031125\vendor\phpunit\phpunit\src\Framework\TestRunner\TestRunner.php(87): PHPUnit\Framework\TestCase-&gt;runBare()
#73 C:\XAMPP\htdocs\ictserve-031125\vendor\phpunit\phpunit\src\Framework\TestCase.php(361): PHPUnit\Framework\TestRunner-&gt;run(Object(Tests\Feature\Performance\FrontendAssetPerformanceTest))
#74 C:\XAMPP\htdocs\ictserve-031125\vendor\phpunit\phpunit\src\Framework\TestSuite.php(369): PHPUnit\Framework\TestCase-&gt;run()
#75 C:\XAMPP\htdocs\ictserve-031125\vendor\phpunit\phpunit\src\Framework\TestSuite.php(369): PHPUnit\Framework\TestSuite-&gt;run()
#76 C:\XAMPP\htdocs\ictserve-031125\vendor\phpunit\phpunit\src\Framework\TestSuite.php(369): PHPUnit\Framework\TestSuite-&gt;run()
#77 C:\XAMPP\htdocs\ictserve-031125\vendor\phpunit\phpunit\src\TextUI\TestRunner.php(64): PHPUnit\Framework\TestSuite-&gt;run()
#78 C:\XAMPP\htdocs\ictserve-031125\vendor\phpunit\phpunit\src\TextUI\Application.php(211): PHPUnit\TextUI\TestRunner-&gt;run(Object(PHPUnit\TextUI\Configuration\Configuration), Object(PHPUnit\Runner\ResultCache\DefaultResultCache), Object(PHPUnit\Framework\TestSuite))
#79 C:\XAMPP\htdocs\ictserve-031125\vendor\phpunit\phpunit\phpunit(104): PHPUnit\TextUI\Application-&gt;run(Array)
#80 {main}

----------------------------------------------------------------------------------

Route [staff.tickets.index] not defined. (View: C:\XAMPP\htdocs\ictserve-031125\resources\views\components\layout\auth-header.blade.php) (View: C:\XAMPP\htdocs\ictserve-031125\resources\views\components\layout\auth-header.blade.php) (View: C:\XAMPP\htdocs\ictserve-031125\resources\views\components\layout\auth-header.blade.php)
&#13;
C:\XAMPP\htdocs\ictserve-031125\vendor\laravel\framework\src\Illuminate\Testing\TestResponseAssert.php:45
C:\XAMPP\htdocs\ictserve-031125\vendor\laravel\framework\src\Illuminate\Testing\TestResponse.php:174
C:\XAMPP\htdocs\ictserve-031125\vendor\laravel\framework\src\Illuminate\Testing\Concerns\AssertsStatusCodes.php:16
C:\XAMPP\htdocs\ictserve-031125\tests\Feature\Performance\FrontendAssetPerformanceTest.php:237</failure>
        </testcase>
        <testcase name="test_filament_admin_asset_loading" file="C:\XAMPP\htdocs\ictserve-031125\tests\Feature\Performance\FrontendAssetPerformanceTest.php" line="248" class="Tests\Feature\Performance\FrontendAssetPerformanceTest" classname="Tests.Feature.Performance.FrontendAssetPerformanceTest" assertions="0" time="1.524499">
          <error type="Spatie\Permission\Exceptions\RoleDoesNotExist">Tests\Feature\Performance\FrontendAssetPerformanceTest::test_filament_admin_asset_loading&#13;
Spatie\Permission\Exceptions\RoleDoesNotExist: There is no role named `admin` for guard `web`.
&#13;
C:\XAMPP\htdocs\ictserve-031125\vendor\spatie\laravel-permission\src\Exceptions\RoleDoesNotExist.php:11
C:\XAMPP\htdocs\ictserve-031125\vendor\spatie\laravel-permission\src\Models\Role.php:111
C:\XAMPP\htdocs\ictserve-031125\vendor\spatie\laravel-permission\src\Traits\HasRoles.php:419
C:\XAMPP\htdocs\ictserve-031125\vendor\spatie\laravel-permission\src\Traits\HasRoles.php:131
C:\XAMPP\htdocs\ictserve-031125\vendor\laravel\framework\src\Illuminate\Collections\Traits\EnumeratesValues.php:825
C:\XAMPP\htdocs\ictserve-031125\vendor\spatie\laravel-permission\src\Traits\HasRoles.php:126
C:\XAMPP\htdocs\ictserve-031125\vendor\spatie\laravel-permission\src\Traits\HasRoles.php:150
C:\XAMPP\htdocs\ictserve-031125\tests\Feature\Performance\FrontendAssetPerformanceTest.php:251</error>
        </testcase>
        <testcase name="test_image_optimization_attributes" file="C:\XAMPP\htdocs\ictserve-031125\tests\Feature\Performance\FrontendAssetPerformanceTest.php" line="276" class="Tests\Feature\Performance\FrontendAssetPerformanceTest" classname="Tests.Feature.Performance.FrontendAssetPerformanceTest" assertions="1" time="1.780832"/>
        <testcase name="test_font_loading_optimization" file="C:\XAMPP\htdocs\ictserve-031125\tests\Feature\Performance\FrontendAssetPerformanceTest.php" line="301" class="Tests\Feature\Performance\FrontendAssetPerformanceTest" classname="Tests.Feature.Performance.FrontendAssetPerformanceTest" assertions="2" time="1.996192">
          <failure type="PHPUnit\Framework\ExpectationFailedException">Tests\Feature\Performance\FrontendAssetPerformanceTest::test_font_loading_optimization&#13;
Fonts should be optimized with font-display or preloading to prevent CLS
Failed asserting that false is true.
&#13;
C:\XAMPP\htdocs\ictserve-031125\tests\Feature\Performance\FrontendAssetPerformanceTest.php:316</failure>
        </testcase>
        <testcase name="test_asset_compression_headers" file="C:\XAMPP\htdocs\ictserve-031125\tests\Feature\Performance\FrontendAssetPerformanceTest.php" line="328" class="Tests\Feature\Performance\FrontendAssetPerformanceTest" classname="Tests.Feature.Performance.FrontendAssetPerformanceTest" assertions="1" time="1.712620">
          <skipped/>
        </testcase>
        <testcase name="test_resource_hints_present" file="C:\XAMPP\htdocs\ictserve-031125\tests\Feature\Performance\FrontendAssetPerformanceTest.php" line="358" class="Tests\Feature\Performance\FrontendAssetPerformanceTest" classname="Tests.Feature.Performance.FrontendAssetPerformanceTest" assertions="1" time="1.503113"/>
        <testcase name="test_bundle_splitting_configuration" file="C:\XAMPP\htdocs\ictserve-031125\tests\Feature\Performance\FrontendAssetPerformanceTest.php" line="384" class="Tests\Feature\Performance\FrontendAssetPerformanceTest" classname="Tests.Feature.Performance.FrontendAssetPerformanceTest" assertions="1" time="1.533236">
          <failure type="PHPUnit\Framework\ExpectationFailedException">Tests\Feature\Performance\FrontendAssetPerformanceTest::test_bundle_splitting_configuration&#13;
Consider implementing code splitting for better performance (vendor chunks, lazy loading)
Failed asserting that 1 is greater than 1.
&#13;
C:\XAMPP\htdocs\ictserve-031125\tests\Feature\Performance\FrontendAssetPerformanceTest.php:397</failure>
        </testcase>
        <testcase name="test_css_purging_effectiveness" file="C:\XAMPP\htdocs\ictserve-031125\tests\Feature\Performance\FrontendAssetPerformanceTest.php" line="409" class="Tests\Feature\Performance\FrontendAssetPerformanceTest" classname="Tests.Feature.Performance.FrontendAssetPerformanceTest" assertions="2" time="1.631988">
          <failure type="PHPUnit\Framework\ExpectationFailedException">Tests\Feature\Performance\FrontendAssetPerformanceTest::test_css_purging_effectiveness&#13;
CSS should be minified (excessive whitespace detected)
Failed asserting that 0 is false.
&#13;
C:\XAMPP\htdocs\ictserve-031125\tests\Feature\Performance\FrontendAssetPerformanceTest.php:422</failure>
        </testcase>
        <testcase name="test_performance_budget_compliance" file="C:\XAMPP\htdocs\ictserve-031125\tests\Feature\Performance\FrontendAssetPerformanceTest.php" line="441" class="Tests\Feature\Performance\FrontendAssetPerformanceTest" classname="Tests.Feature.Performance.FrontendAssetPerformanceTest" assertions="1" time="1.578375"/>
      </testsuite>
      <testsuite name="Tests\Feature\Performance\LivewireOptimizationTest" file="C:\XAMPP\htdocs\ictserve-031125\tests\Feature\Performance\LivewireOptimizationTest.php" tests="18" assertions="17" errors="4" failures="3" skipped="2" time="34.955038">
        <testcase name="test_guest_loan_application_uses_debouncing" file="C:\XAMPP\htdocs\ictserve-031125\tests\Feature\Performance\LivewireOptimizationTest.php" line="46" class="Tests\Feature\Performance\LivewireOptimizationTest" classname="Tests.Feature.Performance.LivewireOptimizationTest" assertions="2" time="2.479884"/>
        <testcase name="test_component_uses_lazy_loading" file="C:\XAMPP\htdocs\ictserve-031125\tests\Feature\Performance\LivewireOptimizationTest.php" line="71" class="Tests\Feature\Performance\LivewireOptimizationTest" classname="Tests.Feature.Performance.LivewireOptimizationTest" assertions="1" time="2.570139">
          <error type="Livewire\Exceptions\MethodNotFoundException">Tests\Feature\Performance\LivewireOptimizationTest::test_component_uses_lazy_loading&#13;
Livewire\Exceptions\MethodNotFoundException: Unable to call component method. Public method [loadAssetCategories] not found on component
&#13;
C:\XAMPP\htdocs\ictserve-031125\vendor\livewire\livewire\src\Mechanisms\HandleComponents\HandleComponents.php:488
C:\XAMPP\htdocs\ictserve-031125\vendor\livewire\livewire\src\Mechanisms\HandleComponents\HandleComponents.php:101
C:\XAMPP\htdocs\ictserve-031125\vendor\livewire\livewire\src\LivewireManager.php:102
C:\XAMPP\htdocs\ictserve-031125\vendor\livewire\volt\src\LivewireManager.php:35
C:\XAMPP\htdocs\ictserve-031125\vendor\livewire\livewire\src\Mechanisms\HandleRequests\HandleRequests.php:94
C:\XAMPP\htdocs\ictserve-031125\vendor\laravel\framework\src\Illuminate\Routing\ControllerDispatcher.php:46
C:\XAMPP\htdocs\ictserve-031125\vendor\laravel\framework\src\Illuminate\Routing\Route.php:265
C:\XAMPP\htdocs\ictserve-031125\vendor\laravel\framework\src\Illuminate\Routing\Route.php:211
C:\XAMPP\htdocs\ictserve-031125\vendor\laravel\framework\src\Illuminate\Routing\Router.php:822
C:\XAMPP\htdocs\ictserve-031125\vendor\laravel\framework\src\Illuminate\Pipeline\Pipeline.php:180
C:\XAMPP\htdocs\ictserve-031125\vendor\laravel\framework\src\Illuminate\Pipeline\Pipeline.php:137
C:\XAMPP\htdocs\ictserve-031125\vendor\laravel\framework\src\Illuminate\Routing\Router.php:821
C:\XAMPP\htdocs\ictserve-031125\vendor\laravel\framework\src\Illuminate\Routing\Router.php:800
C:\XAMPP\htdocs\ictserve-031125\vendor\laravel\framework\src\Illuminate\Routing\Router.php:764
C:\XAMPP\htdocs\ictserve-031125\vendor\laravel\framework\src\Illuminate\Routing\Router.php:753
C:\XAMPP\htdocs\ictserve-031125\vendor\laravel\framework\src\Illuminate\Foundation\Http\Kernel.php:200
C:\XAMPP\htdocs\ictserve-031125\vendor\laravel\framework\src\Illuminate\Pipeline\Pipeline.php:180
C:\XAMPP\htdocs\ictserve-031125\vendor\laravel\framework\src\Illuminate\Pipeline\Pipeline.php:137
C:\XAMPP\htdocs\ictserve-031125\vendor\laravel\framework\src\Illuminate\Foundation\Http\Kernel.php:175
C:\XAMPP\htdocs\ictserve-031125\vendor\laravel\framework\src\Illuminate\Foundation\Http\Kernel.php:144
C:\XAMPP\htdocs\ictserve-031125\vendor\laravel\framework\src\Illuminate\Foundation\Testing\Concerns\MakesHttpRequests.php:607
C:\XAMPP\htdocs\ictserve-031125\vendor\livewire\livewire\src\Features\SupportTesting\SubsequentRender.php:36
C:\XAMPP\htdocs\ictserve-031125\vendor\livewire\livewire\src\Features\SupportTesting\RequestBroker.php:30
C:\XAMPP\htdocs\ictserve-031125\vendor\livewire\livewire\src\Features\SupportTesting\SubsequentRender.php:35
C:\XAMPP\htdocs\ictserve-031125\vendor\livewire\livewire\src\Features\SupportTesting\Render.php:24
C:\XAMPP\htdocs\ictserve-031125\vendor\livewire\livewire\src\Features\SupportTesting\SubsequentRender.php:34
C:\XAMPP\htdocs\ictserve-031125\vendor\livewire\livewire\src\Features\SupportTesting\SubsequentRender.php:16
C:\XAMPP\htdocs\ictserve-031125\vendor\livewire\livewire\src\Features\SupportTesting\Testable.php:252
C:\XAMPP\htdocs\ictserve-031125\vendor\livewire\livewire\src\Features\SupportTesting\Testable.php:219
C:\XAMPP\htdocs\ictserve-031125\tests\Feature\Performance\LivewireOptimizationTest.php:85</error>
        </testcase>
        <testcase name="test_component_prevents_n_plus_one_queries" file="C:\XAMPP\htdocs\ictserve-031125\tests\Feature\Performance\LivewireOptimizationTest.php" line="100" class="Tests\Feature\Performance\LivewireOptimizationTest" classname="Tests.Feature.Performance.LivewireOptimizationTest" assertions="2" time="2.981885"/>
        <testcase name="test_component_uses_computed_properties" file="C:\XAMPP\htdocs\ictserve-031125\tests\Feature\Performance\LivewireOptimizationTest.php" line="139" class="Tests\Feature\Performance\LivewireOptimizationTest" classname="Tests.Feature.Performance.LivewireOptimizationTest" assertions="2" time="2.211199">
          <failure type="PHPUnit\Framework\ExpectationFailedException">Tests\Feature\Performance\LivewireOptimizationTest::test_component_uses_computed_properties&#13;
Computed properties may not be caching effectively
Failed asserting that 6 is equal to 2 or is less than 2.
&#13;
C:\XAMPP\htdocs\ictserve-031125\tests\Feature\Performance\LivewireOptimizationTest.php:158</failure>
        </testcase>
        <testcase name="test_component_handles_loading_states" file="C:\XAMPP\htdocs\ictserve-031125\tests\Feature\Performance\LivewireOptimizationTest.php" line="172" class="Tests\Feature\Performance\LivewireOptimizationTest" classname="Tests.Feature.Performance.LivewireOptimizationTest" assertions="1" time="1.665732">
          <failure type="PHPUnit\Framework\ExpectationFailedException">Tests\Feature\Performance\LivewireOptimizationTest::test_component_handles_loading_states&#13;
Component should have wire:loading directives for better UX
Failed asserting that '&lt;div wire:snapshot="{&amp;quot;data&amp;quot;:{&amp;quot;currentStep&amp;quot;:1,&amp;quot;submitting&amp;quot;:false,&amp;quot;form&amp;quot;:[{&amp;quot;applicant_name&amp;quot;:&amp;quot;&amp;quot;,&amp;quot;position&amp;quot;:&amp;quot;&amp;quot;,&amp;quot;phone&amp;quot;:&amp;quot;&amp;quot;,&amp;quot;division_id&amp;quot;:null,&amp;quot;purpose&amp;quot;:&amp;quot;&amp;quot;,&amp;quot;location&amp;quot;:&amp;quot;&amp;quot;,&amp;quot;loan_start_date&amp;quot;:&amp;quot;2025-11-06&amp;quot;,&amp;quot;loan_end_date&amp;quot;:&amp;quot;2025-11-12&amp;quot;,&amp;quot;is_responsible_officer&amp;quot;:false,&amp;quot;responsible_officer_name&amp;quot;:&amp;quot;&amp;quot;,&amp;quot;responsible_officer_position&amp;quot;:&amp;quot;&amp;quot;,&amp;quot;responsible_officer_phone&amp;quot;:&amp;quot;&amp;quot;,&amp;quot;equipment_items&amp;quot;:[[[{&amp;quot;equipment_type&amp;quot;:&amp;quot;&amp;quot;,&amp;quot;quantity&amp;quot;:1,&amp;quot;notes&amp;quot;:&amp;quot;&amp;quot;},{&amp;quot;s&amp;quot;:&amp;quot;arr&amp;quot;}]],{&amp;quot;s&amp;quot;:&amp;quot;arr&amp;quot;}],&amp;quot;applicant_signature&amp;quot;:&amp;quot;&amp;quot;,&amp;quot;accept_terms&amp;quot;:false},{&amp;quot;s&amp;quot;:&amp;quot;arr&amp;quot;}]},&amp;quot;memo&amp;quot;:{&amp;quot;id&amp;quot;:&amp;quot;9oGnCEXqAvE4lawk3TsN&amp;quot;,&amp;quot;name&amp;quot;:&amp;quot;guest-loan-application&amp;quot;,&amp;quot;path&amp;quot;:&amp;quot;livewire-unit-test-endpoint\/rKYk9IUYK32lLgyfpDpS&amp;quot;,&amp;quot;method&amp;quot;:&amp;quot;GET&amp;quot;,&amp;quot;children&amp;quot;:[],&amp;quot;scripts&amp;quot;:[],&amp;quot;assets&amp;quot;:[],&amp;quot;errors&amp;quot;:[],&amp;quot;locale&amp;quot;:&amp;quot;ms&amp;quot;},&amp;quot;checksum&amp;quot;:&amp;quot;58f527e8277a29faca19f68a9b3708c194d169af3c67d69b0b8893cb00ef3abf&amp;quot;}" wire:effects="{&amp;quot;partials&amp;quot;:[]}" wire:id="9oGnCEXqAvE4lawk3TsN" class="min-h-screen bg-gray-50 py-8"&gt;\n
    &lt;div class="max-w-4xl mx-auto px-4 sm:px-6 lg:px-8"&gt;\n
        \n
        &lt;div class="bg-white rounded-lg shadow-md mb-6 overflow-hidden"&gt;\n
            &lt;div class="bg-gray-700 px-6 py-4 flex items-center justify-between"&gt;\n
                &lt;div class="flex items-center space-x-4"&gt;\n
                    &lt;div class="bg-danger w-16 h-16 flex items-center justify-center rounded"&gt;\n
                        &lt;span class="text-white font-bold text-xl"&gt;BPM&lt;/span&gt;\n
                    &lt;/div&gt;\n
                    &lt;div class="text-white"&gt;\n
                        &lt;h1 class="text-xl font-bold"&gt;Borang Permohonan Pinjaman Peralatan ICT&lt;/h1&gt;\n
                        &lt;p class="text-sm text-gray-300"&gt;Untuk Kegunaan Rasmi Kementerian Pelancongan, Seni dan Budaya&lt;/p&gt;\n
                    &lt;/div&gt;\n
                &lt;/div&gt;\n
                &lt;div class="text-white text-right"&gt;\n
                    &lt;div class="text-2xl font-bold"&gt;BORANG 1&lt;/div&gt;\n
                    &lt;div class="text-sm"&gt;daripada 4 muka surat&lt;/div&gt;\n
                &lt;/div&gt;\n
            &lt;/div&gt;\n
        &lt;/div&gt;\n
\n
        \n
        &lt;div class="mb-8"&gt;\n
            &lt;div class="flex items-center justify-between"&gt;\n
                &lt;!--[if BLOCK]&gt;&lt;![endif]--&gt;                    &lt;div class="flex-1 mr-2"&gt;\n
                        &lt;div class="relative"&gt;\n
                            &lt;div class="h-2 rounded-full bg-blue-600"&gt;\n
                            &lt;/div&gt;\n
                            &lt;div class="absolute -top-8 left-1/2 transform -translate-x-1/2 text-center"&gt;\n
                                &lt;div\n
                                    class="w-8 h-8 rounded-full flex items-center justify-center text-sm font-medium\n
                                    bg-blue-600 text-white"&gt;\n
                                    1\n
                                &lt;/div&gt;\n
                                &lt;p class="text-xs mt-1 text-gray-600"&gt;Maklumat Pemohon&lt;/p&gt;\n
                            &lt;/div&gt;\n
                        &lt;/div&gt;\n
                    &lt;/div&gt;\n
                                    &lt;div class="flex-1 mr-2"&gt;\n
                        &lt;div class="relative"&gt;\n
                            &lt;div class="h-2 rounded-full bg-gray-300"&gt;\n
                            &lt;/div&gt;\n
                            &lt;div class="absolute -top-8 left-1/2 transform -translate-x-1/2 text-center"&gt;\n
                                &lt;div\n
                                    class="w-8 h-8 rounded-full flex items-center justify-center text-sm font-medium\n
                                    bg-gray-300 text-gray-600"&gt;\n
                                    2\n
                                &lt;/div&gt;\n
                                &lt;p class="text-xs mt-1 text-gray-600"&gt;Pegawai Bertanggungjawab&lt;/p&gt;\n
                            &lt;/div&gt;\n
                        &lt;/div&gt;\n
                    &lt;/div&gt;\n
                                    &lt;div class="flex-1 mr-2"&gt;\n
                        &lt;div class="relative"&gt;\n
                            &lt;div class="h-2 rounded-full bg-gray-300"&gt;\n
                            &lt;/div&gt;\n
                            &lt;div class="absolute -top-8 left-1/2 transform -translate-x-1/2 text-center"&gt;\n
                                &lt;div\n
                                    class="w-8 h-8 rounded-full flex items-center justify-center text-sm font-medium\n
                                    bg-gray-300 text-gray-600"&gt;\n
                                    3\n
                                &lt;/div&gt;\n
                                &lt;p class="text-xs mt-1 text-gray-600"&gt;Senarai Peralatan&lt;/p&gt;\n
                            &lt;/div&gt;\n
                        &lt;/div&gt;\n
                    &lt;/div&gt;\n
                                    &lt;div class="flex-1 "&gt;\n
                        &lt;div class="relative"&gt;\n
                            &lt;div class="h-2 rounded-full bg-gray-300"&gt;\n
                            &lt;/div&gt;\n
                            &lt;div class="absolute -top-8 left-1/2 transform -translate-x-1/2 text-center"&gt;\n
                                &lt;div\n
                                    class="w-8 h-8 rounded-full flex items-center justify-center text-sm font-medium\n
                                    bg-gray-300 text-gray-600"&gt;\n
                                    4\n
                                &lt;/div&gt;\n
                                &lt;p class="text-xs mt-1 text-gray-600"&gt;Pengesahan&lt;/p&gt;\n
                            &lt;/div&gt;\n
                        &lt;/div&gt;\n
                    &lt;/div&gt;\n
                &lt;!--[if ENDBLOCK]&gt;&lt;![endif]--&gt;\n
            &lt;/div&gt;\n
        &lt;/div&gt;\n
\n
        &lt;form wire:submit="submitForm"&gt;\n
            \n
            &lt;!--[if BLOCK]&gt;&lt;![endif]--&gt;                &lt;div class="bg-white rounded-lg shadow-md overflow-hidden "\n
    &gt;\n
    &lt;!--[if BLOCK]&gt;&lt;![endif]--&gt;&lt;!--[if ENDBLOCK]&gt;&lt;![endif]--&gt;\n
\n
    &lt;div class="p-6"&gt;\n
        &lt;div class="space-y-6"&gt;\n
                        \n
                        &lt;div class="bg-gray-100 -mx-6 -mt-6 px-6 py-3 mb-6"&gt;\n
                            &lt;h2 class="text-lg font-semibold text-gray-900"&gt;\n
                                BAHAGIAN 1 | MAKLUMAT PEMOHON\n
                            &lt;/h2&gt;\n
                            &lt;p class="text-sm text-gray-600 mt-1"&gt;Tanda * adalah WAJIB diisi.&lt;/p&gt;\n
                        &lt;/div&gt;\n
\n
                        \n
                        &lt;div class="mb-4"&gt;\n
    \n
    &lt;label for="form.applicant_name" class="block text-sm font-medium text-gray-700 mb-2"&gt;\n
        Nama Penuh\n
        &lt;!--[if BLOCK]&gt;&lt;![endif]--&gt;            &lt;span class="text-danger" aria-label="required"&gt;*&lt;/span&gt;\n
        &lt;!--[if ENDBLOCK]&gt;&lt;![endif]--&gt;\n
    &lt;/label&gt;\n
\n
    \n
    &lt;!--[if BLOCK]&gt;&lt;![endif]--&gt;&lt;!--[if ENDBLOCK]&gt;&lt;![endif]--&gt;\n
\n
    \n
    &lt;input type="text" name="form.applicant_name" id="form.applicant_name" value=""\n
        class="block w-full rounded-md shadow-sm transition-colors duration-200 min-h-[44px] px-4 py-2 text-base border-gray-300 focus:border-blue-600 focus:ring-2 focus:ring-blue-600 focus:outline-none"  required aria-required="true"                   placeholder="Masukkan nama penuh anda"                                                         wire:model.live.debounce.300ms="form.applicant_name" /&gt;\n
\n
    \n
    &lt;!--[if BLOCK]&gt;&lt;![endif]--&gt;&lt;!--[if ENDBLOCK]&gt;&lt;![endif]--&gt;\n
&lt;/div&gt;\n
\n
                        \n
                        &lt;div class="grid grid-cols-1 md:grid-cols-2 gap-6"&gt;\n
                            &lt;div class="mb-4"&gt;\n
    \n
    &lt;label for="form.position" class="block text-sm font-medium text-gray-700 mb-2"&gt;\n
        Jawatan &amp;amp; Gred\n
        &lt;!--[if BLOCK]&gt;&lt;![endif]--&gt;            &lt;span class="text-danger" aria-label="required"&gt;*&lt;/span&gt;\n
        &lt;!--[if ENDBLOCK]&gt;&lt;![endif]--&gt;\n
    &lt;/label&gt;\n
\n
    \n
    &lt;!--[if BLOCK]&gt;&lt;![endif]--&gt;&lt;!--[if ENDBLOCK]&gt;&lt;![endif]--&gt;\n
\n
    \n
    &lt;input type="text" name="form.position" id="form.position" value=""\n
        class="block w-full rounded-md shadow-sm transition-colors duration-200 min-h-[44px] px-4 py-2 text-base border-gray-300 focus:border-blue-600 focus:ring-2 focus:ring-blue-600 focus:outline-none"  required aria-required="true"                   placeholder="Contoh: Pegawai Tadbir N41"                                                         wire:model.live.debounce.300ms="form.position" /&gt;\n
\n
    \n
    &lt;!--[if BLOCK]&gt;&lt;![endif]--&gt;&lt;!--[if ENDBLOCK]&gt;&lt;![endif]--&gt;\n
&lt;/div&gt;\n
\n
                            &lt;div class="mb-4"&gt;\n
    \n
    &lt;label for="form.phone" class="block text-sm font-medium text-gray-700 mb-2"&gt;\n
        No. Telefon\n
        &lt;!--[if BLOCK]&gt;&lt;![endif]--&gt;            &lt;span class="text-danger" aria-label="required"&gt;*&lt;/span&gt;\n
        &lt;!--[if ENDBLOCK]&gt;&lt;![endif]--&gt;\n
    &lt;/label&gt;\n
\n
    \n
    &lt;!--[if BLOCK]&gt;&lt;![endif]--&gt;&lt;!--[if ENDBLOCK]&gt;&lt;![endif]--&gt;\n
\n
    \n
    &lt;input type="tel" name="form.phone" id="form.phone" value=""\n
        class="block w-full rounded-md shadow-sm transition-colors duration-200 min-h-[44px] px-4 py-2 text-base border-gray-300 focus:border-blue-600 focus:ring-2 focus:ring-blue-600 focus:outline-none"  required aria-required="true"                   placeholder="Contoh: 03-12345678"                                                         wire:model.live.debounce.300ms="form.phone" /&gt;\n
\n
    \n
    &lt;!--[if BLOCK]&gt;&lt;![endif]--&gt;&lt;!--[if ENDBLOCK]&gt;&lt;![endif]--&gt;\n
&lt;/div&gt;\n
                        &lt;/div&gt;\n
\n
                        \n
                        &lt;div class="mb-4"&gt;\n
    &lt;label for="form.division_id" class="block text-sm font-medium text-gray-700 mb-2"&gt;\n
        Bahagian/Unit\n
        &lt;!--[if BLOCK]&gt;&lt;![endif]--&gt;            &lt;span class="text-danger" aria-label="required"&gt;*&lt;/span&gt;\n
        &lt;!--[if ENDBLOCK]&gt;&lt;![endif]--&gt;\n
    &lt;/label&gt;\n
\n
    &lt;!--[if BLOCK]&gt;&lt;![endif]--&gt;&lt;!--[if ENDBLOCK]&gt;&lt;![endif]--&gt;\n
\n
    &lt;select name="form.division_id" id="form.division_id" class="block w-full rounded-md shadow-sm transition-colors duration-200 min-h-[44px] px-4 py-2 text-base border-gray-300 focus:border-blue-600 focus:ring-2 focus:ring-blue-600 focus:outline-none"\n
         required aria-required="true"                                 wire:model.live="form.division_id"&gt;\n
        &lt;!--[if BLOCK]&gt;&lt;![endif]--&gt;            &lt;option value=""&gt;Pilih bahagian/unit&lt;/option&gt;\n
        &lt;!--[if ENDBLOCK]&gt;&lt;![endif]--&gt;\n
\n
        &lt;!--[if BLOCK]&gt;&lt;![endif]--&gt;&lt;!--[if ENDBLOCK]&gt;&lt;![endif]--&gt;\n
    &lt;/select&gt;\n
\n
    &lt;!--[if BLOCK]&gt;&lt;![endif]--&gt;&lt;!--[if ENDBLOCK]&gt;&lt;![endif]--&gt;\n
&lt;/div&gt;\n
\n
                        \n
                        &lt;div class="mb-4" x-data="{ charCount: 0 }"&gt;\n
    &lt;label for="form.purpose" class="block text-sm font-medium text-gray-700 mb-2"&gt;\n
        Tujuan Permohonan\n
        &lt;!--[if BLOCK]&gt;&lt;![endif]--&gt;            &lt;span class="text-danger" aria-label="required"&gt;*&lt;/span&gt;\n
        &lt;!--[if ENDBLOCK]&gt;&lt;![endif]--&gt;\n
    &lt;/label&gt;\n
\n
    &lt;!--[if BLOCK]&gt;&lt;![endif]--&gt;&lt;!--[if ENDBLOCK]&gt;&lt;![endif]--&gt;\n
\n
    &lt;textarea name="form.purpose" id="form.purpose" rows="4" class="block w-full rounded-md shadow-sm transition-colors duration-200 px-4 py-2 text-base border-gray-300 focus:border-blue-600 focus:ring-2 focus:ring-blue-600 focus:outline-none"\n
         required aria-required="true"                   placeholder="Nyatakan tujuan pinjaman peralatan"                  maxlength="500"                          x-on:input="charCount = $event.target.value.length"         wire:model.live.debounce.300ms="form.purpose"&gt;&lt;/textarea&gt;\n
\n
    &lt;!--[if BLOCK]&gt;&lt;![endif]--&gt;        &lt;p id="form.purpose-char-count" class="mt-1 text-sm text-gray-600" aria-live="polite"&gt;\n
            &lt;span x-text="charCount"&gt;&lt;/span&gt; / 500 characters\n
        &lt;/p&gt;\n
    &lt;!--[if ENDBLOCK]&gt;&lt;![endif]--&gt;\n
\n
    &lt;!--[if BLOCK]&gt;&lt;![endif]--&gt;&lt;!--[if ENDBLOCK]&gt;&lt;![endif]--&gt;\n
&lt;/div&gt;\n
\n
                        \n
                        &lt;div class="mb-4"&gt;\n
    \n
    &lt;label for="form.location" class="block text-sm font-medium text-gray-700 mb-2"&gt;\n
        Lokasi\n
        &lt;!--[if BLOCK]&gt;&lt;![endif]--&gt;            &lt;span class="text-danger" aria-label="required"&gt;*&lt;/span&gt;\n
        &lt;!--[if ENDBLOCK]&gt;&lt;![endif]--&gt;\n
    &lt;/label&gt;\n
\n
    \n
    &lt;!--[if BLOCK]&gt;&lt;![endif]--&gt;&lt;!--[if ENDBLOCK]&gt;&lt;![endif]--&gt;\n
\n
    \n
    &lt;input type="text" name="form.location" id="form.location" value=""\n
        class="block w-full rounded-md shadow-sm transition-colors duration-200 min-h-[44px] px-4 py-2 text-base border-gray-300 focus:border-blue-600 focus:ring-2 focus:ring-blue-600 focus:outline-none"  required aria-required="true"                   placeholder="Nyatakan lokasi penggunaan"                                                         wire:model.live.debounce.300ms="form.location" /&gt;\n
\n
    \n
    &lt;!--[if BLOCK]&gt;&lt;![endif]--&gt;&lt;!--[if ENDBLOCK]&gt;&lt;![endif]--&gt;\n
&lt;/div&gt;\n
\n
                        \n
                        &lt;div class="grid grid-cols-1 md:grid-cols-2 gap-6"&gt;\n
                            &lt;div class="mb-4"&gt;\n
    \n
    &lt;label for="form.loan_start_date" class="block text-sm font-medium text-gray-700 mb-2"&gt;\n
        Tarikh Pinjaman\n
        &lt;!--[if BLOCK]&gt;&lt;![endif]--&gt;            &lt;span class="text-danger" aria-label="required"&gt;*&lt;/span&gt;\n
        &lt;!--[if ENDBLOCK]&gt;&lt;![endif]--&gt;\n
    &lt;/label&gt;\n
\n
    \n
    &lt;!--[if BLOCK]&gt;&lt;![endif]--&gt;&lt;!--[if ENDBLOCK]&gt;&lt;![endif]--&gt;\n
\n
    \n
    &lt;input type="date" name="form.loan_start_date" id="form.loan_start_date" value=""\n
        class="block w-full rounded-md shadow-sm transition-colors duration-200 min-h-[44px] px-4 py-2 text-base border-gray-300 focus:border-blue-600 focus:ring-2 focus:ring-blue-600 focus:outline-none"  required aria-required="true"                                                                          wire:model.live="form.loan_start_date" min="2025-11-06" /&gt;\n
\n
    \n
    &lt;!--[if BLOCK]&gt;&lt;![endif]--&gt;&lt;!--[if ENDBLOCK]&gt;&lt;![endif]--&gt;\n
&lt;/div&gt;\n
\n
                            &lt;div class="mb-4"&gt;\n
    \n
    &lt;label for="form.loan_end_date" class="block text-sm font-medium text-gray-700 mb-2"&gt;\n
        Tarikh Dijangka Pulang\n
        &lt;!--[if BLOCK]&gt;&lt;![endif]--&gt;            &lt;span class="text-danger" aria-label="required"&gt;*&lt;/span&gt;\n
        &lt;!--[if ENDBLOCK]&gt;&lt;![endif]--&gt;\n
    &lt;/label&gt;\n
\n
    \n
    &lt;!--[if BLOCK]&gt;&lt;![endif]--&gt;&lt;!--[if ENDBLOCK]&gt;&lt;![endif]--&gt;\n
\n
    \n
    &lt;input type="date" name="form.loan_end_date" id="form.loan_end_date" value=""\n
        class="block w-full rounded-md shadow-sm transition-colors duration-200 min-h-[44px] px-4 py-2 text-base border-gray-300 focus:border-blue-600 focus:ring-2 focus:ring-blue-600 focus:outline-none"  required aria-required="true"                                                                          wire:model.live="form.loan_end_date" min="2025-11-06" /&gt;\n
\n
    \n
    &lt;!--[if BLOCK]&gt;&lt;![endif]--&gt;&lt;!--[if ENDBLOCK]&gt;&lt;![endif]--&gt;\n
&lt;/div&gt;\n
                        &lt;/div&gt;\n
                    &lt;/div&gt;\n
    &lt;/div&gt;\n
\n
    &lt;!--[if BLOCK]&gt;&lt;![endif]--&gt;&lt;!--[if ENDBLOCK]&gt;&lt;![endif]--&gt;\n
&lt;/div&gt;\n
            &lt;!--[if ENDBLOCK]&gt;&lt;![endif]--&gt;\n
\n
            \n
            &lt;!--[if BLOCK]&gt;&lt;![endif]--&gt;&lt;!--[if ENDBLOCK]&gt;&lt;![endif]--&gt;\n
\n
            \n
            &lt;!--[if BLOCK]&gt;&lt;![endif]--&gt;&lt;!--[if ENDBLOCK]&gt;&lt;![endif]--&gt;\n
\n
            \n
            &lt;!--[if BLOCK]&gt;&lt;![endif]--&gt;&lt;!--[if ENDBLOCK]&gt;&lt;![endif]--&gt;\n
\n
            \n
            &lt;div class="mt-8 flex justify-between items-center"&gt;\n
                &lt;!--[if BLOCK]&gt;&lt;![endif]--&gt;                    &lt;div&gt;&lt;/div&gt;\n
                &lt;!--[if ENDBLOCK]&gt;&lt;![endif]--&gt;\n
\n
                &lt;!--[if BLOCK]&gt;&lt;![endif]--&gt;                    &lt;!--[if BLOCK]&gt;&lt;![endif]--&gt;    &lt;button type="button" class="inline-flex items-center justify-center px-4 py-2 rounded-md font-medium text-sm transition-colors duration-200 focus:outline-none focus:ring-2 focus:ring-offset-2 min-h-[44px] disabled:opacity-50 disabled:cursor-not-allowed bg-blue-600 text-white hover:bg-blue-700 focus:ring-blue-600"         wire:click="nextStep"&gt;\n
        &lt;!--[if BLOCK]&gt;&lt;![endif]--&gt;&lt;!--[if ENDBLOCK]&gt;&lt;![endif]--&gt;\n
        Seterusnya\n
                        &lt;svg class="w-4 h-4 ml-2" fill="none" stroke="currentColor" viewBox="0 0 24 24"&gt;\n
                            &lt;path stroke-linecap="round" stroke-linejoin="round" stroke-width="2" d="M9 5l7 7-7 7" /&gt;\n
                        &lt;/svg&gt;\n
    &lt;/button&gt;\n
&lt;!--[if ENDBLOCK]&gt;&lt;![endif]--&gt;\n
                &lt;!--[if ENDBLOCK]&gt;&lt;![endif]--&gt;\n
            &lt;/div&gt;\n
        &lt;/form&gt;\n
\n
        \n
        &lt;div class="mt-8 p-6 bg-white rounded-lg shadow-md"&gt;\n
            &lt;h3 class="text-lg font-semibold text-gray-900 mb-4"&gt;\n
                Perlukan Bantuan?\n
            &lt;/h3&gt;\n
            &lt;p class="text-sm text-gray-700 mb-4"&gt;\n
                Sebarang pertanyaan sila hubungi:\n
            &lt;/p&gt;\n
            &lt;div class="flex flex-col sm:flex-row gap-4"&gt;\n
                &lt;div class="flex items-center text-sm text-gray-600"&gt;\n
                    &lt;svg class="w-5 h-5 mr-2 text-blue-600" fill="none" stroke="currentColor"\n
                        viewBox="0 0 24 24"&gt;\n
                        &lt;path stroke-linecap="round" stroke-linejoin="round" stroke-width="2"\n
                            d="M3 8l7.89 5.26a2 2 0 002.22 0L21 8M5 19h14a2 2 0 002-2V7a2 2 0 00-2-2H5a2 2 0 00-2 2v10a2 2 0 002 2z" /&gt;\n
                    &lt;/svg&gt;\n
                    &lt;span&gt;bpm@motac.gov.my&lt;/span&gt;\n
                &lt;/div&gt;\n
                &lt;div class="flex items-center text-sm text-gray-600"&gt;\n
                    &lt;svg class="w-5 h-5 mr-2 text-blue-600" fill="none" stroke="currentColor"\n
                        viewBox="0 0 24 24"&gt;\n
                        &lt;path stroke-linecap="round" stroke-linejoin="round" stroke-width="2"\n
                            d="M3 5a2 2 0 012-2h3.28a1 1 0 01.948.684l1.498 4.493a1 1 0 01-.502 1.21l-2.257 1.13a11.042 11.042 0 005.516 5.516l1.13-2.257a1 1 0 011.21-.502l4.493 1.498a1 1 0 01.684.949V19a2 2 0 01-2 2h-1C9.716 21 3 14.284 3 6V5z" /&gt;\n
                    &lt;/svg&gt;\n
                    &lt;span&gt;03-2161 2345&lt;/span&gt;\n
                &lt;/div&gt;\n
            &lt;/div&gt;\n
        &lt;/div&gt;\n
    &lt;/div&gt;\n
&lt;/div&gt;\n
' [ASCII](length: 17941) contains "wire:loading" [ASCII](length: 12).
&#13;
C:\XAMPP\htdocs\ictserve-031125\tests\Feature\Performance\LivewireOptimizationTest.php:179</failure>
        </testcase>
        <testcase name="test_component_optimizes_wire_model" file="C:\XAMPP\htdocs\ictserve-031125\tests\Feature\Performance\LivewireOptimizationTest.php" line="191" class="Tests\Feature\Performance\LivewireOptimizationTest" classname="Tests.Feature.Performance.LivewireOptimizationTest" assertions="1" time="1.423344"/>
        <testcase name="test_component_memory_usage" file="C:\XAMPP\htdocs\ictserve-031125\tests\Feature\Performance\LivewireOptimizationTest.php" line="213" class="Tests\Feature\Performance\LivewireOptimizationTest" classname="Tests.Feature.Performance.LivewireOptimizationTest" assertions="0" time="1.473615">
          <error type="Livewire\Exceptions\PublicPropertyNotFoundException">Tests\Feature\Performance\LivewireOptimizationTest::test_component_memory_usage&#13;
Livewire\Exceptions\PublicPropertyNotFoundException: Unable to set component data. Public property [$applicant_name] not found on component: [guest-loan-application]
&#13;
C:\XAMPP\htdocs\ictserve-031125\vendor\livewire\livewire\src\Mechanisms\HandleComponents\HandleComponents.php:336
C:\XAMPP\htdocs\ictserve-031125\vendor\livewire\livewire\src\Mechanisms\HandleComponents\HandleComponents.php:318
C:\XAMPP\htdocs\ictserve-031125\vendor\livewire\livewire\src\Mechanisms\HandleComponents\HandleComponents.php:98
C:\XAMPP\htdocs\ictserve-031125\vendor\livewire\livewire\src\LivewireManager.php:102
C:\XAMPP\htdocs\ictserve-031125\vendor\livewire\volt\src\LivewireManager.php:35
C:\XAMPP\htdocs\ictserve-031125\vendor\livewire\livewire\src\Mechanisms\HandleRequests\HandleRequests.php:94
C:\XAMPP\htdocs\ictserve-031125\vendor\laravel\framework\src\Illuminate\Routing\ControllerDispatcher.php:46
C:\XAMPP\htdocs\ictserve-031125\vendor\laravel\framework\src\Illuminate\Routing\Route.php:265
C:\XAMPP\htdocs\ictserve-031125\vendor\laravel\framework\src\Illuminate\Routing\Route.php:211
C:\XAMPP\htdocs\ictserve-031125\vendor\laravel\framework\src\Illuminate\Routing\Router.php:822
C:\XAMPP\htdocs\ictserve-031125\vendor\laravel\framework\src\Illuminate\Pipeline\Pipeline.php:180
C:\XAMPP\htdocs\ictserve-031125\vendor\laravel\framework\src\Illuminate\Pipeline\Pipeline.php:137
C:\XAMPP\htdocs\ictserve-031125\vendor\laravel\framework\src\Illuminate\Routing\Router.php:821
C:\XAMPP\htdocs\ictserve-031125\vendor\laravel\framework\src\Illuminate\Routing\Router.php:800
C:\XAMPP\htdocs\ictserve-031125\vendor\laravel\framework\src\Illuminate\Routing\Router.php:764
C:\XAMPP\htdocs\ictserve-031125\vendor\laravel\framework\src\Illuminate\Routing\Router.php:753
C:\XAMPP\htdocs\ictserve-031125\vendor\laravel\framework\src\Illuminate\Foundation\Http\Kernel.php:200
C:\XAMPP\htdocs\ictserve-031125\vendor\laravel\framework\src\Illuminate\Pipeline\Pipeline.php:180
C:\XAMPP\htdocs\ictserve-031125\vendor\laravel\framework\src\Illuminate\Pipeline\Pipeline.php:137
C:\XAMPP\htdocs\ictserve-031125\vendor\laravel\framework\src\Illuminate\Foundation\Http\Kernel.php:175
C:\XAMPP\htdocs\ictserve-031125\vendor\laravel\framework\src\Illuminate\Foundation\Http\Kernel.php:144
C:\XAMPP\htdocs\ictserve-031125\vendor\laravel\framework\src\Illuminate\Foundation\Testing\Concerns\MakesHttpRequests.php:607
C:\XAMPP\htdocs\ictserve-031125\vendor\livewire\livewire\src\Features\SupportTesting\SubsequentRender.php:36
C:\XAMPP\htdocs\ictserve-031125\vendor\livewire\livewire\src\Features\SupportTesting\RequestBroker.php:30
C:\XAMPP\htdocs\ictserve-031125\vendor\livewire\livewire\src\Features\SupportTesting\SubsequentRender.php:35
C:\XAMPP\htdocs\ictserve-031125\vendor\livewire\livewire\src\Features\SupportTesting\Render.php:24
C:\XAMPP\htdocs\ictserve-031125\vendor\livewire\livewire\src\Features\SupportTesting\SubsequentRender.php:34
C:\XAMPP\htdocs\ictserve-031125\vendor\livewire\livewire\src\Features\SupportTesting\SubsequentRender.php:16
C:\XAMPP\htdocs\ictserve-031125\vendor\livewire\livewire\src\Features\SupportTesting\Testable.php:252
C:\XAMPP\htdocs\ictserve-031125\vendor\livewire\livewire\src\Features\SupportTesting\Testable.php:191
C:\XAMPP\htdocs\ictserve-031125\vendor\livewire\livewire\src\Features\SupportTesting\Testable.php:170
C:\XAMPP\htdocs\ictserve-031125\tests\Feature\Performance\LivewireOptimizationTest.php:220</error>
        </testcase>
        <testcase name="test_component_handles_concurrent_updates" file="C:\XAMPP\htdocs\ictserve-031125\tests\Feature\Performance\LivewireOptimizationTest.php" line="242" class="Tests\Feature\Performance\LivewireOptimizationTest" classname="Tests.Feature.Performance.LivewireOptimizationTest" assertions="1" time="1.550703"/>
        <testcase name="test_component_validation_performance" file="C:\XAMPP\htdocs\ictserve-031125\tests\Feature\Performance\LivewireOptimizationTest.php" line="265" class="Tests\Feature\Performance\LivewireOptimizationTest" classname="Tests.Feature.Performance.LivewireOptimizationTest" assertions="2" time="1.519265">
          <failure type="PHPUnit\Framework\ExpectationFailedException">Tests\Feature\Performance\LivewireOptimizationTest::test_component_validation_performance&#13;
Validation taking too long
Failed asserting that 0.10626506805419922 is less than 0.1.
&#13;
C:\XAMPP\htdocs\ictserve-031125\tests\Feature\Performance\LivewireOptimizationTest.php:278</failure>
        </testcase>
        <testcase name="test_component_uses_wire_key_in_loops" file="C:\XAMPP\htdocs\ictserve-031125\tests\Feature\Performance\LivewireOptimizationTest.php" line="286" class="Tests\Feature\Performance\LivewireOptimizationTest" classname="Tests.Feature.Performance.LivewireOptimizationTest" assertions="0" time="1.812159"/>
        <testcase name="test_component_polling_performance" file="C:\XAMPP\htdocs\ictserve-031125\tests\Feature\Performance\LivewireOptimizationTest.php" line="312" class="Tests\Feature\Performance\LivewireOptimizationTest" classname="Tests.Feature.Performance.LivewireOptimizationTest" assertions="2" time="1.817038"/>
        <testcase name="test_component_uses_wire_dirty" file="C:\XAMPP\htdocs\ictserve-031125\tests\Feature\Performance\LivewireOptimizationTest.php" line="341" class="Tests\Feature\Performance\LivewireOptimizationTest" classname="Tests.Feature.Performance.LivewireOptimizationTest" assertions="0" time="3.033471">
          <skipped/>
        </testcase>
        <testcase name="test_component_event_dispatching_performance" file="C:\XAMPP\htdocs\ictserve-031125\tests\Feature\Performance\LivewireOptimizationTest.php" line="362" class="Tests\Feature\Performance\LivewireOptimizationTest" classname="Tests.Feature.Performance.LivewireOptimizationTest" assertions="0" time="1.583003">
          <error type="Livewire\Exceptions\EventHandlerDoesNotExist">Tests\Feature\Performance\LivewireOptimizationTest::test_component_event_dispatching_performance&#13;
Livewire\Exceptions\EventHandlerDoesNotExist: Handler for event test-event does not exist
&#13;
C:\XAMPP\htdocs\ictserve-031125\vendor\livewire\livewire\src\Features\SupportEvents\SupportEvents.php:23
C:\XAMPP\htdocs\ictserve-031125\vendor\livewire\livewire\src\ComponentHook.php:41
C:\XAMPP\htdocs\ictserve-031125\vendor\livewire\livewire\src\ComponentHookRegistry.php:110
C:\XAMPP\htdocs\ictserve-031125\vendor\livewire\livewire\src\ComponentHookRegistry.php:65
C:\XAMPP\htdocs\ictserve-031125\vendor\livewire\livewire\src\EventBus.php:60
C:\XAMPP\htdocs\ictserve-031125\vendor\livewire\livewire\src\helpers.php:98
C:\XAMPP\htdocs\ictserve-031125\vendor\livewire\livewire\src\Mechanisms\HandleComponents\HandleComponents.php:471
C:\XAMPP\htdocs\ictserve-031125\vendor\livewire\livewire\src\Mechanisms\HandleComponents\HandleComponents.php:101
C:\XAMPP\htdocs\ictserve-031125\vendor\livewire\livewire\src\LivewireManager.php:102
C:\XAMPP\htdocs\ictserve-031125\vendor\livewire\volt\src\LivewireManager.php:35
C:\XAMPP\htdocs\ictserve-031125\vendor\livewire\livewire\src\Mechanisms\HandleRequests\HandleRequests.php:94
C:\XAMPP\htdocs\ictserve-031125\vendor\laravel\framework\src\Illuminate\Routing\ControllerDispatcher.php:46
C:\XAMPP\htdocs\ictserve-031125\vendor\laravel\framework\src\Illuminate\Routing\Route.php:265
C:\XAMPP\htdocs\ictserve-031125\vendor\laravel\framework\src\Illuminate\Routing\Route.php:211
C:\XAMPP\htdocs\ictserve-031125\vendor\laravel\framework\src\Illuminate\Routing\Router.php:822
C:\XAMPP\htdocs\ictserve-031125\vendor\laravel\framework\src\Illuminate\Pipeline\Pipeline.php:180
C:\XAMPP\htdocs\ictserve-031125\vendor\laravel\framework\src\Illuminate\Pipeline\Pipeline.php:137
C:\XAMPP\htdocs\ictserve-031125\vendor\laravel\framework\src\Illuminate\Routing\Router.php:821
C:\XAMPP\htdocs\ictserve-031125\vendor\laravel\framework\src\Illuminate\Routing\Router.php:800
C:\XAMPP\htdocs\ictserve-031125\vendor\laravel\framework\src\Illuminate\Routing\Router.php:764
C:\XAMPP\htdocs\ictserve-031125\vendor\laravel\framework\src\Illuminate\Routing\Router.php:753
C:\XAMPP\htdocs\ictserve-031125\vendor\laravel\framework\src\Illuminate\Foundation\Http\Kernel.php:200
C:\XAMPP\htdocs\ictserve-031125\vendor\laravel\framework\src\Illuminate\Pipeline\Pipeline.php:180
C:\XAMPP\htdocs\ictserve-031125\vendor\laravel\framework\src\Illuminate\Pipeline\Pipeline.php:137
C:\XAMPP\htdocs\ictserve-031125\vendor\laravel\framework\src\Illuminate\Foundation\Http\Kernel.php:175
C:\XAMPP\htdocs\ictserve-031125\vendor\laravel\framework\src\Illuminate\Foundation\Http\Kernel.php:144
C:\XAMPP\htdocs\ictserve-031125\vendor\laravel\framework\src\Illuminate\Foundation\Testing\Concerns\MakesHttpRequests.php:607
C:\XAMPP\htdocs\ictserve-031125\vendor\livewire\livewire\src\Features\SupportTesting\SubsequentRender.php:36
C:\XAMPP\htdocs\ictserve-031125\vendor\livewire\livewire\src\Features\SupportTesting\RequestBroker.php:30
C:\XAMPP\htdocs\ictserve-031125\vendor\livewire\livewire\src\Features\SupportTesting\SubsequentRender.php:35
C:\XAMPP\htdocs\ictserve-031125\vendor\livewire\livewire\src\Features\SupportTesting\Render.php:24
C:\XAMPP\htdocs\ictserve-031125\vendor\livewire\livewire\src\Features\SupportTesting\SubsequentRender.php:34
C:\XAMPP\htdocs\ictserve-031125\vendor\livewire\livewire\src\Features\SupportTesting\SubsequentRender.php:16
C:\XAMPP\htdocs\ictserve-031125\vendor\livewire\livewire\src\Features\SupportTesting\Testable.php:252
C:\XAMPP\htdocs\ictserve-031125\vendor\livewire\livewire\src\Features\SupportTesting\Testable.php:219
C:\XAMPP\htdocs\ictserve-031125\vendor\livewire\livewire\src\Features\SupportEvents\TestsEvents.php:12
C:\XAMPP\htdocs\ictserve-031125\tests\Feature\Performance\LivewireOptimizationTest.php:370</error>
        </testcase>
        <testcase name="test_component_uses_wire_target" file="C:\XAMPP\htdocs\ictserve-031125\tests\Feature\Performance\LivewireOptimizationTest.php" line="384" class="Tests\Feature\Performance\LivewireOptimizationTest" classname="Tests.Feature.Performance.LivewireOptimizationTest" assertions="0" time="1.512016">
          <skipped/>
        </testcase>
        <testcase name="test_component_form_submission_performance" file="C:\XAMPP\htdocs\ictserve-031125\tests\Feature\Performance\LivewireOptimizationTest.php" line="405" class="Tests\Feature\Performance\LivewireOptimizationTest" classname="Tests.Feature.Performance.LivewireOptimizationTest" assertions="1" time="1.757481"/>
        <testcase name="test_component_uses_alpine_efficiently" file="C:\XAMPP\htdocs\ictserve-031125\tests\Feature\Performance\LivewireOptimizationTest.php" line="438" class="Tests\Feature\Performance\LivewireOptimizationTest" classname="Tests.Feature.Performance.LivewireOptimizationTest" assertions="1" time="1.687638"/>
        <testcase name="test_component_response_size" file="C:\XAMPP\htdocs\ictserve-031125\tests\Feature\Performance\LivewireOptimizationTest.php" line="461" class="Tests\Feature\Performance\LivewireOptimizationTest" classname="Tests.Feature.Performance.LivewireOptimizationTest" assertions="1" time="1.956282"/>
        <testcase name="test_component_error_handling_performance" file="C:\XAMPP\htdocs\ictserve-031125\tests\Feature\Performance\LivewireOptimizationTest.php" line="483" class="Tests\Feature\Performance\LivewireOptimizationTest" classname="Tests.Feature.Performance.LivewireOptimizationTest" assertions="0" time="1.920184">
          <error type="Livewire\Exceptions\MethodNotFoundException">Tests\Feature\Performance\LivewireOptimizationTest::test_component_error_handling_performance&#13;
Livewire\Exceptions\MethodNotFoundException: Unable to call component method. Public method [submit] not found on component
&#13;
C:\XAMPP\htdocs\ictserve-031125\vendor\livewire\livewire\src\Mechanisms\HandleComponents\HandleComponents.php:488
C:\XAMPP\htdocs\ictserve-031125\vendor\livewire\livewire\src\Mechanisms\HandleComponents\HandleComponents.php:101
C:\XAMPP\htdocs\ictserve-031125\vendor\livewire\livewire\src\LivewireManager.php:102
C:\XAMPP\htdocs\ictserve-031125\vendor\livewire\volt\src\LivewireManager.php:35
C:\XAMPP\htdocs\ictserve-031125\vendor\livewire\livewire\src\Mechanisms\HandleRequests\HandleRequests.php:94
C:\XAMPP\htdocs\ictserve-031125\vendor\laravel\framework\src\Illuminate\Routing\ControllerDispatcher.php:46
C:\XAMPP\htdocs\ictserve-031125\vendor\laravel\framework\src\Illuminate\Routing\Route.php:265
C:\XAMPP\htdocs\ictserve-031125\vendor\laravel\framework\src\Illuminate\Routing\Route.php:211
C:\XAMPP\htdocs\ictserve-031125\vendor\laravel\framework\src\Illuminate\Routing\Router.php:822
C:\XAMPP\htdocs\ictserve-031125\vendor\laravel\framework\src\Illuminate\Pipeline\Pipeline.php:180
C:\XAMPP\htdocs\ictserve-031125\vendor\laravel\framework\src\Illuminate\Pipeline\Pipeline.php:137
C:\XAMPP\htdocs\ictserve-031125\vendor\laravel\framework\src\Illuminate\Routing\Router.php:821
C:\XAMPP\htdocs\ictserve-031125\vendor\laravel\framework\src\Illuminate\Routing\Router.php:800
C:\XAMPP\htdocs\ictserve-031125\vendor\laravel\framework\src\Illuminate\Routing\Router.php:764
C:\XAMPP\htdocs\ictserve-031125\vendor\laravel\framework\src\Illuminate\Routing\Router.php:753
C:\XAMPP\htdocs\ictserve-031125\vendor\laravel\framework\src\Illuminate\Foundation\Http\Kernel.php:200
C:\XAMPP\htdocs\ictserve-031125\vendor\laravel\framework\src\Illuminate\Pipeline\Pipeline.php:180
C:\XAMPP\htdocs\ictserve-031125\vendor\laravel\framework\src\Illuminate\Pipeline\Pipeline.php:137
C:\XAMPP\htdocs\ictserve-031125\vendor\laravel\framework\src\Illuminate\Foundation\Http\Kernel.php:175
C:\XAMPP\htdocs\ictserve-031125\vendor\laravel\framework\src\Illuminate\Foundation\Http\Kernel.php:144
C:\XAMPP\htdocs\ictserve-031125\vendor\laravel\framework\src\Illuminate\Foundation\Testing\Concerns\MakesHttpRequests.php:607
C:\XAMPP\htdocs\ictserve-031125\vendor\livewire\livewire\src\Features\SupportTesting\SubsequentRender.php:36
C:\XAMPP\htdocs\ictserve-031125\vendor\livewire\livewire\src\Features\SupportTesting\RequestBroker.php:30
C:\XAMPP\htdocs\ictserve-031125\vendor\livewire\livewire\src\Features\SupportTesting\SubsequentRender.php:35
C:\XAMPP\htdocs\ictserve-031125\vendor\livewire\livewire\src\Features\SupportTesting\Render.php:24
C:\XAMPP\htdocs\ictserve-031125\vendor\livewire\livewire\src\Features\SupportTesting\SubsequentRender.php:34
C:\XAMPP\htdocs\ictserve-031125\vendor\livewire\livewire\src\Features\SupportTesting\SubsequentRender.php:16
C:\XAMPP\htdocs\ictserve-031125\vendor\livewire\livewire\src\Features\SupportTesting\Testable.php:252
C:\XAMPP\htdocs\ictserve-031125\vendor\livewire\livewire\src\Features\SupportTesting\Testable.php:219
C:\XAMPP\htdocs\ictserve-031125\tests\Feature\Performance\LivewireOptimizationTest.php:490</error>
        </testcase>
      </testsuite>
      <testsuite name="Tests\Feature\ProfileTest" file="C:\XAMPP\htdocs\ictserve-031125\tests\Feature\ProfileTest.php" tests="5" assertions="19" errors="0" failures="1" skipped="0" time="16.374577">
        <testcase name="test_profile_page_is_displayed" file="C:\XAMPP\htdocs\ictserve-031125\tests\Feature\ProfileTest.php" line="14" class="Tests\Feature\ProfileTest" classname="Tests.Feature.ProfileTest" assertions="1" time="6.470014">
          <failure type="PHPUnit\Framework\ExpectationFailedException">Tests\Feature\ProfileTest::test_profile_page_is_displayed&#13;
Expected response status code [200] but received 500.
Failed asserting that 500 is identical to 200.&#13;
&#13;
The following exception occurred during the last request:

Symfony\Component\Routing\Exception\RouteNotFoundException: Route [staff.tickets.index] not defined. in C:\XAMPP\htdocs\ictserve-031125\vendor\laravel\framework\src\Illuminate\Routing\UrlGenerator.php:526
Stack trace:
#0 C:\XAMPP\htdocs\ictserve-031125\vendor\laravel\framework\src\Illuminate\Foundation\helpers.php(871): Illuminate\Routing\UrlGenerator-&gt;route('staff.tickets.i...', Array, true)
#1 C:\XAMPP\htdocs\ictserve-031125\storage\framework\views\3bf446849ca19c3889a5aff1e88e55a2.php(87): route('staff.tickets.i...')
#2 C:\XAMPP\htdocs\ictserve-031125\vendor\livewire\livewire\src\Mechanisms\ExtendBlade\ExtendedCompilerEngine.php(37): include('C:\\XAMPP\\htdocs...')
#3 C:\XAMPP\htdocs\ictserve-031125\vendor\livewire\livewire\src\Mechanisms\ExtendBlade\ExtendedCompilerEngine.php(38): App\Filament\Widgets\UnifiedDashboardOverview-&gt;Livewire\Mechanisms\ExtendBlade\{closure}()
#4 C:\XAMPP\htdocs\ictserve-031125\vendor\laravel\framework\src\Illuminate\View\Engines\CompilerEngine.php(76): Livewire\Mechanisms\ExtendBlade\ExtendedCompilerEngine-&gt;evaluatePath('C:\\XAMPP\\htdocs...', Array)
#5 C:\XAMPP\htdocs\ictserve-031125\vendor\livewire\livewire\src\Mechanisms\ExtendBlade\ExtendedCompilerEngine.php(16): Illuminate\View\Engines\CompilerEngine-&gt;get('C:\\XAMPP\\htdocs...', Array)
#6 C:\XAMPP\htdocs\ictserve-031125\vendor\laravel\framework\src\Illuminate\View\View.php(208): Livewire\Mechanisms\ExtendBlade\ExtendedCompilerEngine-&gt;get('C:\\XAMPP\\htdocs...', Array)
#7 C:\XAMPP\htdocs\ictserve-031125\vendor\laravel\framework\src\Illuminate\View\View.php(191): Illuminate\View\View-&gt;getContents()
#8 C:\XAMPP\htdocs\ictserve-031125\vendor\laravel\framework\src\Illuminate\View\View.php(160): Illuminate\View\View-&gt;renderContents()
#9 C:\XAMPP\htdocs\ictserve-031125\vendor\laravel\framework\src\Illuminate\View\Concerns\ManagesComponents.php(103): Illuminate\View\View-&gt;render()
#10 C:\XAMPP\htdocs\ictserve-031125\storage\framework\views\b5aecfdd3d724b923b3f5f5bea1fcd6c.php(62): Illuminate\View\Factory-&gt;renderComponent()
#11 C:\XAMPP\htdocs\ictserve-031125\vendor\livewire\livewire\src\Mechanisms\ExtendBlade\ExtendedCompilerEngine.php(37): include('C:\\XAMPP\\htdocs...')
#12 C:\XAMPP\htdocs\ictserve-031125\vendor\livewire\livewire\src\Mechanisms\ExtendBlade\ExtendedCompilerEngine.php(38): App\Filament\Widgets\UnifiedDashboardOverview-&gt;Livewire\Mechanisms\ExtendBlade\{closure}()
#13 C:\XAMPP\htdocs\ictserve-031125\vendor\laravel\framework\src\Illuminate\View\Engines\CompilerEngine.php(76): Livewire\Mechanisms\ExtendBlade\ExtendedCompilerEngine-&gt;evaluatePath('C:\\XAMPP\\htdocs...', Array)
#14 C:\XAMPP\htdocs\ictserve-031125\vendor\livewire\livewire\src\Mechanisms\ExtendBlade\ExtendedCompilerEngine.php(16): Illuminate\View\Engines\CompilerEngine-&gt;get('C:\\XAMPP\\htdocs...', Array)
#15 C:\XAMPP\htdocs\ictserve-031125\vendor\laravel\framework\src\Illuminate\View\View.php(208): Livewire\Mechanisms\ExtendBlade\ExtendedCompilerEngine-&gt;get('C:\\XAMPP\\htdocs...', Array)
#16 C:\XAMPP\htdocs\ictserve-031125\vendor\laravel\framework\src\Illuminate\View\View.php(191): Illuminate\View\View-&gt;getContents()
#17 C:\XAMPP\htdocs\ictserve-031125\vendor\laravel\framework\src\Illuminate\View\View.php(160): Illuminate\View\View-&gt;renderContents()
#18 C:\XAMPP\htdocs\ictserve-031125\vendor\laravel\framework\src\Illuminate\View\Concerns\ManagesComponents.php(99): Illuminate\View\View-&gt;render()
#19 C:\XAMPP\htdocs\ictserve-031125\storage\framework\views\7ee8ecb3f584a69cc4c7b2219f8b8215.php(84): Illuminate\View\Factory-&gt;renderComponent()
#20 C:\XAMPP\htdocs\ictserve-031125\vendor\livewire\livewire\src\Mechanisms\ExtendBlade\ExtendedCompilerEngine.php(37): include('C:\\XAMPP\\htdocs...')
#21 C:\XAMPP\htdocs\ictserve-031125\vendor\livewire\livewire\src\Mechanisms\ExtendBlade\ExtendedCompilerEngine.php(38): App\Filament\Widgets\UnifiedDashboardOverview-&gt;Livewire\Mechanisms\ExtendBlade\{closure}()
#22 C:\XAMPP\htdocs\ictserve-031125\vendor\laravel\framework\src\Illuminate\View\Engines\CompilerEngine.php(76): Livewire\Mechanisms\ExtendBlade\ExtendedCompilerEngine-&gt;evaluatePath('C:\\XAMPP\\htdocs...', Array)
#23 C:\XAMPP\htdocs\ictserve-031125\vendor\livewire\livewire\src\Mechanisms\ExtendBlade\ExtendedCompilerEngine.php(16): Illuminate\View\Engines\CompilerEngine-&gt;get('C:\\XAMPP\\htdocs...', Array)
#24 C:\XAMPP\htdocs\ictserve-031125\vendor\laravel\framework\src\Illuminate\View\View.php(208): Livewire\Mechanisms\ExtendBlade\ExtendedCompilerEngine-&gt;get('C:\\XAMPP\\htdocs...', Array)
#25 C:\XAMPP\htdocs\ictserve-031125\vendor\laravel\framework\src\Illuminate\View\View.php(191): Illuminate\View\View-&gt;getContents()
#26 C:\XAMPP\htdocs\ictserve-031125\vendor\laravel\framework\src\Illuminate\View\View.php(160): Illuminate\View\View-&gt;renderContents()
#27 C:\XAMPP\htdocs\ictserve-031125\vendor\laravel\framework\src\Illuminate\Http\Response.php(78): Illuminate\View\View-&gt;render()
#28 C:\XAMPP\htdocs\ictserve-031125\vendor\laravel\framework\src\Illuminate\Http\Response.php(34): Illuminate\Http\Response-&gt;setContent(Object(Illuminate\View\View))
#29 C:\XAMPP\htdocs\ictserve-031125\vendor\laravel\framework\src\Illuminate\Routing\ResponseFactory.php(61): Illuminate\Http\Response-&gt;__construct(Object(Illuminate\View\View), 200, Array)
#30 C:\XAMPP\htdocs\ictserve-031125\vendor\laravel\framework\src\Illuminate\Routing\ResponseFactory.php(91): Illuminate\Routing\ResponseFactory-&gt;make(Object(Illuminate\View\View), 200, Array)
#31 C:\XAMPP\htdocs\ictserve-031125\vendor\laravel\framework\src\Illuminate\Routing\ViewController.php(40): Illuminate\Routing\ResponseFactory-&gt;view('profile', Array, 200, Array)
#32 C:\XAMPP\htdocs\ictserve-031125\vendor\laravel\framework\src\Illuminate\Routing\ViewController.php(57): Illuminate\Routing\ViewController-&gt;__invoke(view: 'profile', data: Array, status: 200, headers: Array)
#33 C:\XAMPP\htdocs\ictserve-031125\vendor\laravel\framework\src\Illuminate\Routing\ControllerDispatcher.php(43): Illuminate\Routing\ViewController-&gt;callAction('__invoke', Array)
#34 C:\XAMPP\htdocs\ictserve-031125\vendor\laravel\framework\src\Illuminate\Routing\Route.php(265): Illuminate\Routing\ControllerDispatcher-&gt;dispatch(Object(Illuminate\Routing\Route), Object(Illuminate\Routing\ViewController), '__invoke')
#35 C:\XAMPP\htdocs\ictserve-031125\vendor\laravel\framework\src\Illuminate\Routing\Route.php(211): Illuminate\Routing\Route-&gt;runController()
#36 C:\XAMPP\htdocs\ictserve-031125\vendor\laravel\framework\src\Illuminate\Routing\Router.php(822): Illuminate\Routing\Route-&gt;run()
#37 C:\XAMPP\htdocs\ictserve-031125\vendor\laravel\framework\src\Illuminate\Pipeline\Pipeline.php(180): Illuminate\Routing\Router-&gt;Illuminate\Routing\{closure}(Object(Illuminate\Http\Request))
#38 C:\XAMPP\htdocs\ictserve-031125\vendor\laravel\framework\src\Illuminate\Routing\Middleware\SubstituteBindings.php(50): Illuminate\Pipeline\Pipeline-&gt;Illuminate\Pipeline\{closure}(Object(Illuminate\Http\Request))
#39 C:\XAMPP\htdocs\ictserve-031125\vendor\laravel\framework\src\Illuminate\Pipeline\Pipeline.php(219): Illuminate\Routing\Middleware\SubstituteBindings-&gt;handle(Object(Illuminate\Http\Request), Object(Closure))
#40 C:\XAMPP\htdocs\ictserve-031125\vendor\laravel\framework\src\Illuminate\Auth\Middleware\Authenticate.php(63): Illuminate\Pipeline\Pipeline-&gt;Illuminate\Pipeline\{closure}(Object(Illuminate\Http\Request))
#41 C:\XAMPP\htdocs\ictserve-031125\vendor\laravel\framework\src\Illuminate\Pipeline\Pipeline.php(219): Illuminate\Auth\Middleware\Authenticate-&gt;handle(Object(Illuminate\Http\Request), Object(Closure))
#42 C:\XAMPP\htdocs\ictserve-031125\vendor\laravel\framework\src\Illuminate\Foundation\Http\Middleware\VerifyCsrfToken.php(87): Illuminate\Pipeline\Pipeline-&gt;Illuminate\Pipeline\{closure}(Object(Illuminate\Http\Request))
#43 C:\XAMPP\htdocs\ictserve-031125\vendor\laravel\framework\src\Illuminate\Pipeline\Pipeline.php(219): Illuminate\Foundation\Http\Middleware\VerifyCsrfToken-&gt;handle(Object(Illuminate\Http\Request), Object(Closure))
#44 C:\XAMPP\htdocs\ictserve-031125\vendor\laravel\framework\src\Illuminate\View\Middleware\ShareErrorsFromSession.php(48): Illuminate\Pipeline\Pipeline-&gt;Illuminate\Pipeline\{closure}(Object(Illuminate\Http\Request))
#45 C:\XAMPP\htdocs\ictserve-031125\vendor\laravel\framework\src\Illuminate\Pipeline\Pipeline.php(219): Illuminate\View\Middleware\ShareErrorsFromSession-&gt;handle(Object(Illuminate\Http\Request), Object(Closure))
#46 C:\XAMPP\htdocs\ictserve-031125\vendor\laravel\framework\src\Illuminate\Session\Middleware\StartSession.php(120): Illuminate\Pipeline\Pipeline-&gt;Illuminate\Pipeline\{closure}(Object(Illuminate\Http\Request))
#47 C:\XAMPP\htdocs\ictserve-031125\vendor\laravel\framework\src\Illuminate\Session\Middleware\StartSession.php(63): Illuminate\Session\Middleware\StartSession-&gt;handleStatefulRequest(Object(Illuminate\Http\Request), Object(Illuminate\Session\Store), Object(Closure))
#48 C:\XAMPP\htdocs\ictserve-031125\vendor\laravel\framework\src\Illuminate\Pipeline\Pipeline.php(219): Illuminate\Session\Middleware\StartSession-&gt;handle(Object(Illuminate\Http\Request), Object(Closure))
#49 C:\XAMPP\htdocs\ictserve-031125\vendor\laravel\framework\src\Illuminate\Cookie\Middleware\AddQueuedCookiesToResponse.php(36): Illuminate\Pipeline\Pipeline-&gt;Illuminate\Pipeline\{closure}(Object(Illuminate\Http\Request))
#50 C:\XAMPP\htdocs\ictserve-031125\vendor\laravel\framework\src\Illuminate\Pipeline\Pipeline.php(219): Illuminate\Cookie\Middleware\AddQueuedCookiesToResponse-&gt;handle(Object(Illuminate\Http\Request), Object(Closure))
#51 C:\XAMPP\htdocs\ictserve-031125\vendor\laravel\framework\src\Illuminate\Cookie\Middleware\EncryptCookies.php(74): Illuminate\Pipeline\Pipeline-&gt;Illuminate\Pipeline\{closure}(Object(Illuminate\Http\Request))
#52 C:\XAMPP\htdocs\ictserve-031125\vendor\laravel\framework\src\Illuminate\Pipeline\Pipeline.php(219): Illuminate\Cookie\Middleware\EncryptCookies-&gt;handle(Object(Illuminate\Http\Request), Object(Closure))
#53 C:\XAMPP\htdocs\ictserve-031125\vendor\laravel\framework\src\Illuminate\Pipeline\Pipeline.php(137): Illuminate\Pipeline\Pipeline-&gt;Illuminate\Pipeline\{closure}(Object(Illuminate\Http\Request))
#54 C:\XAMPP\htdocs\ictserve-031125\vendor\laravel\framework\src\Illuminate\Routing\Router.php(821): Illuminate\Pipeline\Pipeline-&gt;then(Object(Closure))
#55 C:\XAMPP\htdocs\ictserve-031125\vendor\laravel\framework\src\Illuminate\Routing\Router.php(800): Illuminate\Routing\Router-&gt;runRouteWithinStack(Object(Illuminate\Routing\Route), Object(Illuminate\Http\Request))
#56 C:\XAMPP\htdocs\ictserve-031125\vendor\laravel\framework\src\Illuminate\Routing\Router.php(764): Illuminate\Routing\Router-&gt;runRoute(Object(Illuminate\Http\Request), Object(Illuminate\Routing\Route))
#57 C:\XAMPP\htdocs\ictserve-031125\vendor\laravel\framework\src\Illuminate\Routing\Router.php(753): Illuminate\Routing\Router-&gt;dispatchToRoute(Object(Illuminate\Http\Request))
#58 C:\XAMPP\htdocs\ictserve-031125\vendor\laravel\framework\src\Illuminate\Foundation\Http\Kernel.php(200): Illuminate\Routing\Router-&gt;dispatch(Object(Illuminate\Http\Request))
#59 C:\XAMPP\htdocs\ictserve-031125\vendor\laravel\framework\src\Illuminate\Pipeline\Pipeline.php(180): Illuminate\Foundation\Http\Kernel-&gt;Illuminate\Foundation\Http\{closure}(Object(Illuminate\Http\Request))
#60 C:\XAMPP\htdocs\ictserve-031125\vendor\livewire\livewire\src\Features\SupportDisablingBackButtonCache\DisableBackButtonCacheMiddleware.php(19): Illuminate\Pipeline\Pipeline-&gt;Illuminate\Pipeline\{closure}(Object(Illuminate\Http\Request))
#61 C:\XAMPP\htdocs\ictserve-031125\vendor\laravel\framework\src\Illuminate\Pipeline\Pipeline.php(219): Livewire\Features\SupportDisablingBackButtonCache\DisableBackButtonCacheMiddleware-&gt;handle(Object(Illuminate\Http\Request), Object(Closure))
#62 C:\XAMPP\htdocs\ictserve-031125\app\Http\Middleware\SetLocaleMiddleware.php(50): Illuminate\Pipeline\Pipeline-&gt;Illuminate\Pipeline\{closure}(Object(Illuminate\Http\Request))
#63 C:\XAMPP\htdocs\ictserve-031125\vendor\laravel\framework\src\Illuminate\Pipeline\Pipeline.php(219): App\Http\Middleware\SetLocaleMiddleware-&gt;handle(Object(Illuminate\Http\Request), Object(Closure))
#64 C:\XAMPP\htdocs\ictserve-031125\vendor\laravel\framework\src\Illuminate\Foundation\Http\Middleware\TransformsRequest.php(21): Illuminate\Pipeline\Pipeline-&gt;Illuminate\Pipeline\{closure}(Object(Illuminate\Http\Request))
#65 C:\XAMPP\htdocs\ictserve-031125\vendor\laravel\framework\src\Illuminate\Foundation\Http\Middleware\ConvertEmptyStringsToNull.php(31): Illuminate\Foundation\Http\Middleware\TransformsRequest-&gt;handle(Object(Illuminate\Http\Request), Object(Closure))
#66 C:\XAMPP\htdocs\ictserve-031125\vendor\laravel\framework\src\Illuminate\Pipeline\Pipeline.php(219): Illuminate\Foundation\Http\Middleware\ConvertEmptyStringsToNull-&gt;handle(Object(Illuminate\Http\Request), Object(Closure))
#67 C:\XAMPP\htdocs\ictserve-031125\vendor\laravel\framework\src\Illuminate\Foundation\Http\Middleware\TransformsRequest.php(21): Illuminate\Pipeline\Pipeline-&gt;Illuminate\Pipeline\{closure}(Object(Illuminate\Http\Request))
#68 C:\XAMPP\htdocs\ictserve-031125\vendor\laravel\framework\src\Illuminate\Foundation\Http\Middleware\TrimStrings.php(51): Illuminate\Foundation\Http\Middleware\TransformsRequest-&gt;handle(Object(Illuminate\Http\Request), Object(Closure))
#69 C:\XAMPP\htdocs\ictserve-031125\vendor\laravel\framework\src\Illuminate\Pipeline\Pipeline.php(219): Illuminate\Foundation\Http\Middleware\TrimStrings-&gt;handle(Object(Illuminate\Http\Request), Object(Closure))
#70 C:\XAMPP\htdocs\ictserve-031125\vendor\laravel\framework\src\Illuminate\Http\Middleware\ValidatePostSize.php(27): Illuminate\Pipeline\Pipeline-&gt;Illuminate\Pipeline\{closure}(Object(Illuminate\Http\Request))
#71 C:\XAMPP\htdocs\ictserve-031125\vendor\laravel\framework\src\Illuminate\Pipeline\Pipeline.php(219): Illuminate\Http\Middleware\ValidatePostSize-&gt;handle(Object(Illuminate\Http\Request), Object(Closure))
#72 C:\XAMPP\htdocs\ictserve-031125\vendor\laravel\framework\src\Illuminate\Foundation\Http\Middleware\PreventRequestsDuringMaintenance.php(109): Illuminate\Pipeline\Pipeline-&gt;Illuminate\Pipeline\{closure}(Object(Illuminate\Http\Request))
#73 C:\XAMPP\htdocs\ictserve-031125\vendor\laravel\framework\src\Illuminate\Pipeline\Pipeline.php(219): Illuminate\Foundation\Http\Middleware\PreventRequestsDuringMaintenance-&gt;handle(Object(Illuminate\Http\Request), Object(Closure))
#74 C:\XAMPP\htdocs\ictserve-031125\vendor\laravel\framework\src\Illuminate\Http\Middleware\HandleCors.php(48): Illuminate\Pipeline\Pipeline-&gt;Illuminate\Pipeline\{closure}(Object(Illuminate\Http\Request))
#75 C:\XAMPP\htdocs\ictserve-031125\vendor\laravel\framework\src\Illuminate\Pipeline\Pipeline.php(219): Illuminate\Http\Middleware\HandleCors-&gt;handle(Object(Illuminate\Http\Request), Object(Closure))
#76 C:\XAMPP\htdocs\ictserve-031125\vendor\laravel\framework\src\Illuminate\Http\Middleware\TrustProxies.php(58): Illuminate\Pipeline\Pipeline-&gt;Illuminate\Pipeline\{closure}(Object(Illuminate\Http\Request))
#77 C:\XAMPP\htdocs\ictserve-031125\vendor\laravel\framework\src\Illuminate\Pipeline\Pipeline.php(219): Illuminate\Http\Middleware\TrustProxies-&gt;handle(Object(Illuminate\Http\Request), Object(Closure))
#78 C:\XAMPP\htdocs\ictserve-031125\vendor\laravel\framework\src\Illuminate\Foundation\Http\Middleware\InvokeDeferredCallbacks.php(22): Illuminate\Pipeline\Pipeline-&gt;Illuminate\Pipeline\{closure}(Object(Illuminate\Http\Request))
#79 C:\XAMPP\htdocs\ictserve-031125\vendor\laravel\framework\src\Illuminate\Pipeline\Pipeline.php(219): Illuminate\Foundation\Http\Middleware\InvokeDeferredCallbacks-&gt;handle(Object(Illuminate\Http\Request), Object(Closure))
#80 C:\XAMPP\htdocs\ictserve-031125\vendor\laravel\framework\src\Illuminate\Http\Middleware\ValidatePathEncoding.php(26): Illuminate\Pipeline\Pipeline-&gt;Illuminate\Pipeline\{closure}(Object(Illuminate\Http\Request))
#81 C:\XAMPP\htdocs\ictserve-031125\vendor\laravel\framework\src\Illuminate\Pipeline\Pipeline.php(219): Illuminate\Http\Middleware\ValidatePathEncoding-&gt;handle(Object(Illuminate\Http\Request), Object(Closure))
#82 C:\XAMPP\htdocs\ictserve-031125\vendor\laravel\framework\src\Illuminate\Pipeline\Pipeline.php(137): Illuminate\Pipeline\Pipeline-&gt;Illuminate\Pipeline\{closure}(Object(Illuminate\Http\Request))
#83 C:\XAMPP\htdocs\ictserve-031125\vendor\laravel\framework\src\Illuminate\Foundation\Http\Kernel.php(175): Illuminate\Pipeline\Pipeline-&gt;then(Object(Closure))
#84 C:\XAMPP\htdocs\ictserve-031125\vendor\laravel\framework\src\Illuminate\Foundation\Http\Kernel.php(144): Illuminate\Foundation\Http\Kernel-&gt;sendRequestThroughRouter(Object(Illuminate\Http\Request))
#85 C:\XAMPP\htdocs\ictserve-031125\vendor\laravel\framework\src\Illuminate\Foundation\Testing\Concerns\MakesHttpRequests.php(607): Illuminate\Foundation\Http\Kernel-&gt;handle(Object(Illuminate\Http\Request))
#86 C:\XAMPP\htdocs\ictserve-031125\vendor\laravel\framework\src\Illuminate\Foundation\Testing\Concerns\MakesHttpRequests.php(368): Illuminate\Foundation\Testing\TestCase-&gt;call('GET', '/profile', Array, Array, Array, Array)
#87 C:\XAMPP\htdocs\ictserve-031125\tests\Feature\ProfileTest.php(18): Illuminate\Foundation\Testing\TestCase-&gt;get('/profile')
#88 C:\XAMPP\htdocs\ictserve-031125\vendor\phpunit\phpunit\src\Framework\TestCase.php(1657): Tests\Feature\ProfileTest-&gt;test_profile_page_is_displayed()
#89 C:\XAMPP\htdocs\ictserve-031125\vendor\phpunit\phpunit\src\Framework\TestCase.php(515): PHPUnit\Framework\TestCase-&gt;runTest()
#90 C:\XAMPP\htdocs\ictserve-031125\vendor\phpunit\phpunit\src\Framework\TestRunner\TestRunner.php(87): PHPUnit\Framework\TestCase-&gt;runBare()
#91 C:\XAMPP\htdocs\ictserve-031125\vendor\phpunit\phpunit\src\Framework\TestCase.php(361): PHPUnit\Framework\TestRunner-&gt;run(Object(Tests\Feature\ProfileTest))
#92 C:\XAMPP\htdocs\ictserve-031125\vendor\phpunit\phpunit\src\Framework\TestSuite.php(369): PHPUnit\Framework\TestCase-&gt;run()
#93 C:\XAMPP\htdocs\ictserve-031125\vendor\phpunit\phpunit\src\Framework\TestSuite.php(369): PHPUnit\Framework\TestSuite-&gt;run()
#94 C:\XAMPP\htdocs\ictserve-031125\vendor\phpunit\phpunit\src\Framework\TestSuite.php(369): PHPUnit\Framework\TestSuite-&gt;run()
#95 C:\XAMPP\htdocs\ictserve-031125\vendor\phpunit\phpunit\src\TextUI\TestRunner.php(64): PHPUnit\Framework\TestSuite-&gt;run()
#96 C:\XAMPP\htdocs\ictserve-031125\vendor\phpunit\phpunit\src\TextUI\Application.php(211): PHPUnit\TextUI\TestRunner-&gt;run(Object(PHPUnit\TextUI\Configuration\Configuration), Object(PHPUnit\Runner\ResultCache\DefaultResultCache), Object(PHPUnit\Framework\TestSuite))
#97 C:\XAMPP\htdocs\ictserve-031125\vendor\phpunit\phpunit\phpunit(104): PHPUnit\TextUI\Application-&gt;run(Array)
#98 {main}

Next Illuminate\View\ViewException: Route [staff.tickets.index] not defined. (View: C:\XAMPP\htdocs\ictserve-031125\resources\views\components\layout\auth-header.blade.php) in C:\XAMPP\htdocs\ictserve-031125\vendor\laravel\framework\src\Illuminate\Routing\UrlGenerator.php:526
Stack trace:
#0 C:\XAMPP\htdocs\ictserve-031125\vendor\livewire\livewire\src\Mechanisms\ExtendBlade\ExtendedCompilerEngine.php(58): Illuminate\View\Engines\CompilerEngine-&gt;handleViewException(Object(Symfony\Component\Routing\Exception\RouteNotFoundException), 3)
#1 C:\XAMPP\htdocs\ictserve-031125\vendor\livewire\livewire\src\Mechanisms\ExtendBlade\ExtendedCompilerEngine.php(40): Livewire\Mechanisms\ExtendBlade\ExtendedCompilerEngine-&gt;handleViewException(Object(Symfony\Component\Routing\Exception\RouteNotFoundException), 3)
#2 C:\XAMPP\htdocs\ictserve-031125\vendor\laravel\framework\src\Illuminate\View\Engines\CompilerEngine.php(76): Livewire\Mechanisms\ExtendBlade\ExtendedCompilerEngine-&gt;evaluatePath('C:\\XAMPP\\htdocs...', Array)
#3 C:\XAMPP\htdocs\ictserve-031125\vendor\livewire\livewire\src\Mechanisms\ExtendBlade\ExtendedCompilerEngine.php(16): Illuminate\View\Engines\CompilerEngine-&gt;get('C:\\XAMPP\\htdocs...', Array)
#4 C:\XAMPP\htdocs\ictserve-031125\vendor\laravel\framework\src\Illuminate\View\View.php(208): Livewire\Mechanisms\ExtendBlade\ExtendedCompilerEngine-&gt;get('C:\\XAMPP\\htdocs...', Array)
#5 C:\XAMPP\htdocs\ictserve-031125\vendor\laravel\framework\src\Illuminate\View\View.php(191): Illuminate\View\View-&gt;getContents()
#6 C:\XAMPP\htdocs\ictserve-031125\vendor\laravel\framework\src\Illuminate\View\View.php(160): Illuminate\View\View-&gt;renderContents()
#7 C:\XAMPP\htdocs\ictserve-031125\vendor\laravel\framework\src\Illuminate\View\Concerns\ManagesComponents.php(103): Illuminate\View\View-&gt;render()
#8 C:\XAMPP\htdocs\ictserve-031125\storage\framework\views\b5aecfdd3d724b923b3f5f5bea1fcd6c.php(62): Illuminate\View\Factory-&gt;renderComponent()
#9 C:\XAMPP\htdocs\ictserve-031125\vendor\livewire\livewire\src\Mechanisms\ExtendBlade\ExtendedCompilerEngine.php(37): include('C:\\XAMPP\\htdocs...')
#10 C:\XAMPP\htdocs\ictserve-031125\vendor\livewire\livewire\src\Mechanisms\ExtendBlade\ExtendedCompilerEngine.php(38): App\Filament\Widgets\UnifiedDashboardOverview-&gt;Livewire\Mechanisms\ExtendBlade\{closure}()
#11 C:\XAMPP\htdocs\ictserve-031125\vendor\laravel\framework\src\Illuminate\View\Engines\CompilerEngine.php(76): Livewire\Mechanisms\ExtendBlade\ExtendedCompilerEngine-&gt;evaluatePath('C:\\XAMPP\\htdocs...', Array)
#12 C:\XAMPP\htdocs\ictserve-031125\vendor\livewire\livewire\src\Mechanisms\ExtendBlade\ExtendedCompilerEngine.php(16): Illuminate\View\Engines\CompilerEngine-&gt;get('C:\\XAMPP\\htdocs...', Array)
#13 C:\XAMPP\htdocs\ictserve-031125\vendor\laravel\framework\src\Illuminate\View\View.php(208): Livewire\Mechanisms\ExtendBlade\ExtendedCompilerEngine-&gt;get('C:\\XAMPP\\htdocs...', Array)
#14 C:\XAMPP\htdocs\ictserve-031125\vendor\laravel\framework\src\Illuminate\View\View.php(191): Illuminate\View\View-&gt;getContents()
#15 C:\XAMPP\htdocs\ictserve-031125\vendor\laravel\framework\src\Illuminate\View\View.php(160): Illuminate\View\View-&gt;renderContents()
#16 C:\XAMPP\htdocs\ictserve-031125\vendor\laravel\framework\src\Illuminate\View\Concerns\ManagesComponents.php(99): Illuminate\View\View-&gt;render()
#17 C:\XAMPP\htdocs\ictserve-031125\storage\framework\views\7ee8ecb3f584a69cc4c7b2219f8b8215.php(84): Illuminate\View\Factory-&gt;renderComponent()
#18 C:\XAMPP\htdocs\ictserve-031125\vendor\livewire\livewire\src\Mechanisms\ExtendBlade\ExtendedCompilerEngine.php(37): include('C:\\XAMPP\\htdocs...')
#19 C:\XAMPP\htdocs\ictserve-031125\vendor\livewire\livewire\src\Mechanisms\ExtendBlade\ExtendedCompilerEngine.php(38): App\Filament\Widgets\UnifiedDashboardOverview-&gt;Livewire\Mechanisms\ExtendBlade\{closure}()
#20 C:\XAMPP\htdocs\ictserve-031125\vendor\laravel\framework\src\Illuminate\View\Engines\CompilerEngine.php(76): Livewire\Mechanisms\ExtendBlade\ExtendedCompilerEngine-&gt;evaluatePath('C:\\XAMPP\\htdocs...', Array)
#21 C:\XAMPP\htdocs\ictserve-031125\vendor\livewire\livewire\src\Mechanisms\ExtendBlade\ExtendedCompilerEngine.php(16): Illuminate\View\Engines\CompilerEngine-&gt;get('C:\\XAMPP\\htdocs...', Array)
#22 C:\XAMPP\htdocs\ictserve-031125\vendor\laravel\framework\src\Illuminate\View\View.php(208): Livewire\Mechanisms\ExtendBlade\ExtendedCompilerEngine-&gt;get('C:\\XAMPP\\htdocs...', Array)
#23 C:\XAMPP\htdocs\ictserve-031125\vendor\laravel\framework\src\Illuminate\View\View.php(191): Illuminate\View\View-&gt;getContents()
#24 C:\XAMPP\htdocs\ictserve-031125\vendor\laravel\framework\src\Illuminate\View\View.php(160): Illuminate\View\View-&gt;renderContents()
#25 C:\XAMPP\htdocs\ictserve-031125\vendor\laravel\framework\src\Illuminate\Http\Response.php(78): Illuminate\View\View-&gt;render()
#26 C:\XAMPP\htdocs\ictserve-031125\vendor\laravel\framework\src\Illuminate\Http\Response.php(34): Illuminate\Http\Response-&gt;setContent(Object(Illuminate\View\View))
#27 C:\XAMPP\htdocs\ictserve-031125\vendor\laravel\framework\src\Illuminate\Routing\ResponseFactory.php(61): Illuminate\Http\Response-&gt;__construct(Object(Illuminate\View\View), 200, Array)
#28 C:\XAMPP\htdocs\ictserve-031125\vendor\laravel\framework\src\Illuminate\Routing\ResponseFactory.php(91): Illuminate\Routing\ResponseFactory-&gt;make(Object(Illuminate\View\View), 200, Array)
#29 C:\XAMPP\htdocs\ictserve-031125\vendor\laravel\framework\src\Illuminate\Routing\ViewController.php(40): Illuminate\Routing\ResponseFactory-&gt;view('profile', Array, 200, Array)
#30 C:\XAMPP\htdocs\ictserve-031125\vendor\laravel\framework\src\Illuminate\Routing\ViewController.php(57): Illuminate\Routing\ViewController-&gt;__invoke(view: 'profile', data: Array, status: 200, headers: Array)
#31 C:\XAMPP\htdocs\ictserve-031125\vendor\laravel\framework\src\Illuminate\Routing\ControllerDispatcher.php(43): Illuminate\Routing\ViewController-&gt;callAction('__invoke', Array)
#32 C:\XAMPP\htdocs\ictserve-031125\vendor\laravel\framework\src\Illuminate\Routing\Route.php(265): Illuminate\Routing\ControllerDispatcher-&gt;dispatch(Object(Illuminate\Routing\Route), Object(Illuminate\Routing\ViewController), '__invoke')
#33 C:\XAMPP\htdocs\ictserve-031125\vendor\laravel\framework\src\Illuminate\Routing\Route.php(211): Illuminate\Routing\Route-&gt;runController()
#34 C:\XAMPP\htdocs\ictserve-031125\vendor\laravel\framework\src\Illuminate\Routing\Router.php(822): Illuminate\Routing\Route-&gt;run()
#35 C:\XAMPP\htdocs\ictserve-031125\vendor\laravel\framework\src\Illuminate\Pipeline\Pipeline.php(180): Illuminate\Routing\Router-&gt;Illuminate\Routing\{closure}(Object(Illuminate\Http\Request))
#36 C:\XAMPP\htdocs\ictserve-031125\vendor\laravel\framework\src\Illuminate\Routing\Middleware\SubstituteBindings.php(50): Illuminate\Pipeline\Pipeline-&gt;Illuminate\Pipeline\{closure}(Object(Illuminate\Http\Request))
#37 C:\XAMPP\htdocs\ictserve-031125\vendor\laravel\framework\src\Illuminate\Pipeline\Pipeline.php(219): Illuminate\Routing\Middleware\SubstituteBindings-&gt;handle(Object(Illuminate\Http\Request), Object(Closure))
#38 C:\XAMPP\htdocs\ictserve-031125\vendor\laravel\framework\src\Illuminate\Auth\Middleware\Authenticate.php(63): Illuminate\Pipeline\Pipeline-&gt;Illuminate\Pipeline\{closure}(Object(Illuminate\Http\Request))
#39 C:\XAMPP\htdocs\ictserve-031125\vendor\laravel\framework\src\Illuminate\Pipeline\Pipeline.php(219): Illuminate\Auth\Middleware\Authenticate-&gt;handle(Object(Illuminate\Http\Request), Object(Closure))
#40 C:\XAMPP\htdocs\ictserve-031125\vendor\laravel\framework\src\Illuminate\Foundation\Http\Middleware\VerifyCsrfToken.php(87): Illuminate\Pipeline\Pipeline-&gt;Illuminate\Pipeline\{closure}(Object(Illuminate\Http\Request))
#41 C:\XAMPP\htdocs\ictserve-031125\vendor\laravel\framework\src\Illuminate\Pipeline\Pipeline.php(219): Illuminate\Foundation\Http\Middleware\VerifyCsrfToken-&gt;handle(Object(Illuminate\Http\Request), Object(Closure))
#42 C:\XAMPP\htdocs\ictserve-031125\vendor\laravel\framework\src\Illuminate\View\Middleware\ShareErrorsFromSession.php(48): Illuminate\Pipeline\Pipeline-&gt;Illuminate\Pipeline\{closure}(Object(Illuminate\Http\Request))
#43 C:\XAMPP\htdocs\ictserve-031125\vendor\laravel\framework\src\Illuminate\Pipeline\Pipeline.php(219): Illuminate\View\Middleware\ShareErrorsFromSession-&gt;handle(Object(Illuminate\Http\Request), Object(Closure))
#44 C:\XAMPP\htdocs\ictserve-031125\vendor\laravel\framework\src\Illuminate\Session\Middleware\StartSession.php(120): Illuminate\Pipeline\Pipeline-&gt;Illuminate\Pipeline\{closure}(Object(Illuminate\Http\Request))
#45 C:\XAMPP\htdocs\ictserve-031125\vendor\laravel\framework\src\Illuminate\Session\Middleware\StartSession.php(63): Illuminate\Session\Middleware\StartSession-&gt;handleStatefulRequest(Object(Illuminate\Http\Request), Object(Illuminate\Session\Store), Object(Closure))
#46 C:\XAMPP\htdocs\ictserve-031125\vendor\laravel\framework\src\Illuminate\Pipeline\Pipeline.php(219): Illuminate\Session\Middleware\StartSession-&gt;handle(Object(Illuminate\Http\Request), Object(Closure))
#47 C:\XAMPP\htdocs\ictserve-031125\vendor\laravel\framework\src\Illuminate\Cookie\Middleware\AddQueuedCookiesToResponse.php(36): Illuminate\Pipeline\Pipeline-&gt;Illuminate\Pipeline\{closure}(Object(Illuminate\Http\Request))
#48 C:\XAMPP\htdocs\ictserve-031125\vendor\laravel\framework\src\Illuminate\Pipeline\Pipeline.php(219): Illuminate\Cookie\Middleware\AddQueuedCookiesToResponse-&gt;handle(Object(Illuminate\Http\Request), Object(Closure))
#49 C:\XAMPP\htdocs\ictserve-031125\vendor\laravel\framework\src\Illuminate\Cookie\Middleware\EncryptCookies.php(74): Illuminate\Pipeline\Pipeline-&gt;Illuminate\Pipeline\{closure}(Object(Illuminate\Http\Request))
#50 C:\XAMPP\htdocs\ictserve-031125\vendor\laravel\framework\src\Illuminate\Pipeline\Pipeline.php(219): Illuminate\Cookie\Middleware\EncryptCookies-&gt;handle(Object(Illuminate\Http\Request), Object(Closure))
#51 C:\XAMPP\htdocs\ictserve-031125\vendor\laravel\framework\src\Illuminate\Pipeline\Pipeline.php(137): Illuminate\Pipeline\Pipeline-&gt;Illuminate\Pipeline\{closure}(Object(Illuminate\Http\Request))
#52 C:\XAMPP\htdocs\ictserve-031125\vendor\laravel\framework\src\Illuminate\Routing\Router.php(821): Illuminate\Pipeline\Pipeline-&gt;then(Object(Closure))
#53 C:\XAMPP\htdocs\ictserve-031125\vendor\laravel\framework\src\Illuminate\Routing\Router.php(800): Illuminate\Routing\Router-&gt;runRouteWithinStack(Object(Illuminate\Routing\Route), Object(Illuminate\Http\Request))
#54 C:\XAMPP\htdocs\ictserve-031125\vendor\laravel\framework\src\Illuminate\Routing\Router.php(764): Illuminate\Routing\Router-&gt;runRoute(Object(Illuminate\Http\Request), Object(Illuminate\Routing\Route))
#55 C:\XAMPP\htdocs\ictserve-031125\vendor\laravel\framework\src\Illuminate\Routing\Router.php(753): Illuminate\Routing\Router-&gt;dispatchToRoute(Object(Illuminate\Http\Request))
#56 C:\XAMPP\htdocs\ictserve-031125\vendor\laravel\framework\src\Illuminate\Foundation\Http\Kernel.php(200): Illuminate\Routing\Router-&gt;dispatch(Object(Illuminate\Http\Request))
#57 C:\XAMPP\htdocs\ictserve-031125\vendor\laravel\framework\src\Illuminate\Pipeline\Pipeline.php(180): Illuminate\Foundation\Http\Kernel-&gt;Illuminate\Foundation\Http\{closure}(Object(Illuminate\Http\Request))
#58 C:\XAMPP\htdocs\ictserve-031125\vendor\livewire\livewire\src\Features\SupportDisablingBackButtonCache\DisableBackButtonCacheMiddleware.php(19): Illuminate\Pipeline\Pipeline-&gt;Illuminate\Pipeline\{closure}(Object(Illuminate\Http\Request))
#59 C:\XAMPP\htdocs\ictserve-031125\vendor\laravel\framework\src\Illuminate\Pipeline\Pipeline.php(219): Livewire\Features\SupportDisablingBackButtonCache\DisableBackButtonCacheMiddleware-&gt;handle(Object(Illuminate\Http\Request), Object(Closure))
#60 C:\XAMPP\htdocs\ictserve-031125\app\Http\Middleware\SetLocaleMiddleware.php(50): Illuminate\Pipeline\Pipeline-&gt;Illuminate\Pipeline\{closure}(Object(Illuminate\Http\Request))
#61 C:\XAMPP\htdocs\ictserve-031125\vendor\laravel\framework\src\Illuminate\Pipeline\Pipeline.php(219): App\Http\Middleware\SetLocaleMiddleware-&gt;handle(Object(Illuminate\Http\Request), Object(Closure))
#62 C:\XAMPP\htdocs\ictserve-031125\vendor\laravel\framework\src\Illuminate\Foundation\Http\Middleware\TransformsRequest.php(21): Illuminate\Pipeline\Pipeline-&gt;Illuminate\Pipeline\{closure}(Object(Illuminate\Http\Request))
#63 C:\XAMPP\htdocs\ictserve-031125\vendor\laravel\framework\src\Illuminate\Foundation\Http\Middleware\ConvertEmptyStringsToNull.php(31): Illuminate\Foundation\Http\Middleware\TransformsRequest-&gt;handle(Object(Illuminate\Http\Request), Object(Closure))
#64 C:\XAMPP\htdocs\ictserve-031125\vendor\laravel\framework\src\Illuminate\Pipeline\Pipeline.php(219): Illuminate\Foundation\Http\Middleware\ConvertEmptyStringsToNull-&gt;handle(Object(Illuminate\Http\Request), Object(Closure))
#65 C:\XAMPP\htdocs\ictserve-031125\vendor\laravel\framework\src\Illuminate\Foundation\Http\Middleware\TransformsRequest.php(21): Illuminate\Pipeline\Pipeline-&gt;Illuminate\Pipeline\{closure}(Object(Illuminate\Http\Request))
#66 C:\XAMPP\htdocs\ictserve-031125\vendor\laravel\framework\src\Illuminate\Foundation\Http\Middleware\TrimStrings.php(51): Illuminate\Foundation\Http\Middleware\TransformsRequest-&gt;handle(Object(Illuminate\Http\Request), Object(Closure))
#67 C:\XAMPP\htdocs\ictserve-031125\vendor\laravel\framework\src\Illuminate\Pipeline\Pipeline.php(219): Illuminate\Foundation\Http\Middleware\TrimStrings-&gt;handle(Object(Illuminate\Http\Request), Object(Closure))
#68 C:\XAMPP\htdocs\ictserve-031125\vendor\laravel\framework\src\Illuminate\Http\Middleware\ValidatePostSize.php(27): Illuminate\Pipeline\Pipeline-&gt;Illuminate\Pipeline\{closure}(Object(Illuminate\Http\Request))
#69 C:\XAMPP\htdocs\ictserve-031125\vendor\laravel\framework\src\Illuminate\Pipeline\Pipeline.php(219): Illuminate\Http\Middleware\ValidatePostSize-&gt;handle(Object(Illuminate\Http\Request), Object(Closure))
#70 C:\XAMPP\htdocs\ictserve-031125\vendor\laravel\framework\src\Illuminate\Foundation\Http\Middleware\PreventRequestsDuringMaintenance.php(109): Illuminate\Pipeline\Pipeline-&gt;Illuminate\Pipeline\{closure}(Object(Illuminate\Http\Request))
#71 C:\XAMPP\htdocs\ictserve-031125\vendor\laravel\framework\src\Illuminate\Pipeline\Pipeline.php(219): Illuminate\Foundation\Http\Middleware\PreventRequestsDuringMaintenance-&gt;handle(Object(Illuminate\Http\Request), Object(Closure))
#72 C:\XAMPP\htdocs\ictserve-031125\vendor\laravel\framework\src\Illuminate\Http\Middleware\HandleCors.php(48): Illuminate\Pipeline\Pipeline-&gt;Illuminate\Pipeline\{closure}(Object(Illuminate\Http\Request))
#73 C:\XAMPP\htdocs\ictserve-031125\vendor\laravel\framework\src\Illuminate\Pipeline\Pipeline.php(219): Illuminate\Http\Middleware\HandleCors-&gt;handle(Object(Illuminate\Http\Request), Object(Closure))
#74 C:\XAMPP\htdocs\ictserve-031125\vendor\laravel\framework\src\Illuminate\Http\Middleware\TrustProxies.php(58): Illuminate\Pipeline\Pipeline-&gt;Illuminate\Pipeline\{closure}(Object(Illuminate\Http\Request))
#75 C:\XAMPP\htdocs\ictserve-031125\vendor\laravel\framework\src\Illuminate\Pipeline\Pipeline.php(219): Illuminate\Http\Middleware\TrustProxies-&gt;handle(Object(Illuminate\Http\Request), Object(Closure))
#76 C:\XAMPP\htdocs\ictserve-031125\vendor\laravel\framework\src\Illuminate\Foundation\Http\Middleware\InvokeDeferredCallbacks.php(22): Illuminate\Pipeline\Pipeline-&gt;Illuminate\Pipeline\{closure}(Object(Illuminate\Http\Request))
#77 C:\XAMPP\htdocs\ictserve-031125\vendor\laravel\framework\src\Illuminate\Pipeline\Pipeline.php(219): Illuminate\Foundation\Http\Middleware\InvokeDeferredCallbacks-&gt;handle(Object(Illuminate\Http\Request), Object(Closure))
#78 C:\XAMPP\htdocs\ictserve-031125\vendor\laravel\framework\src\Illuminate\Http\Middleware\ValidatePathEncoding.php(26): Illuminate\Pipeline\Pipeline-&gt;Illuminate\Pipeline\{closure}(Object(Illuminate\Http\Request))
#79 C:\XAMPP\htdocs\ictserve-031125\vendor\laravel\framework\src\Illuminate\Pipeline\Pipeline.php(219): Illuminate\Http\Middleware\ValidatePathEncoding-&gt;handle(Object(Illuminate\Http\Request), Object(Closure))
#80 C:\XAMPP\htdocs\ictserve-031125\vendor\laravel\framework\src\Illuminate\Pipeline\Pipeline.php(137): Illuminate\Pipeline\Pipeline-&gt;Illuminate\Pipeline\{closure}(Object(Illuminate\Http\Request))
#81 C:\XAMPP\htdocs\ictserve-031125\vendor\laravel\framework\src\Illuminate\Foundation\Http\Kernel.php(175): Illuminate\Pipeline\Pipeline-&gt;then(Object(Closure))
#82 C:\XAMPP\htdocs\ictserve-031125\vendor\laravel\framework\src\Illuminate\Foundation\Http\Kernel.php(144): Illuminate\Foundation\Http\Kernel-&gt;sendRequestThroughRouter(Object(Illuminate\Http\Request))
#83 C:\XAMPP\htdocs\ictserve-031125\vendor\laravel\framework\src\Illuminate\Foundation\Testing\Concerns\MakesHttpRequests.php(607): Illuminate\Foundation\Http\Kernel-&gt;handle(Object(Illuminate\Http\Request))
#84 C:\XAMPP\htdocs\ictserve-031125\vendor\laravel\framework\src\Illuminate\Foundation\Testing\Concerns\MakesHttpRequests.php(368): Illuminate\Foundation\Testing\TestCase-&gt;call('GET', '/profile', Array, Array, Array, Array)
#85 C:\XAMPP\htdocs\ictserve-031125\tests\Feature\ProfileTest.php(18): Illuminate\Foundation\Testing\TestCase-&gt;get('/profile')
#86 C:\XAMPP\htdocs\ictserve-031125\vendor\phpunit\phpunit\src\Framework\TestCase.php(1657): Tests\Feature\ProfileTest-&gt;test_profile_page_is_displayed()
#87 C:\XAMPP\htdocs\ictserve-031125\vendor\phpunit\phpunit\src\Framework\TestCase.php(515): PHPUnit\Framework\TestCase-&gt;runTest()
#88 C:\XAMPP\htdocs\ictserve-031125\vendor\phpunit\phpunit\src\Framework\TestRunner\TestRunner.php(87): PHPUnit\Framework\TestCase-&gt;runBare()
#89 C:\XAMPP\htdocs\ictserve-031125\vendor\phpunit\phpunit\src\Framework\TestCase.php(361): PHPUnit\Framework\TestRunner-&gt;run(Object(Tests\Feature\ProfileTest))
#90 C:\XAMPP\htdocs\ictserve-031125\vendor\phpunit\phpunit\src\Framework\TestSuite.php(369): PHPUnit\Framework\TestCase-&gt;run()
#91 C:\XAMPP\htdocs\ictserve-031125\vendor\phpunit\phpunit\src\Framework\TestSuite.php(369): PHPUnit\Framework\TestSuite-&gt;run()
#92 C:\XAMPP\htdocs\ictserve-031125\vendor\phpunit\phpunit\src\Framework\TestSuite.php(369): PHPUnit\Framework\TestSuite-&gt;run()
#93 C:\XAMPP\htdocs\ictserve-031125\vendor\phpunit\phpunit\src\TextUI\TestRunner.php(64): PHPUnit\Framework\TestSuite-&gt;run()
#94 C:\XAMPP\htdocs\ictserve-031125\vendor\phpunit\phpunit\src\TextUI\Application.php(211): PHPUnit\TextUI\TestRunner-&gt;run(Object(PHPUnit\TextUI\Configuration\Configuration), Object(PHPUnit\Runner\ResultCache\DefaultResultCache), Object(PHPUnit\Framework\TestSuite))
#95 C:\XAMPP\htdocs\ictserve-031125\vendor\phpunit\phpunit\phpunit(104): PHPUnit\TextUI\Application-&gt;run(Array)
#96 {main}

Next Illuminate\View\ViewException: Route [staff.tickets.index] not defined. (View: C:\XAMPP\htdocs\ictserve-031125\resources\views\components\layout\auth-header.blade.php) (View: C:\XAMPP\htdocs\ictserve-031125\resources\views\components\layout\auth-header.blade.php) in C:\XAMPP\htdocs\ictserve-031125\vendor\laravel\framework\src\Illuminate\Routing\UrlGenerator.php:526
Stack trace:
#0 C:\XAMPP\htdocs\ictserve-031125\vendor\livewire\livewire\src\Mechanisms\ExtendBlade\ExtendedCompilerEngine.php(58): Illuminate\View\Engines\CompilerEngine-&gt;handleViewException(Object(Illuminate\View\ViewException), 2)
#1 C:\XAMPP\htdocs\ictserve-031125\vendor\livewire\livewire\src\Mechanisms\ExtendBlade\ExtendedCompilerEngine.php(40): Livewire\Mechanisms\ExtendBlade\ExtendedCompilerEngine-&gt;handleViewException(Object(Illuminate\View\ViewException), 2)
#2 C:\XAMPP\htdocs\ictserve-031125\vendor\laravel\framework\src\Illuminate\View\Engines\CompilerEngine.php(76): Livewire\Mechanisms\ExtendBlade\ExtendedCompilerEngine-&gt;evaluatePath('C:\\XAMPP\\htdocs...', Array)
#3 C:\XAMPP\htdocs\ictserve-031125\vendor\livewire\livewire\src\Mechanisms\ExtendBlade\ExtendedCompilerEngine.php(16): Illuminate\View\Engines\CompilerEngine-&gt;get('C:\\XAMPP\\htdocs...', Array)
#4 C:\XAMPP\htdocs\ictserve-031125\vendor\laravel\framework\src\Illuminate\View\View.php(208): Livewire\Mechanisms\ExtendBlade\ExtendedCompilerEngine-&gt;get('C:\\XAMPP\\htdocs...', Array)
#5 C:\XAMPP\htdocs\ictserve-031125\vendor\laravel\framework\src\Illuminate\View\View.php(191): Illuminate\View\View-&gt;getContents()
#6 C:\XAMPP\htdocs\ictserve-031125\vendor\laravel\framework\src\Illuminate\View\View.php(160): Illuminate\View\View-&gt;renderContents()
#7 C:\XAMPP\htdocs\ictserve-031125\vendor\laravel\framework\src\Illuminate\View\Concerns\ManagesComponents.php(99): Illuminate\View\View-&gt;render()
#8 C:\XAMPP\htdocs\ictserve-031125\storage\framework\views\7ee8ecb3f584a69cc4c7b2219f8b8215.php(84): Illuminate\View\Factory-&gt;renderComponent()
#9 C:\XAMPP\htdocs\ictserve-031125\vendor\livewire\livewire\src\Mechanisms\ExtendBlade\ExtendedCompilerEngine.php(37): include('C:\\XAMPP\\htdocs...')
#10 C:\XAMPP\htdocs\ictserve-031125\vendor\livewire\livewire\src\Mechanisms\ExtendBlade\ExtendedCompilerEngine.php(38): App\Filament\Widgets\UnifiedDashboardOverview-&gt;Livewire\Mechanisms\ExtendBlade\{closure}()
#11 C:\XAMPP\htdocs\ictserve-031125\vendor\laravel\framework\src\Illuminate\View\Engines\CompilerEngine.php(76): Livewire\Mechanisms\ExtendBlade\ExtendedCompilerEngine-&gt;evaluatePath('C:\\XAMPP\\htdocs...', Array)
#12 C:\XAMPP\htdocs\ictserve-031125\vendor\livewire\livewire\src\Mechanisms\ExtendBlade\ExtendedCompilerEngine.php(16): Illuminate\View\Engines\CompilerEngine-&gt;get('C:\\XAMPP\\htdocs...', Array)
#13 C:\XAMPP\htdocs\ictserve-031125\vendor\laravel\framework\src\Illuminate\View\View.php(208): Livewire\Mechanisms\ExtendBlade\ExtendedCompilerEngine-&gt;get('C:\\XAMPP\\htdocs...', Array)
#14 C:\XAMPP\htdocs\ictserve-031125\vendor\laravel\framework\src\Illuminate\View\View.php(191): Illuminate\View\View-&gt;getContents()
#15 C:\XAMPP\htdocs\ictserve-031125\vendor\laravel\framework\src\Illuminate\View\View.php(160): Illuminate\View\View-&gt;renderContents()
#16 C:\XAMPP\htdocs\ictserve-031125\vendor\laravel\framework\src\Illuminate\Http\Response.php(78): Illuminate\View\View-&gt;render()
#17 C:\XAMPP\htdocs\ictserve-031125\vendor\laravel\framework\src\Illuminate\Http\Response.php(34): Illuminate\Http\Response-&gt;setContent(Object(Illuminate\View\View))
#18 C:\XAMPP\htdocs\ictserve-031125\vendor\laravel\framework\src\Illuminate\Routing\ResponseFactory.php(61): Illuminate\Http\Response-&gt;__construct(Object(Illuminate\View\View), 200, Array)
#19 C:\XAMPP\htdocs\ictserve-031125\vendor\laravel\framework\src\Illuminate\Routing\ResponseFactory.php(91): Illuminate\Routing\ResponseFactory-&gt;make(Object(Illuminate\View\View), 200, Array)
#20 C:\XAMPP\htdocs\ictserve-031125\vendor\laravel\framework\src\Illuminate\Routing\ViewController.php(40): Illuminate\Routing\ResponseFactory-&gt;view('profile', Array, 200, Array)
#21 C:\XAMPP\htdocs\ictserve-031125\vendor\laravel\framework\src\Illuminate\Routing\ViewController.php(57): Illuminate\Routing\ViewController-&gt;__invoke(view: 'profile', data: Array, status: 200, headers: Array)
#22 C:\XAMPP\htdocs\ictserve-031125\vendor\laravel\framework\src\Illuminate\Routing\ControllerDispatcher.php(43): Illuminate\Routing\ViewController-&gt;callAction('__invoke', Array)
#23 C:\XAMPP\htdocs\ictserve-031125\vendor\laravel\framework\src\Illuminate\Routing\Route.php(265): Illuminate\Routing\ControllerDispatcher-&gt;dispatch(Object(Illuminate\Routing\Route), Object(Illuminate\Routing\ViewController), '__invoke')
#24 C:\XAMPP\htdocs\ictserve-031125\vendor\laravel\framework\src\Illuminate\Routing\Route.php(211): Illuminate\Routing\Route-&gt;runController()
#25 C:\XAMPP\htdocs\ictserve-031125\vendor\laravel\framework\src\Illuminate\Routing\Router.php(822): Illuminate\Routing\Route-&gt;run()
#26 C:\XAMPP\htdocs\ictserve-031125\vendor\laravel\framework\src\Illuminate\Pipeline\Pipeline.php(180): Illuminate\Routing\Router-&gt;Illuminate\Routing\{closure}(Object(Illuminate\Http\Request))
#27 C:\XAMPP\htdocs\ictserve-031125\vendor\laravel\framework\src\Illuminate\Routing\Middleware\SubstituteBindings.php(50): Illuminate\Pipeline\Pipeline-&gt;Illuminate\Pipeline\{closure}(Object(Illuminate\Http\Request))
#28 C:\XAMPP\htdocs\ictserve-031125\vendor\laravel\framework\src\Illuminate\Pipeline\Pipeline.php(219): Illuminate\Routing\Middleware\SubstituteBindings-&gt;handle(Object(Illuminate\Http\Request), Object(Closure))
#29 C:\XAMPP\htdocs\ictserve-031125\vendor\laravel\framework\src\Illuminate\Auth\Middleware\Authenticate.php(63): Illuminate\Pipeline\Pipeline-&gt;Illuminate\Pipeline\{closure}(Object(Illuminate\Http\Request))
#30 C:\XAMPP\htdocs\ictserve-031125\vendor\laravel\framework\src\Illuminate\Pipeline\Pipeline.php(219): Illuminate\Auth\Middleware\Authenticate-&gt;handle(Object(Illuminate\Http\Request), Object(Closure))
#31 C:\XAMPP\htdocs\ictserve-031125\vendor\laravel\framework\src\Illuminate\Foundation\Http\Middleware\VerifyCsrfToken.php(87): Illuminate\Pipeline\Pipeline-&gt;Illuminate\Pipeline\{closure}(Object(Illuminate\Http\Request))
#32 C:\XAMPP\htdocs\ictserve-031125\vendor\laravel\framework\src\Illuminate\Pipeline\Pipeline.php(219): Illuminate\Foundation\Http\Middleware\VerifyCsrfToken-&gt;handle(Object(Illuminate\Http\Request), Object(Closure))
#33 C:\XAMPP\htdocs\ictserve-031125\vendor\laravel\framework\src\Illuminate\View\Middleware\ShareErrorsFromSession.php(48): Illuminate\Pipeline\Pipeline-&gt;Illuminate\Pipeline\{closure}(Object(Illuminate\Http\Request))
#34 C:\XAMPP\htdocs\ictserve-031125\vendor\laravel\framework\src\Illuminate\Pipeline\Pipeline.php(219): Illuminate\View\Middleware\ShareErrorsFromSession-&gt;handle(Object(Illuminate\Http\Request), Object(Closure))
#35 C:\XAMPP\htdocs\ictserve-031125\vendor\laravel\framework\src\Illuminate\Session\Middleware\StartSession.php(120): Illuminate\Pipeline\Pipeline-&gt;Illuminate\Pipeline\{closure}(Object(Illuminate\Http\Request))
#36 C:\XAMPP\htdocs\ictserve-031125\vendor\laravel\framework\src\Illuminate\Session\Middleware\StartSession.php(63): Illuminate\Session\Middleware\StartSession-&gt;handleStatefulRequest(Object(Illuminate\Http\Request), Object(Illuminate\Session\Store), Object(Closure))
#37 C:\XAMPP\htdocs\ictserve-031125\vendor\laravel\framework\src\Illuminate\Pipeline\Pipeline.php(219): Illuminate\Session\Middleware\StartSession-&gt;handle(Object(Illuminate\Http\Request), Object(Closure))
#38 C:\XAMPP\htdocs\ictserve-031125\vendor\laravel\framework\src\Illuminate\Cookie\Middleware\AddQueuedCookiesToResponse.php(36): Illuminate\Pipeline\Pipeline-&gt;Illuminate\Pipeline\{closure}(Object(Illuminate\Http\Request))
#39 C:\XAMPP\htdocs\ictserve-031125\vendor\laravel\framework\src\Illuminate\Pipeline\Pipeline.php(219): Illuminate\Cookie\Middleware\AddQueuedCookiesToResponse-&gt;handle(Object(Illuminate\Http\Request), Object(Closure))
#40 C:\XAMPP\htdocs\ictserve-031125\vendor\laravel\framework\src\Illuminate\Cookie\Middleware\EncryptCookies.php(74): Illuminate\Pipeline\Pipeline-&gt;Illuminate\Pipeline\{closure}(Object(Illuminate\Http\Request))
#41 C:\XAMPP\htdocs\ictserve-031125\vendor\laravel\framework\src\Illuminate\Pipeline\Pipeline.php(219): Illuminate\Cookie\Middleware\EncryptCookies-&gt;handle(Object(Illuminate\Http\Request), Object(Closure))
#42 C:\XAMPP\htdocs\ictserve-031125\vendor\laravel\framework\src\Illuminate\Pipeline\Pipeline.php(137): Illuminate\Pipeline\Pipeline-&gt;Illuminate\Pipeline\{closure}(Object(Illuminate\Http\Request))
#43 C:\XAMPP\htdocs\ictserve-031125\vendor\laravel\framework\src\Illuminate\Routing\Router.php(821): Illuminate\Pipeline\Pipeline-&gt;then(Object(Closure))
#44 C:\XAMPP\htdocs\ictserve-031125\vendor\laravel\framework\src\Illuminate\Routing\Router.php(800): Illuminate\Routing\Router-&gt;runRouteWithinStack(Object(Illuminate\Routing\Route), Object(Illuminate\Http\Request))
#45 C:\XAMPP\htdocs\ictserve-031125\vendor\laravel\framework\src\Illuminate\Routing\Router.php(764): Illuminate\Routing\Router-&gt;runRoute(Object(Illuminate\Http\Request), Object(Illuminate\Routing\Route))
#46 C:\XAMPP\htdocs\ictserve-031125\vendor\laravel\framework\src\Illuminate\Routing\Router.php(753): Illuminate\Routing\Router-&gt;dispatchToRoute(Object(Illuminate\Http\Request))
#47 C:\XAMPP\htdocs\ictserve-031125\vendor\laravel\framework\src\Illuminate\Foundation\Http\Kernel.php(200): Illuminate\Routing\Router-&gt;dispatch(Object(Illuminate\Http\Request))
#48 C:\XAMPP\htdocs\ictserve-031125\vendor\laravel\framework\src\Illuminate\Pipeline\Pipeline.php(180): Illuminate\Foundation\Http\Kernel-&gt;Illuminate\Foundation\Http\{closure}(Object(Illuminate\Http\Request))
#49 C:\XAMPP\htdocs\ictserve-031125\vendor\livewire\livewire\src\Features\SupportDisablingBackButtonCache\DisableBackButtonCacheMiddleware.php(19): Illuminate\Pipeline\Pipeline-&gt;Illuminate\Pipeline\{closure}(Object(Illuminate\Http\Request))
#50 C:\XAMPP\htdocs\ictserve-031125\vendor\laravel\framework\src\Illuminate\Pipeline\Pipeline.php(219): Livewire\Features\SupportDisablingBackButtonCache\DisableBackButtonCacheMiddleware-&gt;handle(Object(Illuminate\Http\Request), Object(Closure))
#51 C:\XAMPP\htdocs\ictserve-031125\app\Http\Middleware\SetLocaleMiddleware.php(50): Illuminate\Pipeline\Pipeline-&gt;Illuminate\Pipeline\{closure}(Object(Illuminate\Http\Request))
#52 C:\XAMPP\htdocs\ictserve-031125\vendor\laravel\framework\src\Illuminate\Pipeline\Pipeline.php(219): App\Http\Middleware\SetLocaleMiddleware-&gt;handle(Object(Illuminate\Http\Request), Object(Closure))
#53 C:\XAMPP\htdocs\ictserve-031125\vendor\laravel\framework\src\Illuminate\Foundation\Http\Middleware\TransformsRequest.php(21): Illuminate\Pipeline\Pipeline-&gt;Illuminate\Pipeline\{closure}(Object(Illuminate\Http\Request))
#54 C:\XAMPP\htdocs\ictserve-031125\vendor\laravel\framework\src\Illuminate\Foundation\Http\Middleware\ConvertEmptyStringsToNull.php(31): Illuminate\Foundation\Http\Middleware\TransformsRequest-&gt;handle(Object(Illuminate\Http\Request), Object(Closure))
#55 C:\XAMPP\htdocs\ictserve-031125\vendor\laravel\framework\src\Illuminate\Pipeline\Pipeline.php(219): Illuminate\Foundation\Http\Middleware\ConvertEmptyStringsToNull-&gt;handle(Object(Illuminate\Http\Request), Object(Closure))
#56 C:\XAMPP\htdocs\ictserve-031125\vendor\laravel\framework\src\Illuminate\Foundation\Http\Middleware\TransformsRequest.php(21): Illuminate\Pipeline\Pipeline-&gt;Illuminate\Pipeline\{closure}(Object(Illuminate\Http\Request))
#57 C:\XAMPP\htdocs\ictserve-031125\vendor\laravel\framework\src\Illuminate\Foundation\Http\Middleware\TrimStrings.php(51): Illuminate\Foundation\Http\Middleware\TransformsRequest-&gt;handle(Object(Illuminate\Http\Request), Object(Closure))
#58 C:\XAMPP\htdocs\ictserve-031125\vendor\laravel\framework\src\Illuminate\Pipeline\Pipeline.php(219): Illuminate\Foundation\Http\Middleware\TrimStrings-&gt;handle(Object(Illuminate\Http\Request), Object(Closure))
#59 C:\XAMPP\htdocs\ictserve-031125\vendor\laravel\framework\src\Illuminate\Http\Middleware\ValidatePostSize.php(27): Illuminate\Pipeline\Pipeline-&gt;Illuminate\Pipeline\{closure}(Object(Illuminate\Http\Request))
#60 C:\XAMPP\htdocs\ictserve-031125\vendor\laravel\framework\src\Illuminate\Pipeline\Pipeline.php(219): Illuminate\Http\Middleware\ValidatePostSize-&gt;handle(Object(Illuminate\Http\Request), Object(Closure))
#61 C:\XAMPP\htdocs\ictserve-031125\vendor\laravel\framework\src\Illuminate\Foundation\Http\Middleware\PreventRequestsDuringMaintenance.php(109): Illuminate\Pipeline\Pipeline-&gt;Illuminate\Pipeline\{closure}(Object(Illuminate\Http\Request))
#62 C:\XAMPP\htdocs\ictserve-031125\vendor\laravel\framework\src\Illuminate\Pipeline\Pipeline.php(219): Illuminate\Foundation\Http\Middleware\PreventRequestsDuringMaintenance-&gt;handle(Object(Illuminate\Http\Request), Object(Closure))
#63 C:\XAMPP\htdocs\ictserve-031125\vendor\laravel\framework\src\Illuminate\Http\Middleware\HandleCors.php(48): Illuminate\Pipeline\Pipeline-&gt;Illuminate\Pipeline\{closure}(Object(Illuminate\Http\Request))
#64 C:\XAMPP\htdocs\ictserve-031125\vendor\laravel\framework\src\Illuminate\Pipeline\Pipeline.php(219): Illuminate\Http\Middleware\HandleCors-&gt;handle(Object(Illuminate\Http\Request), Object(Closure))
#65 C:\XAMPP\htdocs\ictserve-031125\vendor\laravel\framework\src\Illuminate\Http\Middleware\TrustProxies.php(58): Illuminate\Pipeline\Pipeline-&gt;Illuminate\Pipeline\{closure}(Object(Illuminate\Http\Request))
#66 C:\XAMPP\htdocs\ictserve-031125\vendor\laravel\framework\src\Illuminate\Pipeline\Pipeline.php(219): Illuminate\Http\Middleware\TrustProxies-&gt;handle(Object(Illuminate\Http\Request), Object(Closure))
#67 C:\XAMPP\htdocs\ictserve-031125\vendor\laravel\framework\src\Illuminate\Foundation\Http\Middleware\InvokeDeferredCallbacks.php(22): Illuminate\Pipeline\Pipeline-&gt;Illuminate\Pipeline\{closure}(Object(Illuminate\Http\Request))
#68 C:\XAMPP\htdocs\ictserve-031125\vendor\laravel\framework\src\Illuminate\Pipeline\Pipeline.php(219): Illuminate\Foundation\Http\Middleware\InvokeDeferredCallbacks-&gt;handle(Object(Illuminate\Http\Request), Object(Closure))
#69 C:\XAMPP\htdocs\ictserve-031125\vendor\laravel\framework\src\Illuminate\Http\Middleware\ValidatePathEncoding.php(26): Illuminate\Pipeline\Pipeline-&gt;Illuminate\Pipeline\{closure}(Object(Illuminate\Http\Request))
#70 C:\XAMPP\htdocs\ictserve-031125\vendor\laravel\framework\src\Illuminate\Pipeline\Pipeline.php(219): Illuminate\Http\Middleware\ValidatePathEncoding-&gt;handle(Object(Illuminate\Http\Request), Object(Closure))
#71 C:\XAMPP\htdocs\ictserve-031125\vendor\laravel\framework\src\Illuminate\Pipeline\Pipeline.php(137): Illuminate\Pipeline\Pipeline-&gt;Illuminate\Pipeline\{closure}(Object(Illuminate\Http\Request))
#72 C:\XAMPP\htdocs\ictserve-031125\vendor\laravel\framework\src\Illuminate\Foundation\Http\Kernel.php(175): Illuminate\Pipeline\Pipeline-&gt;then(Object(Closure))
#73 C:\XAMPP\htdocs\ictserve-031125\vendor\laravel\framework\src\Illuminate\Foundation\Http\Kernel.php(144): Illuminate\Foundation\Http\Kernel-&gt;sendRequestThroughRouter(Object(Illuminate\Http\Request))
#74 C:\XAMPP\htdocs\ictserve-031125\vendor\laravel\framework\src\Illuminate\Foundation\Testing\Concerns\MakesHttpRequests.php(607): Illuminate\Foundation\Http\Kernel-&gt;handle(Object(Illuminate\Http\Request))
#75 C:\XAMPP\htdocs\ictserve-031125\vendor\laravel\framework\src\Illuminate\Foundation\Testing\Concerns\MakesHttpRequests.php(368): Illuminate\Foundation\Testing\TestCase-&gt;call('GET', '/profile', Array, Array, Array, Array)
#76 C:\XAMPP\htdocs\ictserve-031125\tests\Feature\ProfileTest.php(18): Illuminate\Foundation\Testing\TestCase-&gt;get('/profile')
#77 C:\XAMPP\htdocs\ictserve-031125\vendor\phpunit\phpunit\src\Framework\TestCase.php(1657): Tests\Feature\ProfileTest-&gt;test_profile_page_is_displayed()
#78 C:\XAMPP\htdocs\ictserve-031125\vendor\phpunit\phpunit\src\Framework\TestCase.php(515): PHPUnit\Framework\TestCase-&gt;runTest()
#79 C:\XAMPP\htdocs\ictserve-031125\vendor\phpunit\phpunit\src\Framework\TestRunner\TestRunner.php(87): PHPUnit\Framework\TestCase-&gt;runBare()
#80 C:\XAMPP\htdocs\ictserve-031125\vendor\phpunit\phpunit\src\Framework\TestCase.php(361): PHPUnit\Framework\TestRunner-&gt;run(Object(Tests\Feature\ProfileTest))
#81 C:\XAMPP\htdocs\ictserve-031125\vendor\phpunit\phpunit\src\Framework\TestSuite.php(369): PHPUnit\Framework\TestCase-&gt;run()
#82 C:\XAMPP\htdocs\ictserve-031125\vendor\phpunit\phpunit\src\Framework\TestSuite.php(369): PHPUnit\Framework\TestSuite-&gt;run()
#83 C:\XAMPP\htdocs\ictserve-031125\vendor\phpunit\phpunit\src\Framework\TestSuite.php(369): PHPUnit\Framework\TestSuite-&gt;run()
#84 C:\XAMPP\htdocs\ictserve-031125\vendor\phpunit\phpunit\src\TextUI\TestRunner.php(64): PHPUnit\Framework\TestSuite-&gt;run()
#85 C:\XAMPP\htdocs\ictserve-031125\vendor\phpunit\phpunit\src\TextUI\Application.php(211): PHPUnit\TextUI\TestRunner-&gt;run(Object(PHPUnit\TextUI\Configuration\Configuration), Object(PHPUnit\Runner\ResultCache\DefaultResultCache), Object(PHPUnit\Framework\TestSuite))
#86 C:\XAMPP\htdocs\ictserve-031125\vendor\phpunit\phpunit\phpunit(104): PHPUnit\TextUI\Application-&gt;run(Array)
#87 {main}

Next Illuminate\View\ViewException: Route [staff.tickets.index] not defined. (View: C:\XAMPP\htdocs\ictserve-031125\resources\views\components\layout\auth-header.blade.php) (View: C:\XAMPP\htdocs\ictserve-031125\resources\views\components\layout\auth-header.blade.php) (View: C:\XAMPP\htdocs\ictserve-031125\resources\views\components\layout\auth-header.blade.php) in C:\XAMPP\htdocs\ictserve-031125\vendor\laravel\framework\src\Illuminate\Routing\UrlGenerator.php:526
Stack trace:
#0 C:\XAMPP\htdocs\ictserve-031125\vendor\livewire\livewire\src\Mechanisms\ExtendBlade\ExtendedCompilerEngine.php(58): Illuminate\View\Engines\CompilerEngine-&gt;handleViewException(Object(Illuminate\View\ViewException), 1)
#1 C:\XAMPP\htdocs\ictserve-031125\vendor\livewire\livewire\src\Mechanisms\ExtendBlade\ExtendedCompilerEngine.php(40): Livewire\Mechanisms\ExtendBlade\ExtendedCompilerEngine-&gt;handleViewException(Object(Illuminate\View\ViewException), 1)
#2 C:\XAMPP\htdocs\ictserve-031125\vendor\laravel\framework\src\Illuminate\View\Engines\CompilerEngine.php(76): Livewire\Mechanisms\ExtendBlade\ExtendedCompilerEngine-&gt;evaluatePath('C:\\XAMPP\\htdocs...', Array)
#3 C:\XAMPP\htdocs\ictserve-031125\vendor\livewire\livewire\src\Mechanisms\ExtendBlade\ExtendedCompilerEngine.php(16): Illuminate\View\Engines\CompilerEngine-&gt;get('C:\\XAMPP\\htdocs...', Array)
#4 C:\XAMPP\htdocs\ictserve-031125\vendor\laravel\framework\src\Illuminate\View\View.php(208): Livewire\Mechanisms\ExtendBlade\ExtendedCompilerEngine-&gt;get('C:\\XAMPP\\htdocs...', Array)
#5 C:\XAMPP\htdocs\ictserve-031125\vendor\laravel\framework\src\Illuminate\View\View.php(191): Illuminate\View\View-&gt;getContents()
#6 C:\XAMPP\htdocs\ictserve-031125\vendor\laravel\framework\src\Illuminate\View\View.php(160): Illuminate\View\View-&gt;renderContents()
#7 C:\XAMPP\htdocs\ictserve-031125\vendor\laravel\framework\src\Illuminate\Http\Response.php(78): Illuminate\View\View-&gt;render()
#8 C:\XAMPP\htdocs\ictserve-031125\vendor\laravel\framework\src\Illuminate\Http\Response.php(34): Illuminate\Http\Response-&gt;setContent(Object(Illuminate\View\View))
#9 C:\XAMPP\htdocs\ictserve-031125\vendor\laravel\framework\src\Illuminate\Routing\ResponseFactory.php(61): Illuminate\Http\Response-&gt;__construct(Object(Illuminate\View\View), 200, Array)
#10 C:\XAMPP\htdocs\ictserve-031125\vendor\laravel\framework\src\Illuminate\Routing\ResponseFactory.php(91): Illuminate\Routing\ResponseFactory-&gt;make(Object(Illuminate\View\View), 200, Array)
#11 C:\XAMPP\htdocs\ictserve-031125\vendor\laravel\framework\src\Illuminate\Routing\ViewController.php(40): Illuminate\Routing\ResponseFactory-&gt;view('profile', Array, 200, Array)
#12 C:\XAMPP\htdocs\ictserve-031125\vendor\laravel\framework\src\Illuminate\Routing\ViewController.php(57): Illuminate\Routing\ViewController-&gt;__invoke(view: 'profile', data: Array, status: 200, headers: Array)
#13 C:\XAMPP\htdocs\ictserve-031125\vendor\laravel\framework\src\Illuminate\Routing\ControllerDispatcher.php(43): Illuminate\Routing\ViewController-&gt;callAction('__invoke', Array)
#14 C:\XAMPP\htdocs\ictserve-031125\vendor\laravel\framework\src\Illuminate\Routing\Route.php(265): Illuminate\Routing\ControllerDispatcher-&gt;dispatch(Object(Illuminate\Routing\Route), Object(Illuminate\Routing\ViewController), '__invoke')
#15 C:\XAMPP\htdocs\ictserve-031125\vendor\laravel\framework\src\Illuminate\Routing\Route.php(211): Illuminate\Routing\Route-&gt;runController()
#16 C:\XAMPP\htdocs\ictserve-031125\vendor\laravel\framework\src\Illuminate\Routing\Router.php(822): Illuminate\Routing\Route-&gt;run()
#17 C:\XAMPP\htdocs\ictserve-031125\vendor\laravel\framework\src\Illuminate\Pipeline\Pipeline.php(180): Illuminate\Routing\Router-&gt;Illuminate\Routing\{closure}(Object(Illuminate\Http\Request))
#18 C:\XAMPP\htdocs\ictserve-031125\vendor\laravel\framework\src\Illuminate\Routing\Middleware\SubstituteBindings.php(50): Illuminate\Pipeline\Pipeline-&gt;Illuminate\Pipeline\{closure}(Object(Illuminate\Http\Request))
#19 C:\XAMPP\htdocs\ictserve-031125\vendor\laravel\framework\src\Illuminate\Pipeline\Pipeline.php(219): Illuminate\Routing\Middleware\SubstituteBindings-&gt;handle(Object(Illuminate\Http\Request), Object(Closure))
#20 C:\XAMPP\htdocs\ictserve-031125\vendor\laravel\framework\src\Illuminate\Auth\Middleware\Authenticate.php(63): Illuminate\Pipeline\Pipeline-&gt;Illuminate\Pipeline\{closure}(Object(Illuminate\Http\Request))
#21 C:\XAMPP\htdocs\ictserve-031125\vendor\laravel\framework\src\Illuminate\Pipeline\Pipeline.php(219): Illuminate\Auth\Middleware\Authenticate-&gt;handle(Object(Illuminate\Http\Request), Object(Closure))
#22 C:\XAMPP\htdocs\ictserve-031125\vendor\laravel\framework\src\Illuminate\Foundation\Http\Middleware\VerifyCsrfToken.php(87): Illuminate\Pipeline\Pipeline-&gt;Illuminate\Pipeline\{closure}(Object(Illuminate\Http\Request))
#23 C:\XAMPP\htdocs\ictserve-031125\vendor\laravel\framework\src\Illuminate\Pipeline\Pipeline.php(219): Illuminate\Foundation\Http\Middleware\VerifyCsrfToken-&gt;handle(Object(Illuminate\Http\Request), Object(Closure))
#24 C:\XAMPP\htdocs\ictserve-031125\vendor\laravel\framework\src\Illuminate\View\Middleware\ShareErrorsFromSession.php(48): Illuminate\Pipeline\Pipeline-&gt;Illuminate\Pipeline\{closure}(Object(Illuminate\Http\Request))
#25 C:\XAMPP\htdocs\ictserve-031125\vendor\laravel\framework\src\Illuminate\Pipeline\Pipeline.php(219): Illuminate\View\Middleware\ShareErrorsFromSession-&gt;handle(Object(Illuminate\Http\Request), Object(Closure))
#26 C:\XAMPP\htdocs\ictserve-031125\vendor\laravel\framework\src\Illuminate\Session\Middleware\StartSession.php(120): Illuminate\Pipeline\Pipeline-&gt;Illuminate\Pipeline\{closure}(Object(Illuminate\Http\Request))
#27 C:\XAMPP\htdocs\ictserve-031125\vendor\laravel\framework\src\Illuminate\Session\Middleware\StartSession.php(63): Illuminate\Session\Middleware\StartSession-&gt;handleStatefulRequest(Object(Illuminate\Http\Request), Object(Illuminate\Session\Store), Object(Closure))
#28 C:\XAMPP\htdocs\ictserve-031125\vendor\laravel\framework\src\Illuminate\Pipeline\Pipeline.php(219): Illuminate\Session\Middleware\StartSession-&gt;handle(Object(Illuminate\Http\Request), Object(Closure))
#29 C:\XAMPP\htdocs\ictserve-031125\vendor\laravel\framework\src\Illuminate\Cookie\Middleware\AddQueuedCookiesToResponse.php(36): Illuminate\Pipeline\Pipeline-&gt;Illuminate\Pipeline\{closure}(Object(Illuminate\Http\Request))
#30 C:\XAMPP\htdocs\ictserve-031125\vendor\laravel\framework\src\Illuminate\Pipeline\Pipeline.php(219): Illuminate\Cookie\Middleware\AddQueuedCookiesToResponse-&gt;handle(Object(Illuminate\Http\Request), Object(Closure))
#31 C:\XAMPP\htdocs\ictserve-031125\vendor\laravel\framework\src\Illuminate\Cookie\Middleware\EncryptCookies.php(74): Illuminate\Pipeline\Pipeline-&gt;Illuminate\Pipeline\{closure}(Object(Illuminate\Http\Request))
#32 C:\XAMPP\htdocs\ictserve-031125\vendor\laravel\framework\src\Illuminate\Pipeline\Pipeline.php(219): Illuminate\Cookie\Middleware\EncryptCookies-&gt;handle(Object(Illuminate\Http\Request), Object(Closure))
#33 C:\XAMPP\htdocs\ictserve-031125\vendor\laravel\framework\src\Illuminate\Pipeline\Pipeline.php(137): Illuminate\Pipeline\Pipeline-&gt;Illuminate\Pipeline\{closure}(Object(Illuminate\Http\Request))
#34 C:\XAMPP\htdocs\ictserve-031125\vendor\laravel\framework\src\Illuminate\Routing\Router.php(821): Illuminate\Pipeline\Pipeline-&gt;then(Object(Closure))
#35 C:\XAMPP\htdocs\ictserve-031125\vendor\laravel\framework\src\Illuminate\Routing\Router.php(800): Illuminate\Routing\Router-&gt;runRouteWithinStack(Object(Illuminate\Routing\Route), Object(Illuminate\Http\Request))
#36 C:\XAMPP\htdocs\ictserve-031125\vendor\laravel\framework\src\Illuminate\Routing\Router.php(764): Illuminate\Routing\Router-&gt;runRoute(Object(Illuminate\Http\Request), Object(Illuminate\Routing\Route))
#37 C:\XAMPP\htdocs\ictserve-031125\vendor\laravel\framework\src\Illuminate\Routing\Router.php(753): Illuminate\Routing\Router-&gt;dispatchToRoute(Object(Illuminate\Http\Request))
#38 C:\XAMPP\htdocs\ictserve-031125\vendor\laravel\framework\src\Illuminate\Foundation\Http\Kernel.php(200): Illuminate\Routing\Router-&gt;dispatch(Object(Illuminate\Http\Request))
#39 C:\XAMPP\htdocs\ictserve-031125\vendor\laravel\framework\src\Illuminate\Pipeline\Pipeline.php(180): Illuminate\Foundation\Http\Kernel-&gt;Illuminate\Foundation\Http\{closure}(Object(Illuminate\Http\Request))
#40 C:\XAMPP\htdocs\ictserve-031125\vendor\livewire\livewire\src\Features\SupportDisablingBackButtonCache\DisableBackButtonCacheMiddleware.php(19): Illuminate\Pipeline\Pipeline-&gt;Illuminate\Pipeline\{closure}(Object(Illuminate\Http\Request))
#41 C:\XAMPP\htdocs\ictserve-031125\vendor\laravel\framework\src\Illuminate\Pipeline\Pipeline.php(219): Livewire\Features\SupportDisablingBackButtonCache\DisableBackButtonCacheMiddleware-&gt;handle(Object(Illuminate\Http\Request), Object(Closure))
#42 C:\XAMPP\htdocs\ictserve-031125\app\Http\Middleware\SetLocaleMiddleware.php(50): Illuminate\Pipeline\Pipeline-&gt;Illuminate\Pipeline\{closure}(Object(Illuminate\Http\Request))
#43 C:\XAMPP\htdocs\ictserve-031125\vendor\laravel\framework\src\Illuminate\Pipeline\Pipeline.php(219): App\Http\Middleware\SetLocaleMiddleware-&gt;handle(Object(Illuminate\Http\Request), Object(Closure))
#44 C:\XAMPP\htdocs\ictserve-031125\vendor\laravel\framework\src\Illuminate\Foundation\Http\Middleware\TransformsRequest.php(21): Illuminate\Pipeline\Pipeline-&gt;Illuminate\Pipeline\{closure}(Object(Illuminate\Http\Request))
#45 C:\XAMPP\htdocs\ictserve-031125\vendor\laravel\framework\src\Illuminate\Foundation\Http\Middleware\ConvertEmptyStringsToNull.php(31): Illuminate\Foundation\Http\Middleware\TransformsRequest-&gt;handle(Object(Illuminate\Http\Request), Object(Closure))
#46 C:\XAMPP\htdocs\ictserve-031125\vendor\laravel\framework\src\Illuminate\Pipeline\Pipeline.php(219): Illuminate\Foundation\Http\Middleware\ConvertEmptyStringsToNull-&gt;handle(Object(Illuminate\Http\Request), Object(Closure))
#47 C:\XAMPP\htdocs\ictserve-031125\vendor\laravel\framework\src\Illuminate\Foundation\Http\Middleware\TransformsRequest.php(21): Illuminate\Pipeline\Pipeline-&gt;Illuminate\Pipeline\{closure}(Object(Illuminate\Http\Request))
#48 C:\XAMPP\htdocs\ictserve-031125\vendor\laravel\framework\src\Illuminate\Foundation\Http\Middleware\TrimStrings.php(51): Illuminate\Foundation\Http\Middleware\TransformsRequest-&gt;handle(Object(Illuminate\Http\Request), Object(Closure))
#49 C:\XAMPP\htdocs\ictserve-031125\vendor\laravel\framework\src\Illuminate\Pipeline\Pipeline.php(219): Illuminate\Foundation\Http\Middleware\TrimStrings-&gt;handle(Object(Illuminate\Http\Request), Object(Closure))
#50 C:\XAMPP\htdocs\ictserve-031125\vendor\laravel\framework\src\Illuminate\Http\Middleware\ValidatePostSize.php(27): Illuminate\Pipeline\Pipeline-&gt;Illuminate\Pipeline\{closure}(Object(Illuminate\Http\Request))
#51 C:\XAMPP\htdocs\ictserve-031125\vendor\laravel\framework\src\Illuminate\Pipeline\Pipeline.php(219): Illuminate\Http\Middleware\ValidatePostSize-&gt;handle(Object(Illuminate\Http\Request), Object(Closure))
#52 C:\XAMPP\htdocs\ictserve-031125\vendor\laravel\framework\src\Illuminate\Foundation\Http\Middleware\PreventRequestsDuringMaintenance.php(109): Illuminate\Pipeline\Pipeline-&gt;Illuminate\Pipeline\{closure}(Object(Illuminate\Http\Request))
#53 C:\XAMPP\htdocs\ictserve-031125\vendor\laravel\framework\src\Illuminate\Pipeline\Pipeline.php(219): Illuminate\Foundation\Http\Middleware\PreventRequestsDuringMaintenance-&gt;handle(Object(Illuminate\Http\Request), Object(Closure))
#54 C:\XAMPP\htdocs\ictserve-031125\vendor\laravel\framework\src\Illuminate\Http\Middleware\HandleCors.php(48): Illuminate\Pipeline\Pipeline-&gt;Illuminate\Pipeline\{closure}(Object(Illuminate\Http\Request))
#55 C:\XAMPP\htdocs\ictserve-031125\vendor\laravel\framework\src\Illuminate\Pipeline\Pipeline.php(219): Illuminate\Http\Middleware\HandleCors-&gt;handle(Object(Illuminate\Http\Request), Object(Closure))
#56 C:\XAMPP\htdocs\ictserve-031125\vendor\laravel\framework\src\Illuminate\Http\Middleware\TrustProxies.php(58): Illuminate\Pipeline\Pipeline-&gt;Illuminate\Pipeline\{closure}(Object(Illuminate\Http\Request))
#57 C:\XAMPP\htdocs\ictserve-031125\vendor\laravel\framework\src\Illuminate\Pipeline\Pipeline.php(219): Illuminate\Http\Middleware\TrustProxies-&gt;handle(Object(Illuminate\Http\Request), Object(Closure))
#58 C:\XAMPP\htdocs\ictserve-031125\vendor\laravel\framework\src\Illuminate\Foundation\Http\Middleware\InvokeDeferredCallbacks.php(22): Illuminate\Pipeline\Pipeline-&gt;Illuminate\Pipeline\{closure}(Object(Illuminate\Http\Request))
#59 C:\XAMPP\htdocs\ictserve-031125\vendor\laravel\framework\src\Illuminate\Pipeline\Pipeline.php(219): Illuminate\Foundation\Http\Middleware\InvokeDeferredCallbacks-&gt;handle(Object(Illuminate\Http\Request), Object(Closure))
#60 C:\XAMPP\htdocs\ictserve-031125\vendor\laravel\framework\src\Illuminate\Http\Middleware\ValidatePathEncoding.php(26): Illuminate\Pipeline\Pipeline-&gt;Illuminate\Pipeline\{closure}(Object(Illuminate\Http\Request))
#61 C:\XAMPP\htdocs\ictserve-031125\vendor\laravel\framework\src\Illuminate\Pipeline\Pipeline.php(219): Illuminate\Http\Middleware\ValidatePathEncoding-&gt;handle(Object(Illuminate\Http\Request), Object(Closure))
#62 C:\XAMPP\htdocs\ictserve-031125\vendor\laravel\framework\src\Illuminate\Pipeline\Pipeline.php(137): Illuminate\Pipeline\Pipeline-&gt;Illuminate\Pipeline\{closure}(Object(Illuminate\Http\Request))
#63 C:\XAMPP\htdocs\ictserve-031125\vendor\laravel\framework\src\Illuminate\Foundation\Http\Kernel.php(175): Illuminate\Pipeline\Pipeline-&gt;then(Object(Closure))
#64 C:\XAMPP\htdocs\ictserve-031125\vendor\laravel\framework\src\Illuminate\Foundation\Http\Kernel.php(144): Illuminate\Foundation\Http\Kernel-&gt;sendRequestThroughRouter(Object(Illuminate\Http\Request))
#65 C:\XAMPP\htdocs\ictserve-031125\vendor\laravel\framework\src\Illuminate\Foundation\Testing\Concerns\MakesHttpRequests.php(607): Illuminate\Foundation\Http\Kernel-&gt;handle(Object(Illuminate\Http\Request))
#66 C:\XAMPP\htdocs\ictserve-031125\vendor\laravel\framework\src\Illuminate\Foundation\Testing\Concerns\MakesHttpRequests.php(368): Illuminate\Foundation\Testing\TestCase-&gt;call('GET', '/profile', Array, Array, Array, Array)
#67 C:\XAMPP\htdocs\ictserve-031125\tests\Feature\ProfileTest.php(18): Illuminate\Foundation\Testing\TestCase-&gt;get('/profile')
#68 C:\XAMPP\htdocs\ictserve-031125\vendor\phpunit\phpunit\src\Framework\TestCase.php(1657): Tests\Feature\ProfileTest-&gt;test_profile_page_is_displayed()
#69 C:\XAMPP\htdocs\ictserve-031125\vendor\phpunit\phpunit\src\Framework\TestCase.php(515): PHPUnit\Framework\TestCase-&gt;runTest()
#70 C:\XAMPP\htdocs\ictserve-031125\vendor\phpunit\phpunit\src\Framework\TestRunner\TestRunner.php(87): PHPUnit\Framework\TestCase-&gt;runBare()
#71 C:\XAMPP\htdocs\ictserve-031125\vendor\phpunit\phpunit\src\Framework\TestCase.php(361): PHPUnit\Framework\TestRunner-&gt;run(Object(Tests\Feature\ProfileTest))
#72 C:\XAMPP\htdocs\ictserve-031125\vendor\phpunit\phpunit\src\Framework\TestSuite.php(369): PHPUnit\Framework\TestCase-&gt;run()
#73 C:\XAMPP\htdocs\ictserve-031125\vendor\phpunit\phpunit\src\Framework\TestSuite.php(369): PHPUnit\Framework\TestSuite-&gt;run()
#74 C:\XAMPP\htdocs\ictserve-031125\vendor\phpunit\phpunit\src\Framework\TestSuite.php(369): PHPUnit\Framework\TestSuite-&gt;run()
#75 C:\XAMPP\htdocs\ictserve-031125\vendor\phpunit\phpunit\src\TextUI\TestRunner.php(64): PHPUnit\Framework\TestSuite-&gt;run()
#76 C:\XAMPP\htdocs\ictserve-031125\vendor\phpunit\phpunit\src\TextUI\Application.php(211): PHPUnit\TextUI\TestRunner-&gt;run(Object(PHPUnit\TextUI\Configuration\Configuration), Object(PHPUnit\Runner\ResultCache\DefaultResultCache), Object(PHPUnit\Framework\TestSuite))
#77 C:\XAMPP\htdocs\ictserve-031125\vendor\phpunit\phpunit\phpunit(104): PHPUnit\TextUI\Application-&gt;run(Array)
#78 {main}

----------------------------------------------------------------------------------

Route [staff.tickets.index] not defined. (View: C:\XAMPP\htdocs\ictserve-031125\resources\views\components\layout\auth-header.blade.php) (View: C:\XAMPP\htdocs\ictserve-031125\resources\views\components\layout\auth-header.blade.php) (View: C:\XAMPP\htdocs\ictserve-031125\resources\views\components\layout\auth-header.blade.php)
&#13;
C:\XAMPP\htdocs\ictserve-031125\vendor\laravel\framework\src\Illuminate\Testing\TestResponseAssert.php:45
C:\XAMPP\htdocs\ictserve-031125\vendor\laravel\framework\src\Illuminate\Testing\TestResponse.php:174
C:\XAMPP\htdocs\ictserve-031125\vendor\laravel\framework\src\Illuminate\Testing\Concerns\AssertsStatusCodes.php:16
C:\XAMPP\htdocs\ictserve-031125\tests\Feature\ProfileTest.php:21</failure>
        </testcase>
        <testcase name="test_profile_information_can_be_updated" file="C:\XAMPP\htdocs\ictserve-031125\tests\Feature\ProfileTest.php" line="27" class="Tests\Feature\ProfileTest" classname="Tests.Feature.ProfileTest" assertions="5" time="2.542454"/>
        <testcase name="test_email_verification_status_is_unchanged_when_the_email_address_is_unchanged" file="C:\XAMPP\htdocs\ictserve-031125\tests\Feature\ProfileTest.php" line="49" class="Tests\Feature\ProfileTest" classname="Tests.Feature.ProfileTest" assertions="3" time="2.121872"/>
        <testcase name="test_user_can_delete_their_account" file="C:\XAMPP\htdocs\ictserve-031125\tests\Feature\ProfileTest.php" line="67" class="Tests\Feature\ProfileTest" classname="Tests.Feature.ProfileTest" assertions="5" time="2.245731"/>
        <testcase name="test_correct_password_must_be_provided_to_delete_account" file="C:\XAMPP\htdocs\ictserve-031125\tests\Feature\ProfileTest.php" line="85" class="Tests\Feature\ProfileTest" classname="Tests.Feature.ProfileTest" assertions="5" time="2.994506"/>
      </testsuite>
      <testsuite name="Tests\Feature\Queue\QueueConfigurationTest" file="C:\XAMPP\htdocs\ictserve-031125\tests\Feature\Queue\QueueConfigurationTest.php" tests="7" assertions="22" errors="0" failures="0" skipped="0" time="22.485479">
        <testcase name="it_has_correct_queue_configuration" file="C:\XAMPP\htdocs\ictserve-031125\tests\Feature\Queue\QueueConfigurationTest.php" line="31" class="Tests\Feature\Queue\QueueConfigurationTest" classname="Tests.Feature.Queue.QueueConfigurationTest" assertions="5" time="3.322331"/>
        <testcase name="it_registers_asset_returned_damaged_listener" file="C:\XAMPP\htdocs\ictserve-031125\tests\Feature\Queue\QueueConfigurationTest.php" line="45" class="Tests\Feature\Queue\QueueConfigurationTest" classname="Tests.Feature.Queue.QueueConfigurationTest" assertions="1" time="2.770109"/>
        <testcase name="it_queues_maintenance_ticket_creation" file="C:\XAMPP\htdocs\ictserve-031125\tests\Feature\Queue\QueueConfigurationTest.php" line="63" class="Tests\Feature\Queue\QueueConfigurationTest" classname="Tests.Feature.Queue.QueueConfigurationTest" assertions="1" time="3.272504"/>
        <testcase name="it_has_retry_mechanism_configured" file="C:\XAMPP\htdocs\ictserve-031125\tests\Feature\Queue\QueueConfigurationTest.php" line="83" class="Tests\Feature\Queue\QueueConfigurationTest" classname="Tests.Feature.Queue.QueueConfigurationTest" assertions="5" time="3.471616"/>
        <testcase name="it_has_exponential_backoff_configured" file="C:\XAMPP\htdocs\ictserve-031125\tests\Feature\Queue\QueueConfigurationTest.php" line="98" class="Tests\Feature\Queue\QueueConfigurationTest" classname="Tests.Feature.Queue.QueueConfigurationTest" assertions="2" time="3.248198"/>
        <testcase name="it_has_failed_jobs_table_configured" file="C:\XAMPP\htdocs\ictserve-031125\tests\Feature\Queue\QueueConfigurationTest.php" line="111" class="Tests\Feature\Queue\QueueConfigurationTest" classname="Tests.Feature.Queue.QueueConfigurationTest" assertions="4" time="2.836597"/>
        <testcase name="it_supports_job_batching" file="C:\XAMPP\htdocs\ictserve-031125\tests\Feature\Queue\QueueConfigurationTest.php" line="122" class="Tests\Feature\Queue\QueueConfigurationTest" classname="Tests.Feature.Queue.QueueConfigurationTest" assertions="4" time="3.564124"/>
      </testsuite>
      <testsuite name="Tests\Feature\RoleBasedAccessControlTest" file="C:\XAMPP\htdocs\ictserve-031125\tests\Feature\RoleBasedAccessControlTest.php" tests="11" assertions="51" errors="0" failures="0" skipped="0" time="25.737955">
        <testcase name="test_staff_role_has_correct_permissions" file="C:\XAMPP\htdocs\ictserve-031125\tests\Feature\RoleBasedAccessControlTest.php" line="35" class="Tests\Feature\RoleBasedAccessControlTest" classname="Tests.Feature.RoleBasedAccessControlTest" assertions="8" time="3.537725"/>
        <testcase name="test_approver_role_has_correct_permissions" file="C:\XAMPP\htdocs\ictserve-031125\tests\Feature\RoleBasedAccessControlTest.php" line="52" class="Tests\Feature\RoleBasedAccessControlTest" classname="Tests.Feature.RoleBasedAccessControlTest" assertions="11" time="2.496565"/>
        <testcase name="test_admin_role_has_correct_permissions" file="C:\XAMPP\htdocs\ictserve-031125\tests\Feature\RoleBasedAccessControlTest.php" line="72" class="Tests\Feature\RoleBasedAccessControlTest" classname="Tests.Feature.RoleBasedAccessControlTest" assertions="7" time="2.258280"/>
        <testcase name="test_superuser_role_has_all_permissions" file="C:\XAMPP\htdocs\ictserve-031125\tests\Feature\RoleBasedAccessControlTest.php" line="88" class="Tests\Feature\RoleBasedAccessControlTest" classname="Tests.Feature.RoleBasedAccessControlTest" assertions="7" time="2.132910"/>
        <testcase name="test_role_middleware_allows_authorized_access" file="C:\XAMPP\htdocs\ictserve-031125\tests\Feature\RoleBasedAccessControlTest.php" line="102" class="Tests\Feature\RoleBasedAccessControlTest" classname="Tests.Feature.RoleBasedAccessControlTest" assertions="1" time="2.127068"/>
        <testcase name="test_role_middleware_denies_unauthorized_access" file="C:\XAMPP\htdocs\ictserve-031125\tests\Feature\RoleBasedAccessControlTest.php" line="116" class="Tests\Feature\RoleBasedAccessControlTest" classname="Tests.Feature.RoleBasedAccessControlTest" assertions="1" time="2.162533"/>
        <testcase name="test_permission_middleware_allows_authorized_access" file="C:\XAMPP\htdocs\ictserve-031125\tests\Feature\RoleBasedAccessControlTest.php" line="134" class="Tests\Feature\RoleBasedAccessControlTest" classname="Tests.Feature.RoleBasedAccessControlTest" assertions="2" time="2.304889"/>
        <testcase name="test_permission_middleware_denies_unauthorized_access" file="C:\XAMPP\htdocs\ictserve-031125\tests\Feature\RoleBasedAccessControlTest.php" line="160" class="Tests\Feature\RoleBasedAccessControlTest" classname="Tests.Feature.RoleBasedAccessControlTest" assertions="1" time="2.014345"/>
        <testcase name="test_user_can_have_multiple_roles" file="C:\XAMPP\htdocs\ictserve-031125\tests\Feature\RoleBasedAccessControlTest.php" line="178" class="Tests\Feature\RoleBasedAccessControlTest" classname="Tests.Feature.RoleBasedAccessControlTest" assertions="4" time="2.305237"/>
        <testcase name="test_role_hierarchy_permissions" file="C:\XAMPP\htdocs\ictserve-031125\tests\Feature\RoleBasedAccessControlTest.php" line="189" class="Tests\Feature\RoleBasedAccessControlTest" classname="Tests.Feature.RoleBasedAccessControlTest" assertions="4" time="2.368338"/>
        <testcase name="test_user_model_role_helper_methods" file="C:\XAMPP\htdocs\ictserve-031125\tests\Feature\RoleBasedAccessControlTest.php" line="206" class="Tests\Feature\RoleBasedAccessControlTest" classname="Tests.Feature.RoleBasedAccessControlTest" assertions="5" time="2.030063"/>
      </testsuite>
      <testsuite name="Tests\Feature\SecurityMonitoringTest" file="C:\XAMPP\htdocs\ictserve-031125\tests\Feature\SecurityMonitoringTest.php" tests="15" assertions="122" errors="0" failures="0" skipped="0" time="23.132080">
        <testcase name="test_failed_login_attempt_logging" file="C:\XAMPP\htdocs\ictserve-031125\tests\Feature\SecurityMonitoringTest.php" line="34" class="Tests\Feature\SecurityMonitoringTest" classname="Tests.Feature.SecurityMonitoringTest" assertions="3" time="1.224819"/>
        <testcase name="test_failed_login_threshold_detection" file="C:\XAMPP\htdocs\ictserve-031125\tests\Feature\SecurityMonitoringTest.php" line="51" class="Tests\Feature\SecurityMonitoringTest" classname="Tests.Feature.SecurityMonitoringTest" assertions="4" time="1.301194"/>
        <testcase name="test_successful_login_clears_failed_attempts" file="C:\XAMPP\htdocs\ictserve-031125\tests\Feature\SecurityMonitoringTest.php" line="70" class="Tests\Feature\SecurityMonitoringTest" classname="Tests.Feature.SecurityMonitoringTest" assertions="4" time="1.828623"/>
        <testcase name="test_suspicious_activity_logging" file="C:\XAMPP\htdocs\ictserve-031125\tests\Feature\SecurityMonitoringTest.php" line="94" class="Tests\Feature\SecurityMonitoringTest" classname="Tests.Feature.SecurityMonitoringTest" assertions="2" time="1.546755"/>
        <testcase name="test_suspicious_activity_threshold_detection" file="C:\XAMPP\htdocs\ictserve-031125\tests\Feature\SecurityMonitoringTest.php" line="112" class="Tests\Feature\SecurityMonitoringTest" classname="Tests.Feature.SecurityMonitoringTest" assertions="3" time="1.411550"/>
        <testcase name="test_security_event_logging" file="C:\XAMPP\htdocs\ictserve-031125\tests\Feature\SecurityMonitoringTest.php" line="134" class="Tests\Feature\SecurityMonitoringTest" classname="Tests.Feature.SecurityMonitoringTest" assertions="2" time="1.319598"/>
        <testcase name="test_api_rate_limiting" file="C:\XAMPP\htdocs\ictserve-031125\tests\Feature\SecurityMonitoringTest.php" line="148" class="Tests\Feature\SecurityMonitoringTest" classname="Tests.Feature.SecurityMonitoringTest" assertions="62" time="1.527863"/>
        <testcase name="test_clear_failed_attempts" file="C:\XAMPP\htdocs\ictserve-031125\tests\Feature\SecurityMonitoringTest.php" line="163" class="Tests\Feature\SecurityMonitoringTest" classname="Tests.Feature.SecurityMonitoringTest" assertions="3" time="1.545935"/>
        <testcase name="test_security_statistics" file="C:\XAMPP\htdocs\ictserve-031125\tests\Feature\SecurityMonitoringTest.php" line="183" class="Tests\Feature\SecurityMonitoringTest" classname="Tests.Feature.SecurityMonitoringTest" assertions="6" time="1.410098"/>
        <testcase name="test_security_scan" file="C:\XAMPP\htdocs\ictserve-031125\tests\Feature\SecurityMonitoringTest.php" line="195" class="Tests\Feature\SecurityMonitoringTest" classname="Tests.Feature.SecurityMonitoringTest" assertions="16" time="1.422997"/>
        <testcase name="test_data_access_logging" file="C:\XAMPP\htdocs\ictserve-031125\tests\Feature\SecurityMonitoringTest.php" line="220" class="Tests\Feature\SecurityMonitoringTest" classname="Tests.Feature.SecurityMonitoringTest" assertions="2" time="1.561891"/>
        <testcase name="test_security_scan_command" file="C:\XAMPP\htdocs\ictserve-031125\tests\Feature\SecurityMonitoringTest.php" line="231" class="Tests\Feature\SecurityMonitoringTest" classname="Tests.Feature.SecurityMonitoringTest" assertions="3" time="1.539466"/>
        <testcase name="test_security_scan_with_report" file="C:\XAMPP\htdocs\ictserve-031125\tests\Feature\SecurityMonitoringTest.php" line="239" class="Tests\Feature\SecurityMonitoringTest" classname="Tests.Feature.SecurityMonitoringTest" assertions="4" time="1.773037"/>
        <testcase name="test_ip_blocking_functionality" file="C:\XAMPP\htdocs\ictserve-031125\tests\Feature\SecurityMonitoringTest.php" line="248" class="Tests\Feature\SecurityMonitoringTest" classname="Tests.Feature.SecurityMonitoringTest" assertions="4" time="2.121985"/>
        <testcase name="test_email_blocking_functionality" file="C:\XAMPP\htdocs\ictserve-031125\tests\Feature\SecurityMonitoringTest.php" line="268" class="Tests\Feature\SecurityMonitoringTest" classname="Tests.Feature.SecurityMonitoringTest" assertions="4" time="1.596271"/>
      </testsuite>
      <testsuite name="Tests\Feature\Services\AssetAvailabilityServiceTest" file="C:\XAMPP\htdocs\ictserve-031125\tests\Feature\Services\AssetAvailabilityServiceTest.php" tests="17" assertions="34" errors="0" failures="1" skipped="0" time="25.990861">
        <testcase name="it_checks_asset_availability_for_date_range" file="C:\XAMPP\htdocs\ictserve-031125\tests\Feature\Services\AssetAvailabilityServiceTest.php" line="41" class="Tests\Feature\Services\AssetAvailabilityServiceTest" classname="Tests.Feature.Services.AssetAvailabilityServiceTest" assertions="3" time="1.897817"/>
        <testcase name="it_detects_unavailable_asset_with_conflicting_loan" file="C:\XAMPP\htdocs\ictserve-031125\tests\Feature\Services\AssetAvailabilityServiceTest.php" line="62" class="Tests\Feature\Services\AssetAvailabilityServiceTest" classname="Tests.Feature.Services.AssetAvailabilityServiceTest" assertions="1" time="1.988061"/>
        <testcase name="it_detects_unavailable_asset_when_asset_status_is_not_available" file="C:\XAMPP\htdocs\ictserve-031125\tests\Feature\Services\AssetAvailabilityServiceTest.php" line="94" class="Tests\Feature\Services\AssetAvailabilityServiceTest" classname="Tests.Feature.Services.AssetAvailabilityServiceTest" assertions="1" time="2.455990"/>
        <testcase name="it_excludes_specific_application_from_availability_check" file="C:\XAMPP\htdocs\ictserve-031125\tests\Feature\Services\AssetAvailabilityServiceTest.php" line="116" class="Tests\Feature\Services\AssetAvailabilityServiceTest" classname="Tests.Feature.Services.AssetAvailabilityServiceTest" assertions="1" time="1.575188"/>
        <testcase name="it_checks_multiple_assets_availability" file="C:\XAMPP\htdocs\ictserve-031125\tests\Feature\Services\AssetAvailabilityServiceTest.php" line="148" class="Tests\Feature\Services\AssetAvailabilityServiceTest" classname="Tests.Feature.Services.AssetAvailabilityServiceTest" assertions="3" time="1.483796"/>
        <testcase name="it_detects_conflict_when_requested_period_overlaps_start_of_existing_loan" file="C:\XAMPP\htdocs\ictserve-031125\tests\Feature\Services\AssetAvailabilityServiceTest.php" line="184" class="Tests\Feature\Services\AssetAvailabilityServiceTest" classname="Tests.Feature.Services.AssetAvailabilityServiceTest" assertions="1" time="1.314670"/>
        <testcase name="it_detects_conflict_when_requested_period_overlaps_end_of_existing_loan" file="C:\XAMPP\htdocs\ictserve-031125\tests\Feature\Services\AssetAvailabilityServiceTest.php" line="216" class="Tests\Feature\Services\AssetAvailabilityServiceTest" classname="Tests.Feature.Services.AssetAvailabilityServiceTest" assertions="1" time="1.259480"/>
        <testcase name="it_detects_conflict_when_requested_period_encompasses_existing_loan" file="C:\XAMPP\htdocs\ictserve-031125\tests\Feature\Services\AssetAvailabilityServiceTest.php" line="248" class="Tests\Feature\Services\AssetAvailabilityServiceTest" classname="Tests.Feature.Services.AssetAvailabilityServiceTest" assertions="1" time="1.244252"/>
        <testcase name="it_allows_availability_when_requested_period_is_before_existing_loan" file="C:\XAMPP\htdocs\ictserve-031125\tests\Feature\Services\AssetAvailabilityServiceTest.php" line="280" class="Tests\Feature\Services\AssetAvailabilityServiceTest" classname="Tests.Feature.Services.AssetAvailabilityServiceTest" assertions="1" time="1.284892"/>
        <testcase name="it_allows_availability_when_requested_period_is_after_existing_loan" file="C:\XAMPP\htdocs\ictserve-031125\tests\Feature\Services\AssetAvailabilityServiceTest.php" line="312" class="Tests\Feature\Services\AssetAvailabilityServiceTest" classname="Tests.Feature.Services.AssetAvailabilityServiceTest" assertions="1" time="1.454943"/>
        <testcase name="it_gets_availability_calendar_with_booked_dates" file="C:\XAMPP\htdocs\ictserve-031125\tests\Feature\Services\AssetAvailabilityServiceTest.php" line="344" class="Tests\Feature\Services\AssetAvailabilityServiceTest" classname="Tests.Feature.Services.AssetAvailabilityServiceTest" assertions="8" time="1.287475"/>
        <testcase name="it_caches_availability_calendar_for_performance" file="C:\XAMPP\htdocs\ictserve-031125\tests\Feature\Services\AssetAvailabilityServiceTest.php" line="395" class="Tests\Feature\Services\AssetAvailabilityServiceTest" classname="Tests.Feature.Services.AssetAvailabilityServiceTest" assertions="2" time="1.560147"/>
        <testcase name="it_gets_alternative_available_assets_from_same_category" file="C:\XAMPP\htdocs\ictserve-031125\tests\Feature\Services\AssetAvailabilityServiceTest.php" line="418" class="Tests\Feature\Services\AssetAvailabilityServiceTest" classname="Tests.Feature.Services.AssetAvailabilityServiceTest" assertions="5" time="1.586244"/>
        <testcase name="it_limits_alternative_assets_to_specified_limit" file="C:\XAMPP\htdocs\ictserve-031125\tests\Feature\Services\AssetAvailabilityServiceTest.php" line="460" class="Tests\Feature\Services\AssetAvailabilityServiceTest" classname="Tests.Feature.Services.AssetAvailabilityServiceTest" assertions="1" time="1.595747"/>
        <testcase name="it_clears_availability_cache_for_asset" file="C:\XAMPP\htdocs\ictserve-031125\tests\Feature\Services\AssetAvailabilityServiceTest.php" line="483" class="Tests\Feature\Services\AssetAvailabilityServiceTest" classname="Tests.Feature.Services.AssetAvailabilityServiceTest" assertions="2" time="1.346148">
          <failure type="PHPUnit\Framework\ExpectationFailedException">Tests\Feature\Services\AssetAvailabilityServiceTest::it_clears_availability_cache_for_asset&#13;
Failed asserting that true is false.
&#13;
C:\XAMPP\htdocs\ictserve-031125\tests\Feature\Services\AssetAvailabilityServiceTest.php:502</failure>
        </testcase>
        <testcase name="it_handles_non_existent_asset_gracefully" file="C:\XAMPP\htdocs\ictserve-031125\tests\Feature\Services\AssetAvailabilityServiceTest.php" line="506" class="Tests\Feature\Services\AssetAvailabilityServiceTest" classname="Tests.Feature.Services.AssetAvailabilityServiceTest" assertions="1" time="1.285840"/>
        <testcase name="it_only_considers_active_loan_statuses_for_conflicts" file="C:\XAMPP\htdocs\ictserve-031125\tests\Feature\Services\AssetAvailabilityServiceTest.php" line="525" class="Tests\Feature\Services\AssetAvailabilityServiceTest" classname="Tests.Feature.Services.AssetAvailabilityServiceTest" assertions="1" time="1.370171"/>
      </testsuite>
      <testsuite name="Tests\Feature\Services\CrossModuleIntegrationServiceTest" file="C:\XAMPP\htdocs\ictserve-031125\tests\Feature\Services\CrossModuleIntegrationServiceTest.php" tests="17" assertions="33" errors="10" failures="1" skipped="0" time="25.790644">
        <testcase name="it_creates_maintenance_ticket_for_damaged_asset" file="C:\XAMPP\htdocs\ictserve-031125\tests\Feature\Services\CrossModuleIntegrationServiceTest.php" line="57" class="Tests\Feature\Services\CrossModuleIntegrationServiceTest" classname="Tests.Feature.Services.CrossModuleIntegrationServiceTest" assertions="4" time="1.596076">
          <failure type="PHPUnit\Framework\ExpectationFailedException">Tests\Feature\Services\CrossModuleIntegrationServiceTest::it_creates_maintenance_ticket_for_damaged_asset&#13;
Failed asserting that App\Models\TicketCategory Object #31312 (
    'connection' =&gt; 'sqlite',
    'table' =&gt; 'ticket_categories',
    'primaryKey' =&gt; 'id',
    'keyType' =&gt; 'int',
    'incrementing' =&gt; true,
    'with' =&gt; Array &amp;0 [],
    'withCount' =&gt; Array &amp;1 [],
    'preventsLazyLoading' =&gt; false,
    'perPage' =&gt; 15,
    'exists' =&gt; true,
    'wasRecentlyCreated' =&gt; false,
    'escapeWhenCastingToString' =&gt; false,
    'attributes' =&gt; Array &amp;2 [
        'id' =&gt; 1,
        'code' =&gt; 'MAINTENANCE',
        'name_ms' =&gt; 'Penyelenggaraan Aset',
        'name_en' =&gt; 'Asset Maintenance',
        'description_ms' =&gt; 'Permintaan penyelenggaraan dan pembaikan aset ICT',
        'description_en' =&gt; 'Asset maintenance and repair requests',
        'parent_id' =&gt; null,
        'sla_response_hours' =&gt; 4,
        'sla_resolution_hours' =&gt; 48,
        'is_active' =&gt; 1,
        'created_at' =&gt; '2025-11-05 00:48:04',
        'updated_at' =&gt; '2025-11-05 00:48:04',
        'deleted_at' =&gt; null,
    ],
    'original' =&gt; Array &amp;3 [
        'id' =&gt; 1,
        'code' =&gt; 'MAINTENANCE',
        'name_ms' =&gt; 'Penyelenggaraan Aset',
        'name_en' =&gt; 'Asset Maintenance',
        'description_ms' =&gt; 'Permintaan penyelenggaraan dan pembaikan aset ICT',
        'description_en' =&gt; 'Asset maintenance and repair requests',
        'parent_id' =&gt; null,
        'sla_response_hours' =&gt; 4,
        'sla_resolution_hours' =&gt; 48,
        'is_active' =&gt; 1,
        'created_at' =&gt; '2025-11-05 00:48:04',
        'updated_at' =&gt; '2025-11-05 00:48:04',
        'deleted_at' =&gt; null,
    ],
    'changes' =&gt; Array &amp;4 [],
    'previous' =&gt; Array &amp;5 [],
    'casts' =&gt; Array &amp;6 [
        'sla_response_hours' =&gt; 'integer',
        'sla_resolution_hours' =&gt; 'integer',
        'is_active' =&gt; 'boolean',
        'deleted_at' =&gt; 'datetime',
    ],
    'classCastCache' =&gt; Array &amp;7 [],
    'attributeCastCache' =&gt; Array &amp;8 [],
    'dateFormat' =&gt; null,
    'appends' =&gt; Array &amp;9 [],
    'dispatchesEvents' =&gt; Array &amp;10 [],
    'observables' =&gt; Array &amp;11 [],
    'relations' =&gt; Array &amp;12 [],
    'touches' =&gt; Array &amp;13 [],
    'relationAutoloadCallback' =&gt; null,
    'relationAutoloadContext' =&gt; null,
    'timestamps' =&gt; true,
    'usesUniqueIds' =&gt; false,
    'hidden' =&gt; Array &amp;14 [],
    'visible' =&gt; Array &amp;15 [],
    'fillable' =&gt; Array &amp;16 [
        0 =&gt; 'code',
        1 =&gt; 'name_ms',
        2 =&gt; 'name_en',
        3 =&gt; 'description_ms',
        4 =&gt; 'description_en',
        5 =&gt; 'parent_id',
        6 =&gt; 'sla_response_hours',
        7 =&gt; 'sla_resolution_hours',
        8 =&gt; 'is_active',
    ],
    'guarded' =&gt; Array &amp;17 [
        0 =&gt; '*',
    ],
    'excludedAttributes' =&gt; Array &amp;18 [],
    'auditEvent' =&gt; null,
    'auditCustomOld' =&gt; null,
    'auditCustomNew' =&gt; null,
    'isCustomEvent' =&gt; false,
    'preloadedResolverData' =&gt; Array &amp;19 [],
    'forceDeleting' =&gt; false,
) matches expected 'maintenance'.
&#13;
C:\XAMPP\htdocs\ictserve-031125\tests\Feature\Services\CrossModuleIntegrationServiceTest.php:86</failure>
        </testcase>
        <testcase name="it_builds_comprehensive_maintenance_description" file="C:\XAMPP\htdocs\ictserve-031125\tests\Feature\Services\CrossModuleIntegrationServiceTest.php" line="105" class="Tests\Feature\Services\CrossModuleIntegrationServiceTest" classname="Tests.Feature.Services.CrossModuleIntegrationServiceTest" assertions="5" time="1.355162"/>
        <testcase name="it_gets_unified_asset_history_with_loans_and_tickets" file="C:\XAMPP\htdocs\ictserve-031125\tests\Feature\Services\CrossModuleIntegrationServiceTest.php" line="141" class="Tests\Feature\Services\CrossModuleIntegrationServiceTest" classname="Tests.Feature.Services.CrossModuleIntegrationServiceTest" assertions="5" time="1.300931"/>
        <testcase name="it_checks_if_asset_has_pending_maintenance_tickets" file="C:\XAMPP\htdocs\ictserve-031125\tests\Feature\Services\CrossModuleIntegrationServiceTest.php" line="203" class="Tests\Feature\Services\CrossModuleIntegrationServiceTest" classname="Tests.Feature.Services.CrossModuleIntegrationServiceTest" assertions="0" time="1.266188">
          <error type="Illuminate\Database\QueryException">Tests\Feature\Services\CrossModuleIntegrationServiceTest::it_checks_if_asset_has_pending_maintenance_tickets&#13;
Illuminate\Database\QueryException: SQLSTATE[HY000]: General error: 1 table ticket_categories has no column named name (Connection: sqlite, SQL: insert into "ticket_categories" ("code", "name_ms", "name_en", "description_ms", "description_en", "parent_id", "sla_response_hours", "sla_resolution_hours", "is_active", "name", "updated_at", "created_at") values (CAT-483, Kategori Aplikasi, Application Category, Quia perferendis dolor aliquam dolor nulla., Ut autem impedit eos eius suscipit libero consequuntur., ?, 1, 14, 1, maintenance, 2025-11-05 00:48:08, 2025-11-05 00:48:08))
&#13;
C:\XAMPP\htdocs\ictserve-031125\vendor\laravel\framework\src\Illuminate\Database\Connection.php:824
C:\XAMPP\htdocs\ictserve-031125\vendor\laravel\framework\src\Illuminate\Database\Connection.php:778
C:\XAMPP\htdocs\ictserve-031125\vendor\laravel\framework\src\Illuminate\Database\Connection.php:559
C:\XAMPP\htdocs\ictserve-031125\vendor\laravel\framework\src\Illuminate\Database\Connection.php:523
C:\XAMPP\htdocs\ictserve-031125\vendor\laravel\framework\src\Illuminate\Database\Query\Processors\Processor.php:32
C:\XAMPP\htdocs\ictserve-031125\vendor\laravel\framework\src\Illuminate\Database\Query\Builder.php:3853
C:\XAMPP\htdocs\ictserve-031125\vendor\laravel\framework\src\Illuminate\Database\Eloquent\Builder.php:2235
C:\XAMPP\htdocs\ictserve-031125\vendor\laravel\framework\src\Illuminate\Database\Eloquent\Model.php:1436
C:\XAMPP\htdocs\ictserve-031125\vendor\laravel\framework\src\Illuminate\Database\Eloquent\Model.php:1401
C:\XAMPP\htdocs\ictserve-031125\vendor\laravel\framework\src\Illuminate\Database\Eloquent\Model.php:1240
C:\XAMPP\htdocs\ictserve-031125\vendor\laravel\framework\src\Illuminate\Database\Eloquent\Factories\Factory.php:370
C:\XAMPP\htdocs\ictserve-031125\vendor\laravel\framework\src\Illuminate\Collections\Traits\EnumeratesValues.php:271
C:\XAMPP\htdocs\ictserve-031125\vendor\laravel\framework\src\Illuminate\Database\Eloquent\Factories\Factory.php:365
C:\XAMPP\htdocs\ictserve-031125\vendor\laravel\framework\src\Illuminate\Database\Eloquent\Factories\Factory.php:321
C:\XAMPP\htdocs\ictserve-031125\vendor\laravel\framework\src\Illuminate\Database\Eloquent\Factories\Factory.php:315
C:\XAMPP\htdocs\ictserve-031125\tests\Feature\Services\CrossModuleIntegrationServiceTest.php:206</error>
        </testcase>
        <testcase name="it_returns_false_when_no_pending_maintenance_tickets" file="C:\XAMPP\htdocs\ictserve-031125\tests\Feature\Services\CrossModuleIntegrationServiceTest.php" line="224" class="Tests\Feature\Services\CrossModuleIntegrationServiceTest" classname="Tests.Feature.Services.CrossModuleIntegrationServiceTest" assertions="0" time="1.235838">
          <error type="Illuminate\Database\QueryException">Tests\Feature\Services\CrossModuleIntegrationServiceTest::it_returns_false_when_no_pending_maintenance_tickets&#13;
Illuminate\Database\QueryException: SQLSTATE[HY000]: General error: 1 table ticket_categories has no column named name (Connection: sqlite, SQL: insert into "ticket_categories" ("code", "name_ms", "name_en", "description_ms", "description_en", "parent_id", "sla_response_hours", "sla_resolution_hours", "is_active", "name", "updated_at", "created_at") values (CAT-588, Kategori Perisian, Application Category, Pariatur explicabo rem praesentium praesentium voluptas laborum., Dolores eos impedit dolorum sit tempora amet omnis., ?, 3, 17, 1, maintenance, 2025-11-05 00:48:10, 2025-11-05 00:48:10))
&#13;
C:\XAMPP\htdocs\ictserve-031125\vendor\laravel\framework\src\Illuminate\Database\Connection.php:824
C:\XAMPP\htdocs\ictserve-031125\vendor\laravel\framework\src\Illuminate\Database\Connection.php:778
C:\XAMPP\htdocs\ictserve-031125\vendor\laravel\framework\src\Illuminate\Database\Connection.php:559
C:\XAMPP\htdocs\ictserve-031125\vendor\laravel\framework\src\Illuminate\Database\Connection.php:523
C:\XAMPP\htdocs\ictserve-031125\vendor\laravel\framework\src\Illuminate\Database\Query\Processors\Processor.php:32
C:\XAMPP\htdocs\ictserve-031125\vendor\laravel\framework\src\Illuminate\Database\Query\Builder.php:3853
C:\XAMPP\htdocs\ictserve-031125\vendor\laravel\framework\src\Illuminate\Database\Eloquent\Builder.php:2235
C:\XAMPP\htdocs\ictserve-031125\vendor\laravel\framework\src\Illuminate\Database\Eloquent\Model.php:1436
C:\XAMPP\htdocs\ictserve-031125\vendor\laravel\framework\src\Illuminate\Database\Eloquent\Model.php:1401
C:\XAMPP\htdocs\ictserve-031125\vendor\laravel\framework\src\Illuminate\Database\Eloquent\Model.php:1240
C:\XAMPP\htdocs\ictserve-031125\vendor\laravel\framework\src\Illuminate\Database\Eloquent\Factories\Factory.php:370
C:\XAMPP\htdocs\ictserve-031125\vendor\laravel\framework\src\Illuminate\Collections\Traits\EnumeratesValues.php:271
C:\XAMPP\htdocs\ictserve-031125\vendor\laravel\framework\src\Illuminate\Database\Eloquent\Factories\Factory.php:365
C:\XAMPP\htdocs\ictserve-031125\vendor\laravel\framework\src\Illuminate\Database\Eloquent\Factories\Factory.php:321
C:\XAMPP\htdocs\ictserve-031125\vendor\laravel\framework\src\Illuminate\Database\Eloquent\Factories\Factory.php:315
C:\XAMPP\htdocs\ictserve-031125\tests\Feature\Services\CrossModuleIntegrationServiceTest.php:227</error>
        </testcase>
        <testcase name="it_gets_asset_maintenance_statistics" file="C:\XAMPP\htdocs\ictserve-031125\tests\Feature\Services\CrossModuleIntegrationServiceTest.php" line="245" class="Tests\Feature\Services\CrossModuleIntegrationServiceTest" classname="Tests.Feature.Services.CrossModuleIntegrationServiceTest" assertions="0" time="1.220261">
          <error type="Illuminate\Database\QueryException">Tests\Feature\Services\CrossModuleIntegrationServiceTest::it_gets_asset_maintenance_statistics&#13;
Illuminate\Database\QueryException: SQLSTATE[HY000]: General error: 1 table ticket_categories has no column named name (Connection: sqlite, SQL: insert into "ticket_categories" ("code", "name_ms", "name_en", "description_ms", "description_en", "parent_id", "sla_response_hours", "sla_resolution_hours", "is_active", "name", "updated_at", "created_at") values (CAT-757, Kategori Aplikasi, Hardware Category, Magni et recusandae omnis repellendus qui dolorem praesentium., Quis adipisci ex commodi neque eos., ?, 1, 29, 1, maintenance, 2025-11-05 00:48:11, 2025-11-05 00:48:11))
&#13;
C:\XAMPP\htdocs\ictserve-031125\vendor\laravel\framework\src\Illuminate\Database\Connection.php:824
C:\XAMPP\htdocs\ictserve-031125\vendor\laravel\framework\src\Illuminate\Database\Connection.php:778
C:\XAMPP\htdocs\ictserve-031125\vendor\laravel\framework\src\Illuminate\Database\Connection.php:559
C:\XAMPP\htdocs\ictserve-031125\vendor\laravel\framework\src\Illuminate\Database\Connection.php:523
C:\XAMPP\htdocs\ictserve-031125\vendor\laravel\framework\src\Illuminate\Database\Query\Processors\Processor.php:32
C:\XAMPP\htdocs\ictserve-031125\vendor\laravel\framework\src\Illuminate\Database\Query\Builder.php:3853
C:\XAMPP\htdocs\ictserve-031125\vendor\laravel\framework\src\Illuminate\Database\Eloquent\Builder.php:2235
C:\XAMPP\htdocs\ictserve-031125\vendor\laravel\framework\src\Illuminate\Database\Eloquent\Model.php:1436
C:\XAMPP\htdocs\ictserve-031125\vendor\laravel\framework\src\Illuminate\Database\Eloquent\Model.php:1401
C:\XAMPP\htdocs\ictserve-031125\vendor\laravel\framework\src\Illuminate\Database\Eloquent\Model.php:1240
C:\XAMPP\htdocs\ictserve-031125\vendor\laravel\framework\src\Illuminate\Database\Eloquent\Factories\Factory.php:370
C:\XAMPP\htdocs\ictserve-031125\vendor\laravel\framework\src\Illuminate\Collections\Traits\EnumeratesValues.php:271
C:\XAMPP\htdocs\ictserve-031125\vendor\laravel\framework\src\Illuminate\Database\Eloquent\Factories\Factory.php:365
C:\XAMPP\htdocs\ictserve-031125\vendor\laravel\framework\src\Illuminate\Database\Eloquent\Factories\Factory.php:321
C:\XAMPP\htdocs\ictserve-031125\vendor\laravel\framework\src\Illuminate\Database\Eloquent\Factories\Factory.php:315
C:\XAMPP\htdocs\ictserve-031125\tests\Feature\Services\CrossModuleIntegrationServiceTest.php:248</error>
        </testcase>
        <testcase name="it_syncs_asset_status_to_maintenance_when_open_tickets_exist" file="C:\XAMPP\htdocs\ictserve-031125\tests\Feature\Services\CrossModuleIntegrationServiceTest.php" line="291" class="Tests\Feature\Services\CrossModuleIntegrationServiceTest" classname="Tests.Feature.Services.CrossModuleIntegrationServiceTest" assertions="0" time="1.343982">
          <error type="Illuminate\Database\QueryException">Tests\Feature\Services\CrossModuleIntegrationServiceTest::it_syncs_asset_status_to_maintenance_when_open_tickets_exist&#13;
Illuminate\Database\QueryException: SQLSTATE[HY000]: General error: 1 table ticket_categories has no column named name (Connection: sqlite, SQL: insert into "ticket_categories" ("code", "name_ms", "name_en", "description_ms", "description_en", "parent_id", "sla_response_hours", "sla_resolution_hours", "is_active", "name", "updated_at", "created_at") values (CAT-960, Kategori Aplikasi, Hardware Category, Sit repellendus explicabo quibusdam iure dignissimos deserunt., Voluptatibus non id beatae consequatur sapiente., ?, 6, 46, 1, maintenance, 2025-11-05 00:48:12, 2025-11-05 00:48:12))
&#13;
C:\XAMPP\htdocs\ictserve-031125\vendor\laravel\framework\src\Illuminate\Database\Connection.php:824
C:\XAMPP\htdocs\ictserve-031125\vendor\laravel\framework\src\Illuminate\Database\Connection.php:778
C:\XAMPP\htdocs\ictserve-031125\vendor\laravel\framework\src\Illuminate\Database\Connection.php:559
C:\XAMPP\htdocs\ictserve-031125\vendor\laravel\framework\src\Illuminate\Database\Connection.php:523
C:\XAMPP\htdocs\ictserve-031125\vendor\laravel\framework\src\Illuminate\Database\Query\Processors\Processor.php:32
C:\XAMPP\htdocs\ictserve-031125\vendor\laravel\framework\src\Illuminate\Database\Query\Builder.php:3853
C:\XAMPP\htdocs\ictserve-031125\vendor\laravel\framework\src\Illuminate\Database\Eloquent\Builder.php:2235
C:\XAMPP\htdocs\ictserve-031125\vendor\laravel\framework\src\Illuminate\Database\Eloquent\Model.php:1436
C:\XAMPP\htdocs\ictserve-031125\vendor\laravel\framework\src\Illuminate\Database\Eloquent\Model.php:1401
C:\XAMPP\htdocs\ictserve-031125\vendor\laravel\framework\src\Illuminate\Database\Eloquent\Model.php:1240
C:\XAMPP\htdocs\ictserve-031125\vendor\laravel\framework\src\Illuminate\Database\Eloquent\Factories\Factory.php:370
C:\XAMPP\htdocs\ictserve-031125\vendor\laravel\framework\src\Illuminate\Collections\Traits\EnumeratesValues.php:271
C:\XAMPP\htdocs\ictserve-031125\vendor\laravel\framework\src\Illuminate\Database\Eloquent\Factories\Factory.php:365
C:\XAMPP\htdocs\ictserve-031125\vendor\laravel\framework\src\Illuminate\Database\Eloquent\Factories\Factory.php:321
C:\XAMPP\htdocs\ictserve-031125\vendor\laravel\framework\src\Illuminate\Database\Eloquent\Factories\Factory.php:315
C:\XAMPP\htdocs\ictserve-031125\tests\Feature\Services\CrossModuleIntegrationServiceTest.php:294</error>
        </testcase>
        <testcase name="it_syncs_asset_status_to_available_when_no_open_tickets" file="C:\XAMPP\htdocs\ictserve-031125\tests\Feature\Services\CrossModuleIntegrationServiceTest.php" line="315" class="Tests\Feature\Services\CrossModuleIntegrationServiceTest" classname="Tests.Feature.Services.CrossModuleIntegrationServiceTest" assertions="0" time="2.775861">
          <error type="Illuminate\Database\QueryException">Tests\Feature\Services\CrossModuleIntegrationServiceTest::it_syncs_asset_status_to_available_when_no_open_tickets&#13;
Illuminate\Database\QueryException: SQLSTATE[HY000]: General error: 1 table ticket_categories has no column named name (Connection: sqlite, SQL: insert into "ticket_categories" ("code", "name_ms", "name_en", "description_ms", "description_en", "parent_id", "sla_response_hours", "sla_resolution_hours", "is_active", "name", "updated_at", "created_at") values (CAT-968, Kategori Aplikasi, Software Category, Sunt beatae quod libero autem., Corporis et consequatur ea reprehenderit., ?, 4, 72, 1, maintenance, 2025-11-05 00:48:15, 2025-11-05 00:48:15))
&#13;
C:\XAMPP\htdocs\ictserve-031125\vendor\laravel\framework\src\Illuminate\Database\Connection.php:824
C:\XAMPP\htdocs\ictserve-031125\vendor\laravel\framework\src\Illuminate\Database\Connection.php:778
C:\XAMPP\htdocs\ictserve-031125\vendor\laravel\framework\src\Illuminate\Database\Connection.php:559
C:\XAMPP\htdocs\ictserve-031125\vendor\laravel\framework\src\Illuminate\Database\Connection.php:523
C:\XAMPP\htdocs\ictserve-031125\vendor\laravel\framework\src\Illuminate\Database\Query\Processors\Processor.php:32
C:\XAMPP\htdocs\ictserve-031125\vendor\laravel\framework\src\Illuminate\Database\Query\Builder.php:3853
C:\XAMPP\htdocs\ictserve-031125\vendor\laravel\framework\src\Illuminate\Database\Eloquent\Builder.php:2235
C:\XAMPP\htdocs\ictserve-031125\vendor\laravel\framework\src\Illuminate\Database\Eloquent\Model.php:1436
C:\XAMPP\htdocs\ictserve-031125\vendor\laravel\framework\src\Illuminate\Database\Eloquent\Model.php:1401
C:\XAMPP\htdocs\ictserve-031125\vendor\laravel\framework\src\Illuminate\Database\Eloquent\Model.php:1240
C:\XAMPP\htdocs\ictserve-031125\vendor\laravel\framework\src\Illuminate\Database\Eloquent\Factories\Factory.php:370
C:\XAMPP\htdocs\ictserve-031125\vendor\laravel\framework\src\Illuminate\Collections\Traits\EnumeratesValues.php:271
C:\XAMPP\htdocs\ictserve-031125\vendor\laravel\framework\src\Illuminate\Database\Eloquent\Factories\Factory.php:365
C:\XAMPP\htdocs\ictserve-031125\vendor\laravel\framework\src\Illuminate\Database\Eloquent\Factories\Factory.php:321
C:\XAMPP\htdocs\ictserve-031125\vendor\laravel\framework\src\Illuminate\Database\Eloquent\Factories\Factory.php:315
C:\XAMPP\htdocs\ictserve-031125\tests\Feature\Services\CrossModuleIntegrationServiceTest.php:318</error>
        </testcase>
        <testcase name="it_syncs_asset_status_to_loaned_when_currently_loaned" file="C:\XAMPP\htdocs\ictserve-031125\tests\Feature\Services\CrossModuleIntegrationServiceTest.php" line="339" class="Tests\Feature\Services\CrossModuleIntegrationServiceTest" classname="Tests.Feature.Services.CrossModuleIntegrationServiceTest" assertions="0" time="2.349172">
          <error type="Illuminate\Database\QueryException">Tests\Feature\Services\CrossModuleIntegrationServiceTest::it_syncs_asset_status_to_loaned_when_currently_loaned&#13;
Illuminate\Database\QueryException: SQLSTATE[HY000]: General error: 1 table ticket_categories has no column named name (Connection: sqlite, SQL: insert into "ticket_categories" ("code", "name_ms", "name_en", "description_ms", "description_en", "parent_id", "sla_response_hours", "sla_resolution_hours", "is_active", "name", "updated_at", "created_at") values (CAT-516, Kategori Perisian, Software Category, Enim doloremque vitae quos., Sequi est officiis fuga ullam., ?, 2, 70, 1, maintenance, 2025-11-05 00:48:17, 2025-11-05 00:48:17))
&#13;
C:\XAMPP\htdocs\ictserve-031125\vendor\laravel\framework\src\Illuminate\Database\Connection.php:824
C:\XAMPP\htdocs\ictserve-031125\vendor\laravel\framework\src\Illuminate\Database\Connection.php:778
C:\XAMPP\htdocs\ictserve-031125\vendor\laravel\framework\src\Illuminate\Database\Connection.php:559
C:\XAMPP\htdocs\ictserve-031125\vendor\laravel\framework\src\Illuminate\Database\Connection.php:523
C:\XAMPP\htdocs\ictserve-031125\vendor\laravel\framework\src\Illuminate\Database\Query\Processors\Processor.php:32
C:\XAMPP\htdocs\ictserve-031125\vendor\laravel\framework\src\Illuminate\Database\Query\Builder.php:3853
C:\XAMPP\htdocs\ictserve-031125\vendor\laravel\framework\src\Illuminate\Database\Eloquent\Builder.php:2235
C:\XAMPP\htdocs\ictserve-031125\vendor\laravel\framework\src\Illuminate\Database\Eloquent\Model.php:1436
C:\XAMPP\htdocs\ictserve-031125\vendor\laravel\framework\src\Illuminate\Database\Eloquent\Model.php:1401
C:\XAMPP\htdocs\ictserve-031125\vendor\laravel\framework\src\Illuminate\Database\Eloquent\Model.php:1240
C:\XAMPP\htdocs\ictserve-031125\vendor\laravel\framework\src\Illuminate\Database\Eloquent\Factories\Factory.php:370
C:\XAMPP\htdocs\ictserve-031125\vendor\laravel\framework\src\Illuminate\Collections\Traits\EnumeratesValues.php:271
C:\XAMPP\htdocs\ictserve-031125\vendor\laravel\framework\src\Illuminate\Database\Eloquent\Factories\Factory.php:365
C:\XAMPP\htdocs\ictserve-031125\vendor\laravel\framework\src\Illuminate\Database\Eloquent\Factories\Factory.php:321
C:\XAMPP\htdocs\ictserve-031125\vendor\laravel\framework\src\Illuminate\Database\Eloquent\Factories\Factory.php:315
C:\XAMPP\htdocs\ictserve-031125\tests\Feature\Services\CrossModuleIntegrationServiceTest.php:342</error>
        </testcase>
        <testcase name="it_schedules_maintenance_for_asset" file="C:\XAMPP\htdocs\ictserve-031125\tests\Feature\Services\CrossModuleIntegrationServiceTest.php" line="374" class="Tests\Feature\Services\CrossModuleIntegrationServiceTest" classname="Tests.Feature.Services.CrossModuleIntegrationServiceTest" assertions="0" time="1.563808">
          <error type="Illuminate\Database\QueryException">Tests\Feature\Services\CrossModuleIntegrationServiceTest::it_schedules_maintenance_for_asset&#13;
Illuminate\Database\QueryException: SQLSTATE[23000]: Integrity constraint violation: 19 NOT NULL constraint failed: helpdesk_tickets.category_id (Connection: sqlite, SQL: insert into "helpdesk_tickets" ("ticket_number", "subject", "description", "priority", "status", "asset_id", "guest_name", "guest_email", "updated_at", "created_at") values (HD2025000001, Scheduled Maintenance: Dell Laptop (MOTAC-LAP-001), Quarterly preventive maintenance, medium, scheduled, 1, System Administrator, hello@example.com, 2025-11-05 00:48:19, 2025-11-05 00:48:19))
&#13;
C:\XAMPP\htdocs\ictserve-031125\vendor\laravel\framework\src\Illuminate\Database\Connection.php:824
C:\XAMPP\htdocs\ictserve-031125\vendor\laravel\framework\src\Illuminate\Database\Connection.php:778
C:\XAMPP\htdocs\ictserve-031125\vendor\laravel\framework\src\Illuminate\Database\Connection.php:559
C:\XAMPP\htdocs\ictserve-031125\vendor\laravel\framework\src\Illuminate\Database\Connection.php:523
C:\XAMPP\htdocs\ictserve-031125\vendor\laravel\framework\src\Illuminate\Database\Query\Processors\Processor.php:32
C:\XAMPP\htdocs\ictserve-031125\vendor\laravel\framework\src\Illuminate\Database\Query\Builder.php:3853
C:\XAMPP\htdocs\ictserve-031125\vendor\laravel\framework\src\Illuminate\Database\Eloquent\Builder.php:2235
C:\XAMPP\htdocs\ictserve-031125\vendor\laravel\framework\src\Illuminate\Database\Eloquent\Model.php:1436
C:\XAMPP\htdocs\ictserve-031125\vendor\laravel\framework\src\Illuminate\Database\Eloquent\Model.php:1401
C:\XAMPP\htdocs\ictserve-031125\vendor\laravel\framework\src\Illuminate\Database\Eloquent\Model.php:1240
C:\XAMPP\htdocs\ictserve-031125\vendor\laravel\framework\src\Illuminate\Database\Eloquent\Builder.php:1219
C:\XAMPP\htdocs\ictserve-031125\vendor\laravel\framework\src\Illuminate\Support\helpers.php:390
C:\XAMPP\htdocs\ictserve-031125\vendor\laravel\framework\src\Illuminate\Database\Eloquent\Builder.php:1218
C:\XAMPP\htdocs\ictserve-031125\vendor\laravel\framework\src\Illuminate\Support\Traits\ForwardsCalls.php:23
C:\XAMPP\htdocs\ictserve-031125\vendor\laravel\framework\src\Illuminate\Database\Eloquent\Model.php:2540
C:\XAMPP\htdocs\ictserve-031125\vendor\laravel\framework\src\Illuminate\Database\Eloquent\Model.php:2556
C:\XAMPP\htdocs\ictserve-031125\app\Services\CrossModuleIntegrationService.php:351
C:\XAMPP\htdocs\ictserve-031125\tests\Feature\Services\CrossModuleIntegrationServiceTest.php:389</error>
        </testcase>
        <testcase name="it_completes_maintenance_ticket_and_updates_asset" file="C:\XAMPP\htdocs\ictserve-031125\tests\Feature\Services\CrossModuleIntegrationServiceTest.php" line="405" class="Tests\Feature\Services\CrossModuleIntegrationServiceTest" classname="Tests.Feature.Services.CrossModuleIntegrationServiceTest" assertions="6" time="1.317383"/>
        <testcase name="it_throws_exception_when_completing_ticket_without_asset" file="C:\XAMPP\htdocs\ictserve-031125\tests\Feature\Services\CrossModuleIntegrationServiceTest.php" line="440" class="Tests\Feature\Services\CrossModuleIntegrationServiceTest" classname="Tests.Feature.Services.CrossModuleIntegrationServiceTest" assertions="2" time="1.246474"/>
        <testcase name="it_gets_comprehensive_asset_lifecycle_report" file="C:\XAMPP\htdocs\ictserve-031125\tests\Feature\Services\CrossModuleIntegrationServiceTest.php" line="456" class="Tests\Feature\Services\CrossModuleIntegrationServiceTest" classname="Tests.Feature.Services.CrossModuleIntegrationServiceTest" assertions="10" time="1.262449"/>
        <testcase name="it_triggers_preventive_maintenance_when_due" file="C:\XAMPP\htdocs\ictserve-031125\tests\Feature\Services\CrossModuleIntegrationServiceTest.php" line="507" class="Tests\Feature\Services\CrossModuleIntegrationServiceTest" classname="Tests.Feature.Services.CrossModuleIntegrationServiceTest" assertions="0" time="1.264691">
          <error type="Illuminate\Database\QueryException">Tests\Feature\Services\CrossModuleIntegrationServiceTest::it_triggers_preventive_maintenance_when_due&#13;
Illuminate\Database\QueryException: SQLSTATE[23000]: Integrity constraint violation: 19 NOT NULL constraint failed: helpdesk_tickets.category_id (Connection: sqlite, SQL: insert into "helpdesk_tickets" ("ticket_number", "subject", "description", "priority", "status", "asset_id", "guest_name", "guest_email", "updated_at", "created_at") values (HD2025000001, Scheduled Maintenance: Cisco Catalyst 2960 Switch (TAB-2024-7954), Preventive maintenance triggered. Loan count: 0, medium, scheduled, 1, System Administrator, hello@example.com, 2025-11-05 00:48:24, 2025-11-05 00:48:24))
&#13;
C:\XAMPP\htdocs\ictserve-031125\vendor\laravel\framework\src\Illuminate\Database\Connection.php:824
C:\XAMPP\htdocs\ictserve-031125\vendor\laravel\framework\src\Illuminate\Database\Connection.php:778
C:\XAMPP\htdocs\ictserve-031125\vendor\laravel\framework\src\Illuminate\Database\Connection.php:559
C:\XAMPP\htdocs\ictserve-031125\vendor\laravel\framework\src\Illuminate\Database\Connection.php:523
C:\XAMPP\htdocs\ictserve-031125\vendor\laravel\framework\src\Illuminate\Database\Query\Processors\Processor.php:32
C:\XAMPP\htdocs\ictserve-031125\vendor\laravel\framework\src\Illuminate\Database\Query\Builder.php:3853
C:\XAMPP\htdocs\ictserve-031125\vendor\laravel\framework\src\Illuminate\Database\Eloquent\Builder.php:2235
C:\XAMPP\htdocs\ictserve-031125\vendor\laravel\framework\src\Illuminate\Database\Eloquent\Model.php:1436
C:\XAMPP\htdocs\ictserve-031125\vendor\laravel\framework\src\Illuminate\Database\Eloquent\Model.php:1401
C:\XAMPP\htdocs\ictserve-031125\vendor\laravel\framework\src\Illuminate\Database\Eloquent\Model.php:1240
C:\XAMPP\htdocs\ictserve-031125\vendor\laravel\framework\src\Illuminate\Database\Eloquent\Builder.php:1219
C:\XAMPP\htdocs\ictserve-031125\vendor\laravel\framework\src\Illuminate\Support\helpers.php:390
C:\XAMPP\htdocs\ictserve-031125\vendor\laravel\framework\src\Illuminate\Database\Eloquent\Builder.php:1218
C:\XAMPP\htdocs\ictserve-031125\vendor\laravel\framework\src\Illuminate\Support\Traits\ForwardsCalls.php:23
C:\XAMPP\htdocs\ictserve-031125\vendor\laravel\framework\src\Illuminate\Database\Eloquent\Model.php:2540
C:\XAMPP\htdocs\ictserve-031125\vendor\laravel\framework\src\Illuminate\Database\Eloquent\Model.php:2556
C:\XAMPP\htdocs\ictserve-031125\app\Services\CrossModuleIntegrationService.php:351
C:\XAMPP\htdocs\ictserve-031125\app\Services\CrossModuleIntegrationService.php:516
C:\XAMPP\htdocs\ictserve-031125\tests\Feature\Services\CrossModuleIntegrationServiceTest.php:515</error>
        </testcase>
        <testcase name="it_triggers_preventive_maintenance_based_on_usage_threshold" file="C:\XAMPP\htdocs\ictserve-031125\tests\Feature\Services\CrossModuleIntegrationServiceTest.php" line="523" class="Tests\Feature\Services\CrossModuleIntegrationServiceTest" classname="Tests.Feature.Services.CrossModuleIntegrationServiceTest" assertions="0" time="1.496453">
          <error type="Illuminate\Database\QueryException">Tests\Feature\Services\CrossModuleIntegrationServiceTest::it_triggers_preventive_maintenance_based_on_usage_threshold&#13;
Illuminate\Database\QueryException: SQLSTATE[23000]: Integrity constraint violation: 19 NOT NULL constraint failed: helpdesk_tickets.category_id (Connection: sqlite, SQL: insert into "helpdesk_tickets" ("ticket_number", "subject", "description", "priority", "status", "asset_id", "guest_name", "guest_email", "updated_at", "created_at") values (HD2025000001, Scheduled Maintenance: Cisco Catalyst 2960 Switch (CAM-2023-8370), Preventive maintenance triggered. Loan count: 10, medium, scheduled, 1, System Administrator, hello@example.com, 2025-11-05 00:48:25, 2025-11-05 00:48:25))
&#13;
C:\XAMPP\htdocs\ictserve-031125\vendor\laravel\framework\src\Illuminate\Database\Connection.php:824
C:\XAMPP\htdocs\ictserve-031125\vendor\laravel\framework\src\Illuminate\Database\Connection.php:778
C:\XAMPP\htdocs\ictserve-031125\vendor\laravel\framework\src\Illuminate\Database\Connection.php:559
C:\XAMPP\htdocs\ictserve-031125\vendor\laravel\framework\src\Illuminate\Database\Connection.php:523
C:\XAMPP\htdocs\ictserve-031125\vendor\laravel\framework\src\Illuminate\Database\Query\Processors\Processor.php:32
C:\XAMPP\htdocs\ictserve-031125\vendor\laravel\framework\src\Illuminate\Database\Query\Builder.php:3853
C:\XAMPP\htdocs\ictserve-031125\vendor\laravel\framework\src\Illuminate\Database\Eloquent\Builder.php:2235
C:\XAMPP\htdocs\ictserve-031125\vendor\laravel\framework\src\Illuminate\Database\Eloquent\Model.php:1436
C:\XAMPP\htdocs\ictserve-031125\vendor\laravel\framework\src\Illuminate\Database\Eloquent\Model.php:1401
C:\XAMPP\htdocs\ictserve-031125\vendor\laravel\framework\src\Illuminate\Database\Eloquent\Model.php:1240
C:\XAMPP\htdocs\ictserve-031125\vendor\laravel\framework\src\Illuminate\Database\Eloquent\Builder.php:1219
C:\XAMPP\htdocs\ictserve-031125\vendor\laravel\framework\src\Illuminate\Support\helpers.php:390
C:\XAMPP\htdocs\ictserve-031125\vendor\laravel\framework\src\Illuminate\Database\Eloquent\Builder.php:1218
C:\XAMPP\htdocs\ictserve-031125\vendor\laravel\framework\src\Illuminate\Support\Traits\ForwardsCalls.php:23
C:\XAMPP\htdocs\ictserve-031125\vendor\laravel\framework\src\Illuminate\Database\Eloquent\Model.php:2540
C:\XAMPP\htdocs\ictserve-031125\vendor\laravel\framework\src\Illuminate\Database\Eloquent\Model.php:2556
C:\XAMPP\htdocs\ictserve-031125\app\Services\CrossModuleIntegrationService.php:351
C:\XAMPP\htdocs\ictserve-031125\app\Services\CrossModuleIntegrationService.php:516
C:\XAMPP\htdocs\ictserve-031125\tests\Feature\Services\CrossModuleIntegrationServiceTest.php:540</error>
        </testcase>
        <testcase name="it_does_not_trigger_preventive_maintenance_when_not_needed" file="C:\XAMPP\htdocs\ictserve-031125\tests\Feature\Services\CrossModuleIntegrationServiceTest.php" line="548" class="Tests\Feature\Services\CrossModuleIntegrationServiceTest" classname="Tests.Feature.Services.CrossModuleIntegrationServiceTest" assertions="1" time="1.819834"/>
        <testcase name="it_logs_maintenance_ticket_creation_events" file="C:\XAMPP\htdocs\ictserve-031125\tests\Feature\Services\CrossModuleIntegrationServiceTest.php" line="572" class="Tests\Feature\Services\CrossModuleIntegrationServiceTest" classname="Tests.Feature.Services.CrossModuleIntegrationServiceTest" assertions="0" time="1.376080">
          <error type="Mockery\Exception\InvalidCountException">Tests\Feature\Services\CrossModuleIntegrationServiceTest::it_logs_maintenance_ticket_creation_events&#13;
Mockery\Exception\InvalidCountException: Method info(&lt;Any Arguments&gt;) from Mockery_5_Illuminate_Log_LogManager should be called&#13;
 exactly 1 times but called 4 times.
&#13;
C:\XAMPP\htdocs\ictserve-031125\vendor\mockery\mockery\library\Mockery\CountValidator\Exact.php:32
C:\XAMPP\htdocs\ictserve-031125\vendor\mockery\mockery\library\Mockery\Expectation.php:739
C:\XAMPP\htdocs\ictserve-031125\vendor\mockery\mockery\library\Mockery\ReceivedMethodCalls.php:36
C:\XAMPP\htdocs\ictserve-031125\vendor\mockery\mockery\library\Mockery\VerificationDirector.php:86
C:\XAMPP\htdocs\ictserve-031125\vendor\mockery\mockery\library\Mockery\VerificationDirector.php:164
C:\XAMPP\htdocs\ictserve-031125\vendor\mockery\mockery\library\Mockery\VerificationDirector.php:63
C:\XAMPP\htdocs\ictserve-031125\tests\Feature\Services\CrossModuleIntegrationServiceTest.php:596</error>
        </testcase>
      </testsuite>
      <testsuite name="Tests\Feature\Services\DualApprovalServiceTest" file="C:\XAMPP\htdocs\ictserve-031125\tests\Feature\Services\DualApprovalServiceTest.php" tests="16" assertions="28" errors="8" failures="0" skipped="0" time="25.088418">
        <testcase name="it_sends_approval_request_with_dual_options" file="C:\XAMPP\htdocs\ictserve-031125\tests\Feature\Services\DualApprovalServiceTest.php" line="57" class="Tests\Feature\Services\DualApprovalServiceTest" classname="Tests.Feature.Services.DualApprovalServiceTest" assertions="5" time="1.338242"/>
        <testcase name="it_processes_email_approval_successfully" file="C:\XAMPP\htdocs\ictserve-031125\tests\Feature\Services\DualApprovalServiceTest.php" line="97" class="Tests\Feature\Services\DualApprovalServiceTest" classname="Tests.Feature.Services.DualApprovalServiceTest" assertions="6" time="1.284141"/>
        <testcase name="it_processes_email_rejection_successfully" file="C:\XAMPP\htdocs\ictserve-031125\tests\Feature\Services\DualApprovalServiceTest.php" line="125" class="Tests\Feature\Services\DualApprovalServiceTest" classname="Tests.Feature.Services.DualApprovalServiceTest" assertions="6" time="1.227283"/>
        <testcase name="it_rejects_invalid_approval_token" file="C:\XAMPP\htdocs\ictserve-031125\tests\Feature\Services\DualApprovalServiceTest.php" line="153" class="Tests\Feature\Services\DualApprovalServiceTest" classname="Tests.Feature.Services.DualApprovalServiceTest" assertions="2" time="2.038716"/>
        <testcase name="it_rejects_expired_approval_token" file="C:\XAMPP\htdocs\ictserve-031125\tests\Feature\Services\DualApprovalServiceTest.php" line="167" class="Tests\Feature\Services\DualApprovalServiceTest" classname="Tests.Feature.Services.DualApprovalServiceTest" assertions="2" time="1.598247"/>
        <testcase name="it_processes_portal_approval_successfully" file="C:\XAMPP\htdocs\ictserve-031125\tests\Feature\Services\DualApprovalServiceTest.php" line="185" class="Tests\Feature\Services\DualApprovalServiceTest" classname="Tests.Feature.Services.DualApprovalServiceTest" assertions="0" time="1.307681">
          <error type="Illuminate\Database\QueryException">Tests\Feature\Services\DualApprovalServiceTest::it_processes_portal_approval_successfully&#13;
Illuminate\Database\QueryException: SQLSTATE[HY000]: General error: 1 table users has no column named grade (Connection: sqlite, SQL: insert into "users" ("name", "email", "email_verified_at", "password", "remember_token", "role", "is_active", "grade", "updated_at", "created_at") values (Prof. Tatum Labadie DDS, klocko.ila@example.org, 2025-11-05 00:48:37, $2y$04$ZGLLkg5psGtJPYCqndhaqesPk2aYnnszGkKmW6S8U3odr5c80meFe, Wmoufnkz8a, staff, 1, 44, 2025-11-05 00:48:37, 2025-11-05 00:48:37))
&#13;
C:\XAMPP\htdocs\ictserve-031125\vendor\laravel\framework\src\Illuminate\Database\Connection.php:824
C:\XAMPP\htdocs\ictserve-031125\vendor\laravel\framework\src\Illuminate\Database\Connection.php:778
C:\XAMPP\htdocs\ictserve-031125\vendor\laravel\framework\src\Illuminate\Database\Connection.php:559
C:\XAMPP\htdocs\ictserve-031125\vendor\laravel\framework\src\Illuminate\Database\Connection.php:523
C:\XAMPP\htdocs\ictserve-031125\vendor\laravel\framework\src\Illuminate\Database\Query\Processors\Processor.php:32
C:\XAMPP\htdocs\ictserve-031125\vendor\laravel\framework\src\Illuminate\Database\Query\Builder.php:3853
C:\XAMPP\htdocs\ictserve-031125\vendor\laravel\framework\src\Illuminate\Database\Eloquent\Builder.php:2235
C:\XAMPP\htdocs\ictserve-031125\vendor\laravel\framework\src\Illuminate\Database\Eloquent\Model.php:1436
C:\XAMPP\htdocs\ictserve-031125\vendor\laravel\framework\src\Illuminate\Database\Eloquent\Model.php:1401
C:\XAMPP\htdocs\ictserve-031125\vendor\laravel\framework\src\Illuminate\Database\Eloquent\Model.php:1240
C:\XAMPP\htdocs\ictserve-031125\vendor\laravel\framework\src\Illuminate\Database\Eloquent\Factories\Factory.php:370
C:\XAMPP\htdocs\ictserve-031125\vendor\laravel\framework\src\Illuminate\Collections\Traits\EnumeratesValues.php:271
C:\XAMPP\htdocs\ictserve-031125\vendor\laravel\framework\src\Illuminate\Database\Eloquent\Factories\Factory.php:365
C:\XAMPP\htdocs\ictserve-031125\vendor\laravel\framework\src\Illuminate\Database\Eloquent\Factories\Factory.php:321
C:\XAMPP\htdocs\ictserve-031125\vendor\laravel\framework\src\Illuminate\Database\Eloquent\Factories\Factory.php:315
C:\XAMPP\htdocs\ictserve-031125\tests\Feature\Services\DualApprovalServiceTest.php:188</error>
        </testcase>
        <testcase name="it_processes_portal_rejection_successfully" file="C:\XAMPP\htdocs\ictserve-031125\tests\Feature\Services\DualApprovalServiceTest.php" line="220" class="Tests\Feature\Services\DualApprovalServiceTest" classname="Tests.Feature.Services.DualApprovalServiceTest" assertions="0" time="1.273626">
          <error type="Illuminate\Database\QueryException">Tests\Feature\Services\DualApprovalServiceTest::it_processes_portal_rejection_successfully&#13;
Illuminate\Database\QueryException: SQLSTATE[HY000]: General error: 1 table users has no column named grade (Connection: sqlite, SQL: insert into "users" ("name", "email", "email_verified_at", "password", "remember_token", "role", "is_active", "grade", "updated_at", "created_at") values (Arely Lubowitz, larson.carolina@example.com, 2025-11-05 00:48:39, $2y$04$ZGLLkg5psGtJPYCqndhaqesPk2aYnnszGkKmW6S8U3odr5c80meFe, PBGDXp6Ipv, staff, 1, 44, 2025-11-05 00:48:39, 2025-11-05 00:48:39))
&#13;
C:\XAMPP\htdocs\ictserve-031125\vendor\laravel\framework\src\Illuminate\Database\Connection.php:824
C:\XAMPP\htdocs\ictserve-031125\vendor\laravel\framework\src\Illuminate\Database\Connection.php:778
C:\XAMPP\htdocs\ictserve-031125\vendor\laravel\framework\src\Illuminate\Database\Connection.php:559
C:\XAMPP\htdocs\ictserve-031125\vendor\laravel\framework\src\Illuminate\Database\Connection.php:523
C:\XAMPP\htdocs\ictserve-031125\vendor\laravel\framework\src\Illuminate\Database\Query\Processors\Processor.php:32
C:\XAMPP\htdocs\ictserve-031125\vendor\laravel\framework\src\Illuminate\Database\Query\Builder.php:3853
C:\XAMPP\htdocs\ictserve-031125\vendor\laravel\framework\src\Illuminate\Database\Eloquent\Builder.php:2235
C:\XAMPP\htdocs\ictserve-031125\vendor\laravel\framework\src\Illuminate\Database\Eloquent\Model.php:1436
C:\XAMPP\htdocs\ictserve-031125\vendor\laravel\framework\src\Illuminate\Database\Eloquent\Model.php:1401
C:\XAMPP\htdocs\ictserve-031125\vendor\laravel\framework\src\Illuminate\Database\Eloquent\Model.php:1240
C:\XAMPP\htdocs\ictserve-031125\vendor\laravel\framework\src\Illuminate\Database\Eloquent\Factories\Factory.php:370
C:\XAMPP\htdocs\ictserve-031125\vendor\laravel\framework\src\Illuminate\Collections\Traits\EnumeratesValues.php:271
C:\XAMPP\htdocs\ictserve-031125\vendor\laravel\framework\src\Illuminate\Database\Eloquent\Factories\Factory.php:365
C:\XAMPP\htdocs\ictserve-031125\vendor\laravel\framework\src\Illuminate\Database\Eloquent\Factories\Factory.php:321
C:\XAMPP\htdocs\ictserve-031125\vendor\laravel\framework\src\Illuminate\Database\Eloquent\Factories\Factory.php:315
C:\XAMPP\htdocs\ictserve-031125\tests\Feature\Services\DualApprovalServiceTest.php:223</error>
        </testcase>
        <testcase name="it_prevents_portal_approval_by_unauthorized_user" file="C:\XAMPP\htdocs\ictserve-031125\tests\Feature\Services\DualApprovalServiceTest.php" line="254" class="Tests\Feature\Services\DualApprovalServiceTest" classname="Tests.Feature.Services.DualApprovalServiceTest" assertions="0" time="1.693891">
          <error type="Illuminate\Database\QueryException">Tests\Feature\Services\DualApprovalServiceTest::it_prevents_portal_approval_by_unauthorized_user&#13;
Illuminate\Database\QueryException: SQLSTATE[HY000]: General error: 1 table users has no column named grade (Connection: sqlite, SQL: insert into "users" ("name", "email", "email_verified_at", "password", "remember_token", "role", "is_active", "grade", "updated_at", "created_at") values (Dr. Douglas Schneider I, clarissa22@example.org, 2025-11-05 00:48:40, $2y$04$ZGLLkg5psGtJPYCqndhaqesPk2aYnnszGkKmW6S8U3odr5c80meFe, r0UjDhR354, staff, 1, 32, 2025-11-05 00:48:40, 2025-11-05 00:48:40))
&#13;
C:\XAMPP\htdocs\ictserve-031125\vendor\laravel\framework\src\Illuminate\Database\Connection.php:824
C:\XAMPP\htdocs\ictserve-031125\vendor\laravel\framework\src\Illuminate\Database\Connection.php:778
C:\XAMPP\htdocs\ictserve-031125\vendor\laravel\framework\src\Illuminate\Database\Connection.php:559
C:\XAMPP\htdocs\ictserve-031125\vendor\laravel\framework\src\Illuminate\Database\Connection.php:523
C:\XAMPP\htdocs\ictserve-031125\vendor\laravel\framework\src\Illuminate\Database\Query\Processors\Processor.php:32
C:\XAMPP\htdocs\ictserve-031125\vendor\laravel\framework\src\Illuminate\Database\Query\Builder.php:3853
C:\XAMPP\htdocs\ictserve-031125\vendor\laravel\framework\src\Illuminate\Database\Eloquent\Builder.php:2235
C:\XAMPP\htdocs\ictserve-031125\vendor\laravel\framework\src\Illuminate\Database\Eloquent\Model.php:1436
C:\XAMPP\htdocs\ictserve-031125\vendor\laravel\framework\src\Illuminate\Database\Eloquent\Model.php:1401
C:\XAMPP\htdocs\ictserve-031125\vendor\laravel\framework\src\Illuminate\Database\Eloquent\Model.php:1240
C:\XAMPP\htdocs\ictserve-031125\vendor\laravel\framework\src\Illuminate\Database\Eloquent\Factories\Factory.php:370
C:\XAMPP\htdocs\ictserve-031125\vendor\laravel\framework\src\Illuminate\Collections\Traits\EnumeratesValues.php:271
C:\XAMPP\htdocs\ictserve-031125\vendor\laravel\framework\src\Illuminate\Database\Eloquent\Factories\Factory.php:365
C:\XAMPP\htdocs\ictserve-031125\vendor\laravel\framework\src\Illuminate\Database\Eloquent\Factories\Factory.php:321
C:\XAMPP\htdocs\ictserve-031125\vendor\laravel\framework\src\Illuminate\Database\Eloquent\Factories\Factory.php:315
C:\XAMPP\htdocs\ictserve-031125\tests\Feature\Services\DualApprovalServiceTest.php:257</error>
        </testcase>
        <testcase name="it_logs_approval_decision_metadata" file="C:\XAMPP\htdocs\ictserve-031125\tests\Feature\Services\DualApprovalServiceTest.php" line="281" class="Tests\Feature\Services\DualApprovalServiceTest" classname="Tests.Feature.Services.DualApprovalServiceTest" assertions="0" time="1.710515">
          <error type="Illuminate\Database\QueryException">Tests\Feature\Services\DualApprovalServiceTest::it_logs_approval_decision_metadata&#13;
Illuminate\Database\QueryException: SQLSTATE[HY000]: General error: 1 table users has no column named grade (Connection: sqlite, SQL: insert into "users" ("name", "email", "email_verified_at", "password", "remember_token", "role", "is_active", "grade", "updated_at", "created_at") values (Dato' Ahmad, wromaguera@example.org, 2025-11-05 00:48:42, $2y$04$ZGLLkg5psGtJPYCqndhaqesPk2aYnnszGkKmW6S8U3odr5c80meFe, ISQQXfbr3c, staff, 1, 44, 2025-11-05 00:48:42, 2025-11-05 00:48:42))
&#13;
C:\XAMPP\htdocs\ictserve-031125\vendor\laravel\framework\src\Illuminate\Database\Connection.php:824
C:\XAMPP\htdocs\ictserve-031125\vendor\laravel\framework\src\Illuminate\Database\Connection.php:778
C:\XAMPP\htdocs\ictserve-031125\vendor\laravel\framework\src\Illuminate\Database\Connection.php:559
C:\XAMPP\htdocs\ictserve-031125\vendor\laravel\framework\src\Illuminate\Database\Connection.php:523
C:\XAMPP\htdocs\ictserve-031125\vendor\laravel\framework\src\Illuminate\Database\Query\Processors\Processor.php:32
C:\XAMPP\htdocs\ictserve-031125\vendor\laravel\framework\src\Illuminate\Database\Query\Builder.php:3853
C:\XAMPP\htdocs\ictserve-031125\vendor\laravel\framework\src\Illuminate\Database\Eloquent\Builder.php:2235
C:\XAMPP\htdocs\ictserve-031125\vendor\laravel\framework\src\Illuminate\Database\Eloquent\Model.php:1436
C:\XAMPP\htdocs\ictserve-031125\vendor\laravel\framework\src\Illuminate\Database\Eloquent\Model.php:1401
C:\XAMPP\htdocs\ictserve-031125\vendor\laravel\framework\src\Illuminate\Database\Eloquent\Model.php:1240
C:\XAMPP\htdocs\ictserve-031125\vendor\laravel\framework\src\Illuminate\Database\Eloquent\Factories\Factory.php:370
C:\XAMPP\htdocs\ictserve-031125\vendor\laravel\framework\src\Illuminate\Collections\Traits\EnumeratesValues.php:271
C:\XAMPP\htdocs\ictserve-031125\vendor\laravel\framework\src\Illuminate\Database\Eloquent\Factories\Factory.php:365
C:\XAMPP\htdocs\ictserve-031125\vendor\laravel\framework\src\Illuminate\Database\Eloquent\Factories\Factory.php:321
C:\XAMPP\htdocs\ictserve-031125\vendor\laravel\framework\src\Illuminate\Database\Eloquent\Factories\Factory.php:315
C:\XAMPP\htdocs\ictserve-031125\tests\Feature\Services\DualApprovalServiceTest.php:286</error>
        </testcase>
        <testcase name="it_handles_email_approval_processing_failure_with_rollback" file="C:\XAMPP\htdocs\ictserve-031125\tests\Feature\Services\DualApprovalServiceTest.php" line="319" class="Tests\Feature\Services\DualApprovalServiceTest" classname="Tests.Feature.Services.DualApprovalServiceTest" assertions="4" time="1.635811"/>
        <testcase name="it_handles_portal_approval_processing_failure_with_rollback" file="C:\XAMPP\htdocs\ictserve-031125\tests\Feature\Services\DualApprovalServiceTest.php" line="346" class="Tests\Feature\Services\DualApprovalServiceTest" classname="Tests.Feature.Services.DualApprovalServiceTest" assertions="0" time="2.099215">
          <error type="Illuminate\Database\QueryException">Tests\Feature\Services\DualApprovalServiceTest::it_handles_portal_approval_processing_failure_with_rollback&#13;
Illuminate\Database\QueryException: SQLSTATE[HY000]: General error: 1 table users has no column named grade (Connection: sqlite, SQL: insert into "users" ("name", "email", "email_verified_at", "password", "remember_token", "role", "is_active", "grade", "updated_at", "created_at") values (Mr. Demetrius Leffler MD, conroy.walter@example.net, 2025-11-05 00:48:46, $2y$04$ZGLLkg5psGtJPYCqndhaqesPk2aYnnszGkKmW6S8U3odr5c80meFe, mgDZ6oUC1P, staff, 1, 44, 2025-11-05 00:48:46, 2025-11-05 00:48:46))
&#13;
C:\XAMPP\htdocs\ictserve-031125\vendor\laravel\framework\src\Illuminate\Database\Connection.php:824
C:\XAMPP\htdocs\ictserve-031125\vendor\laravel\framework\src\Illuminate\Database\Connection.php:778
C:\XAMPP\htdocs\ictserve-031125\vendor\laravel\framework\src\Illuminate\Database\Connection.php:559
C:\XAMPP\htdocs\ictserve-031125\vendor\laravel\framework\src\Illuminate\Database\Connection.php:523
C:\XAMPP\htdocs\ictserve-031125\vendor\laravel\framework\src\Illuminate\Database\Query\Processors\Processor.php:32
C:\XAMPP\htdocs\ictserve-031125\vendor\laravel\framework\src\Illuminate\Database\Query\Builder.php:3853
C:\XAMPP\htdocs\ictserve-031125\vendor\laravel\framework\src\Illuminate\Database\Eloquent\Builder.php:2235
C:\XAMPP\htdocs\ictserve-031125\vendor\laravel\framework\src\Illuminate\Database\Eloquent\Model.php:1436
C:\XAMPP\htdocs\ictserve-031125\vendor\laravel\framework\src\Illuminate\Database\Eloquent\Model.php:1401
C:\XAMPP\htdocs\ictserve-031125\vendor\laravel\framework\src\Illuminate\Database\Eloquent\Model.php:1240
C:\XAMPP\htdocs\ictserve-031125\vendor\laravel\framework\src\Illuminate\Database\Eloquent\Factories\Factory.php:370
C:\XAMPP\htdocs\ictserve-031125\vendor\laravel\framework\src\Illuminate\Collections\Traits\EnumeratesValues.php:271
C:\XAMPP\htdocs\ictserve-031125\vendor\laravel\framework\src\Illuminate\Database\Eloquent\Factories\Factory.php:365
C:\XAMPP\htdocs\ictserve-031125\vendor\laravel\framework\src\Illuminate\Database\Eloquent\Factories\Factory.php:321
C:\XAMPP\htdocs\ictserve-031125\vendor\laravel\framework\src\Illuminate\Database\Eloquent\Factories\Factory.php:315
C:\XAMPP\htdocs\ictserve-031125\tests\Feature\Services\DualApprovalServiceTest.php:349</error>
        </testcase>
        <testcase name="it_clears_approval_token_after_successful_email_approval" file="C:\XAMPP\htdocs\ictserve-031125\tests\Feature\Services\DualApprovalServiceTest.php" line="374" class="Tests\Feature\Services\DualApprovalServiceTest" classname="Tests.Feature.Services.DualApprovalServiceTest" assertions="2" time="1.715136"/>
        <testcase name="it_clears_approval_token_after_successful_portal_approval" file="C:\XAMPP\htdocs\ictserve-031125\tests\Feature\Services\DualApprovalServiceTest.php" line="397" class="Tests\Feature\Services\DualApprovalServiceTest" classname="Tests.Feature.Services.DualApprovalServiceTest" assertions="0" time="2.054311">
          <error type="Illuminate\Database\QueryException">Tests\Feature\Services\DualApprovalServiceTest::it_clears_approval_token_after_successful_portal_approval&#13;
Illuminate\Database\QueryException: SQLSTATE[HY000]: General error: 1 table users has no column named grade (Connection: sqlite, SQL: insert into "users" ("name", "email", "email_verified_at", "password", "remember_token", "role", "is_active", "grade", "updated_at", "created_at") values (Mrs. May Kertzmann Jr., jacklyn54@example.org, 2025-11-05 00:48:50, $2y$04$ZGLLkg5psGtJPYCqndhaqesPk2aYnnszGkKmW6S8U3odr5c80meFe, tawCA2vsMb, staff, 1, 44, 2025-11-05 00:48:50, 2025-11-05 00:48:50))
&#13;
C:\XAMPP\htdocs\ictserve-031125\vendor\laravel\framework\src\Illuminate\Database\Connection.php:824
C:\XAMPP\htdocs\ictserve-031125\vendor\laravel\framework\src\Illuminate\Database\Connection.php:778
C:\XAMPP\htdocs\ictserve-031125\vendor\laravel\framework\src\Illuminate\Database\Connection.php:559
C:\XAMPP\htdocs\ictserve-031125\vendor\laravel\framework\src\Illuminate\Database\Connection.php:523
C:\XAMPP\htdocs\ictserve-031125\vendor\laravel\framework\src\Illuminate\Database\Query\Processors\Processor.php:32
C:\XAMPP\htdocs\ictserve-031125\vendor\laravel\framework\src\Illuminate\Database\Query\Builder.php:3853
C:\XAMPP\htdocs\ictserve-031125\vendor\laravel\framework\src\Illuminate\Database\Eloquent\Builder.php:2235
C:\XAMPP\htdocs\ictserve-031125\vendor\laravel\framework\src\Illuminate\Database\Eloquent\Model.php:1436
C:\XAMPP\htdocs\ictserve-031125\vendor\laravel\framework\src\Illuminate\Database\Eloquent\Model.php:1401
C:\XAMPP\htdocs\ictserve-031125\vendor\laravel\framework\src\Illuminate\Database\Eloquent\Model.php:1240
C:\XAMPP\htdocs\ictserve-031125\vendor\laravel\framework\src\Illuminate\Database\Eloquent\Factories\Factory.php:370
C:\XAMPP\htdocs\ictserve-031125\vendor\laravel\framework\src\Illuminate\Collections\Traits\EnumeratesValues.php:271
C:\XAMPP\htdocs\ictserve-031125\vendor\laravel\framework\src\Illuminate\Database\Eloquent\Factories\Factory.php:365
C:\XAMPP\htdocs\ictserve-031125\vendor\laravel\framework\src\Illuminate\Database\Eloquent\Factories\Factory.php:321
C:\XAMPP\htdocs\ictserve-031125\vendor\laravel\framework\src\Illuminate\Database\Eloquent\Factories\Factory.php:315
C:\XAMPP\htdocs\ictserve-031125\tests\Feature\Services\DualApprovalServiceTest.php:400</error>
        </testcase>
        <testcase name="it_notifies_admin_only_on_approval_not_rejection" file="C:\XAMPP\htdocs\ictserve-031125\tests\Feature\Services\DualApprovalServiceTest.php" line="424" class="Tests\Feature\Services\DualApprovalServiceTest" classname="Tests.Feature.Services.DualApprovalServiceTest" assertions="1" time="1.465124"/>
        <testcase name="it_logs_email_approval_events" file="C:\XAMPP\htdocs\ictserve-031125\tests\Feature\Services\DualApprovalServiceTest.php" line="445" class="Tests\Feature\Services\DualApprovalServiceTest" classname="Tests.Feature.Services.DualApprovalServiceTest" assertions="0" time="1.320498">
          <error type="Mockery\Exception\InvalidCountException">Tests\Feature\Services\DualApprovalServiceTest::it_logs_email_approval_events&#13;
Mockery\Exception\InvalidCountException: Method info(&lt;Any Arguments&gt;) from Mockery_5_Illuminate_Log_LogManager should be called&#13;
 exactly 1 times but called 2 times.
&#13;
C:\XAMPP\htdocs\ictserve-031125\vendor\mockery\mockery\library\Mockery\CountValidator\Exact.php:32
C:\XAMPP\htdocs\ictserve-031125\vendor\mockery\mockery\library\Mockery\Expectation.php:739
C:\XAMPP\htdocs\ictserve-031125\vendor\mockery\mockery\library\Mockery\ReceivedMethodCalls.php:36
C:\XAMPP\htdocs\ictserve-031125\vendor\mockery\mockery\library\Mockery\VerificationDirector.php:86
C:\XAMPP\htdocs\ictserve-031125\vendor\mockery\mockery\library\Mockery\VerificationDirector.php:164
C:\XAMPP\htdocs\ictserve-031125\vendor\mockery\mockery\library\Mockery\VerificationDirector.php:63
C:\XAMPP\htdocs\ictserve-031125\tests\Feature\Services\DualApprovalServiceTest.php:465</error>
        </testcase>
        <testcase name="it_logs_portal_approval_events" file="C:\XAMPP\htdocs\ictserve-031125\tests\Feature\Services\DualApprovalServiceTest.php" line="474" class="Tests\Feature\Services\DualApprovalServiceTest" classname="Tests.Feature.Services.DualApprovalServiceTest" assertions="0" time="1.325982">
          <error type="Illuminate\Database\QueryException">Tests\Feature\Services\DualApprovalServiceTest::it_logs_portal_approval_events&#13;
Illuminate\Database\QueryException: SQLSTATE[HY000]: General error: 1 table users has no column named grade (Connection: sqlite, SQL: insert into "users" ("name", "email", "email_verified_at", "password", "remember_token", "role", "is_active", "grade", "updated_at", "created_at") values (Paula Krajcik, jolie06@example.net, 2025-11-05 00:48:54, $2y$04$ZGLLkg5psGtJPYCqndhaqesPk2aYnnszGkKmW6S8U3odr5c80meFe, 0VA5BTNgI6, staff, 1, 44, 2025-11-05 00:48:54, 2025-11-05 00:48:54))
&#13;
C:\XAMPP\htdocs\ictserve-031125\vendor\laravel\framework\src\Illuminate\Database\Connection.php:824
C:\XAMPP\htdocs\ictserve-031125\vendor\laravel\framework\src\Illuminate\Database\Connection.php:778
C:\XAMPP\htdocs\ictserve-031125\vendor\laravel\framework\src\Illuminate\Database\Connection.php:559
C:\XAMPP\htdocs\ictserve-031125\vendor\laravel\framework\src\Illuminate\Database\Connection.php:523
C:\XAMPP\htdocs\ictserve-031125\vendor\laravel\framework\src\Illuminate\Database\Query\Processors\Processor.php:32
C:\XAMPP\htdocs\ictserve-031125\vendor\laravel\framework\src\Illuminate\Database\Query\Builder.php:3853
C:\XAMPP\htdocs\ictserve-031125\vendor\laravel\framework\src\Illuminate\Database\Eloquent\Builder.php:2235
C:\XAMPP\htdocs\ictserve-031125\vendor\laravel\framework\src\Illuminate\Database\Eloquent\Model.php:1436
C:\XAMPP\htdocs\ictserve-031125\vendor\laravel\framework\src\Illuminate\Database\Eloquent\Model.php:1401
C:\XAMPP\htdocs\ictserve-031125\vendor\laravel\framework\src\Illuminate\Database\Eloquent\Model.php:1240
C:\XAMPP\htdocs\ictserve-031125\vendor\laravel\framework\src\Illuminate\Database\Eloquent\Factories\Factory.php:370
C:\XAMPP\htdocs\ictserve-031125\vendor\laravel\framework\src\Illuminate\Collections\Traits\EnumeratesValues.php:271
C:\XAMPP\htdocs\ictserve-031125\vendor\laravel\framework\src\Illuminate\Database\Eloquent\Factories\Factory.php:365
C:\XAMPP\htdocs\ictserve-031125\vendor\laravel\framework\src\Illuminate\Database\Eloquent\Factories\Factory.php:321
C:\XAMPP\htdocs\ictserve-031125\vendor\laravel\framework\src\Illuminate\Database\Eloquent\Factories\Factory.php:315
C:\XAMPP\htdocs\ictserve-031125\tests\Feature\Services\DualApprovalServiceTest.php:479</error>
        </testcase>
      </testsuite>
      <testsuite name="Tests\Feature\SimpleAuditTest" file="C:\XAMPP\htdocs\ictserve-031125\tests\Feature\SimpleAuditTest.php" tests="3" assertions="12" errors="0" failures="0" skipped="0" time="4.734643">
        <testcase name="test_audit_system_functionality" file="C:\XAMPP\htdocs\ictserve-031125\tests\Feature\SimpleAuditTest.php" line="13" class="Tests\Feature\SimpleAuditTest" classname="Tests.Feature.SimpleAuditTest" assertions="5" time="1.591851"/>
        <testcase name="test_audit_retention_and_search" file="C:\XAMPP\htdocs\ictserve-031125\tests\Feature\SimpleAuditTest.php" line="55" class="Tests\Feature\SimpleAuditTest" classname="Tests.Feature.SimpleAuditTest" assertions="3" time="1.822220"/>
        <testcase name="test_audit_immutability" file="C:\XAMPP\htdocs\ictserve-031125\tests\Feature\SimpleAuditTest.php" line="88" class="Tests\Feature\SimpleAuditTest" classname="Tests.Feature.SimpleAuditTest" assertions="4" time="1.320572"/>
      </testsuite>
      <testsuite name="Tests\Feature\SubmitTicketDivisionsTest" file="C:\XAMPP\htdocs\ictserve-031125\tests\Feature\SubmitTicketDivisionsTest.php" tests="1" assertions="2" errors="0" failures="0" skipped="0" time="2.724224">
        <testcase name="it_returns_active_divisions_sorted_by_localized_name" file="C:\XAMPP\htdocs\ictserve-031125\tests\Feature\SubmitTicketDivisionsTest.php" line="19" class="Tests\Feature\SubmitTicketDivisionsTest" classname="Tests.Feature.SubmitTicketDivisionsTest" assertions="2" time="2.724224"/>
      </testsuite>
      <testsuite name="Tests\Feature\WelcomePageTest" file="C:\XAMPP\htdocs\ictserve-031125\tests\Feature\WelcomePageTest.php" tests="2" assertions="12" errors="0" failures="0" skipped="0" time="2.993535">
        <testcase name="test_homepage_renders_translated_content_in_english" file="C:\XAMPP\htdocs\ictserve-031125\tests\Feature\WelcomePageTest.php" line="9" class="Tests\Feature\WelcomePageTest" classname="Tests.Feature.WelcomePageTest" assertions="6" time="1.661342"/>
        <testcase name="test_homepage_renders_translated_content_in_malay" file="C:\XAMPP\htdocs\ictserve-031125\tests\Feature\WelcomePageTest.php" line="22" class="Tests\Feature\WelcomePageTest" classname="Tests.Feature.WelcomePageTest" assertions="6" time="1.332194"/>
      </testsuite>
    </testsuite>
  </testsuite>
</testsuites>
